V "4.12.2.0"
R
U 0
U 0
U 0
U 0
C 395
R
U 0
U 0
U 0
U 0
C 395
R
C 396
R
P 0000000000000000
C 7
= 0000011092FACC60
R
P 0000011092FACC60
U 2
C 376
R
P 0000011092FACC60
C 392
R
P 0000011092FACC60
S "abcd"
C 174
= 0000011093034960
R
P 0000011092FACC60
C 392
R
P 0000011092FACC60
P 0000011093034960
C 298
R
P 0000011092FACC60
C 392
R
P 0000011092FACC60
P 0000011093034960
C 295
= 0000011093034940
R
P 0000011092FACC60
C 392
R
P 0000011092FACC60
P 0000011093034940
C 249
R
P 0000011092FACC60
C 392
R
P 0000011092FACC60
P 0000011093034960
C 301
R
P 0000011092FACC60
C 392
R
P 0000011092FACC60
P 0000011093034960
C 300
R
P 0000011092FACC60
C 392
R
P 0000011092FACC60
P 0000011093034960
C 299
R
P 0000011092FACC60
C 392
R
P 0000011092FACC60
P 0000011093034960
C 9
R
P 0000011092FACC60
C 392
R
P 0000011092FACC60
P 0000011093034960
C 203
= 000001109302E150
R
P 0000011092FACC60
C 392
R
P 0000011092FACC60
P 000001109302E150
C 298
R
P 0000011092FACC60
C 392
R
P 0000011092FACC60
P 000001109302E150
C 295
= 00000110930349E0
R
P 0000011092FACC60
C 392
R
P 0000011092FACC60
P 00000110930349E0
C 249
R
P 0000011092FACC60
C 392
R
P 0000011092FACC60
P 000001109302E150
C 301
R
P 0000011092FACC60
C 392
R
P 0000011092FACC60
P 000001109302E150
C 300
R
P 0000011092FACC60
C 392
R
P 0000011092FACC60
P 000001109302E150
C 299
R
P 0000011092FACC60
C 392
R
P 0000011092FACC60
P 000001109302E150
C 9
R
P 0000011092FACC60
C 392
R
P 0000011092FACC60
C 170
= 0000011093034940
R
P 0000011092FACC60
C 392
R
P 0000011092FACC60
P 0000011093034940
C 298
R
P 0000011092FACC60
C 392
R
P 0000011092FACC60
P 0000011093034940
C 9
R
P 0000011092FACC60
C 392
R
P 0000011092FACC60
P 0000011093034940
C 167
= 00000110930349E0
R
P 0000011092FACC60
C 392
R
P 0000011092FACC60
P 00000110930349E0
C 298
R
P 0000011092FACC60
C 392
R
P 0000011092FACC60
P 00000110930349E0
C 9
R
P 0000011092FACC60
C 392
R
P 0000011092FACC60
P 00000110930349E0
C 218
= 0000011093034A20
R
P 0000011092FACC60
C 392
R
P 0000011092FACC60
P 0000011093034A20
C 298
R
P 0000011092FACC60
C 392
R
P 0000011092FACC60
P 0000011093034A20
C 295
= 00000110930349E0
R
P 0000011092FACC60
C 392
R
P 0000011092FACC60
P 00000110930349E0
C 249
R
P 0000011092FACC60
C 392
R
P 0000011092FACC60
P 0000011093034A20
C 301
R
P 0000011092FACC60
C 392
R
P 0000011092FACC60
P 0000011093034A20
C 300
R
P 0000011092FACC60
C 392
R
P 0000011092FACC60
P 0000011093034A20
C 299
R
P 0000011092FACC60
C 392
R
P 0000011092FACC60
P 0000011093034A20
C 9
R
P 0000011092FACC60
C 392
R
P 0000011092FACC60
P 000001109302E150
C 377
R
P 0000011092FACC60
C 392
R
P 0000011092FACC60
P 0000011093034A20
C 377
R
P 0000011092FACC60
C 392
R
P 0000011092FACC60
P 000001109302E150
C 295
= 00000110930349E0
R
P 0000011092FACC60
C 392
R
P 0000011092FACC60
P 00000110930349E0
C 249
R
P 0000011092FACC60
C 392
R
P 0000011092FACC60
P 00000110930349E0
C 298
R
P 0000011092FACC60
C 392
R
P 0000011092FACC60
P 00000110930349E0
C 9
R
P 0000011092FACC60
C 392
R
P 0000011092FACC60
P 00000110930349E0
C 377
R
P 0000011092FACC60
C 392
R
P 0000011092FACC60
P 0000011093034A20
C 295
= 00000110930349E0
R
P 0000011092FACC60
C 392
R
P 0000011092FACC60
P 00000110930349E0
C 249
R
P 0000011092FACC60
C 392
R
P 0000011092FACC60
P 00000110930349E0
C 298
R
P 0000011092FACC60
C 392
R
P 0000011092FACC60
P 00000110930349E0
C 9
R
P 0000011092FACC60
C 392
R
P 0000011092FACC60
P 00000110930349E0
C 377
R
P 0000011092FACC60
C 392
R
P 0000011092FACC60
S "abc"
C 174
= 0000011093034A40
R
P 0000011092FACC60
C 392
R
P 0000011092FACC60
P 0000011093034A40
C 298
R
P 0000011092FACC60
C 392
R
P 0000011092FACC60
P 0000011093034A40
C 295
= 0000011093034940
R
P 0000011092FACC60
C 392
R
P 0000011092FACC60
P 0000011093034940
C 249
R
P 0000011092FACC60
C 392
R
P 0000011092FACC60
P 0000011093034A40
C 301
R
P 0000011092FACC60
C 392
R
P 0000011092FACC60
P 0000011093034A40
C 300
R
P 0000011092FACC60
C 392
R
P 0000011092FACC60
P 0000011093034A40
C 299
R
P 0000011092FACC60
C 392
R
P 0000011092FACC60
P 0000011093034A40
C 9
R
P 0000011092FACC60
C 392
R
P 0000011092FACC60
P 0000011093034A40
C 203
= 000001109302E1E0
R
P 0000011092FACC60
C 392
R
P 0000011092FACC60
P 000001109302E1E0
C 298
R
P 0000011092FACC60
C 392
R
P 0000011092FACC60
P 000001109302E1E0
C 295
= 00000110930349E0
R
P 0000011092FACC60
C 392
R
P 0000011092FACC60
P 00000110930349E0
C 249
R
P 0000011092FACC60
C 392
R
P 0000011092FACC60
P 000001109302E1E0
C 301
R
P 0000011092FACC60
C 392
R
P 0000011092FACC60
P 000001109302E1E0
C 300
R
P 0000011092FACC60
C 392
R
P 0000011092FACC60
P 000001109302E1E0
C 299
R
P 0000011092FACC60
C 392
R
P 0000011092FACC60
P 000001109302E1E0
C 9
R
P 0000011092FACC60
C 392
R
P 0000011092FACC60
C 170
= 0000011093034940
R
P 0000011092FACC60
C 392
R
P 0000011092FACC60
P 0000011093034940
C 298
R
P 0000011092FACC60
C 392
R
P 0000011092FACC60
P 0000011093034940
C 9
R
P 0000011092FACC60
C 392
R
P 0000011092FACC60
P 0000011093034940
C 167
= 00000110930349E0
R
P 0000011092FACC60
C 392
R
P 0000011092FACC60
P 00000110930349E0
C 298
R
P 0000011092FACC60
C 392
R
P 0000011092FACC60
P 00000110930349E0
C 9
R
P 0000011092FACC60
C 392
R
P 0000011092FACC60
P 00000110930349E0
C 218
= 0000011093034A20
R
P 0000011092FACC60
C 392
R
P 0000011092FACC60
P 0000011093034A20
C 298
R
P 0000011092FACC60
C 392
R
P 0000011092FACC60
P 0000011093034A20
C 295
= 00000110930349E0
R
P 0000011092FACC60
C 392
R
P 0000011092FACC60
P 00000110930349E0
C 249
R
P 0000011092FACC60
C 392
R
P 0000011092FACC60
P 0000011093034A20
C 301
R
P 0000011092FACC60
C 392
R
P 0000011092FACC60
P 0000011093034A20
C 300
R
P 0000011092FACC60
C 392
R
P 0000011092FACC60
P 0000011093034A20
C 299
R
P 0000011092FACC60
C 392
R
P 0000011092FACC60
P 0000011093034A20
C 9
R
P 0000011092FACC60
C 392
R
P 0000011092FACC60
C 170
= 0000011093034940
R
P 0000011092FACC60
C 392
R
P 0000011092FACC60
P 0000011093034940
C 298
R
P 0000011092FACC60
C 392
R
P 0000011092FACC60
P 0000011093034940
C 9
R
P 0000011092FACC60
C 392
R
P 0000011092FACC60
P 0000011093034940
C 167
= 00000110930349E0
R
P 0000011092FACC60
C 392
R
P 0000011092FACC60
P 00000110930349E0
C 298
R
P 0000011092FACC60
C 392
R
P 0000011092FACC60
P 00000110930349E0
C 9
R
P 0000011092FACC60
C 392
R
P 0000011092FACC60
P 00000110930349E0
C 217
= 0000011093034A60
R
P 0000011092FACC60
C 392
R
P 0000011092FACC60
P 0000011093034A60
C 298
R
P 0000011092FACC60
C 392
R
P 0000011092FACC60
P 0000011093034A60
C 295
= 00000110930349E0
R
P 0000011092FACC60
C 392
R
P 0000011092FACC60
P 00000110930349E0
C 249
R
P 0000011092FACC60
C 392
R
P 0000011092FACC60
P 0000011093034A60
C 301
R
P 0000011092FACC60
C 392
R
P 0000011092FACC60
P 0000011093034A60
C 300
R
P 0000011092FACC60
C 392
R
P 0000011092FACC60
P 0000011093034A60
C 299
R
P 0000011092FACC60
C 392
R
P 0000011092FACC60
P 0000011093034A60
C 9
R
P 0000011092FACC60
C 392
R
P 0000011092FACC60
C 170
= 0000011093034940
R
P 0000011092FACC60
C 392
R
P 0000011092FACC60
P 0000011093034940
C 298
R
P 0000011092FACC60
C 392
R
P 0000011092FACC60
P 0000011093034940
C 9
R
P 0000011092FACC60
C 392
R
P 0000011092FACC60
P 0000011093034940
C 167
= 00000110930349E0
R
P 0000011092FACC60
C 392
R
P 0000011092FACC60
P 00000110930349E0
C 298
R
P 0000011092FACC60
C 392
R
P 0000011092FACC60
P 00000110930349E0
C 9
R
P 0000011092FACC60
C 392
R
P 0000011092FACC60
P 00000110930349E0
C 211
= 0000011093034A80
R
P 0000011092FACC60
C 392
R
P 0000011092FACC60
P 0000011093034A80
C 298
R
P 0000011092FACC60
C 392
R
P 0000011092FACC60
P 0000011093034A80
C 295
= 00000110930349E0
R
P 0000011092FACC60
C 392
R
P 0000011092FACC60
P 00000110930349E0
C 249
R
P 0000011092FACC60
C 392
R
P 0000011092FACC60
P 0000011093034A80
C 301
R
P 0000011092FACC60
C 392
R
P 0000011092FACC60
P 0000011093034A80
C 300
R
P 0000011092FACC60
C 392
R
P 0000011092FACC60
P 0000011093034A80
C 299
R
P 0000011092FACC60
C 392
R
P 0000011092FACC60
P 0000011093034A80
C 9
R
P 0000011092FACC60
C 392
R
P 0000011092FACC60
S "d"
C 174
= 0000011093034AA0
R
P 0000011092FACC60
C 392
R
P 0000011092FACC60
P 0000011093034AA0
C 298
R
P 0000011092FACC60
C 392
R
P 0000011092FACC60
P 0000011093034AA0
C 295
= 0000011093034940
R
P 0000011092FACC60
C 392
R
P 0000011092FACC60
P 0000011093034940
C 249
R
P 0000011092FACC60
C 392
R
P 0000011092FACC60
P 0000011093034AA0
C 301
R
P 0000011092FACC60
C 392
R
P 0000011092FACC60
P 0000011093034AA0
C 300
R
P 0000011092FACC60
C 392
R
P 0000011092FACC60
P 0000011093034AA0
C 299
R
P 0000011092FACC60
C 392
R
P 0000011092FACC60
P 0000011093034AA0
C 9
R
P 0000011092FACC60
C 392
R
P 0000011092FACC60
P 0000011093034AA0
C 203
= 000001109302E2A0
R
P 0000011092FACC60
C 392
R
P 0000011092FACC60
P 000001109302E2A0
C 298
R
P 0000011092FACC60
C 392
R
P 0000011092FACC60
P 000001109302E2A0
C 295
= 00000110930349E0
R
P 0000011092FACC60
C 392
R
P 0000011092FACC60
P 00000110930349E0
C 249
R
P 0000011092FACC60
C 392
R
P 0000011092FACC60
P 000001109302E2A0
C 301
R
P 0000011092FACC60
C 392
R
P 0000011092FACC60
P 000001109302E2A0
C 300
R
P 0000011092FACC60
C 392
R
P 0000011092FACC60
P 000001109302E2A0
C 299
R
P 0000011092FACC60
C 392
R
P 0000011092FACC60
P 000001109302E2A0
C 9
R
P 0000011092FACC60
C 392
R
P 0000011092FACC60
U 5
P 000001109302E1E0
P 0000011093034A20
P 0000011093034A60
P 0000011093034A80
P 000001109302E2A0
p 5
C 209
= 0000011093028550
R
P 0000011092FACC60
C 392
R
P 0000011092FACC60
P 0000011093028550
C 298
R
P 0000011092FACC60
C 392
R
P 0000011092FACC60
P 0000011093028550
C 295
= 00000110930349E0
R
P 0000011092FACC60
C 392
R
P 0000011092FACC60
P 00000110930349E0
C 249
R
P 0000011092FACC60
C 392
R
P 0000011092FACC60
P 0000011093028550
C 301
R
P 0000011092FACC60
C 392
R
P 0000011092FACC60
P 0000011093028550
C 300
R
P 0000011092FACC60
C 392
R
P 0000011092FACC60
P 0000011093028550
C 299
R
P 0000011092FACC60
C 392
R
P 0000011092FACC60
P 0000011093028550
C 9
R
P 0000011092FACC60
C 392
R
P 0000011092FACC60
P 0000011093028550
C 377
R
P 0000011092FACC60
C 392
M "SimpleExample"
R
P 0000000000000000
C 7
= 0000011092FFE630
R
P 0000011092FFE630
U 2
C 376
R
P 0000011092FFE630
C 392
R
P 0000011092FFE630
C 8
R
C 3
= 0000011092FE49E0
R
P 0000011092FE49E0
S "model"
S "true"
C 5
R
P 0000011092FE49E0
C 7
= 0000011092FFE630
R
P 0000011092FE49E0
C 4
R
P 0000011092FFE630
U 2
C 376
R
P 0000011092FFE630
C 392
R
P 0000011092FFE630
C 626
= 0000011092FFFF40
R
P 0000011092FFE630
C 392
R
P 0000011092FFE630
P 0000011092FFFF40
C 627
R
P 0000011092FFE630
C 392
R
P 0000011092FFE630
C 35
= 0000011093060DF0
R
P 0000011092FFE630
C 392
R
P 0000011092FFE630
P 0000011093060DF0
C 298
R
P 0000011092FFE630
C 392
R
P 0000011092FFE630
P 0000011093060DF0
C 9
R
P 0000011092FFE630
C 392
R
P 0000011092FFE630
S "x"
C 32
R
P 0000011092FFE630
C 392
R
P 0000011092FFE630
$ |x|
C 242
R
P 0000011092FFE630
C 392
R
P 0000011092FFE630
$ |x|
P 0000011093060DF0
C 54
= 0000011093061690
R
P 0000011092FFE630
C 392
R
P 0000011092FFE630
P 0000011093061690
C 298
R
P 0000011092FFE630
C 392
R
P 0000011092FFE630
P 0000011093061690
C 295
= 0000011093060DF0
R
P 0000011092FFE630
C 392
R
P 0000011092FFE630
P 0000011093060DF0
C 249
R
P 0000011092FFE630
C 392
R
P 0000011092FFE630
P 0000011093061690
C 301
R
P 0000011092FFE630
C 392
R
P 0000011092FFE630
P 0000011093061690
C 300
R
P 0000011092FFE630
C 392
R
P 0000011092FFE630
P 0000011093061690
C 299
R
P 0000011092FFE630
C 392
R
P 0000011092FFE630
P 0000011093061690
C 9
R
P 0000011092FFE630
C 392
R
P 0000011092FFE630
S "y"
C 32
R
P 0000011092FFE630
C 392
R
P 0000011092FFE630
$ |y|
C 242
R
P 0000011092FFE630
C 392
R
P 0000011092FFE630
$ |y|
P 0000011093060DF0
C 54
= 00000110930616B0
R
P 0000011092FFE630
C 392
R
P 0000011092FFE630
P 00000110930616B0
C 298
R
P 0000011092FFE630
C 392
R
P 0000011092FFE630
P 00000110930616B0
C 295
= 0000011093060DF0
R
P 0000011092FFE630
C 392
R
P 0000011092FFE630
P 0000011093060DF0
C 249
R
P 0000011092FFE630
C 392
R
P 0000011092FFE630
P 00000110930616B0
C 301
R
P 0000011092FFE630
C 392
R
P 0000011092FFE630
P 00000110930616B0
C 300
R
P 0000011092FFE630
C 392
R
P 0000011092FFE630
P 00000110930616B0
C 299
R
P 0000011092FFE630
C 392
R
P 0000011092FFE630
P 00000110930616B0
C 9
R
P 0000011092FFE630
C 392
R
P 0000011092FFE630
U 2
P 0000011093061690
P 00000110930616B0
p 2
C 70
= 000001109307B2D0
R
P 0000011092FFE630
C 392
R
P 0000011092FFE630
P 000001109307B2D0
C 298
R
P 0000011092FFE630
C 392
R
P 0000011092FFE630
P 000001109307B2D0
C 295
= 0000011093060DF0
R
P 0000011092FFE630
C 392
R
P 0000011092FFE630
P 0000011093060DF0
C 249
R
P 0000011092FFE630
C 392
R
P 0000011092FFE630
P 000001109307B2D0
C 301
R
P 0000011092FFE630
C 392
R
P 0000011092FFE630
P 000001109307B2D0
C 300
R
P 0000011092FFE630
C 392
R
P 0000011092FFE630
P 000001109307B2D0
C 299
R
P 0000011092FFE630
C 392
R
P 0000011092FFE630
P 000001109307B2D0
C 9
R
P 0000011092FFE630
C 392
R
P 0000011092FFE630
I 10
P 0000011093060DF0
C 159
= 00000110930616D0
R
P 0000011092FFE630
C 392
R
P 0000011092FFE630
P 00000110930616D0
C 299
R
P 0000011092FFE630
C 392
R
P 0000011092FFE630
P 00000110930616D0
C 9
R
P 0000011092FFE630
C 392
R
P 0000011092FFE630
P 000001109307B2D0
P 00000110930616D0
C 61
= 000001109307B308
R
P 0000011092FFE630
C 392
R
P 0000011092FFE630
P 000001109307B308
C 299
R
P 0000011092FFE630
C 392
R
P 0000011092FFE630
P 000001109307B308
C 9
R
P 0000011092FFE630
C 392
R
P 0000011092FFE630
I 0
P 0000011093060DF0
C 159
= 00000110930616F0
R
P 0000011092FFE630
C 392
R
P 0000011092FFE630
P 00000110930616F0
C 299
R
P 0000011092FFE630
C 392
R
P 0000011092FFE630
P 00000110930616F0
C 9
R
P 0000011092FFE630
C 392
R
P 0000011092FFE630
P 0000011093061690
P 00000110930616F0
C 81
= 000001109307B340
R
P 0000011092FFE630
C 392
R
P 0000011092FFE630
P 000001109307B340
C 299
R
P 0000011092FFE630
C 392
R
P 0000011092FFE630
P 000001109307B340
C 9
R
P 0000011092FFE630
C 392
R
P 0000011092FFE630
I 0
P 0000011093060DF0
C 159
= 00000110930616F0
R
P 0000011092FFE630
C 392
R
P 0000011092FFE630
P 00000110930616F0
C 299
R
P 0000011092FFE630
C 392
R
P 0000011092FFE630
P 00000110930616F0
C 9
R
P 0000011092FFE630
C 392
R
P 0000011092FFE630
P 00000110930616B0
P 00000110930616F0
C 81
= 000001109307B378
R
P 0000011092FFE630
C 392
R
P 0000011092FFE630
P 000001109307B378
C 299
R
P 0000011092FFE630
C 392
R
P 0000011092FFE630
P 000001109307B378
C 9
R
P 0000011092FFE630
C 392
R
P 0000011092FFE630
P 0000011092FFFF40
P 000001109307B308
C 629
R
P 0000011092FFE630
C 392
R
P 0000011092FFE630
P 0000011092FFFF40
P 000001109307B340
C 629
R
P 0000011092FFE630
C 392
R
P 0000011092FFE630
P 0000011092FFFF40
P 000001109307B378
C 629
R
P 0000011092FFE630
C 392
R
P 0000011092FFE630
P 0000011092FFFF40
P 0000011093061690
C 632
R
P 0000011092FFE630
C 392
R
P 0000011092FFE630
P 0000011092FFFF40
P 00000110930616B0
C 632
R
P 0000011092FFE630
C 392
R
P 0000011092FFE630
P 0000011092FFFF40
U 0
p 0
C 636
R
P 0000011092FFE630
C 392
R
P 0000011092FFE630
P 0000011092FFFF40
U 0
C 642
= 00000110930616D0
R
P 0000011092FFE630
C 392
R
P 0000011092FFE630
P 00000110930616D0
C 298
R
P 0000011092FFE630
C 392
R
P 0000011092FFE630
P 00000110930616D0
C 295
= 0000011093060DF0
R
P 0000011092FFE630
C 392
R
P 0000011092FFE630
P 0000011093060DF0
C 249
R
P 0000011092FFE630
C 392
R
P 0000011092FFE630
P 00000110930616D0
C 301
R
P 0000011092FFE630
C 392
R
P 0000011092FFE630
P 00000110930616D0
C 300
R
P 0000011092FFE630
C 392
R
P 0000011092FFE630
P 00000110930616D0
C 299
R
P 0000011092FFE630
C 392
R
P 0000011092FFE630
P 00000110930616D0
C 9
R
P 0000011092FFE630
C 392
R
P 0000011092FFE630
P 00000110930616D0
C 304
R
P 0000011092FFE630
C 392
R
P 0000011092FFE630
P 0000011092FFFF40
U 1
C 642
= 00000110930616F0
R
P 0000011092FFE630
C 392
R
P 0000011092FFE630
P 00000110930616F0
C 298
R
P 0000011092FFE630
C 392
R
P 0000011092FFE630
P 00000110930616F0
C 295
= 0000011093060DF0
R
P 0000011092FFE630
C 392
R
P 0000011092FFE630
P 0000011093060DF0
C 249
R
P 0000011092FFE630
C 392
R
P 0000011092FFE630
P 00000110930616F0
C 301
R
P 0000011092FFE630
C 392
R
P 0000011092FFE630
P 00000110930616F0
C 300
R
P 0000011092FFE630
C 392
R
P 0000011092FFE630
P 00000110930616F0
C 299
R
P 0000011092FFE630
C 392
R
P 0000011092FFE630
P 00000110930616F0
C 9
R
P 0000011092FFE630
C 392
R
P 0000011092FFE630
P 00000110930616F0
C 304
R
P 0000011092FFE630
C 392
R
P 0000011092FFE630
S "f"
C 32
R
P 0000011092FFE630
C 392
R
P 0000011092FFE630
$ |f|
C 242
R
P 0000011092FFE630
C 392
R
P 0000011092FFE630
S "x"
C 32
R
P 0000011092FFE630
C 392
R
P 0000011092FFE630
$ |x|
C 242
R
P 0000011092FFE630
C 392
R
P 0000011092FFE630
S "y"
C 32
R
P 0000011092FFE630
C 392
R
P 0000011092FFE630
$ |y|
C 242
R
P 0000011092FFE630
C 392
R
P 0000011092FFE630
C 34
= 0000011093060D30
R
P 0000011092FFE630
C 392
R
P 0000011092FFE630
P 0000011093060D30
C 298
R
P 0000011092FFE630
C 392
R
P 0000011092FFE630
P 0000011093060D30
C 9
R
P 0000011092FFE630
C 392
R
P 0000011092FFE630
$ |f|
U 2
P 0000011093060D30
P 0000011093060D30
p 2
P 0000011093060D30
C 52
= 00000110930756D0
R
P 0000011092FFE630
C 392
R
P 0000011092FFE630
P 00000110930756D0
C 298
R
P 0000011092FFE630
C 392
R
P 0000011092FFE630
P 00000110930756D0
C 9
R
P 0000011092FFE630
C 392
R
P 0000011092FFE630
$ |x|
P 0000011093060D30
C 54
= 0000011093061AF0
R
P 0000011092FFE630
C 392
R
P 0000011092FFE630
P 0000011093061AF0
C 298
R
P 0000011092FFE630
C 392
R
P 0000011092FFE630
P 0000011093061AF0
C 295
= 0000011093060D30
R
P 0000011092FFE630
C 392
R
P 0000011092FFE630
P 0000011093060D30
C 249
R
P 0000011092FFE630
C 392
R
P 0000011092FFE630
P 0000011093061AF0
C 301
R
P 0000011092FFE630
C 392
R
P 0000011092FFE630
P 0000011093061AF0
C 300
R
P 0000011092FFE630
C 392
R
P 0000011092FFE630
P 0000011093061AF0
C 299
R
P 0000011092FFE630
C 392
R
P 0000011092FFE630
P 0000011093061AF0
C 9
R
P 0000011092FFE630
C 392
R
P 0000011092FFE630
$ |y|
P 0000011093060D30
C 54
= 0000011093061AD0
R
P 0000011092FFE630
C 392
R
P 0000011092FFE630
P 0000011093061AD0
C 298
R
P 0000011092FFE630
C 392
R
P 0000011092FFE630
P 0000011093061AD0
C 295
= 0000011093060D30
R
P 0000011092FFE630
C 392
R
P 0000011092FFE630
P 0000011093060D30
C 249
R
P 0000011092FFE630
C 392
R
P 0000011092FFE630
P 0000011093061AD0
C 301
R
P 0000011092FFE630
C 392
R
P 0000011092FFE630
P 0000011093061AD0
C 300
R
P 0000011092FFE630
C 392
R
P 0000011092FFE630
P 0000011093061AD0
C 299
R
P 0000011092FFE630
C 392
R
P 0000011092FFE630
P 0000011093061AD0
C 9
R
P 0000011092FFE630
C 392
R
P 0000011092FFE630
P 00000110930756D0
U 2
P 0000011093061AF0
P 0000011093061AD0
p 2
C 53
= 000001109307B538
R
P 0000011092FFE630
C 392
R
P 0000011092FFE630
P 000001109307B538
C 298
R
P 0000011092FFE630
C 392
R
P 0000011092FFE630
P 000001109307B538
C 295
= 0000011093060D30
R
P 0000011092FFE630
C 392
R
P 0000011092FFE630
P 0000011093060D30
C 249
R
P 0000011092FFE630
C 392
R
P 0000011092FFE630
P 000001109307B538
C 301
R
P 0000011092FFE630
C 392
R
P 0000011092FFE630
P 000001109307B538
C 300
R
P 0000011092FFE630
C 392
R
P 0000011092FFE630
P 000001109307B538
C 299
R
P 0000011092FFE630
C 392
R
P 0000011092FFE630
P 000001109307B538
C 9
R
P 0000011092FFE630
C 392
R
P 0000011092FFE630
S "cp"
P 0000011093060D30
C 56
= 0000011093061B10
R
P 0000011092FFE630
C 392
R
P 0000011092FFE630
P 0000011093061B10
C 298
R
P 0000011092FFE630
C 392
R
P 0000011092FFE630
P 0000011093061B10
C 295
= 0000011093060D30
R
P 0000011092FFE630
C 392
R
P 0000011092FFE630
P 0000011093060D30
C 249
R
P 0000011092FFE630
C 392
R
P 0000011092FFE630
P 0000011093061B10
C 301
R
P 0000011092FFE630
C 392
R
P 0000011092FFE630
P 0000011093061B10
C 300
R
P 0000011092FFE630
C 392
R
P 0000011092FFE630
P 0000011093061B10
C 299
R
P 0000011092FFE630
C 392
R
P 0000011092FFE630
P 0000011093061B10
C 9
R
P 0000011092FFE630
C 392
R
P 0000011092FFE630
S "fp"
U 1
P 0000011093060D30
p 1
P 0000011093060D30
C 55
= 000001109307B570
R
P 0000011092FFE630
C 392
R
P 0000011092FFE630
P 000001109307B570
C 298
R
P 0000011092FFE630
C 392
R
P 0000011092FFE630
P 000001109307B570
C 9
R
P 0000011092FFE630
C 392
R
P 0000011092FFE630
P 000001109307B570
U 1
P 0000011093061B10
p 1
C 53
= 0000011093073570
R
P 0000011092FFE630
C 392
R
P 0000011092FFE630
P 0000011093073570
C 298
R
P 0000011092FFE630
C 392
R
P 0000011092FFE630
P 0000011093073570
C 295
= 0000011093060D30
R
P 0000011092FFE630
C 392
R
P 0000011092FFE630
P 0000011093060D30
C 249
R
P 0000011092FFE630
C 392
R
P 0000011092FFE630
P 0000011093073570
C 301
R
P 0000011092FFE630
C 392
R
P 0000011092FFE630
P 0000011093073570
C 300
R
P 0000011092FFE630
C 392
R
P 0000011092FFE630
P 0000011093073570
C 299
R
P 0000011092FFE630
C 392
R
P 0000011092FFE630
P 0000011093073570
C 9
R
P 0000011092FFE630
C 392
R
P 0000011092FFE630
P 000001109307B538
P 000001109307B538
C 61
= 000001109307B768
R
P 0000011092FFE630
C 392
R
P 0000011092FFE630
P 000001109307B768
C 299
R
P 0000011092FFE630
C 392
R
P 0000011092FFE630
P 000001109307B768
C 9
R
P 0000011092FFE630
C 392
R
P 0000011092FFE630
P 000001109307B538
P 0000011093073570
C 61
= 000001109307B730
R
P 0000011092FFE630
C 392
R
P 0000011092FFE630
P 000001109307B730
C 299
R
P 0000011092FFE630
C 392
R
P 0000011092FFE630
P 000001109307B730
C 9
R
P 0000011092FFE630
C 392
R
P 0000011092FFE630
I 1
I 0
I 0
C 401
= 000001109316E8A0
R
P 0000011092FFE630
C 392
R
P 0000011092FFE630
P 000001109316E8A0
C 402
R
P 0000011092FFE630
C 392
R
P 0000011092FFE630
P 000001109316E8A0
P 000001109307B768
C 405
R
P 0000011092FFE630
C 392
R
P 0000011092FFE630
P 000001109316E8A0
P 000001109307B730
C 405
R
P 0000011092FFE630
C 392
R
P 0000011092FFE630
P 000001109316E8A0
C 416
R
P 0000011092FFE630
C 392
R
P 0000011092FFE630
C 473
= 0000011093189780
R
P 0000011092FFE630
C 392
R
P 0000011092FFE630
P 0000011093189780
C 482
R
P 0000011092FFE630
C 392
R
P 0000011092FFE630
P 000001109316E8A0
C 409
R
P 0000011092FFE630
C 392
R
P 0000011092FFE630
P 000001109316E8A0
U 0
C 410
= 000001109307B768
R
P 0000011092FFE630
C 392
R
P 0000011092FFE630
P 000001109307B768
C 298
R
P 0000011092FFE630
C 392
R
P 0000011092FFE630
P 000001109307B768
C 295
= 0000011093060D30
R
P 0000011092FFE630
C 392
R
P 0000011092FFE630
P 0000011093060D30
C 249
R
P 0000011092FFE630
C 392
R
P 0000011092FFE630
P 000001109307B768
C 301
R
P 0000011092FFE630
C 392
R
P 0000011092FFE630
P 000001109307B768
C 300
R
P 0000011092FFE630
C 392
R
P 0000011092FFE630
P 000001109307B768
C 299
R
P 0000011092FFE630
C 392
R
P 0000011092FFE630
P 000001109307B768
C 9
R
P 0000011092FFE630
C 392
R
P 0000011092FFE630
P 000001109316E8A0
U 1
C 410
= 000001109307B730
R
P 0000011092FFE630
C 392
R
P 0000011092FFE630
P 000001109307B730
C 298
R
P 0000011092FFE630
C 392
R
P 0000011092FFE630
P 000001109307B730
C 295
= 0000011093060D30
R
P 0000011092FFE630
C 392
R
P 0000011092FFE630
P 0000011093060D30
C 249
R
P 0000011092FFE630
C 392
R
P 0000011092FFE630
P 000001109307B730
C 301
R
P 0000011092FFE630
C 392
R
P 0000011092FFE630
P 000001109307B730
C 300
R
P 0000011092FFE630
C 392
R
P 0000011092FFE630
P 000001109307B730
C 299
R
P 0000011092FFE630
C 392
R
P 0000011092FFE630
P 000001109307B730
C 9
R
P 0000011092FFE630
C 392
R
P 0000011092FFE630
P 0000011093189780
P 000001109307B768
C 489
R
P 0000011092FFE630
C 392
R
P 0000011092FFE630
P 0000011093189780
P 000001109307B730
C 489
R
P 0000011092FFE630
C 392
R
P 0000011092FFE630
P 0000011093189780
C 513
R
P 0000011092FFE630
C 392
R
P 0000011092FFE630
S "simplify"
C 418
= 000001109355B060
R
P 0000011092FFE630
C 392
R
P 0000011092FFE630
P 000001109355B060
C 419
R
P 0000011092FFE630
C 392
R
P 0000011092FFE630
P 000001109316E8A0
C 416
R
P 0000011092FFE630
C 392
R
P 0000011092FFE630
P 000001109355B060
P 000001109316E8A0
C 466
= 00000110FEF8C270
R
P 0000011092FFE630
C 392
R
P 0000011092FFE630
P 00000110FEF8C270
C 468
R
P 0000011092FFE630
C 392
R
P 0000011092FFE630
P 00000110FEF8C270
C 470
R
P 0000011092FFE630
C 392
R
P 0000011092FFE630
P 00000110FEF8C270
C 471
R
P 0000011092FFE630
C 392
R
P 0000011092FFE630
P 00000110FEF8C270
U 0
C 472
= 000001109355B2A0
R
P 0000011092FFE630
C 392
R
P 0000011092FFE630
P 000001109355B2A0
C 402
R
P 0000011092FFE630
C 392
R
P 0000011092FFE630
P 000001109355B2A0
C 412
R
P 0000011092FFE630
C 392
R
P 0000011092FFE630
P 000001109355B2A0
C 413
R
P 0000011092FFE630
C 392
R
P 0000011092FFE630
P 00000110FEF8C270
C 471
R
P 0000011092FFE630
C 392
R
P 0000011092FFE630
P 00000110FEF8C270
C 471
R
P 0000011092FFE630
C 392
R
P 0000011092FFE630
P 00000110FEF8C270
U 0
C 472
= 000001109355AA30
R
P 0000011092FFE630
C 392
R
P 0000011092FFE630
P 000001109355AA30
C 402
R
P 0000011092FFE630
C 392
R
P 0000011092FFE630
P 000001109355AA30
C 412
R
P 0000011092FFE630
C 392
R
P 0000011092FFE630
P 00000110FEF8C270
C 471
R
P 0000011092FFE630
C 392
R
P 0000011092FFE630
P 00000110FEF8C270
U 0
C 472
= 000001109355AC40
R
P 0000011092FFE630
C 392
R
P 0000011092FFE630
P 000001109355AC40
C 402
R
P 0000011092FFE630
C 392
R
P 0000011092FFE630
P 000001109355AC40
C 413
R
P 0000011092FFE630
C 392
R
P 0000011092FFE630
S "smt"
C 418
= 000001109355B2D0
R
P 0000011092FFE630
C 392
R
P 0000011092FFE630
P 000001109355B2D0
C 419
R
P 0000011092FFE630
C 392
R
P 0000011092FFE630
P 000001109316E8A0
C 416
R
P 0000011092FFE630
C 392
R
P 0000011092FFE630
P 000001109355B2D0
P 000001109316E8A0
C 466
= 00000110FEF8C570
R
P 0000011092FFE630
C 392
R
P 0000011092FFE630
P 00000110FEF8C570
C 468
R
P 0000011092FFE630
C 392
R
P 0000011092FFE630
P 00000110FEF8C570
C 470
R
P 0000011092FFE630
C 392
R
P 0000011092FFE630
P 00000110FEF8C570
C 471
R
P 0000011092FFE630
C 392
R
P 0000011092FFE630
P 00000110FEF8C570
U 0
C 472
= 000001109355B030
R
P 0000011092FFE630
C 392
R
P 0000011092FFE630
P 000001109355B030
C 402
R
P 0000011092FFE630
C 392
R
P 0000011092FFE630
P 000001109355B030
C 412
R
P 0000011092FFE630
C 392
R
P 0000011092FFE630
P 00000110FEF8C570
C 471
R
P 0000011092FFE630
C 392
R
P 0000011092FFE630
P 00000110FEF8C570
C 471
R
P 0000011092FFE630
C 392
R
P 0000011092FFE630
P 00000110FEF8C570
U 0
C 472
= 000001109355AF40
R
P 0000011092FFE630
C 392
R
P 0000011092FFE630
P 000001109355AF40
C 402
R
P 0000011092FFE630
C 392
R
P 0000011092FFE630
P 000001109355AF40
C 412
R
P 0000011092FFE630
C 392
R
P 0000011092FFE630
U 32
C 37
= 0000011093061230
R
P 0000011092FFE630
C 392
R
P 0000011092FFE630
P 0000011093061230
C 298
R
P 0000011092FFE630
C 392
R
P 0000011092FFE630
P 0000011093061230
C 9
R
P 0000011092FFE630
C 392
R
P 0000011092FFE630
I 1
P 0000011093061230
C 159
= 0000011093061B50
R
P 0000011092FFE630
C 392
R
P 0000011092FFE630
P 0000011093061B50
C 298
R
P 0000011092FFE630
C 392
R
P 0000011092FFE630
P 0000011093061B50
C 295
= 0000011093061230
R
P 0000011092FFE630
C 392
R
P 0000011092FFE630
P 0000011093061230
C 249
R
P 0000011092FFE630
C 392
R
P 0000011092FFE630
P 0000011093061B50
C 301
R
P 0000011092FFE630
C 392
R
P 0000011092FFE630
P 0000011093061B50
C 300
R
P 0000011092FFE630
C 392
R
P 0000011092FFE630
P 0000011093061B50
C 299
R
P 0000011092FFE630
C 392
R
P 0000011092FFE630
P 0000011093061B50
C 9
R
P 0000011092FFE630
C 392
R
P 0000011092FFE630
U 32
C 37
= 0000011093061230
R
P 0000011092FFE630
C 392
R
P 0000011092FFE630
P 0000011093061230
C 298
R
P 0000011092FFE630
C 392
R
P 0000011092FFE630
P 0000011093061230
C 9
R
P 0000011092FFE630
C 392
R
P 0000011092FFE630
I 2
P 0000011093061230
C 159
= 0000011093061BB0
R
P 0000011092FFE630
C 392
R
P 0000011092FFE630
P 0000011093061BB0
C 298
R
P 0000011092FFE630
C 392
R
P 0000011092FFE630
P 0000011093061BB0
C 295
= 0000011093061230
R
P 0000011092FFE630
C 392
R
P 0000011092FFE630
P 0000011093061230
C 249
R
P 0000011092FFE630
C 392
R
P 0000011092FFE630
P 0000011093061BB0
C 301
R
P 0000011092FFE630
C 392
R
P 0000011092FFE630
P 0000011093061BB0
C 300
R
P 0000011092FFE630
C 392
R
P 0000011092FFE630
P 0000011093061BB0
C 299
R
P 0000011092FFE630
C 392
R
P 0000011092FFE630
P 0000011093061BB0
C 9
R
P 0000011092FFE630
C 392
R
P 0000011092FFE630
P 0000011093061B50
P 0000011093061BB0
C 61
= 000001109307B5A8
R
P 0000011092FFE630
C 392
R
P 0000011092FFE630
P 000001109307B5A8
C 299
R
P 0000011092FFE630
C 392
R
P 0000011092FFE630
P 000001109307B5A8
C 9
R
P 0000011092FFE630
C 392
R
P 0000011092FFE630
P 000001109316E8A0
P 000001109307B5A8
C 405
R
P 0000011092FFE630
C 392
R
P 0000011092FFE630
S "smt"
C 418
= 000001109355AA90
R
P 0000011092FFE630
C 392
R
P 0000011092FFE630
P 000001109355AA90
C 419
R
P 0000011092FFE630
C 392
R
P 0000011092FFE630
P 000001109316E8A0
C 416
R
P 0000011092FFE630
C 392
R
P 0000011092FFE630
P 000001109355AA90
P 000001109316E8A0
C 466
= 00000110FEF8CFF0
R
P 0000011092FFE630
C 392
R
P 0000011092FFE630
P 00000110FEF8CFF0
C 468
R
P 0000011092FFE630
C 392
R
P 0000011092FFE630
P 00000110FEF8CFF0
C 470
R
P 0000011092FFE630
C 392
R
P 0000011092FFE630
P 00000110FEF8CFF0
C 471
R
P 0000011092FFE630
C 392
R
P 0000011092FFE630
P 00000110FEF8CFF0
U 0
C 472
= 000001109355B330
R
P 0000011092FFE630
C 392
R
P 0000011092FFE630
P 000001109355B330
C 402
R
P 0000011092FFE630
C 392
R
P 0000011092FFE630
P 000001109355B330
C 412
R
P 0000011092FFE630
C 392
R
P 0000011092FFE630
P 000001109355B330
C 413
R
P 0000011092FFE630
C 392
R
P 0000011092FFE630
P 00000110FEF8CFF0
C 471
R
P 0000011092FFE630
C 392
R
P 0000011092FFE630
P 00000110FEF8CFF0
C 471
R
P 0000011092FFE630
C 392
R
P 0000011092FFE630
P 00000110FEF8CFF0
U 0
C 472
= 000001109355AD60
R
P 0000011092FFE630
C 392
R
P 0000011092FFE630
P 000001109355AD60
C 402
R
P 0000011092FFE630
C 392
R
P 0000011092FFE630
P 000001109355AD60
C 413
R
P 0000011092FFE630
C 392
R
P 0000011092FFE630
I 1
I 1
I 0
C 401
= 000001109355B0C0
R
P 0000011092FFE630
C 392
R
P 0000011092FFE630
P 000001109355B0C0
C 402
R
P 0000011092FFE630
C 392
R
P 0000011092FFE630
S "smt"
C 418
= 000001109355B660
R
P 0000011092FFE630
C 392
R
P 0000011092FFE630
P 000001109355B660
C 419
R
P 0000011092FFE630
C 392
R
P 0000011092FFE630
P 000001109355B0C0
C 416
R
P 0000011092FFE630
C 392
R
P 0000011092FFE630
P 000001109355B660
P 000001109355B0C0
C 466
= 00000110FEF8C870
R
P 0000011092FFE630
C 392
R
P 0000011092FFE630
P 00000110FEF8C870
C 468
R
P 0000011092FFE630
C 392
R
P 0000011092FFE630
P 00000110FEF8C870
C 470
R
P 0000011092FFE630
C 392
R
P 0000011092FFE630
P 00000110FEF8C870
C 471
R
P 0000011092FFE630
C 392
R
P 0000011092FFE630
P 00000110FEF8C870
U 0
C 472
= 000001109355BBD0
R
P 0000011092FFE630
C 392
R
P 0000011092FFE630
P 000001109355BBD0
C 402
R
P 0000011092FFE630
C 392
R
P 0000011092FFE630
P 000001109355BBD0
C 412
R
P 0000011092FFE630
C 392
R
P 0000011092FFE630
P 00000110FEF8C870
C 471
R
P 0000011092FFE630
C 392
R
P 0000011092FFE630
P 00000110FEF8C870
C 471
R
P 0000011092FFE630
C 392
R
P 0000011092FFE630
P 00000110FEF8C870
U 0
C 472
= 000001109355BC30
R
P 0000011092FFE630
C 392
R
P 0000011092FFE630
P 000001109355BC30
C 402
R
P 0000011092FFE630
C 392
R
P 0000011092FFE630
P 000001109355BC30
C 412
R
P 0000011092FFE630
C 392
R
P 0000011092FFE630
I 1
I 1
I 0
C 401
= 000001109355B8A0
R
P 0000011092FFE630
C 392
R
P 0000011092FFE630
P 000001109355B8A0
C 402
R
P 0000011092FFE630
C 392
R
P 0000011092FFE630
C 60
= 0000011093060DB0
R
P 0000011092FFE630
C 392
R
P 0000011092FFE630
P 0000011093060DB0
C 299
R
P 0000011092FFE630
C 392
R
P 0000011092FFE630
P 0000011093060DB0
C 9
R
P 0000011092FFE630
C 392
R
P 0000011092FFE630
P 000001109355B8A0
P 0000011093060DB0
C 405
R
P 0000011092FFE630
C 392
R
P 0000011092FFE630
S "smt"
C 418
= 000001109355B600
R
P 0000011092FFE630
C 392
R
P 0000011092FFE630
P 000001109355B600
C 419
R
P 0000011092FFE630
C 392
R
P 0000011092FFE630
P 000001109355B8A0
C 416
R
P 0000011092FFE630
C 392
R
P 0000011092FFE630
P 000001109355B600
P 000001109355B8A0
C 466
= 00000110FEF8CE70
R
P 0000011092FFE630
C 392
R
P 0000011092FFE630
P 00000110FEF8CE70
C 468
R
P 0000011092FFE630
C 392
R
P 0000011092FFE630
P 00000110FEF8CE70
C 470
R
P 0000011092FFE630
C 392
R
P 0000011092FFE630
P 00000110FEF8CE70
C 471
R
P 0000011092FFE630
C 392
R
P 0000011092FFE630
P 00000110FEF8CE70
U 0
C 472
= 000001109355B9F0
R
P 0000011092FFE630
C 392
R
P 0000011092FFE630
P 000001109355B9F0
C 402
R
P 0000011092FFE630
C 392
R
P 0000011092FFE630
P 000001109355B9F0
C 412
R
P 0000011092FFE630
C 392
R
P 0000011092FFE630
P 000001109355B9F0
C 413
R
P 0000011092FFE630
C 392
R
P 0000011092FFE630
P 00000110FEF8CE70
C 471
R
P 0000011092FFE630
C 392
R
P 0000011092FFE630
P 00000110FEF8CE70
C 471
R
P 0000011092FFE630
C 392
R
P 0000011092FFE630
P 00000110FEF8CE70
U 0
C 472
= 000001109355B8D0
R
P 0000011092FFE630
C 392
R
P 0000011092FFE630
P 000001109355B8D0
C 402
R
P 0000011092FFE630
C 392
R
P 0000011092FFE630
P 000001109355B8D0
C 413
R
P 0000011092FFE630
C 392
R
P 0000011092FFE630
I 1
I 1
I 0
C 401
= 000001109355C0E0
R
P 0000011092FFE630
C 392
R
P 0000011092FFE630
P 000001109355C0E0
C 402
R
P 0000011092FFE630
C 392
R
P 0000011092FFE630
S "x"
C 32
R
P 0000011092FFE630
C 392
R
P 0000011092FFE630
$ |x|
C 242
R
P 0000011092FFE630
C 392
R
P 0000011092FFE630
$ |x|
P 0000011093060DF0
C 54
= 0000011093061690
R
P 0000011092FFE630
C 392
R
P 0000011092FFE630
P 0000011093061690
C 298
R
P 0000011092FFE630
C 392
R
P 0000011092FFE630
P 0000011093061690
C 295
= 0000011093060DF0
R
P 0000011092FFE630
C 392
R
P 0000011092FFE630
P 0000011093060DF0
C 249
R
P 0000011092FFE630
C 392
R
P 0000011092FFE630
P 0000011093061690
C 301
R
P 0000011092FFE630
C 392
R
P 0000011092FFE630
P 0000011093061690
C 300
R
P 0000011092FFE630
C 392
R
P 0000011092FFE630
P 0000011093061690
C 299
R
P 0000011092FFE630
C 392
R
P 0000011092FFE630
P 0000011093061690
C 9
R
P 0000011092FFE630
C 392
R
P 0000011092FFE630
S "y"
C 32
R
P 0000011092FFE630
C 392
R
P 0000011092FFE630
$ |y|
C 242
R
P 0000011092FFE630
C 392
R
P 0000011092FFE630
$ |y|
P 0000011093060DF0
C 54
= 00000110930616B0
R
P 0000011092FFE630
C 392
R
P 0000011092FFE630
P 00000110930616B0
C 298
R
P 0000011092FFE630
C 392
R
P 0000011092FFE630
P 00000110930616B0
C 295
= 0000011093060DF0
R
P 0000011092FFE630
C 392
R
P 0000011092FFE630
P 0000011093060DF0
C 249
R
P 0000011092FFE630
C 392
R
P 0000011092FFE630
P 00000110930616B0
C 301
R
P 0000011092FFE630
C 392
R
P 0000011092FFE630
P 00000110930616B0
C 300
R
P 0000011092FFE630
C 392
R
P 0000011092FFE630
P 00000110930616B0
C 299
R
P 0000011092FFE630
C 392
R
P 0000011092FFE630
P 00000110930616B0
C 9
R
P 0000011092FFE630
C 392
R
P 0000011092FFE630
I 1
P 0000011093060DF0
C 159
= 0000011093061950
R
P 0000011092FFE630
C 392
R
P 0000011092FFE630
P 0000011093061950
C 298
R
P 0000011092FFE630
C 392
R
P 0000011092FFE630
P 0000011093061950
C 295
= 0000011093060DF0
R
P 0000011092FFE630
C 392
R
P 0000011092FFE630
P 0000011093060DF0
C 249
R
P 0000011092FFE630
C 392
R
P 0000011092FFE630
P 0000011093061950
C 301
R
P 0000011092FFE630
C 392
R
P 0000011092FFE630
P 0000011093061950
C 300
R
P 0000011092FFE630
C 392
R
P 0000011092FFE630
P 0000011093061950
C 299
R
P 0000011092FFE630
C 392
R
P 0000011092FFE630
P 0000011093061950
C 9
R
P 0000011092FFE630
C 392
R
P 0000011092FFE630
P 0000011093061690
P 0000011093061950
C 61
= 000001109307B810
R
P 0000011092FFE630
C 392
R
P 0000011092FFE630
P 000001109307B810
C 299
R
P 0000011092FFE630
C 392
R
P 0000011092FFE630
P 000001109307B810
C 9
R
P 0000011092FFE630
C 392
R
P 0000011092FFE630
P 000001109355C0E0
P 000001109307B810
C 405
R
P 0000011092FFE630
C 392
R
P 0000011092FFE630
I 2
P 0000011093060DF0
C 159
= 0000011093061BD0
R
P 0000011092FFE630
C 392
R
P 0000011092FFE630
P 0000011093061BD0
C 298
R
P 0000011092FFE630
C 392
R
P 0000011092FFE630
P 0000011093061BD0
C 295
= 0000011093060DF0
R
P 0000011092FFE630
C 392
R
P 0000011092FFE630
P 0000011093060DF0
C 249
R
P 0000011092FFE630
C 392
R
P 0000011092FFE630
P 0000011093061BD0
C 301
R
P 0000011092FFE630
C 392
R
P 0000011092FFE630
P 0000011093061BD0
C 300
R
P 0000011092FFE630
C 392
R
P 0000011092FFE630
P 0000011093061BD0
C 299
R
P 0000011092FFE630
C 392
R
P 0000011092FFE630
P 0000011093061BD0
C 9
R
P 0000011092FFE630
C 392
R
P 0000011092FFE630
P 00000110930616B0
P 0000011093061BD0
C 61
= 000001109307B848
R
P 0000011092FFE630
C 392
R
P 0000011092FFE630
P 000001109307B848
C 299
R
P 0000011092FFE630
C 392
R
P 0000011092FFE630
P 000001109307B848
C 9
R
P 0000011092FFE630
C 392
R
P 0000011092FFE630
P 000001109355C0E0
P 000001109307B848
C 405
R
P 0000011092FFE630
C 392
R
P 0000011092FFE630
P 0000011093061690
P 00000110930616B0
C 61
= 000001109307B880
R
P 0000011092FFE630
C 392
R
P 0000011092FFE630
P 000001109307B880
C 299
R
P 0000011092FFE630
C 392
R
P 0000011092FFE630
P 000001109307B880
C 9
R
P 0000011092FFE630
C 392
R
P 0000011092FFE630
P 000001109355C0E0
P 000001109307B880
C 405
R
P 0000011092FFE630
C 392
R
P 0000011092FFE630
S "smt"
C 418
= 000001109355BED0
R
P 0000011092FFE630
C 392
R
P 0000011092FFE630
P 000001109355BED0
C 419
R
P 0000011092FFE630
C 392
R
P 0000011092FFE630
P 000001109355C0E0
C 416
R
P 0000011092FFE630
C 392
R
P 0000011092FFE630
P 000001109355BED0
P 000001109355C0E0
C 466
= 00000110FEF8CF30
R
P 0000011092FFE630
C 392
R
P 0000011092FFE630
P 00000110FEF8CF30
C 468
R
P 0000011092FFE630
C 392
R
P 0000011092FFE630
P 00000110FEF8CF30
C 470
R
P 0000011092FFE630
C 392
R
P 0000011092FFE630
P 00000110FEF8CF30
C 471
R
P 0000011092FFE630
C 392
R
P 0000011092FFE630
P 00000110FEF8CF30
U 0
C 472
= 000001109355BB40
R
P 0000011092FFE630
C 392
R
P 0000011092FFE630
P 000001109355BB40
C 402
R
P 0000011092FFE630
C 392
R
P 0000011092FFE630
P 000001109355BB40
C 412
R
P 0000011092FFE630
C 392
R
P 0000011092FFE630
P 000001109355BB40
C 413
R
P 0000011092FFE630
C 392
R
P 0000011092FFE630
P 00000110FEF8CF30
C 471
R
P 0000011092FFE630
C 392
R
P 0000011092FFE630
P 00000110FEF8CF30
C 471
R
P 0000011092FFE630
C 392
R
P 0000011092FFE630
P 00000110FEF8CF30
U 0
C 472
= 000001109355C080
R
P 0000011092FFE630
C 392
R
P 0000011092FFE630
P 000001109355C080
C 402
R
P 0000011092FFE630
C 392
R
P 0000011092FFE630
P 000001109355C080
C 413
R
P 0000011092FFE630
C 392
R
P 0000011092FFE630
S "x"
C 32
R
P 0000011092FFE630
C 392
R
P 0000011092FFE630
$ |x|
C 242
R
P 0000011092FFE630
C 392
R
P 0000011092FFE630
C 36
= 0000011093060DD0
R
P 0000011092FFE630
C 392
R
P 0000011092FFE630
P 0000011093060DD0
C 298
R
P 0000011092FFE630
C 392
R
P 0000011092FFE630
P 0000011093060DD0
C 9
R
P 0000011092FFE630
C 392
R
P 0000011092FFE630
$ |x|
P 0000011093060DD0
C 54
= 0000011093061C50
R
P 0000011092FFE630
C 392
R
P 0000011092FFE630
P 0000011093061C50
C 298
R
P 0000011092FFE630
C 392
R
P 0000011092FFE630
P 0000011093061C50
C 295
= 0000011093060DD0
R
P 0000011092FFE630
C 392
R
P 0000011092FFE630
P 0000011093060DD0
C 249
R
P 0000011092FFE630
C 392
R
P 0000011092FFE630
P 0000011093061C50
C 301
R
P 0000011092FFE630
C 392
R
P 0000011092FFE630
P 0000011093061C50
C 300
R
P 0000011092FFE630
C 392
R
P 0000011092FFE630
P 0000011093061C50
C 299
R
P 0000011092FFE630
C 392
R
P 0000011092FFE630
P 0000011093061C50
C 9
R
P 0000011092FFE630
C 392
R
P 0000011092FFE630
S "y"
C 32
R
P 0000011092FFE630
C 392
R
P 0000011092FFE630
$ |y|
C 242
R
P 0000011092FFE630
C 392
R
P 0000011092FFE630
C 36
= 0000011093060DD0
R
P 0000011092FFE630
C 392
R
P 0000011092FFE630
P 0000011093060DD0
C 298
R
P 0000011092FFE630
C 392
R
P 0000011092FFE630
P 0000011093060DD0
C 9
R
P 0000011092FFE630
C 392
R
P 0000011092FFE630
$ |y|
P 0000011093060DD0
C 54
= 0000011093061C70
R
P 0000011092FFE630
C 392
R
P 0000011092FFE630
P 0000011093061C70
C 298
R
P 0000011092FFE630
C 392
R
P 0000011092FFE630
P 0000011093061C70
C 295
= 0000011093060DD0
R
P 0000011092FFE630
C 392
R
P 0000011092FFE630
P 0000011093060DD0
C 249
R
P 0000011092FFE630
C 392
R
P 0000011092FFE630
P 0000011093061C70
C 301
R
P 0000011092FFE630
C 392
R
P 0000011092FFE630
P 0000011093061C70
C 300
R
P 0000011092FFE630
C 392
R
P 0000011092FFE630
P 0000011093061C70
C 299
R
P 0000011092FFE630
C 392
R
P 0000011092FFE630
P 0000011093061C70
C 9
R
P 0000011092FFE630
C 392
R
P 0000011092FFE630
I 1
I 0
I 0
C 401
= 000001109355B750
R
P 0000011092FFE630
C 392
R
P 0000011092FFE630
P 000001109355B750
C 402
R
P 0000011092FFE630
C 392
R
P 0000011092FFE630
I 10
I 1
C 157
= 0000011093061C90
R
P 0000011092FFE630
C 392
R
P 0000011092FFE630
P 0000011093061C90
C 299
R
P 0000011092FFE630
C 392
R
P 0000011092FFE630
P 0000011093061C90
C 9
R
P 0000011092FFE630
C 392
R
P 0000011092FFE630
P 0000011093061C50
P 0000011093061C90
C 80
= 000001109307B8B8
R
P 0000011092FFE630
C 392
R
P 0000011092FFE630
P 000001109307B8B8
C 299
R
P 0000011092FFE630
C 392
R
P 0000011092FFE630
P 000001109307B8B8
C 9
R
P 0000011092FFE630
C 392
R
P 0000011092FFE630
P 000001109355B750
P 000001109307B8B8
C 405
R
P 0000011092FFE630
C 392
R
P 0000011092FFE630
I 1
I 1
C 157
= 0000011093061A90
R
P 0000011092FFE630
C 392
R
P 0000011092FFE630
P 0000011093061A90
C 299
R
P 0000011092FFE630
C 392
R
P 0000011092FFE630
P 0000011093061A90
C 9
R
P 0000011092FFE630
C 392
R
P 0000011092FFE630
U 2
P 0000011093061C50
P 0000011093061A90
p 2
C 70
= 000001109307B8F0
R
P 0000011092FFE630
C 392
R
P 0000011092FFE630
P 000001109307B8F0
C 298
R
P 0000011092FFE630
C 392
R
P 0000011092FFE630
P 000001109307B8F0
C 295
= 0000011093060DD0
R
P 0000011092FFE630
C 392
R
P 0000011092FFE630
P 0000011093060DD0
C 249
R
P 0000011092FFE630
C 392
R
P 0000011092FFE630
P 000001109307B8F0
C 301
R
P 0000011092FFE630
C 392
R
P 0000011092FFE630
P 000001109307B8F0
C 300
R
P 0000011092FFE630
C 392
R
P 0000011092FFE630
P 000001109307B8F0
C 299
R
P 0000011092FFE630
C 392
R
P 0000011092FFE630
P 000001109307B8F0
C 9
R
P 0000011092FFE630
C 392
R
P 0000011092FFE630
P 0000011093061C70
P 000001109307B8F0
C 61
= 000001109307BB20
R
P 0000011092FFE630
C 392
R
P 0000011092FFE630
P 000001109307BB20
C 299
R
P 0000011092FFE630
C 392
R
P 0000011092FFE630
P 000001109307BB20
C 9
R
P 0000011092FFE630
C 392
R
P 0000011092FFE630
P 000001109355B750
P 000001109307BB20
C 405
R
P 0000011092FFE630
C 392
R
P 0000011092FFE630
I 1
I 1
C 157
= 0000011093061A90
R
P 0000011092FFE630
C 392
R
P 0000011092FFE630
P 0000011093061A90
C 299
R
P 0000011092FFE630
C 392
R
P 0000011092FFE630
P 0000011093061A90
C 9
R
P 0000011092FFE630
C 392
R
P 0000011092FFE630
P 0000011093061C70
P 0000011093061A90
C 80
= 000001109307BB58
R
P 0000011092FFE630
C 392
R
P 0000011092FFE630
P 000001109307BB58
C 299
R
P 0000011092FFE630
C 392
R
P 0000011092FFE630
P 000001109307BB58
C 9
R
P 0000011092FFE630
C 392
R
P 0000011092FFE630
P 000001109355B750
P 000001109307BB58
C 405
R
P 0000011092FFE630
C 392
R
P 0000011092FFE630
S "simplify"
C 418
= 000001109355B7B0
R
P 0000011092FFE630
C 392
R
P 0000011092FFE630
P 000001109355B7B0
C 419
R
P 0000011092FFE630
C 392
R
P 0000011092FFE630
P 000001109355B750
C 416
R
P 0000011092FFE630
C 392
R
P 0000011092FFE630
P 000001109355B7B0
P 000001109355B750
C 466
= 00000110935A8BB0
R
P 0000011092FFE630
C 392
R
P 0000011092FFE630
P 00000110935A8BB0
C 468
R
P 0000011092FFE630
C 392
R
P 0000011092FFE630
P 00000110935A8BB0
C 470
R
P 0000011092FFE630
C 392
R
P 0000011092FFE630
P 00000110935A8BB0
C 471
R
P 0000011092FFE630
C 392
R
P 0000011092FFE630
P 00000110935A8BB0
U 0
C 472
= 000001109355B900
R
P 0000011092FFE630
C 392
R
P 0000011092FFE630
P 000001109355B900
C 402
R
P 0000011092FFE630
C 392
R
P 0000011092FFE630
P 000001109355B900
C 412
R
P 0000011092FFE630
C 392
R
P 0000011092FFE630
P 000001109355B900
C 413
R
P 0000011092FFE630
C 392
R
P 0000011092FFE630
P 00000110935A8BB0
C 471
R
P 0000011092FFE630
C 392
R
P 0000011092FFE630
P 00000110935A8BB0
C 471
R
P 0000011092FFE630
C 392
R
P 0000011092FFE630
P 00000110935A8BB0
U 0
C 472
= 000001109355C170
R
P 0000011092FFE630
C 392
R
P 0000011092FFE630
P 000001109355C170
C 402
R
P 0000011092FFE630
C 392
R
P 0000011092FFE630
P 000001109355C170
C 412
R
P 0000011092FFE630
C 392
R
P 0000011092FFE630
P 00000110935A8BB0
C 471
R
P 0000011092FFE630
C 392
R
P 0000011092FFE630
P 00000110935A8BB0
U 0
C 472
= 000001109355B930
R
P 0000011092FFE630
C 392
R
P 0000011092FFE630
P 000001109355B930
C 402
R
P 0000011092FFE630
C 392
R
P 0000011092FFE630
P 000001109355B930
C 413
R
P 0000011092FFE630
C 392
R
P 0000011092FFE630
S "simplify"
C 418
= 000001109355B9C0
R
P 0000011092FFE630
C 392
R
P 0000011092FFE630
P 000001109355B9C0
C 419
R
P 0000011092FFE630
C 392
R
P 0000011092FFE630
S "solve-eqs"
C 418
= 000001109355BA20
R
P 0000011092FFE630
C 392
R
P 0000011092FFE630
P 000001109355BA20
C 419
R
P 0000011092FFE630
C 392
R
P 0000011092FFE630
P 000001109355B9C0
P 000001109355BA20
C 424
= 000001109355BFC0
R
P 0000011092FFE630
C 392
R
P 0000011092FFE630
P 000001109355BFC0
C 419
R
P 0000011092FFE630
C 392
R
P 0000011092FFE630
P 000001109355B750
C 416
R
P 0000011092FFE630
C 392
R
P 0000011092FFE630
P 000001109355BFC0
P 000001109355B750
C 466
= 00000110935A8A30
R
P 0000011092FFE630
C 392
R
P 0000011092FFE630
P 00000110935A8A30
C 468
R
P 0000011092FFE630
C 392
R
P 0000011092FFE630
P 00000110935A8A30
C 470
R
P 0000011092FFE630
C 392
R
P 0000011092FFE630
P 00000110935A8A30
C 471
R
P 0000011092FFE630
C 392
R
P 0000011092FFE630
P 00000110935A8A30
U 0
C 472
= 000001109355BAB0
R
P 0000011092FFE630
C 392
R
P 0000011092FFE630
P 000001109355BAB0
C 402
R
P 0000011092FFE630
C 392
R
P 0000011092FFE630
P 000001109355BAB0
C 412
R
P 0000011092FFE630
C 392
R
P 0000011092FFE630
P 000001109355BAB0
C 413
R
P 0000011092FFE630
C 392
R
P 0000011092FFE630
P 00000110935A8A30
C 471
R
P 0000011092FFE630
C 392
R
P 0000011092FFE630
P 00000110935A8A30
C 471
R
P 0000011092FFE630
C 392
R
P 0000011092FFE630
P 00000110935A8A30
U 0
C 472
= 000001109355BB10
R
P 0000011092FFE630
C 392
R
P 0000011092FFE630
P 000001109355BB10
C 402
R
P 0000011092FFE630
C 392
R
P 0000011092FFE630
P 000001109355BB10
C 412
R
P 0000011092FFE630
C 392
R
P 0000011092FFE630
P 00000110935A8A30
C 471
R
P 0000011092FFE630
C 392
R
P 0000011092FFE630
P 00000110935A8A30
U 0
C 472
= 000001109355BD50
R
P 0000011092FFE630
C 392
R
P 0000011092FFE630
P 000001109355BD50
C 402
R
P 0000011092FFE630
C 392
R
P 0000011092FFE630
P 000001109355BD50
C 413
R
P 0000011092FFE630
C 392
R
P 0000011092FFE630
C 473
= 0000011093189E60
R
P 0000011092FFE630
C 392
R
P 0000011092FFE630
P 0000011093189E60
C 482
R
P 0000011092FFE630
C 392
R
P 0000011092FFE630
P 00000110935A8A30
C 471
R
P 0000011092FFE630
C 392
R
P 0000011092FFE630
P 00000110935A8A30
U 0
C 472
= 000001109355BF30
R
P 0000011092FFE630
C 392
R
P 0000011092FFE630
P 000001109355BF30
C 402
R
P 0000011092FFE630
C 392
R
P 0000011092FFE630
P 000001109355BF30
C 409
R
P 0000011092FFE630
C 392
R
P 0000011092FFE630
P 000001109355BF30
U 0
C 410
= 00000110930737E0
R
P 0000011092FFE630
C 392
R
P 0000011092FFE630
P 00000110930737E0
C 298
R
P 0000011092FFE630
C 392
R
P 0000011092FFE630
P 00000110930737E0
C 295
= 0000011093060D30
R
P 0000011092FFE630
C 392
R
P 0000011092FFE630
P 0000011093060D30
C 249
R
P 0000011092FFE630
C 392
R
P 0000011092FFE630
P 00000110930737E0
C 301
R
P 0000011092FFE630
C 392
R
P 0000011092FFE630
P 00000110930737E0
C 300
R
P 0000011092FFE630
C 392
R
P 0000011092FFE630
P 00000110930737E0
C 299
R
P 0000011092FFE630
C 392
R
P 0000011092FFE630
P 00000110930737E0
C 9
R
P 0000011092FFE630
C 392
R
P 0000011092FFE630
P 000001109355BF30
U 1
C 410
= 0000011093073720
R
P 0000011092FFE630
C 392
R
P 0000011092FFE630
P 0000011093073720
C 298
R
P 0000011092FFE630
C 392
R
P 0000011092FFE630
P 0000011093073720
C 295
= 0000011093060D30
R
P 0000011092FFE630
C 392
R
P 0000011092FFE630
P 0000011093060D30
C 249
R
P 0000011092FFE630
C 392
R
P 0000011092FFE630
P 0000011093073720
C 301
R
P 0000011092FFE630
C 392
R
P 0000011092FFE630
P 0000011093073720
C 300
R
P 0000011092FFE630
C 392
R
P 0000011092FFE630
P 0000011093073720
C 299
R
P 0000011092FFE630
C 392
R
P 0000011092FFE630
P 0000011093073720
C 9
R
P 0000011092FFE630
C 392
R
P 0000011092FFE630
P 0000011093189E60
P 00000110930737E0
C 489
R
P 0000011092FFE630
C 392
R
P 0000011092FFE630
P 0000011093189E60
P 0000011093073720
C 489
R
P 0000011092FFE630
C 392
R
P 0000011092FFE630
P 0000011093189E60
C 513
R
P 0000011092FFE630
C 392
R
P 0000011092FFE630
P 0000011093189E60
C 518
= 0000011095AED700
R
P 0000011092FFE630
C 392
R
P 0000011092FFE630
P 0000011095AED700
C 344
R
P 0000011092FFE630
C 392
R
P 0000011092FFE630
P 0000011095AED700
C 381
R
P 0000011092FFE630
C 392
R
P 0000011092FFE630
I 42
I 43
C 157
= 0000011093061D30
R
P 0000011092FFE630
C 392
R
P 0000011092FFE630
P 0000011093061D30
C 299
R
P 0000011092FFE630
C 392
R
P 0000011092FFE630
P 0000011093061D30
C 9
R
P 0000011092FFE630
C 392
R
P 0000011092FFE630
P 0000011093061D30
C 308
= 0000011093061D50
R
P 0000011092FFE630
C 392
R
P 0000011092FFE630
P 0000011093061D50
C 299
R
P 0000011092FFE630
C 392
R
P 0000011092FFE630
P 0000011093061D50
C 9
R
P 0000011092FFE630
C 392
R
P 0000011092FFE630
P 0000011093061D30
C 309
= 0000011093061D70
R
P 0000011092FFE630
C 392
R
P 0000011092FFE630
P 0000011093061D70
C 299
R
P 0000011092FFE630
C 392
R
P 0000011092FFE630
P 0000011093061D70
C 9
R
P 0000011092FFE630
C 392
R
P 0000011092FFE630
P 0000011093061D50
C 304
R
P 0000011092FFE630
C 392
R
P 0000011092FFE630
P 0000011093061D70
C 304
R
P 0000011092FFE630
C 392
R
P 0000011092FFE630
P 0000011093061D50
C 304
R
P 0000011092FFE630
C 392
R
P 0000011092FFE630
P 0000011093061D70
C 304
R
P 0000011092FFE630
C 392
R
P 0000011092FFE630
P 0000011093061D30
U 3
C 306
R
P 0000011092FFE630
C 392
R
P 0000011092FFE630
C 36
= 0000011093060DD0
R
P 0000011092FFE630
C 392
R
P 0000011092FFE630
P 0000011093060DD0
C 298
R
P 0000011092FFE630
C 392
R
P 0000011092FFE630
P 0000011093060DD0
C 9
R
P 0000011092FFE630
C 392
R
P 0000011092FFE630
S "-1231231232/234234333"
P 0000011093060DD0
C 156
= 0000011093061D90
R
P 0000011092FFE630
C 392
R
P 0000011092FFE630
P 0000011093061D90
C 299
R
P 0000011092FFE630
C 392
R
P 0000011092FFE630
P 0000011093061D90
C 9
R
P 0000011092FFE630
C 392
R
P 0000011092FFE630
P 0000011093061D90
C 308
= 0000011093061DB0
R
P 0000011092FFE630
C 392
R
P 0000011092FFE630
P 0000011093061DB0
C 299
R
P 0000011092FFE630
C 392
R
P 0000011092FFE630
P 0000011093061DB0
C 9
R
P 0000011092FFE630
C 392
R
P 0000011092FFE630
P 0000011093061DB0
C 304
R
P 0000011092FFE630
C 392
R
P 0000011092FFE630
P 0000011093061D90
C 309
= 0000011093061DD0
R
P 0000011092FFE630
C 392
R
P 0000011092FFE630
P 0000011093061DD0
C 299
R
P 0000011092FFE630
C 392
R
P 0000011092FFE630
P 0000011093061DD0
C 9
R
P 0000011092FFE630
C 392
R
P 0000011092FFE630
P 0000011093061DD0
C 304
R
P 0000011092FFE630
C 392
R
P 0000011092FFE630
S "-123123234234234234231232/234234333"
P 0000011093060DD0
C 156
= 0000011093061DF0
R
P 0000011092FFE630
C 392
R
P 0000011092FFE630
P 0000011093061DF0
C 299
R
P 0000011092FFE630
C 392
R
P 0000011092FFE630
P 0000011093061DF0
C 9
R
P 0000011092FFE630
C 392
R
P 0000011092FFE630
P 0000011093061DF0
C 308
= 0000011093061E10
R
P 0000011092FFE630
C 392
R
P 0000011092FFE630
P 0000011093061E10
C 299
R
P 0000011092FFE630
C 392
R
P 0000011092FFE630
P 0000011093061E10
C 9
R
P 0000011092FFE630
C 392
R
P 0000011092FFE630
P 0000011093061E10
C 304
R
P 0000011092FFE630
C 392
R
P 0000011092FFE630
P 0000011093061DF0
C 309
= 0000011093061DD0
R
P 0000011092FFE630
C 392
R
P 0000011092FFE630
P 0000011093061DD0
C 299
R
P 0000011092FFE630
C 392
R
P 0000011092FFE630
P 0000011093061DD0
C 9
R
P 0000011092FFE630
C 392
R
P 0000011092FFE630
P 0000011093061DD0
C 304
R
P 0000011092FFE630
C 392
R
P 0000011092FFE630
S "-234234333"
P 0000011093060DD0
C 156
= 0000011093061E30
R
P 0000011092FFE630
C 392
R
P 0000011092FFE630
P 0000011093061E30
C 299
R
P 0000011092FFE630
C 392
R
P 0000011092FFE630
P 0000011093061E30
C 9
R
P 0000011092FFE630
C 392
R
P 0000011092FFE630
P 0000011093061E30
C 308
= 0000011093061E50
R
P 0000011092FFE630
C 392
R
P 0000011092FFE630
P 0000011093061E50
C 299
R
P 0000011092FFE630
C 392
R
P 0000011092FFE630
P 0000011093061E50
C 9
R
P 0000011092FFE630
C 392
R
P 0000011092FFE630
P 0000011093061E50
C 304
R
P 0000011092FFE630
C 392
R
P 0000011092FFE630
P 0000011093061E30
C 309
= 0000011093061950
R
P 0000011092FFE630
C 392
R
P 0000011092FFE630
P 0000011093061950
C 299
R
P 0000011092FFE630
C 392
R
P 0000011092FFE630
P 0000011093061950
C 9
R
P 0000011092FFE630
C 392
R
P 0000011092FFE630
P 0000011093061950
C 304
R
P 0000011092FFE630
C 392
R
P 0000011092FFE630
S "234234333/2"
P 0000011093060DD0
C 156
= 0000011093061E70
R
P 0000011092FFE630
C 392
R
P 0000011092FFE630
P 0000011093061E70
C 299
R
P 0000011092FFE630
C 392
R
P 0000011092FFE630
P 0000011093061E70
C 9
R
P 0000011092FFE630
C 392
R
P 0000011092FFE630
P 0000011093061E70
C 308
= 0000011093061DD0
R
P 0000011092FFE630
C 392
R
P 0000011092FFE630
P 0000011093061DD0
C 299
R
P 0000011092FFE630
C 392
R
P 0000011092FFE630
P 0000011093061DD0
C 9
R
P 0000011092FFE630
C 392
R
P 0000011092FFE630
P 0000011093061DD0
C 304
R
P 0000011092FFE630
C 392
R
P 0000011092FFE630
P 0000011093061E70
C 309
= 0000011093061BD0
R
P 0000011092FFE630
C 392
R
P 0000011092FFE630
P 0000011093061BD0
C 299
R
P 0000011092FFE630
C 392
R
P 0000011092FFE630
P 0000011093061BD0
C 9
R
P 0000011092FFE630
C 392
R
P 0000011092FFE630
P 0000011093061BD0
C 304
R
P 0000011092FFE630
C 392
R
P 0000011092FFE630
S "1234567890987654321"
P 0000011093060DF0
C 156
= 0000011093061E90
R
P 0000011092FFE630
C 392
R
P 0000011092FFE630
P 0000011093061E90
C 299
R
P 0000011092FFE630
C 392
R
P 0000011092FFE630
P 0000011093061E90
C 9
R
P 0000011092FFE630
C 392
R
P 0000011092FFE630
P 0000011093061E90
C 304
R
P 0000011092FFE630
C 392
R
P 0000011092FFE630
U 128
C 37
= 0000011093061EB0
R
P 0000011092FFE630
C 392
R
P 0000011092FFE630
P 0000011093061EB0
C 298
R
P 0000011092FFE630
C 392
R
P 0000011092FFE630
P 0000011093061EB0
C 9
R
P 0000011092FFE630
C 392
R
P 0000011092FFE630
S "1234567890987654321"
P 0000011093061EB0
C 156
= 0000011093061ED0
R
P 0000011092FFE630
C 392
R
P 0000011092FFE630
P 0000011093061ED0
C 298
R
P 0000011092FFE630
C 392
R
P 0000011092FFE630
P 0000011093061ED0
C 295
= 0000011093061EB0
R
P 0000011092FFE630
C 392
R
P 0000011092FFE630
P 0000011093061EB0
C 249
R
P 0000011092FFE630
C 392
R
P 0000011092FFE630
P 0000011093061ED0
C 301
R
P 0000011092FFE630
C 392
R
P 0000011092FFE630
P 0000011093061ED0
C 300
R
P 0000011092FFE630
C 392
R
P 0000011092FFE630
P 0000011093061ED0
C 299
R
P 0000011092FFE630
C 392
R
P 0000011092FFE630
P 0000011093061ED0
C 9
R
P 0000011092FFE630
C 392
R
P 0000011092FFE630
P 0000011093061ED0
C 304
R
P 0000011092FFE630
C 392
R
P 0000011092FFE630
U 32
C 37
= 0000011093061230
R
P 0000011092FFE630
C 392
R
P 0000011092FFE630
P 0000011093061230
C 298
R
P 0000011092FFE630
C 392
R
P 0000011092FFE630
P 0000011093061230
C 9
R
P 0000011092FFE630
C 392
R
P 0000011092FFE630
S "1234567890987654321"
P 0000011093061230
C 156
= 0000011093061EF0
R
P 0000011092FFE630
C 392
R
P 0000011092FFE630
P 0000011093061EF0
C 298
R
P 0000011092FFE630
C 392
R
P 0000011092FFE630
P 0000011093061EF0
C 295
= 0000011093061230
R
P 0000011092FFE630
C 392
R
P 0000011092FFE630
P 0000011093061230
C 249
R
P 0000011092FFE630
C 392
R
P 0000011092FFE630
P 0000011093061EF0
C 301
R
P 0000011092FFE630
C 392
R
P 0000011092FFE630
P 0000011093061EF0
C 300
R
P 0000011092FFE630
C 392
R
P 0000011092FFE630
P 0000011093061EF0
C 299
R
P 0000011092FFE630
C 392
R
P 0000011092FFE630
P 0000011093061EF0
C 9
R
P 0000011092FFE630
C 392
R
P 0000011092FFE630
P 0000011093061EF0
C 304
R
P 0000011092FFE630
C 392
R
P 0000011092FFE630
S "1/2"
P 0000011093060DF0
C 156
R
P 0000011092FFE630
C 392
R
P 0000011092FFE630
U 12
C 394
R
P 0000011092FFE630
C 34
= 0000011093060D30
R
P 0000011092FFE630
C 392
R
P 0000011092FFE630
P 0000011093060D30
C 298
R
P 0000011092FFE630
C 392
R
P 0000011092FFE630
P 0000011093060D30
C 9
R
P 0000011092FFE630
C 392
R
P 0000011092FFE630
S "f"
C 32
R
P 0000011092FFE630
C 392
R
P 0000011092FFE630
$ |f|
C 242
R
P 0000011092FFE630
C 392
R
P 0000011092FFE630
$ |f|
U 2
P 0000011093060D30
P 0000011093060D30
p 2
P 0000011093060D30
C 52
= 00000110930756D0
R
P 0000011092FFE630
C 392
R
P 0000011092FFE630
P 00000110930756D0
C 298
R
P 0000011092FFE630
C 392
R
P 0000011092FFE630
P 00000110930756D0
C 9
R
P 0000011092FFE630
C 392
R
P 0000011092FFE630
S "q"
C 32
R
P 0000011092FFE630
C 392
R
P 0000011092FFE630
$ |q|
C 242
R
P 0000011092FFE630
C 392
R
P 0000011092FFE630
$ |q|
U 2
P 0000011093060D30
P 0000011093060D30
p 2
P 0000011093060D30
C 52
= 00000110930757D0
R
P 0000011092FFE630
C 392
R
P 0000011092FFE630
P 00000110930757D0
C 298
R
P 0000011092FFE630
C 392
R
P 0000011092FFE630
P 00000110930757D0
C 9
R
P 0000011092FFE630
C 392
R
P 0000011092FFE630
I 42
C 31
R
P 0000011092FFE630
C 392
R
P 0000011092FFE630
# 42
C 242
R
P 0000011092FFE630
C 392
R
P 0000011092FFE630
S "abc"
C 32
R
P 0000011092FFE630
C 392
R
P 0000011092FFE630
$ |abc|
C 242
R
P 0000011092FFE630
C 392
R
P 0000011092FFE630
U 32
C 37
= 0000011093061230
R
P 0000011092FFE630
C 392
R
P 0000011092FFE630
P 0000011093061230
C 298
R
P 0000011092FFE630
C 392
R
P 0000011092FFE630
P 0000011093061230
C 9
R
P 0000011092FFE630
C 392
R
P 0000011092FFE630
P 0000011093061230
C 250
R
P 0000011092FFE630
C 392
R
P 0000011092FFE630
I 1
P 0000011093060DF0
C 159
= 0000011093061950
R
P 0000011092FFE630
C 392
R
P 0000011092FFE630
P 0000011093061950
C 299
R
P 0000011092FFE630
C 392
R
P 0000011092FFE630
P 0000011093061950
C 9
R
P 0000011092FFE630
C 392
R
P 0000011092FFE630
I 2
P 0000011093060DF0
C 159
= 0000011093061BD0
R
P 0000011092FFE630
C 392
R
P 0000011092FFE630
P 0000011093061BD0
C 299
R
P 0000011092FFE630
C 392
R
P 0000011092FFE630
P 0000011093061BD0
C 9
R
P 0000011092FFE630
C 392
R
P 0000011092FFE630
U 2
P 0000011093061950
P 0000011093061BD0
p 2
C 70
= 000001109307BD50
R
P 0000011092FFE630
C 392
R
P 0000011092FFE630
P 000001109307BD50
C 298
R
P 0000011092FFE630
C 392
R
P 0000011092FFE630
P 000001109307BD50
C 295
= 0000011093060DF0
R
P 0000011092FFE630
C 392
R
P 0000011092FFE630
P 0000011093060DF0
C 249
R
P 0000011092FFE630
C 392
R
P 0000011092FFE630
P 000001109307BD50
C 301
R
P 0000011092FFE630
C 392
R
P 0000011092FFE630
P 000001109307BD50
C 300
R
P 0000011092FFE630
C 392
R
P 0000011092FFE630
P 000001109307BD50
C 299
R
P 0000011092FFE630
C 392
R
P 0000011092FFE630
P 000001109307BD50
C 9
R
P 0000011092FFE630
C 392
R
P 0000011092FFE630
P 000001109307BD50
C 290
R
P 0000011092FFE630
C 392
R
P 0000011092FFE630
P 000001109307BD50
U 0
C 291
= 0000011093061950
R
P 0000011092FFE630
C 392
R
P 0000011092FFE630
P 0000011093061950
C 298
R
P 0000011092FFE630
C 392
R
P 0000011092FFE630
P 0000011093061950
C 295
= 0000011093060DF0
R
P 0000011092FFE630
C 392
R
P 0000011092FFE630
P 0000011093060DF0
C 249
R
P 0000011092FFE630
C 392
R
P 0000011092FFE630
P 0000011093061950
C 301
R
P 0000011092FFE630
C 392
R
P 0000011092FFE630
P 0000011093061950
C 300
R
P 0000011092FFE630
C 392
R
P 0000011092FFE630
P 0000011093061950
C 299
R
P 0000011092FFE630
C 392
R
P 0000011092FFE630
P 0000011093061950
C 9
R
P 0000011092FFE630
C 392
R
P 0000011092FFE630
P 000001109307BD50
U 1
C 291
= 0000011093061BD0
R
P 0000011092FFE630
C 392
R
P 0000011092FFE630
P 0000011093061BD0
C 298
R
P 0000011092FFE630
C 392
R
P 0000011092FFE630
P 0000011093061BD0
C 295
= 0000011093060DF0
R
P 0000011092FFE630
C 392
R
P 0000011092FFE630
P 0000011093060DF0
C 249
R
P 0000011092FFE630
C 392
R
P 0000011092FFE630
P 0000011093061BD0
C 301
R
P 0000011092FFE630
C 392
R
P 0000011092FFE630
P 0000011093061BD0
C 300
R
P 0000011092FFE630
C 392
R
P 0000011092FFE630
P 0000011093061BD0
C 299
R
P 0000011092FFE630
C 392
R
P 0000011092FFE630
P 0000011093061BD0
C 9
R
P 0000011092FFE630
C 392
R
P 0000011092FFE630
P 0000011093061BD0
C 295
= 0000011093060DF0
R
P 0000011092FFE630
C 392
R
P 0000011092FFE630
P 0000011093060DF0
C 249
R
P 0000011092FFE630
C 392
R
P 0000011092FFE630
P 0000011093060DF0
C 298
R
P 0000011092FFE630
C 392
R
P 0000011092FFE630
P 0000011093060DF0
C 9
R
P 0000011092FFE630
C 392
R
P 0000011092FFE630
I 42
P 0000011093060DF0
C 159
= 0000011093061D50
R
P 0000011092FFE630
C 392
R
P 0000011092FFE630
P 0000011093061D50
C 299
R
P 0000011092FFE630
C 392
R
P 0000011092FFE630
P 0000011093061D50
C 9
R
P 0000011092FFE630
C 392
R
P 0000011092FFE630
C 59
= 0000011093060D90
R
P 0000011092FFE630
C 392
R
P 0000011092FFE630
P 0000011093060D90
C 299
R
P 0000011092FFE630
C 392
R
P 0000011092FFE630
P 0000011093060D90
C 9
R
P 0000011092FFE630
C 392
R
P 0000011092FFE630
C 59
= 0000011093060D90
R
P 0000011092FFE630
C 392
R
P 0000011092FFE630
P 0000011093060D90
C 299
R
P 0000011092FFE630
C 392
R
P 0000011092FFE630
P 0000011093060D90
C 9
R
P 0000011092FFE630
C 392
R
P 0000011092FFE630
C 60
= 0000011093060DB0
R
P 0000011092FFE630
C 392
R
P 0000011092FFE630
P 0000011093060DB0
C 299
R
P 0000011092FFE630
C 392
R
P 0000011092FFE630
P 0000011093060DB0
C 9
R
P 0000011092FFE630
C 392
R
P 0000011092FFE630
C 60
= 0000011093060DB0
R
P 0000011092FFE630
C 392
R
P 0000011092FFE630
P 0000011093060DB0
C 299
R
P 0000011092FFE630
C 392
R
P 0000011092FFE630
P 0000011093060DB0
C 9
R
P 0000011092FFE630
C 392
R
P 0000011092FFE630
P 0000011093060D90
C 63
= 0000011093073A80
R
P 0000011092FFE630
C 392
R
P 0000011092FFE630
P 0000011093073A80
C 299
R
P 0000011092FFE630
C 392
R
P 0000011092FFE630
P 0000011093073A80
C 9
R
P 0000011092FFE630
C 392
R
P 0000011092FFE630
P 0000011093060D90
C 63
= 0000011093073A80
R
P 0000011092FFE630
C 392
R
P 0000011092FFE630
P 0000011093073A80
C 299
R
P 0000011092FFE630
C 392
R
P 0000011092FFE630
P 0000011093073A80
C 9
R
P 0000011092FFE630
C 392
R
P 0000011092FFE630
P 0000011093060DB0
C 63
= 0000011093073AB0
R
P 0000011092FFE630
C 392
R
P 0000011092FFE630
P 0000011093073AB0
C 299
R
P 0000011092FFE630
C 392
R
P 0000011092FFE630
P 0000011093073AB0
C 9
R
P 0000011092FFE630
C 392
R
P 0000011092FFE630
P 0000011093060DB0
C 63
= 0000011093073AB0
R
P 0000011092FFE630
C 392
R
P 0000011092FFE630
P 0000011093073AB0
C 299
R
P 0000011092FFE630
C 392
R
P 0000011092FFE630
P 0000011093073AB0
C 9
R
P 0000011092FFE630
C 392
M "SudokuExample"
R
P 0000011092FFE630
S "x_1_1"
C 32
R
P 0000011092FFE630
C 392
R
P 0000011092FFE630
$ |x_1_1|
C 242
R
P 0000011092FFE630
C 392
R
P 0000011092FFE630
$ |x_1_1|
P 0000011093060DF0
C 54
= 0000011093061F10
R
P 0000011092FFE630
C 392
R
P 0000011092FFE630
P 0000011093061F10
C 298
R
P 0000011092FFE630
C 392
R
P 0000011092FFE630
P 0000011093061F10
C 295
= 0000011093060DF0
R
P 0000011092FFE630
C 392
R
P 0000011092FFE630
P 0000011093060DF0
C 249
R
P 0000011092FFE630
C 392
R
P 0000011092FFE630
P 0000011093061F10
C 301
R
P 0000011092FFE630
C 392
R
P 0000011092FFE630
P 0000011093061F10
C 300
R
P 0000011092FFE630
C 392
R
P 0000011092FFE630
P 0000011093061F10
C 299
R
P 0000011092FFE630
C 392
R
P 0000011092FFE630
P 0000011093061F10
C 9
R
P 0000011092FFE630
C 392
R
P 0000011092FFE630
S "x_1_2"
C 32
R
P 0000011092FFE630
C 392
R
P 0000011092FFE630
$ |x_1_2|
C 242
R
P 0000011092FFE630
C 392
R
P 0000011092FFE630
$ |x_1_2|
P 0000011093060DF0
C 54
= 0000011093061F30
R
P 0000011092FFE630
C 392
R
P 0000011092FFE630
P 0000011093061F30
C 298
R
P 0000011092FFE630
C 392
R
P 0000011092FFE630
P 0000011093061F30
C 295
= 0000011093060DF0
R
P 0000011092FFE630
C 392
R
P 0000011092FFE630
P 0000011093060DF0
C 249
R
P 0000011092FFE630
C 392
R
P 0000011092FFE630
P 0000011093061F30
C 301
R
P 0000011092FFE630
C 392
R
P 0000011092FFE630
P 0000011093061F30
C 300
R
P 0000011092FFE630
C 392
R
P 0000011092FFE630
P 0000011093061F30
C 299
R
P 0000011092FFE630
C 392
R
P 0000011092FFE630
P 0000011093061F30
C 9
R
P 0000011092FFE630
C 392
R
P 0000011092FFE630
S "x_1_3"
C 32
R
P 0000011092FFE630
C 392
R
P 0000011092FFE630
$ |x_1_3|
C 242
R
P 0000011092FFE630
C 392
R
P 0000011092FFE630
$ |x_1_3|
P 0000011093060DF0
C 54
= 0000011093061F50
R
P 0000011092FFE630
C 392
R
P 0000011092FFE630
P 0000011093061F50
C 298
R
P 0000011092FFE630
C 392
R
P 0000011092FFE630
P 0000011093061F50
C 295
= 0000011093060DF0
R
P 0000011092FFE630
C 392
R
P 0000011092FFE630
P 0000011093060DF0
C 249
R
P 0000011092FFE630
C 392
R
P 0000011092FFE630
P 0000011093061F50
C 301
R
P 0000011092FFE630
C 392
R
P 0000011092FFE630
P 0000011093061F50
C 300
R
P 0000011092FFE630
C 392
R
P 0000011092FFE630
P 0000011093061F50
C 299
R
P 0000011092FFE630
C 392
R
P 0000011092FFE630
P 0000011093061F50
C 9
R
P 0000011092FFE630
C 392
R
P 0000011092FFE630
S "x_1_4"
C 32
R
P 0000011092FFE630
C 392
R
P 0000011092FFE630
$ |x_1_4|
C 242
R
P 0000011092FFE630
C 392
R
P 0000011092FFE630
$ |x_1_4|
P 0000011093060DF0
C 54
= 0000011093061F70
R
P 0000011092FFE630
C 392
R
P 0000011092FFE630
P 0000011093061F70
C 298
R
P 0000011092FFE630
C 392
R
P 0000011092FFE630
P 0000011093061F70
C 295
= 0000011093060DF0
R
P 0000011092FFE630
C 392
R
P 0000011092FFE630
P 0000011093060DF0
C 249
R
P 0000011092FFE630
C 392
R
P 0000011092FFE630
P 0000011093061F70
C 301
R
P 0000011092FFE630
C 392
R
P 0000011092FFE630
P 0000011093061F70
C 300
R
P 0000011092FFE630
C 392
R
P 0000011092FFE630
P 0000011093061F70
C 299
R
P 0000011092FFE630
C 392
R
P 0000011092FFE630
P 0000011093061F70
C 9
R
P 0000011092FFE630
C 392
R
P 0000011092FFE630
S "x_1_5"
C 32
R
P 0000011092FFE630
C 392
R
P 0000011092FFE630
$ |x_1_5|
C 242
R
P 0000011092FFE630
C 392
R
P 0000011092FFE630
$ |x_1_5|
P 0000011093060DF0
C 54
= 0000011093061F90
R
P 0000011092FFE630
C 392
R
P 0000011092FFE630
P 0000011093061F90
C 298
R
P 0000011092FFE630
C 392
R
P 0000011092FFE630
P 0000011093061F90
C 295
= 0000011093060DF0
R
P 0000011092FFE630
C 392
R
P 0000011092FFE630
P 0000011093060DF0
C 249
R
P 0000011092FFE630
C 392
R
P 0000011092FFE630
P 0000011093061F90
C 301
R
P 0000011092FFE630
C 392
R
P 0000011092FFE630
P 0000011093061F90
C 300
R
P 0000011092FFE630
C 392
R
P 0000011092FFE630
P 0000011093061F90
C 299
R
P 0000011092FFE630
C 392
R
P 0000011092FFE630
P 0000011093061F90
C 9
R
P 0000011092FFE630
C 392
R
P 0000011092FFE630
S "x_1_6"
C 32
R
P 0000011092FFE630
C 392
R
P 0000011092FFE630
$ |x_1_6|
C 242
R
P 0000011092FFE630
C 392
R
P 0000011092FFE630
$ |x_1_6|
P 0000011093060DF0
C 54
= 0000011093061FB0
R
P 0000011092FFE630
C 392
R
P 0000011092FFE630
P 0000011093061FB0
C 298
R
P 0000011092FFE630
C 392
R
P 0000011092FFE630
P 0000011093061FB0
C 295
= 0000011093060DF0
R
P 0000011092FFE630
C 392
R
P 0000011092FFE630
P 0000011093060DF0
C 249
R
P 0000011092FFE630
C 392
R
P 0000011092FFE630
P 0000011093061FB0
C 301
R
P 0000011092FFE630
C 392
R
P 0000011092FFE630
P 0000011093061FB0
C 300
R
P 0000011092FFE630
C 392
R
P 0000011092FFE630
P 0000011093061FB0
C 299
R
P 0000011092FFE630
C 392
R
P 0000011092FFE630
P 0000011093061FB0
C 9
R
P 0000011092FFE630
C 392
R
P 0000011092FFE630
S "x_1_7"
C 32
R
P 0000011092FFE630
C 392
R
P 0000011092FFE630
$ |x_1_7|
C 242
R
P 0000011092FFE630
C 392
R
P 0000011092FFE630
$ |x_1_7|
P 0000011093060DF0
C 54
= 0000011093061FD0
R
P 0000011092FFE630
C 392
R
P 0000011092FFE630
P 0000011093061FD0
C 298
R
P 0000011092FFE630
C 392
R
P 0000011092FFE630
P 0000011093061FD0
C 295
= 0000011093060DF0
R
P 0000011092FFE630
C 392
R
P 0000011092FFE630
P 0000011093060DF0
C 249
R
P 0000011092FFE630
C 392
R
P 0000011092FFE630
P 0000011093061FD0
C 301
R
P 0000011092FFE630
C 392
R
P 0000011092FFE630
P 0000011093061FD0
C 300
R
P 0000011092FFE630
C 392
R
P 0000011092FFE630
P 0000011093061FD0
C 299
R
P 0000011092FFE630
C 392
R
P 0000011092FFE630
P 0000011093061FD0
C 9
R
P 0000011092FFE630
C 392
R
P 0000011092FFE630
S "x_1_8"
C 32
R
P 0000011092FFE630
C 392
R
P 0000011092FFE630
$ |x_1_8|
C 242
R
P 0000011092FFE630
C 392
R
P 0000011092FFE630
$ |x_1_8|
P 0000011093060DF0
C 54
= 0000011093061FF0
R
P 0000011092FFE630
C 392
R
P 0000011092FFE630
P 0000011093061FF0
C 298
R
P 0000011092FFE630
C 392
R
P 0000011092FFE630
P 0000011093061FF0
C 295
= 0000011093060DF0
R
P 0000011092FFE630
C 392
R
P 0000011092FFE630
P 0000011093060DF0
C 249
R
P 0000011092FFE630
C 392
R
P 0000011092FFE630
P 0000011093061FF0
C 301
R
P 0000011092FFE630
C 392
R
P 0000011092FFE630
P 0000011093061FF0
C 300
R
P 0000011092FFE630
C 392
R
P 0000011092FFE630
P 0000011093061FF0
C 299
R
P 0000011092FFE630
C 392
R
P 0000011092FFE630
P 0000011093061FF0
C 9
R
P 0000011092FFE630
C 392
R
P 0000011092FFE630
S "x_1_9"
C 32
R
P 0000011092FFE630
C 392
R
P 0000011092FFE630
$ |x_1_9|
C 242
R
P 0000011092FFE630
C 392
R
P 0000011092FFE630
$ |x_1_9|
P 0000011093060DF0
C 54
= 0000011093062010
R
P 0000011092FFE630
C 392
R
P 0000011092FFE630
P 0000011093062010
C 298
R
P 0000011092FFE630
C 392
R
P 0000011092FFE630
P 0000011093062010
C 295
= 0000011093060DF0
R
P 0000011092FFE630
C 392
R
P 0000011092FFE630
P 0000011093060DF0
C 249
R
P 0000011092FFE630
C 392
R
P 0000011092FFE630
P 0000011093062010
C 301
R
P 0000011092FFE630
C 392
R
P 0000011092FFE630
P 0000011093062010
C 300
R
P 0000011092FFE630
C 392
R
P 0000011092FFE630
P 0000011093062010
C 299
R
P 0000011092FFE630
C 392
R
P 0000011092FFE630
P 0000011093062010
C 9
R
P 0000011092FFE630
C 392
R
P 0000011092FFE630
S "x_2_1"
C 32
R
P 0000011092FFE630
C 392
R
P 0000011092FFE630
$ |x_2_1|
C 242
R
P 0000011092FFE630
C 392
R
P 0000011092FFE630
$ |x_2_1|
P 0000011093060DF0
C 54
= 0000011093062030
R
P 0000011092FFE630
C 392
R
P 0000011092FFE630
P 0000011093062030
C 298
R
P 0000011092FFE630
C 392
R
P 0000011092FFE630
P 0000011093062030
C 295
= 0000011093060DF0
R
P 0000011092FFE630
C 392
R
P 0000011092FFE630
P 0000011093060DF0
C 249
R
P 0000011092FFE630
C 392
R
P 0000011092FFE630
P 0000011093062030
C 301
R
P 0000011092FFE630
C 392
R
P 0000011092FFE630
P 0000011093062030
C 300
R
P 0000011092FFE630
C 392
R
P 0000011092FFE630
P 0000011093062030
C 299
R
P 0000011092FFE630
C 392
R
P 0000011092FFE630
P 0000011093062030
C 9
R
P 0000011092FFE630
C 392
R
P 0000011092FFE630
S "x_2_2"
C 32
R
P 0000011092FFE630
C 392
R
P 0000011092FFE630
$ |x_2_2|
C 242
R
P 0000011092FFE630
C 392
R
P 0000011092FFE630
$ |x_2_2|
P 0000011093060DF0
C 54
= 0000011093062050
R
P 0000011092FFE630
C 392
R
P 0000011092FFE630
P 0000011093062050
C 298
R
P 0000011092FFE630
C 392
R
P 0000011092FFE630
P 0000011093062050
C 295
= 0000011093060DF0
R
P 0000011092FFE630
C 392
R
P 0000011092FFE630
P 0000011093060DF0
C 249
R
P 0000011092FFE630
C 392
R
P 0000011092FFE630
P 0000011093062050
C 301
R
P 0000011092FFE630
C 392
R
P 0000011092FFE630
P 0000011093062050
C 300
R
P 0000011092FFE630
C 392
R
P 0000011092FFE630
P 0000011093062050
C 299
R
P 0000011092FFE630
C 392
R
P 0000011092FFE630
P 0000011093062050
C 9
R
P 0000011092FFE630
C 392
R
P 0000011092FFE630
S "x_2_3"
C 32
R
P 0000011092FFE630
C 392
R
P 0000011092FFE630
$ |x_2_3|
C 242
R
P 0000011092FFE630
C 392
R
P 0000011092FFE630
$ |x_2_3|
P 0000011093060DF0
C 54
= 0000011093062070
R
P 0000011092FFE630
C 392
R
P 0000011092FFE630
P 0000011093062070
C 298
R
P 0000011092FFE630
C 392
R
P 0000011092FFE630
P 0000011093062070
C 295
= 0000011093060DF0
R
P 0000011092FFE630
C 392
R
P 0000011092FFE630
P 0000011093060DF0
C 249
R
P 0000011092FFE630
C 392
R
P 0000011092FFE630
P 0000011093062070
C 301
R
P 0000011092FFE630
C 392
R
P 0000011092FFE630
P 0000011093062070
C 300
R
P 0000011092FFE630
C 392
R
P 0000011092FFE630
P 0000011093062070
C 299
R
P 0000011092FFE630
C 392
R
P 0000011092FFE630
P 0000011093062070
C 9
R
P 0000011092FFE630
C 392
R
P 0000011092FFE630
S "x_2_4"
C 32
R
P 0000011092FFE630
C 392
R
P 0000011092FFE630
$ |x_2_4|
C 242
R
P 0000011092FFE630
C 392
R
P 0000011092FFE630
$ |x_2_4|
P 0000011093060DF0
C 54
= 0000011093062090
R
P 0000011092FFE630
C 392
R
P 0000011092FFE630
P 0000011093062090
C 298
R
P 0000011092FFE630
C 392
R
P 0000011092FFE630
P 0000011093062090
C 295
= 0000011093060DF0
R
P 0000011092FFE630
C 392
R
P 0000011092FFE630
P 0000011093060DF0
C 249
R
P 0000011092FFE630
C 392
R
P 0000011092FFE630
P 0000011093062090
C 301
R
P 0000011092FFE630
C 392
R
P 0000011092FFE630
P 0000011093062090
C 300
R
P 0000011092FFE630
C 392
R
P 0000011092FFE630
P 0000011093062090
C 299
R
P 0000011092FFE630
C 392
R
P 0000011092FFE630
P 0000011093062090
C 9
R
P 0000011092FFE630
C 392
R
P 0000011092FFE630
S "x_2_5"
C 32
R
P 0000011092FFE630
C 392
R
P 0000011092FFE630
$ |x_2_5|
C 242
R
P 0000011092FFE630
C 392
R
P 0000011092FFE630
$ |x_2_5|
P 0000011093060DF0
C 54
= 00000110930620B0
R
P 0000011092FFE630
C 392
R
P 0000011092FFE630
P 00000110930620B0
C 298
R
P 0000011092FFE630
C 392
R
P 0000011092FFE630
P 00000110930620B0
C 295
= 0000011093060DF0
R
P 0000011092FFE630
C 392
R
P 0000011092FFE630
P 0000011093060DF0
C 249
R
P 0000011092FFE630
C 392
R
P 0000011092FFE630
P 00000110930620B0
C 301
R
P 0000011092FFE630
C 392
R
P 0000011092FFE630
P 00000110930620B0
C 300
R
P 0000011092FFE630
C 392
R
P 0000011092FFE630
P 00000110930620B0
C 299
R
P 0000011092FFE630
C 392
R
P 0000011092FFE630
P 00000110930620B0
C 9
R
P 0000011092FFE630
C 392
R
P 0000011092FFE630
S "x_2_6"
C 32
R
P 0000011092FFE630
C 392
R
P 0000011092FFE630
$ |x_2_6|
C 242
R
P 0000011092FFE630
C 392
R
P 0000011092FFE630
$ |x_2_6|
P 0000011093060DF0
C 54
= 00000110930620D0
R
P 0000011092FFE630
C 392
R
P 0000011092FFE630
P 00000110930620D0
C 298
R
P 0000011092FFE630
C 392
R
P 0000011092FFE630
P 00000110930620D0
C 295
= 0000011093060DF0
R
P 0000011092FFE630
C 392
R
P 0000011092FFE630
P 0000011093060DF0
C 249
R
P 0000011092FFE630
C 392
R
P 0000011092FFE630
P 00000110930620D0
C 301
R
P 0000011092FFE630
C 392
R
P 0000011092FFE630
P 00000110930620D0
C 300
R
P 0000011092FFE630
C 392
R
P 0000011092FFE630
P 00000110930620D0
C 299
R
P 0000011092FFE630
C 392
R
P 0000011092FFE630
P 00000110930620D0
C 9
R
P 0000011092FFE630
C 392
R
P 0000011092FFE630
S "x_2_7"
C 32
R
P 0000011092FFE630
C 392
R
P 0000011092FFE630
$ |x_2_7|
C 242
R
P 0000011092FFE630
C 392
R
P 0000011092FFE630
$ |x_2_7|
P 0000011093060DF0
C 54
= 00000110930620F0
R
P 0000011092FFE630
C 392
R
P 0000011092FFE630
P 00000110930620F0
C 298
R
P 0000011092FFE630
C 392
R
P 0000011092FFE630
P 00000110930620F0
C 295
= 0000011093060DF0
R
P 0000011092FFE630
C 392
R
P 0000011092FFE630
P 0000011093060DF0
C 249
R
P 0000011092FFE630
C 392
R
P 0000011092FFE630
P 00000110930620F0
C 301
R
P 0000011092FFE630
C 392
R
P 0000011092FFE630
P 00000110930620F0
C 300
R
P 0000011092FFE630
C 392
R
P 0000011092FFE630
P 00000110930620F0
C 299
R
P 0000011092FFE630
C 392
R
P 0000011092FFE630
P 00000110930620F0
C 9
R
P 0000011092FFE630
C 392
R
P 0000011092FFE630
S "x_2_8"
C 32
R
P 0000011092FFE630
C 392
R
P 0000011092FFE630
$ |x_2_8|
C 242
R
P 0000011092FFE630
C 392
R
P 0000011092FFE630
$ |x_2_8|
P 0000011093060DF0
C 54
= 0000011093062110
R
P 0000011092FFE630
C 392
R
P 0000011092FFE630
P 0000011093062110
C 298
R
P 0000011092FFE630
C 392
R
P 0000011092FFE630
P 0000011093062110
C 295
= 0000011093060DF0
R
P 0000011092FFE630
C 392
R
P 0000011092FFE630
P 0000011093060DF0
C 249
R
P 0000011092FFE630
C 392
R
P 0000011092FFE630
P 0000011093062110
C 301
R
P 0000011092FFE630
C 392
R
P 0000011092FFE630
P 0000011093062110
C 300
R
P 0000011092FFE630
C 392
R
P 0000011092FFE630
P 0000011093062110
C 299
R
P 0000011092FFE630
C 392
R
P 0000011092FFE630
P 0000011093062110
C 9
R
P 0000011092FFE630
C 392
R
P 0000011092FFE630
S "x_2_9"
C 32
R
P 0000011092FFE630
C 392
R
P 0000011092FFE630
$ |x_2_9|
C 242
R
P 0000011092FFE630
C 392
R
P 0000011092FFE630
$ |x_2_9|
P 0000011093060DF0
C 54
= 0000011093062130
R
P 0000011092FFE630
C 392
R
P 0000011092FFE630
P 0000011093062130
C 298
R
P 0000011092FFE630
C 392
R
P 0000011092FFE630
P 0000011093062130
C 295
= 0000011093060DF0
R
P 0000011092FFE630
C 392
R
P 0000011092FFE630
P 0000011093060DF0
C 249
R
P 0000011092FFE630
C 392
R
P 0000011092FFE630
P 0000011093062130
C 301
R
P 0000011092FFE630
C 392
R
P 0000011092FFE630
P 0000011093062130
C 300
R
P 0000011092FFE630
C 392
R
P 0000011092FFE630
P 0000011093062130
C 299
R
P 0000011092FFE630
C 392
R
P 0000011092FFE630
P 0000011093062130
C 9
R
P 0000011092FFE630
C 392
R
P 0000011092FFE630
S "x_3_1"
C 32
R
P 0000011092FFE630
C 392
R
P 0000011092FFE630
$ |x_3_1|
C 242
R
P 0000011092FFE630
C 392
R
P 0000011092FFE630
$ |x_3_1|
P 0000011093060DF0
C 54
= 0000011093062150
R
P 0000011092FFE630
C 392
R
P 0000011092FFE630
P 0000011093062150
C 298
R
P 0000011092FFE630
C 392
R
P 0000011092FFE630
P 0000011093062150
C 295
= 0000011093060DF0
R
P 0000011092FFE630
C 392
R
P 0000011092FFE630
P 0000011093060DF0
C 249
R
P 0000011092FFE630
C 392
R
P 0000011092FFE630
P 0000011093062150
C 301
R
P 0000011092FFE630
C 392
R
P 0000011092FFE630
P 0000011093062150
C 300
R
P 0000011092FFE630
C 392
R
P 0000011092FFE630
P 0000011093062150
C 299
R
P 0000011092FFE630
C 392
R
P 0000011092FFE630
P 0000011093062150
C 9
R
P 0000011092FFE630
C 392
R
P 0000011092FFE630
S "x_3_2"
C 32
R
P 0000011092FFE630
C 392
R
P 0000011092FFE630
$ |x_3_2|
C 242
R
P 0000011092FFE630
C 392
R
P 0000011092FFE630
$ |x_3_2|
P 0000011093060DF0
C 54
= 0000011093062170
R
P 0000011092FFE630
C 392
R
P 0000011092FFE630
P 0000011093062170
C 298
R
P 0000011092FFE630
C 392
R
P 0000011092FFE630
P 0000011093062170
C 295
= 0000011093060DF0
R
P 0000011092FFE630
C 392
R
P 0000011092FFE630
P 0000011093060DF0
C 249
R
P 0000011092FFE630
C 392
R
P 0000011092FFE630
P 0000011093062170
C 301
R
P 0000011092FFE630
C 392
R
P 0000011092FFE630
P 0000011093062170
C 300
R
P 0000011092FFE630
C 392
R
P 0000011092FFE630
P 0000011093062170
C 299
R
P 0000011092FFE630
C 392
R
P 0000011092FFE630
P 0000011093062170
C 9
R
P 0000011092FFE630
C 392
R
P 0000011092FFE630
S "x_3_3"
C 32
R
P 0000011092FFE630
C 392
R
P 0000011092FFE630
$ |x_3_3|
C 242
R
P 0000011092FFE630
C 392
R
P 0000011092FFE630
$ |x_3_3|
P 0000011093060DF0
C 54
= 0000011093062190
R
P 0000011092FFE630
C 392
R
P 0000011092FFE630
P 0000011093062190
C 298
R
P 0000011092FFE630
C 392
R
P 0000011092FFE630
P 0000011093062190
C 295
= 0000011093060DF0
R
P 0000011092FFE630
C 392
R
P 0000011092FFE630
P 0000011093060DF0
C 249
R
P 0000011092FFE630
C 392
R
P 0000011092FFE630
P 0000011093062190
C 301
R
P 0000011092FFE630
C 392
R
P 0000011092FFE630
P 0000011093062190
C 300
R
P 0000011092FFE630
C 392
R
P 0000011092FFE630
P 0000011093062190
C 299
R
P 0000011092FFE630
C 392
R
P 0000011092FFE630
P 0000011093062190
C 9
R
P 0000011092FFE630
C 392
R
P 0000011092FFE630
S "x_3_4"
C 32
R
P 0000011092FFE630
C 392
R
P 0000011092FFE630
$ |x_3_4|
C 242
R
P 0000011092FFE630
C 392
R
P 0000011092FFE630
$ |x_3_4|
P 0000011093060DF0
C 54
= 00000110930621B0
R
P 0000011092FFE630
C 392
R
P 0000011092FFE630
P 00000110930621B0
C 298
R
P 0000011092FFE630
C 392
R
P 0000011092FFE630
P 00000110930621B0
C 295
= 0000011093060DF0
R
P 0000011092FFE630
C 392
R
P 0000011092FFE630
P 0000011093060DF0
C 249
R
P 0000011092FFE630
C 392
R
P 0000011092FFE630
P 00000110930621B0
C 301
R
P 0000011092FFE630
C 392
R
P 0000011092FFE630
P 00000110930621B0
C 300
R
P 0000011092FFE630
C 392
R
P 0000011092FFE630
P 00000110930621B0
C 299
R
P 0000011092FFE630
C 392
R
P 0000011092FFE630
P 00000110930621B0
C 9
R
P 0000011092FFE630
C 392
R
P 0000011092FFE630
S "x_3_5"
C 32
R
P 0000011092FFE630
C 392
R
P 0000011092FFE630
$ |x_3_5|
C 242
R
P 0000011092FFE630
C 392
R
P 0000011092FFE630
$ |x_3_5|
P 0000011093060DF0
C 54
= 00000110930621D0
R
P 0000011092FFE630
C 392
R
P 0000011092FFE630
P 00000110930621D0
C 298
R
P 0000011092FFE630
C 392
R
P 0000011092FFE630
P 00000110930621D0
C 295
= 0000011093060DF0
R
P 0000011092FFE630
C 392
R
P 0000011092FFE630
P 0000011093060DF0
C 249
R
P 0000011092FFE630
C 392
R
P 0000011092FFE630
P 00000110930621D0
C 301
R
P 0000011092FFE630
C 392
R
P 0000011092FFE630
P 00000110930621D0
C 300
R
P 0000011092FFE630
C 392
R
P 0000011092FFE630
P 00000110930621D0
C 299
R
P 0000011092FFE630
C 392
R
P 0000011092FFE630
P 00000110930621D0
C 9
R
P 0000011092FFE630
C 392
R
P 0000011092FFE630
S "x_3_6"
C 32
R
P 0000011092FFE630
C 392
R
P 0000011092FFE630
$ |x_3_6|
C 242
R
P 0000011092FFE630
C 392
R
P 0000011092FFE630
$ |x_3_6|
P 0000011093060DF0
C 54
= 00000110930621F0
R
P 0000011092FFE630
C 392
R
P 0000011092FFE630
P 00000110930621F0
C 298
R
P 0000011092FFE630
C 392
R
P 0000011092FFE630
P 00000110930621F0
C 295
= 0000011093060DF0
R
P 0000011092FFE630
C 392
R
P 0000011092FFE630
P 0000011093060DF0
C 249
R
P 0000011092FFE630
C 392
R
P 0000011092FFE630
P 00000110930621F0
C 301
R
P 0000011092FFE630
C 392
R
P 0000011092FFE630
P 00000110930621F0
C 300
R
P 0000011092FFE630
C 392
R
P 0000011092FFE630
P 00000110930621F0
C 299
R
P 0000011092FFE630
C 392
R
P 0000011092FFE630
P 00000110930621F0
C 9
R
P 0000011092FFE630
C 392
R
P 0000011092FFE630
S "x_3_7"
C 32
R
P 0000011092FFE630
C 392
R
P 0000011092FFE630
$ |x_3_7|
C 242
R
P 0000011092FFE630
C 392
R
P 0000011092FFE630
$ |x_3_7|
P 0000011093060DF0
C 54
= 0000011093062210
R
P 0000011092FFE630
C 392
R
P 0000011092FFE630
P 0000011093062210
C 298
R
P 0000011092FFE630
C 392
R
P 0000011092FFE630
P 0000011093062210
C 295
= 0000011093060DF0
R
P 0000011092FFE630
C 392
R
P 0000011092FFE630
P 0000011093060DF0
C 249
R
P 0000011092FFE630
C 392
R
P 0000011092FFE630
P 0000011093062210
C 301
R
P 0000011092FFE630
C 392
R
P 0000011092FFE630
P 0000011093062210
C 300
R
P 0000011092FFE630
C 392
R
P 0000011092FFE630
P 0000011093062210
C 299
R
P 0000011092FFE630
C 392
R
P 0000011092FFE630
P 0000011093062210
C 9
R
P 0000011092FFE630
C 392
R
P 0000011092FFE630
S "x_3_8"
C 32
R
P 0000011092FFE630
C 392
R
P 0000011092FFE630
$ |x_3_8|
C 242
R
P 0000011092FFE630
C 392
R
P 0000011092FFE630
$ |x_3_8|
P 0000011093060DF0
C 54
= 0000011093062230
R
P 0000011092FFE630
C 392
R
P 0000011092FFE630
P 0000011093062230
C 298
R
P 0000011092FFE630
C 392
R
P 0000011092FFE630
P 0000011093062230
C 295
= 0000011093060DF0
R
P 0000011092FFE630
C 392
R
P 0000011092FFE630
P 0000011093060DF0
C 249
R
P 0000011092FFE630
C 392
R
P 0000011092FFE630
P 0000011093062230
C 301
R
P 0000011092FFE630
C 392
R
P 0000011092FFE630
P 0000011093062230
C 300
R
P 0000011092FFE630
C 392
R
P 0000011092FFE630
P 0000011093062230
C 299
R
P 0000011092FFE630
C 392
R
P 0000011092FFE630
P 0000011093062230
C 9
R
P 0000011092FFE630
C 392
R
P 0000011092FFE630
S "x_3_9"
C 32
R
P 0000011092FFE630
C 392
R
P 0000011092FFE630
$ |x_3_9|
C 242
R
P 0000011092FFE630
C 392
R
P 0000011092FFE630
$ |x_3_9|
P 0000011093060DF0
C 54
= 0000011093062250
R
P 0000011092FFE630
C 392
R
P 0000011092FFE630
P 0000011093062250
C 298
R
P 0000011092FFE630
C 392
R
P 0000011092FFE630
P 0000011093062250
C 295
= 0000011093060DF0
R
P 0000011092FFE630
C 392
R
P 0000011092FFE630
P 0000011093060DF0
C 249
R
P 0000011092FFE630
C 392
R
P 0000011092FFE630
P 0000011093062250
C 301
R
P 0000011092FFE630
C 392
R
P 0000011092FFE630
P 0000011093062250
C 300
R
P 0000011092FFE630
C 392
R
P 0000011092FFE630
P 0000011093062250
C 299
R
P 0000011092FFE630
C 392
R
P 0000011092FFE630
P 0000011093062250
C 9
R
P 0000011092FFE630
C 392
R
P 0000011092FFE630
S "x_4_1"
C 32
R
P 0000011092FFE630
C 392
R
P 0000011092FFE630
$ |x_4_1|
C 242
R
P 0000011092FFE630
C 392
R
P 0000011092FFE630
$ |x_4_1|
P 0000011093060DF0
C 54
= 0000011093062270
R
P 0000011092FFE630
C 392
R
P 0000011092FFE630
P 0000011093062270
C 298
R
P 0000011092FFE630
C 392
R
P 0000011092FFE630
P 0000011093062270
C 295
= 0000011093060DF0
R
P 0000011092FFE630
C 392
R
P 0000011092FFE630
P 0000011093060DF0
C 249
R
P 0000011092FFE630
C 392
R
P 0000011092FFE630
P 0000011093062270
C 301
R
P 0000011092FFE630
C 392
R
P 0000011092FFE630
P 0000011093062270
C 300
R
P 0000011092FFE630
C 392
R
P 0000011092FFE630
P 0000011093062270
C 299
R
P 0000011092FFE630
C 392
R
P 0000011092FFE630
P 0000011093062270
C 9
R
P 0000011092FFE630
C 392
R
P 0000011092FFE630
S "x_4_2"
C 32
R
P 0000011092FFE630
C 392
R
P 0000011092FFE630
$ |x_4_2|
C 242
R
P 0000011092FFE630
C 392
R
P 0000011092FFE630
$ |x_4_2|
P 0000011093060DF0
C 54
= 0000011093062290
R
P 0000011092FFE630
C 392
R
P 0000011092FFE630
P 0000011093062290
C 298
R
P 0000011092FFE630
C 392
R
P 0000011092FFE630
P 0000011093062290
C 295
= 0000011093060DF0
R
P 0000011092FFE630
C 392
R
P 0000011092FFE630
P 0000011093060DF0
C 249
R
P 0000011092FFE630
C 392
R
P 0000011092FFE630
P 0000011093062290
C 301
R
P 0000011092FFE630
C 392
R
P 0000011092FFE630
P 0000011093062290
C 300
R
P 0000011092FFE630
C 392
R
P 0000011092FFE630
P 0000011093062290
C 299
R
P 0000011092FFE630
C 392
R
P 0000011092FFE630
P 0000011093062290
C 9
R
P 0000011092FFE630
C 392
R
P 0000011092FFE630
S "x_4_3"
C 32
R
P 0000011092FFE630
C 392
R
P 0000011092FFE630
$ |x_4_3|
C 242
R
P 0000011092FFE630
C 392
R
P 0000011092FFE630
$ |x_4_3|
P 0000011093060DF0
C 54
= 00000110930622B0
R
P 0000011092FFE630
C 392
R
P 0000011092FFE630
P 00000110930622B0
C 298
R
P 0000011092FFE630
C 392
R
P 0000011092FFE630
P 00000110930622B0
C 295
= 0000011093060DF0
R
P 0000011092FFE630
C 392
R
P 0000011092FFE630
P 0000011093060DF0
C 249
R
P 0000011092FFE630
C 392
R
P 0000011092FFE630
P 00000110930622B0
C 301
R
P 0000011092FFE630
C 392
R
P 0000011092FFE630
P 00000110930622B0
C 300
R
P 0000011092FFE630
C 392
R
P 0000011092FFE630
P 00000110930622B0
C 299
R
P 0000011092FFE630
C 392
R
P 0000011092FFE630
P 00000110930622B0
C 9
R
P 0000011092FFE630
C 392
R
P 0000011092FFE630
S "x_4_4"
C 32
R
P 0000011092FFE630
C 392
R
P 0000011092FFE630
$ |x_4_4|
C 242
R
P 0000011092FFE630
C 392
R
P 0000011092FFE630
$ |x_4_4|
P 0000011093060DF0
C 54
= 00000110930622D0
R
P 0000011092FFE630
C 392
R
P 0000011092FFE630
P 00000110930622D0
C 298
R
P 0000011092FFE630
C 392
R
P 0000011092FFE630
P 00000110930622D0
C 295
= 0000011093060DF0
R
P 0000011092FFE630
C 392
R
P 0000011092FFE630
P 0000011093060DF0
C 249
R
P 0000011092FFE630
C 392
R
P 0000011092FFE630
P 00000110930622D0
C 301
R
P 0000011092FFE630
C 392
R
P 0000011092FFE630
P 00000110930622D0
C 300
R
P 0000011092FFE630
C 392
R
P 0000011092FFE630
P 00000110930622D0
C 299
R
P 0000011092FFE630
C 392
R
P 0000011092FFE630
P 00000110930622D0
C 9
R
P 0000011092FFE630
C 392
R
P 0000011092FFE630
S "x_4_5"
C 32
R
P 0000011092FFE630
C 392
R
P 0000011092FFE630
$ |x_4_5|
C 242
R
P 0000011092FFE630
C 392
R
P 0000011092FFE630
$ |x_4_5|
P 0000011093060DF0
C 54
= 00000110930622F0
R
P 0000011092FFE630
C 392
R
P 0000011092FFE630
P 00000110930622F0
C 298
R
P 0000011092FFE630
C 392
R
P 0000011092FFE630
P 00000110930622F0
C 295
= 0000011093060DF0
R
P 0000011092FFE630
C 392
R
P 0000011092FFE630
P 0000011093060DF0
C 249
R
P 0000011092FFE630
C 392
R
P 0000011092FFE630
P 00000110930622F0
C 301
R
P 0000011092FFE630
C 392
R
P 0000011092FFE630
P 00000110930622F0
C 300
R
P 0000011092FFE630
C 392
R
P 0000011092FFE630
P 00000110930622F0
C 299
R
P 0000011092FFE630
C 392
R
P 0000011092FFE630
P 00000110930622F0
C 9
R
P 0000011092FFE630
C 392
R
P 0000011092FFE630
S "x_4_6"
C 32
R
P 0000011092FFE630
C 392
R
P 0000011092FFE630
$ |x_4_6|
C 242
R
P 0000011092FFE630
C 392
R
P 0000011092FFE630
$ |x_4_6|
P 0000011093060DF0
C 54
= 0000011093062310
R
P 0000011092FFE630
C 392
R
P 0000011092FFE630
P 0000011093062310
C 298
R
P 0000011092FFE630
C 392
R
P 0000011092FFE630
P 0000011093062310
C 295
= 0000011093060DF0
R
P 0000011092FFE630
C 392
R
P 0000011092FFE630
P 0000011093060DF0
C 249
R
P 0000011092FFE630
C 392
R
P 0000011092FFE630
P 0000011093062310
C 301
R
P 0000011092FFE630
C 392
R
P 0000011092FFE630
P 0000011093062310
C 300
R
P 0000011092FFE630
C 392
R
P 0000011092FFE630
P 0000011093062310
C 299
R
P 0000011092FFE630
C 392
R
P 0000011092FFE630
P 0000011093062310
C 9
R
P 0000011092FFE630
C 392
R
P 0000011092FFE630
S "x_4_7"
C 32
R
P 0000011092FFE630
C 392
R
P 0000011092FFE630
$ |x_4_7|
C 242
R
P 0000011092FFE630
C 392
R
P 0000011092FFE630
$ |x_4_7|
P 0000011093060DF0
C 54
= 0000011093062330
R
P 0000011092FFE630
C 392
R
P 0000011092FFE630
P 0000011093062330
C 298
R
P 0000011092FFE630
C 392
R
P 0000011092FFE630
P 0000011093062330
C 295
= 0000011093060DF0
R
P 0000011092FFE630
C 392
R
P 0000011092FFE630
P 0000011093060DF0
C 249
R
P 0000011092FFE630
C 392
R
P 0000011092FFE630
P 0000011093062330
C 301
R
P 0000011092FFE630
C 392
R
P 0000011092FFE630
P 0000011093062330
C 300
R
P 0000011092FFE630
C 392
R
P 0000011092FFE630
P 0000011093062330
C 299
R
P 0000011092FFE630
C 392
R
P 0000011092FFE630
P 0000011093062330
C 9
R
P 0000011092FFE630
C 392
R
P 0000011092FFE630
S "x_4_8"
C 32
R
P 0000011092FFE630
C 392
R
P 0000011092FFE630
$ |x_4_8|
C 242
R
P 0000011092FFE630
C 392
R
P 0000011092FFE630
$ |x_4_8|
P 0000011093060DF0
C 54
= 0000011093062350
R
P 0000011092FFE630
C 392
R
P 0000011092FFE630
P 0000011093062350
C 298
R
P 0000011092FFE630
C 392
R
P 0000011092FFE630
P 0000011093062350
C 295
= 0000011093060DF0
R
P 0000011092FFE630
C 392
R
P 0000011092FFE630
P 0000011093060DF0
C 249
R
P 0000011092FFE630
C 392
R
P 0000011092FFE630
P 0000011093062350
C 301
R
P 0000011092FFE630
C 392
R
P 0000011092FFE630
P 0000011093062350
C 300
R
P 0000011092FFE630
C 392
R
P 0000011092FFE630
P 0000011093062350
C 299
R
P 0000011092FFE630
C 392
R
P 0000011092FFE630
P 0000011093062350
C 9
R
P 0000011092FFE630
C 392
R
P 0000011092FFE630
S "x_4_9"
C 32
R
P 0000011092FFE630
C 392
R
P 0000011092FFE630
$ |x_4_9|
C 242
R
P 0000011092FFE630
C 392
R
P 0000011092FFE630
$ |x_4_9|
P 0000011093060DF0
C 54
= 0000011093062370
R
P 0000011092FFE630
C 392
R
P 0000011092FFE630
P 0000011093062370
C 298
R
P 0000011092FFE630
C 392
R
P 0000011092FFE630
P 0000011093062370
C 295
= 0000011093060DF0
R
P 0000011092FFE630
C 392
R
P 0000011092FFE630
P 0000011093060DF0
C 249
R
P 0000011092FFE630
C 392
R
P 0000011092FFE630
P 0000011093062370
C 301
R
P 0000011092FFE630
C 392
R
P 0000011092FFE630
P 0000011093062370
C 300
R
P 0000011092FFE630
C 392
R
P 0000011092FFE630
P 0000011093062370
C 299
R
P 0000011092FFE630
C 392
R
P 0000011092FFE630
P 0000011093062370
C 9
R
P 0000011092FFE630
C 392
R
P 0000011092FFE630
S "x_5_1"
C 32
R
P 0000011092FFE630
C 392
R
P 0000011092FFE630
$ |x_5_1|
C 242
R
P 0000011092FFE630
C 392
R
P 0000011092FFE630
$ |x_5_1|
P 0000011093060DF0
C 54
= 0000011093062390
R
P 0000011092FFE630
C 392
R
P 0000011092FFE630
P 0000011093062390
C 298
R
P 0000011092FFE630
C 392
R
P 0000011092FFE630
P 0000011093062390
C 295
= 0000011093060DF0
R
P 0000011092FFE630
C 392
R
P 0000011092FFE630
P 0000011093060DF0
C 249
R
P 0000011092FFE630
C 392
R
P 0000011092FFE630
P 0000011093062390
C 301
R
P 0000011092FFE630
C 392
R
P 0000011092FFE630
P 0000011093062390
C 300
R
P 0000011092FFE630
C 392
R
P 0000011092FFE630
P 0000011093062390
C 299
R
P 0000011092FFE630
C 392
R
P 0000011092FFE630
P 0000011093062390
C 9
R
P 0000011092FFE630
C 392
R
P 0000011092FFE630
S "x_5_2"
C 32
R
P 0000011092FFE630
C 392
R
P 0000011092FFE630
$ |x_5_2|
C 242
R
P 0000011092FFE630
C 392
R
P 0000011092FFE630
$ |x_5_2|
P 0000011093060DF0
C 54
= 00000110930623B0
R
P 0000011092FFE630
C 392
R
P 0000011092FFE630
P 00000110930623B0
C 298
R
P 0000011092FFE630
C 392
R
P 0000011092FFE630
P 00000110930623B0
C 295
= 0000011093060DF0
R
P 0000011092FFE630
C 392
R
P 0000011092FFE630
P 0000011093060DF0
C 249
R
P 0000011092FFE630
C 392
R
P 0000011092FFE630
P 00000110930623B0
C 301
R
P 0000011092FFE630
C 392
R
P 0000011092FFE630
P 00000110930623B0
C 300
R
P 0000011092FFE630
C 392
R
P 0000011092FFE630
P 00000110930623B0
C 299
R
P 0000011092FFE630
C 392
R
P 0000011092FFE630
P 00000110930623B0
C 9
R
P 0000011092FFE630
C 392
R
P 0000011092FFE630
S "x_5_3"
C 32
R
P 0000011092FFE630
C 392
R
P 0000011092FFE630
$ |x_5_3|
C 242
R
P 0000011092FFE630
C 392
R
P 0000011092FFE630
$ |x_5_3|
P 0000011093060DF0
C 54
= 00000110930623D0
R
P 0000011092FFE630
C 392
R
P 0000011092FFE630
P 00000110930623D0
C 298
R
P 0000011092FFE630
C 392
R
P 0000011092FFE630
P 00000110930623D0
C 295
= 0000011093060DF0
R
P 0000011092FFE630
C 392
R
P 0000011092FFE630
P 0000011093060DF0
C 249
R
P 0000011092FFE630
C 392
R
P 0000011092FFE630
P 00000110930623D0
C 301
R
P 0000011092FFE630
C 392
R
P 0000011092FFE630
P 00000110930623D0
C 300
R
P 0000011092FFE630
C 392
R
P 0000011092FFE630
P 00000110930623D0
C 299
R
P 0000011092FFE630
C 392
R
P 0000011092FFE630
P 00000110930623D0
C 9
R
P 0000011092FFE630
C 392
R
P 0000011092FFE630
S "x_5_4"
C 32
R
P 0000011092FFE630
C 392
R
P 0000011092FFE630
$ |x_5_4|
C 242
R
P 0000011092FFE630
C 392
R
P 0000011092FFE630
$ |x_5_4|
P 0000011093060DF0
C 54
= 00000110930623F0
R
P 0000011092FFE630
C 392
R
P 0000011092FFE630
P 00000110930623F0
C 298
R
P 0000011092FFE630
C 392
R
P 0000011092FFE630
P 00000110930623F0
C 295
= 0000011093060DF0
R
P 0000011092FFE630
C 392
R
P 0000011092FFE630
P 0000011093060DF0
C 249
R
P 0000011092FFE630
C 392
R
P 0000011092FFE630
P 00000110930623F0
C 301
R
P 0000011092FFE630
C 392
R
P 0000011092FFE630
P 00000110930623F0
C 300
R
P 0000011092FFE630
C 392
R
P 0000011092FFE630
P 00000110930623F0
C 299
R
P 0000011092FFE630
C 392
R
P 0000011092FFE630
P 00000110930623F0
C 9
R
P 0000011092FFE630
C 392
R
P 0000011092FFE630
S "x_5_5"
C 32
R
P 0000011092FFE630
C 392
R
P 0000011092FFE630
$ |x_5_5|
C 242
R
P 0000011092FFE630
C 392
R
P 0000011092FFE630
$ |x_5_5|
P 0000011093060DF0
C 54
= 0000011093062410
R
P 0000011092FFE630
C 392
R
P 0000011092FFE630
P 0000011093062410
C 298
R
P 0000011092FFE630
C 392
R
P 0000011092FFE630
P 0000011093062410
C 295
= 0000011093060DF0
R
P 0000011092FFE630
C 392
R
P 0000011092FFE630
P 0000011093060DF0
C 249
R
P 0000011092FFE630
C 392
R
P 0000011092FFE630
P 0000011093062410
C 301
R
P 0000011092FFE630
C 392
R
P 0000011092FFE630
P 0000011093062410
C 300
R
P 0000011092FFE630
C 392
R
P 0000011092FFE630
P 0000011093062410
C 299
R
P 0000011092FFE630
C 392
R
P 0000011092FFE630
P 0000011093062410
C 9
R
P 0000011092FFE630
C 392
R
P 0000011092FFE630
S "x_5_6"
C 32
R
P 0000011092FFE630
C 392
R
P 0000011092FFE630
$ |x_5_6|
C 242
R
P 0000011092FFE630
C 392
R
P 0000011092FFE630
$ |x_5_6|
P 0000011093060DF0
C 54
= 0000011093062430
R
P 0000011092FFE630
C 392
R
P 0000011092FFE630
P 0000011093062430
C 298
R
P 0000011092FFE630
C 392
R
P 0000011092FFE630
P 0000011093062430
C 295
= 0000011093060DF0
R
P 0000011092FFE630
C 392
R
P 0000011092FFE630
P 0000011093060DF0
C 249
R
P 0000011092FFE630
C 392
R
P 0000011092FFE630
P 0000011093062430
C 301
R
P 0000011092FFE630
C 392
R
P 0000011092FFE630
P 0000011093062430
C 300
R
P 0000011092FFE630
C 392
R
P 0000011092FFE630
P 0000011093062430
C 299
R
P 0000011092FFE630
C 392
R
P 0000011092FFE630
P 0000011093062430
C 9
R
P 0000011092FFE630
C 392
R
P 0000011092FFE630
S "x_5_7"
C 32
R
P 0000011092FFE630
C 392
R
P 0000011092FFE630
$ |x_5_7|
C 242
R
P 0000011092FFE630
C 392
R
P 0000011092FFE630
$ |x_5_7|
P 0000011093060DF0
C 54
= 0000011093062450
R
P 0000011092FFE630
C 392
R
P 0000011092FFE630
P 0000011093062450
C 298
R
P 0000011092FFE630
C 392
R
P 0000011092FFE630
P 0000011093062450
C 295
= 0000011093060DF0
R
P 0000011092FFE630
C 392
R
P 0000011092FFE630
P 0000011093060DF0
C 249
R
P 0000011092FFE630
C 392
R
P 0000011092FFE630
P 0000011093062450
C 301
R
P 0000011092FFE630
C 392
R
P 0000011092FFE630
P 0000011093062450
C 300
R
P 0000011092FFE630
C 392
R
P 0000011092FFE630
P 0000011093062450
C 299
R
P 0000011092FFE630
C 392
R
P 0000011092FFE630
P 0000011093062450
C 9
R
P 0000011092FFE630
C 392
R
P 0000011092FFE630
S "x_5_8"
C 32
R
P 0000011092FFE630
C 392
R
P 0000011092FFE630
$ |x_5_8|
C 242
R
P 0000011092FFE630
C 392
R
P 0000011092FFE630
$ |x_5_8|
P 0000011093060DF0
C 54
= 0000011093062470
R
P 0000011092FFE630
C 392
R
P 0000011092FFE630
P 0000011093062470
C 298
R
P 0000011092FFE630
C 392
R
P 0000011092FFE630
P 0000011093062470
C 295
= 0000011093060DF0
R
P 0000011092FFE630
C 392
R
P 0000011092FFE630
P 0000011093060DF0
C 249
R
P 0000011092FFE630
C 392
R
P 0000011092FFE630
P 0000011093062470
C 301
R
P 0000011092FFE630
C 392
R
P 0000011092FFE630
P 0000011093062470
C 300
R
P 0000011092FFE630
C 392
R
P 0000011092FFE630
P 0000011093062470
C 299
R
P 0000011092FFE630
C 392
R
P 0000011092FFE630
P 0000011093062470
C 9
R
P 0000011092FFE630
C 392
R
P 0000011092FFE630
S "x_5_9"
C 32
R
P 0000011092FFE630
C 392
R
P 0000011092FFE630
$ |x_5_9|
C 242
R
P 0000011092FFE630
C 392
R
P 0000011092FFE630
$ |x_5_9|
P 0000011093060DF0
C 54
= 0000011093062490
R
P 0000011092FFE630
C 392
R
P 0000011092FFE630
P 0000011093062490
C 298
R
P 0000011092FFE630
C 392
R
P 0000011092FFE630
P 0000011093062490
C 295
= 0000011093060DF0
R
P 0000011092FFE630
C 392
R
P 0000011092FFE630
P 0000011093060DF0
C 249
R
P 0000011092FFE630
C 392
R
P 0000011092FFE630
P 0000011093062490
C 301
R
P 0000011092FFE630
C 392
R
P 0000011092FFE630
P 0000011093062490
C 300
R
P 0000011092FFE630
C 392
R
P 0000011092FFE630
P 0000011093062490
C 299
R
P 0000011092FFE630
C 392
R
P 0000011092FFE630
P 0000011093062490
C 9
R
P 0000011092FFE630
C 392
R
P 0000011092FFE630
S "x_6_1"
C 32
R
P 0000011092FFE630
C 392
R
P 0000011092FFE630
$ |x_6_1|
C 242
R
P 0000011092FFE630
C 392
R
P 0000011092FFE630
$ |x_6_1|
P 0000011093060DF0
C 54
= 00000110930624B0
R
P 0000011092FFE630
C 392
R
P 0000011092FFE630
P 00000110930624B0
C 298
R
P 0000011092FFE630
C 392
R
P 0000011092FFE630
P 00000110930624B0
C 295
= 0000011093060DF0
R
P 0000011092FFE630
C 392
R
P 0000011092FFE630
P 0000011093060DF0
C 249
R
P 0000011092FFE630
C 392
R
P 0000011092FFE630
P 00000110930624B0
C 301
R
P 0000011092FFE630
C 392
R
P 0000011092FFE630
P 00000110930624B0
C 300
R
P 0000011092FFE630
C 392
R
P 0000011092FFE630
P 00000110930624B0
C 299
R
P 0000011092FFE630
C 392
R
P 0000011092FFE630
P 00000110930624B0
C 9
R
P 0000011092FFE630
C 392
R
P 0000011092FFE630
S "x_6_2"
C 32
R
P 0000011092FFE630
C 392
R
P 0000011092FFE630
$ |x_6_2|
C 242
R
P 0000011092FFE630
C 392
R
P 0000011092FFE630
$ |x_6_2|
P 0000011093060DF0
C 54
= 00000110930624D0
R
P 0000011092FFE630
C 392
R
P 0000011092FFE630
P 00000110930624D0
C 298
R
P 0000011092FFE630
C 392
R
P 0000011092FFE630
P 00000110930624D0
C 295
= 0000011093060DF0
R
P 0000011092FFE630
C 392
R
P 0000011092FFE630
P 0000011093060DF0
C 249
R
P 0000011092FFE630
C 392
R
P 0000011092FFE630
P 00000110930624D0
C 301
R
P 0000011092FFE630
C 392
R
P 0000011092FFE630
P 00000110930624D0
C 300
R
P 0000011092FFE630
C 392
R
P 0000011092FFE630
P 00000110930624D0
C 299
R
P 0000011092FFE630
C 392
R
P 0000011092FFE630
P 00000110930624D0
C 9
R
P 0000011092FFE630
C 392
R
P 0000011092FFE630
S "x_6_3"
C 32
R
P 0000011092FFE630
C 392
R
P 0000011092FFE630
$ |x_6_3|
C 242
R
P 0000011092FFE630
C 392
R
P 0000011092FFE630
$ |x_6_3|
P 0000011093060DF0
C 54
= 00000110930624F0
R
P 0000011092FFE630
C 392
R
P 0000011092FFE630
P 00000110930624F0
C 298
R
P 0000011092FFE630
C 392
R
P 0000011092FFE630
P 00000110930624F0
C 295
= 0000011093060DF0
R
P 0000011092FFE630
C 392
R
P 0000011092FFE630
P 0000011093060DF0
C 249
R
P 0000011092FFE630
C 392
R
P 0000011092FFE630
P 00000110930624F0
C 301
R
P 0000011092FFE630
C 392
R
P 0000011092FFE630
P 00000110930624F0
C 300
R
P 0000011092FFE630
C 392
R
P 0000011092FFE630
P 00000110930624F0
C 299
R
P 0000011092FFE630
C 392
R
P 0000011092FFE630
P 00000110930624F0
C 9
R
P 0000011092FFE630
C 392
R
P 0000011092FFE630
S "x_6_4"
C 32
R
P 0000011092FFE630
C 392
R
P 0000011092FFE630
$ |x_6_4|
C 242
R
P 0000011092FFE630
C 392
R
P 0000011092FFE630
$ |x_6_4|
P 0000011093060DF0
C 54
= 0000011093062510
R
P 0000011092FFE630
C 392
R
P 0000011092FFE630
P 0000011093062510
C 298
R
P 0000011092FFE630
C 392
R
P 0000011092FFE630
P 0000011093062510
C 295
= 0000011093060DF0
R
P 0000011092FFE630
C 392
R
P 0000011092FFE630
P 0000011093060DF0
C 249
R
P 0000011092FFE630
C 392
R
P 0000011092FFE630
P 0000011093062510
C 301
R
P 0000011092FFE630
C 392
R
P 0000011092FFE630
P 0000011093062510
C 300
R
P 0000011092FFE630
C 392
R
P 0000011092FFE630
P 0000011093062510
C 299
R
P 0000011092FFE630
C 392
R
P 0000011092FFE630
P 0000011093062510
C 9
R
P 0000011092FFE630
C 392
R
P 0000011092FFE630
S "x_6_5"
C 32
R
P 0000011092FFE630
C 392
R
P 0000011092FFE630
$ |x_6_5|
C 242
R
P 0000011092FFE630
C 392
R
P 0000011092FFE630
$ |x_6_5|
P 0000011093060DF0
C 54
= 0000011093062530
R
P 0000011092FFE630
C 392
R
P 0000011092FFE630
P 0000011093062530
C 298
R
P 0000011092FFE630
C 392
R
P 0000011092FFE630
P 0000011093062530
C 295
= 0000011093060DF0
R
P 0000011092FFE630
C 392
R
P 0000011092FFE630
P 0000011093060DF0
C 249
R
P 0000011092FFE630
C 392
R
P 0000011092FFE630
P 0000011093062530
C 301
R
P 0000011092FFE630
C 392
R
P 0000011092FFE630
P 0000011093062530
C 300
R
P 0000011092FFE630
C 392
R
P 0000011092FFE630
P 0000011093062530
C 299
R
P 0000011092FFE630
C 392
R
P 0000011092FFE630
P 0000011093062530
C 9
R
P 0000011092FFE630
C 392
R
P 0000011092FFE630
S "x_6_6"
C 32
R
P 0000011092FFE630
C 392
R
P 0000011092FFE630
$ |x_6_6|
C 242
R
P 0000011092FFE630
C 392
R
P 0000011092FFE630
$ |x_6_6|
P 0000011093060DF0
C 54
= 0000011093062550
R
P 0000011092FFE630
C 392
R
P 0000011092FFE630
P 0000011093062550
C 298
R
P 0000011092FFE630
C 392
R
P 0000011092FFE630
P 0000011093062550
C 295
= 0000011093060DF0
R
P 0000011092FFE630
C 392
R
P 0000011092FFE630
P 0000011093060DF0
C 249
R
P 0000011092FFE630
C 392
R
P 0000011092FFE630
P 0000011093062550
C 301
R
P 0000011092FFE630
C 392
R
P 0000011092FFE630
P 0000011093062550
C 300
R
P 0000011092FFE630
C 392
R
P 0000011092FFE630
P 0000011093062550
C 299
R
P 0000011092FFE630
C 392
R
P 0000011092FFE630
P 0000011093062550
C 9
R
P 0000011092FFE630
C 392
R
P 0000011092FFE630
S "x_6_7"
C 32
R
P 0000011092FFE630
C 392
R
P 0000011092FFE630
$ |x_6_7|
C 242
R
P 0000011092FFE630
C 392
R
P 0000011092FFE630
$ |x_6_7|
P 0000011093060DF0
C 54
= 0000011093062570
R
P 0000011092FFE630
C 392
R
P 0000011092FFE630
P 0000011093062570
C 298
R
P 0000011092FFE630
C 392
R
P 0000011092FFE630
P 0000011093062570
C 295
= 0000011093060DF0
R
P 0000011092FFE630
C 392
R
P 0000011092FFE630
P 0000011093060DF0
C 249
R
P 0000011092FFE630
C 392
R
P 0000011092FFE630
P 0000011093062570
C 301
R
P 0000011092FFE630
C 392
R
P 0000011092FFE630
P 0000011093062570
C 300
R
P 0000011092FFE630
C 392
R
P 0000011092FFE630
P 0000011093062570
C 299
R
P 0000011092FFE630
C 392
R
P 0000011092FFE630
P 0000011093062570
C 9
R
P 0000011092FFE630
C 392
R
P 0000011092FFE630
S "x_6_8"
C 32
R
P 0000011092FFE630
C 392
R
P 0000011092FFE630
$ |x_6_8|
C 242
R
P 0000011092FFE630
C 392
R
P 0000011092FFE630
$ |x_6_8|
P 0000011093060DF0
C 54
= 0000011093062590
R
P 0000011092FFE630
C 392
R
P 0000011092FFE630
P 0000011093062590
C 298
R
P 0000011092FFE630
C 392
R
P 0000011092FFE630
P 0000011093062590
C 295
= 0000011093060DF0
R
P 0000011092FFE630
C 392
R
P 0000011092FFE630
P 0000011093060DF0
C 249
R
P 0000011092FFE630
C 392
R
P 0000011092FFE630
P 0000011093062590
C 301
R
P 0000011092FFE630
C 392
R
P 0000011092FFE630
P 0000011093062590
C 300
R
P 0000011092FFE630
C 392
R
P 0000011092FFE630
P 0000011093062590
C 299
R
P 0000011092FFE630
C 392
R
P 0000011092FFE630
P 0000011093062590
C 9
R
P 0000011092FFE630
C 392
R
P 0000011092FFE630
S "x_6_9"
C 32
R
P 0000011092FFE630
C 392
R
P 0000011092FFE630
$ |x_6_9|
C 242
R
P 0000011092FFE630
C 392
R
P 0000011092FFE630
$ |x_6_9|
P 0000011093060DF0
C 54
= 00000110930625B0
R
P 0000011092FFE630
C 392
R
P 0000011092FFE630
P 00000110930625B0
C 298
R
P 0000011092FFE630
C 392
R
P 0000011092FFE630
P 00000110930625B0
C 295
= 0000011093060DF0
R
P 0000011092FFE630
C 392
R
P 0000011092FFE630
P 0000011093060DF0
C 249
R
P 0000011092FFE630
C 392
R
P 0000011092FFE630
P 00000110930625B0
C 301
R
P 0000011092FFE630
C 392
R
P 0000011092FFE630
P 00000110930625B0
C 300
R
P 0000011092FFE630
C 392
R
P 0000011092FFE630
P 00000110930625B0
C 299
R
P 0000011092FFE630
C 392
R
P 0000011092FFE630
P 00000110930625B0
C 9
R
P 0000011092FFE630
C 392
R
P 0000011092FFE630
S "x_7_1"
C 32
R
P 0000011092FFE630
C 392
R
P 0000011092FFE630
$ |x_7_1|
C 242
R
P 0000011092FFE630
C 392
R
P 0000011092FFE630
$ |x_7_1|
P 0000011093060DF0
C 54
= 00000110930625D0
R
P 0000011092FFE630
C 392
R
P 0000011092FFE630
P 00000110930625D0
C 298
R
P 0000011092FFE630
C 392
R
P 0000011092FFE630
P 00000110930625D0
C 295
= 0000011093060DF0
R
P 0000011092FFE630
C 392
R
P 0000011092FFE630
P 0000011093060DF0
C 249
R
P 0000011092FFE630
C 392
R
P 0000011092FFE630
P 00000110930625D0
C 301
R
P 0000011092FFE630
C 392
R
P 0000011092FFE630
P 00000110930625D0
C 300
R
P 0000011092FFE630
C 392
R
P 0000011092FFE630
P 00000110930625D0
C 299
R
P 0000011092FFE630
C 392
R
P 0000011092FFE630
P 00000110930625D0
C 9
R
P 0000011092FFE630
C 392
R
P 0000011092FFE630
S "x_7_2"
C 32
R
P 0000011092FFE630
C 392
R
P 0000011092FFE630
$ |x_7_2|
C 242
R
P 0000011092FFE630
C 392
R
P 0000011092FFE630
$ |x_7_2|
P 0000011093060DF0
C 54
= 00000110930625F0
R
P 0000011092FFE630
C 392
R
P 0000011092FFE630
P 00000110930625F0
C 298
R
P 0000011092FFE630
C 392
R
P 0000011092FFE630
P 00000110930625F0
C 295
= 0000011093060DF0
R
P 0000011092FFE630
C 392
R
P 0000011092FFE630
P 0000011093060DF0
C 249
R
P 0000011092FFE630
C 392
R
P 0000011092FFE630
P 00000110930625F0
C 301
R
P 0000011092FFE630
C 392
R
P 0000011092FFE630
P 00000110930625F0
C 300
R
P 0000011092FFE630
C 392
R
P 0000011092FFE630
P 00000110930625F0
C 299
R
P 0000011092FFE630
C 392
R
P 0000011092FFE630
P 00000110930625F0
C 9
R
P 0000011092FFE630
C 392
R
P 0000011092FFE630
S "x_7_3"
C 32
R
P 0000011092FFE630
C 392
R
P 0000011092FFE630
$ |x_7_3|
C 242
R
P 0000011092FFE630
C 392
R
P 0000011092FFE630
$ |x_7_3|
P 0000011093060DF0
C 54
= 0000011093062610
R
P 0000011092FFE630
C 392
R
P 0000011092FFE630
P 0000011093062610
C 298
R
P 0000011092FFE630
C 392
R
P 0000011092FFE630
P 0000011093062610
C 295
= 0000011093060DF0
R
P 0000011092FFE630
C 392
R
P 0000011092FFE630
P 0000011093060DF0
C 249
R
P 0000011092FFE630
C 392
R
P 0000011092FFE630
P 0000011093062610
C 301
R
P 0000011092FFE630
C 392
R
P 0000011092FFE630
P 0000011093062610
C 300
R
P 0000011092FFE630
C 392
R
P 0000011092FFE630
P 0000011093062610
C 299
R
P 0000011092FFE630
C 392
R
P 0000011092FFE630
P 0000011093062610
C 9
R
P 0000011092FFE630
C 392
R
P 0000011092FFE630
S "x_7_4"
C 32
R
P 0000011092FFE630
C 392
R
P 0000011092FFE630
$ |x_7_4|
C 242
R
P 0000011092FFE630
C 392
R
P 0000011092FFE630
$ |x_7_4|
P 0000011093060DF0
C 54
= 0000011093062630
R
P 0000011092FFE630
C 392
R
P 0000011092FFE630
P 0000011093062630
C 298
R
P 0000011092FFE630
C 392
R
P 0000011092FFE630
P 0000011093062630
C 295
= 0000011093060DF0
R
P 0000011092FFE630
C 392
R
P 0000011092FFE630
P 0000011093060DF0
C 249
R
P 0000011092FFE630
C 392
R
P 0000011092FFE630
P 0000011093062630
C 301
R
P 0000011092FFE630
C 392
R
P 0000011092FFE630
P 0000011093062630
C 300
R
P 0000011092FFE630
C 392
R
P 0000011092FFE630
P 0000011093062630
C 299
R
P 0000011092FFE630
C 392
R
P 0000011092FFE630
P 0000011093062630
C 9
R
P 0000011092FFE630
C 392
R
P 0000011092FFE630
S "x_7_5"
C 32
R
P 0000011092FFE630
C 392
R
P 0000011092FFE630
$ |x_7_5|
C 242
R
P 0000011092FFE630
C 392
R
P 0000011092FFE630
$ |x_7_5|
P 0000011093060DF0
C 54
= 0000011093062650
R
P 0000011092FFE630
C 392
R
P 0000011092FFE630
P 0000011093062650
C 298
R
P 0000011092FFE630
C 392
R
P 0000011092FFE630
P 0000011093062650
C 295
= 0000011093060DF0
R
P 0000011092FFE630
C 392
R
P 0000011092FFE630
P 0000011093060DF0
C 249
R
P 0000011092FFE630
C 392
R
P 0000011092FFE630
P 0000011093062650
C 301
R
P 0000011092FFE630
C 392
R
P 0000011092FFE630
P 0000011093062650
C 300
R
P 0000011092FFE630
C 392
R
P 0000011092FFE630
P 0000011093062650
C 299
R
P 0000011092FFE630
C 392
R
P 0000011092FFE630
P 0000011093062650
C 9
R
P 0000011092FFE630
C 392
R
P 0000011092FFE630
S "x_7_6"
C 32
R
P 0000011092FFE630
C 392
R
P 0000011092FFE630
$ |x_7_6|
C 242
R
P 0000011092FFE630
C 392
R
P 0000011092FFE630
$ |x_7_6|
P 0000011093060DF0
C 54
= 0000011093062670
R
P 0000011092FFE630
C 392
R
P 0000011092FFE630
P 0000011093062670
C 298
R
P 0000011092FFE630
C 392
R
P 0000011092FFE630
P 0000011093062670
C 295
= 0000011093060DF0
R
P 0000011092FFE630
C 392
R
P 0000011092FFE630
P 0000011093060DF0
C 249
R
P 0000011092FFE630
C 392
R
P 0000011092FFE630
P 0000011093062670
C 301
R
P 0000011092FFE630
C 392
R
P 0000011092FFE630
P 0000011093062670
C 300
R
P 0000011092FFE630
C 392
R
P 0000011092FFE630
P 0000011093062670
C 299
R
P 0000011092FFE630
C 392
R
P 0000011092FFE630
P 0000011093062670
C 9
R
P 0000011092FFE630
C 392
R
P 0000011092FFE630
S "x_7_7"
C 32
R
P 0000011092FFE630
C 392
R
P 0000011092FFE630
$ |x_7_7|
C 242
R
P 0000011092FFE630
C 392
R
P 0000011092FFE630
$ |x_7_7|
P 0000011093060DF0
C 54
= 0000011093062690
R
P 0000011092FFE630
C 392
R
P 0000011092FFE630
P 0000011093062690
C 298
R
P 0000011092FFE630
C 392
R
P 0000011092FFE630
P 0000011093062690
C 295
= 0000011093060DF0
R
P 0000011092FFE630
C 392
R
P 0000011092FFE630
P 0000011093060DF0
C 249
R
P 0000011092FFE630
C 392
R
P 0000011092FFE630
P 0000011093062690
C 301
R
P 0000011092FFE630
C 392
R
P 0000011092FFE630
P 0000011093062690
C 300
R
P 0000011092FFE630
C 392
R
P 0000011092FFE630
P 0000011093062690
C 299
R
P 0000011092FFE630
C 392
R
P 0000011092FFE630
P 0000011093062690
C 9
R
P 0000011092FFE630
C 392
R
P 0000011092FFE630
S "x_7_8"
C 32
R
P 0000011092FFE630
C 392
R
P 0000011092FFE630
$ |x_7_8|
C 242
R
P 0000011092FFE630
C 392
R
P 0000011092FFE630
$ |x_7_8|
P 0000011093060DF0
C 54
= 00000110930626B0
R
P 0000011092FFE630
C 392
R
P 0000011092FFE630
P 00000110930626B0
C 298
R
P 0000011092FFE630
C 392
R
P 0000011092FFE630
P 00000110930626B0
C 295
= 0000011093060DF0
R
P 0000011092FFE630
C 392
R
P 0000011092FFE630
P 0000011093060DF0
C 249
R
P 0000011092FFE630
C 392
R
P 0000011092FFE630
P 00000110930626B0
C 301
R
P 0000011092FFE630
C 392
R
P 0000011092FFE630
P 00000110930626B0
C 300
R
P 0000011092FFE630
C 392
R
P 0000011092FFE630
P 00000110930626B0
C 299
R
P 0000011092FFE630
C 392
R
P 0000011092FFE630
P 00000110930626B0
C 9
R
P 0000011092FFE630
C 392
R
P 0000011092FFE630
S "x_7_9"
C 32
R
P 0000011092FFE630
C 392
R
P 0000011092FFE630
$ |x_7_9|
C 242
R
P 0000011092FFE630
C 392
R
P 0000011092FFE630
$ |x_7_9|
P 0000011093060DF0
C 54
= 00000110930626D0
R
P 0000011092FFE630
C 392
R
P 0000011092FFE630
P 00000110930626D0
C 298
R
P 0000011092FFE630
C 392
R
P 0000011092FFE630
P 00000110930626D0
C 295
= 0000011093060DF0
R
P 0000011092FFE630
C 392
R
P 0000011092FFE630
P 0000011093060DF0
C 249
R
P 0000011092FFE630
C 392
R
P 0000011092FFE630
P 00000110930626D0
C 301
R
P 0000011092FFE630
C 392
R
P 0000011092FFE630
P 00000110930626D0
C 300
R
P 0000011092FFE630
C 392
R
P 0000011092FFE630
P 00000110930626D0
C 299
R
P 0000011092FFE630
C 392
R
P 0000011092FFE630
P 00000110930626D0
C 9
R
P 0000011092FFE630
C 392
R
P 0000011092FFE630
S "x_8_1"
C 32
R
P 0000011092FFE630
C 392
R
P 0000011092FFE630
$ |x_8_1|
C 242
R
P 0000011092FFE630
C 392
R
P 0000011092FFE630
$ |x_8_1|
P 0000011093060DF0
C 54
= 00000110930626F0
R
P 0000011092FFE630
C 392
R
P 0000011092FFE630
P 00000110930626F0
C 298
R
P 0000011092FFE630
C 392
R
P 0000011092FFE630
P 00000110930626F0
C 295
= 0000011093060DF0
R
P 0000011092FFE630
C 392
R
P 0000011092FFE630
P 0000011093060DF0
C 249
R
P 0000011092FFE630
C 392
R
P 0000011092FFE630
P 00000110930626F0
C 301
R
P 0000011092FFE630
C 392
R
P 0000011092FFE630
P 00000110930626F0
C 300
R
P 0000011092FFE630
C 392
R
P 0000011092FFE630
P 00000110930626F0
C 299
R
P 0000011092FFE630
C 392
R
P 0000011092FFE630
P 00000110930626F0
C 9
R
P 0000011092FFE630
C 392
R
P 0000011092FFE630
S "x_8_2"
C 32
R
P 0000011092FFE630
C 392
R
P 0000011092FFE630
$ |x_8_2|
C 242
R
P 0000011092FFE630
C 392
R
P 0000011092FFE630
$ |x_8_2|
P 0000011093060DF0
C 54
= 0000011093062710
R
P 0000011092FFE630
C 392
R
P 0000011092FFE630
P 0000011093062710
C 298
R
P 0000011092FFE630
C 392
R
P 0000011092FFE630
P 0000011093062710
C 295
= 0000011093060DF0
R
P 0000011092FFE630
C 392
R
P 0000011092FFE630
P 0000011093060DF0
C 249
R
P 0000011092FFE630
C 392
R
P 0000011092FFE630
P 0000011093062710
C 301
R
P 0000011092FFE630
C 392
R
P 0000011092FFE630
P 0000011093062710
C 300
R
P 0000011092FFE630
C 392
R
P 0000011092FFE630
P 0000011093062710
C 299
R
P 0000011092FFE630
C 392
R
P 0000011092FFE630
P 0000011093062710
C 9
R
P 0000011092FFE630
C 392
R
P 0000011092FFE630
S "x_8_3"
C 32
R
P 0000011092FFE630
C 392
R
P 0000011092FFE630
$ |x_8_3|
C 242
R
P 0000011092FFE630
C 392
R
P 0000011092FFE630
$ |x_8_3|
P 0000011093060DF0
C 54
= 0000011093062730
R
P 0000011092FFE630
C 392
R
P 0000011092FFE630
P 0000011093062730
C 298
R
P 0000011092FFE630
C 392
R
P 0000011092FFE630
P 0000011093062730
C 295
= 0000011093060DF0
R
P 0000011092FFE630
C 392
R
P 0000011092FFE630
P 0000011093060DF0
C 249
R
P 0000011092FFE630
C 392
R
P 0000011092FFE630
P 0000011093062730
C 301
R
P 0000011092FFE630
C 392
R
P 0000011092FFE630
P 0000011093062730
C 300
R
P 0000011092FFE630
C 392
R
P 0000011092FFE630
P 0000011093062730
C 299
R
P 0000011092FFE630
C 392
R
P 0000011092FFE630
P 0000011093062730
C 9
R
P 0000011092FFE630
C 392
R
P 0000011092FFE630
S "x_8_4"
C 32
R
P 0000011092FFE630
C 392
R
P 0000011092FFE630
$ |x_8_4|
C 242
R
P 0000011092FFE630
C 392
R
P 0000011092FFE630
$ |x_8_4|
P 0000011093060DF0
C 54
= 0000011093062750
R
P 0000011092FFE630
C 392
R
P 0000011092FFE630
P 0000011093062750
C 298
R
P 0000011092FFE630
C 392
R
P 0000011092FFE630
P 0000011093062750
C 295
= 0000011093060DF0
R
P 0000011092FFE630
C 392
R
P 0000011092FFE630
P 0000011093060DF0
C 249
R
P 0000011092FFE630
C 392
R
P 0000011092FFE630
P 0000011093062750
C 301
R
P 0000011092FFE630
C 392
R
P 0000011092FFE630
P 0000011093062750
C 300
R
P 0000011092FFE630
C 392
R
P 0000011092FFE630
P 0000011093062750
C 299
R
P 0000011092FFE630
C 392
R
P 0000011092FFE630
P 0000011093062750
C 9
R
P 0000011092FFE630
C 392
R
P 0000011092FFE630
S "x_8_5"
C 32
R
P 0000011092FFE630
C 392
R
P 0000011092FFE630
$ |x_8_5|
C 242
R
P 0000011092FFE630
C 392
R
P 0000011092FFE630
$ |x_8_5|
P 0000011093060DF0
C 54
= 0000011093062770
R
P 0000011092FFE630
C 392
R
P 0000011092FFE630
P 0000011093062770
C 298
R
P 0000011092FFE630
C 392
R
P 0000011092FFE630
P 0000011093062770
C 295
= 0000011093060DF0
R
P 0000011092FFE630
C 392
R
P 0000011092FFE630
P 0000011093060DF0
C 249
R
P 0000011092FFE630
C 392
R
P 0000011092FFE630
P 0000011093062770
C 301
R
P 0000011092FFE630
C 392
R
P 0000011092FFE630
P 0000011093062770
C 300
R
P 0000011092FFE630
C 392
R
P 0000011092FFE630
P 0000011093062770
C 299
R
P 0000011092FFE630
C 392
R
P 0000011092FFE630
P 0000011093062770
C 9
R
P 0000011092FFE630
C 392
R
P 0000011092FFE630
S "x_8_6"
C 32
R
P 0000011092FFE630
C 392
R
P 0000011092FFE630
$ |x_8_6|
C 242
R
P 0000011092FFE630
C 392
R
P 0000011092FFE630
$ |x_8_6|
P 0000011093060DF0
C 54
= 0000011093062790
R
P 0000011092FFE630
C 392
R
P 0000011092FFE630
P 0000011093062790
C 298
R
P 0000011092FFE630
C 392
R
P 0000011092FFE630
P 0000011093062790
C 295
= 0000011093060DF0
R
P 0000011092FFE630
C 392
R
P 0000011092FFE630
P 0000011093060DF0
C 249
R
P 0000011092FFE630
C 392
R
P 0000011092FFE630
P 0000011093062790
C 301
R
P 0000011092FFE630
C 392
R
P 0000011092FFE630
P 0000011093062790
C 300
R
P 0000011092FFE630
C 392
R
P 0000011092FFE630
P 0000011093062790
C 299
R
P 0000011092FFE630
C 392
R
P 0000011092FFE630
P 0000011093062790
C 9
R
P 0000011092FFE630
C 392
R
P 0000011092FFE630
S "x_8_7"
C 32
R
P 0000011092FFE630
C 392
R
P 0000011092FFE630
$ |x_8_7|
C 242
R
P 0000011092FFE630
C 392
R
P 0000011092FFE630
$ |x_8_7|
P 0000011093060DF0
C 54
= 00000110930627B0
R
P 0000011092FFE630
C 392
R
P 0000011092FFE630
P 00000110930627B0
C 298
R
P 0000011092FFE630
C 392
R
P 0000011092FFE630
P 00000110930627B0
C 295
= 0000011093060DF0
R
P 0000011092FFE630
C 392
R
P 0000011092FFE630
P 0000011093060DF0
C 249
R
P 0000011092FFE630
C 392
R
P 0000011092FFE630
P 00000110930627B0
C 301
R
P 0000011092FFE630
C 392
R
P 0000011092FFE630
P 00000110930627B0
C 300
R
P 0000011092FFE630
C 392
R
P 0000011092FFE630
P 00000110930627B0
C 299
R
P 0000011092FFE630
C 392
R
P 0000011092FFE630
P 00000110930627B0
C 9
R
P 0000011092FFE630
C 392
R
P 0000011092FFE630
S "x_8_8"
C 32
R
P 0000011092FFE630
C 392
R
P 0000011092FFE630
$ |x_8_8|
C 242
R
P 0000011092FFE630
C 392
R
P 0000011092FFE630
$ |x_8_8|
P 0000011093060DF0
C 54
= 00000110930627D0
R
P 0000011092FFE630
C 392
R
P 0000011092FFE630
P 00000110930627D0
C 298
R
P 0000011092FFE630
C 392
R
P 0000011092FFE630
P 00000110930627D0
C 295
= 0000011093060DF0
R
P 0000011092FFE630
C 392
R
P 0000011092FFE630
P 0000011093060DF0
C 249
R
P 0000011092FFE630
C 392
R
P 0000011092FFE630
P 00000110930627D0
C 301
R
P 0000011092FFE630
C 392
R
P 0000011092FFE630
P 00000110930627D0
C 300
R
P 0000011092FFE630
C 392
R
P 0000011092FFE630
P 00000110930627D0
C 299
R
P 0000011092FFE630
C 392
R
P 0000011092FFE630
P 00000110930627D0
C 9
R
P 0000011092FFE630
C 392
R
P 0000011092FFE630
S "x_8_9"
C 32
R
P 0000011092FFE630
C 392
R
P 0000011092FFE630
$ |x_8_9|
C 242
R
P 0000011092FFE630
C 392
R
P 0000011092FFE630
$ |x_8_9|
P 0000011093060DF0
C 54
= 00000110930627F0
R
P 0000011092FFE630
C 392
R
P 0000011092FFE630
P 00000110930627F0
C 298
R
P 0000011092FFE630
C 392
R
P 0000011092FFE630
P 00000110930627F0
C 295
= 0000011093060DF0
R
P 0000011092FFE630
C 392
R
P 0000011092FFE630
P 0000011093060DF0
C 249
R
P 0000011092FFE630
C 392
R
P 0000011092FFE630
P 00000110930627F0
C 301
R
P 0000011092FFE630
C 392
R
P 0000011092FFE630
P 00000110930627F0
C 300
R
P 0000011092FFE630
C 392
R
P 0000011092FFE630
P 00000110930627F0
C 299
R
P 0000011092FFE630
C 392
R
P 0000011092FFE630
P 00000110930627F0
C 9
R
P 0000011092FFE630
C 392
R
P 0000011092FFE630
S "x_9_1"
C 32
R
P 0000011092FFE630
C 392
R
P 0000011092FFE630
$ |x_9_1|
C 242
R
P 0000011092FFE630
C 392
R
P 0000011092FFE630
$ |x_9_1|
P 0000011093060DF0
C 54
= 0000011093062810
R
P 0000011092FFE630
C 392
R
P 0000011092FFE630
P 0000011093062810
C 298
R
P 0000011092FFE630
C 392
R
P 0000011092FFE630
P 0000011093062810
C 295
= 0000011093060DF0
R
P 0000011092FFE630
C 392
R
P 0000011092FFE630
P 0000011093060DF0
C 249
R
P 0000011092FFE630
C 392
R
P 0000011092FFE630
P 0000011093062810
C 301
R
P 0000011092FFE630
C 392
R
P 0000011092FFE630
P 0000011093062810
C 300
R
P 0000011092FFE630
C 392
R
P 0000011092FFE630
P 0000011093062810
C 299
R
P 0000011092FFE630
C 392
R
P 0000011092FFE630
P 0000011093062810
C 9
R
P 0000011092FFE630
C 392
R
P 0000011092FFE630
S "x_9_2"
C 32
R
P 0000011092FFE630
C 392
R
P 0000011092FFE630
$ |x_9_2|
C 242
R
P 0000011092FFE630
C 392
R
P 0000011092FFE630
$ |x_9_2|
P 0000011093060DF0
C 54
= 0000011093062830
R
P 0000011092FFE630
C 392
R
P 0000011092FFE630
P 0000011093062830
C 298
R
P 0000011092FFE630
C 392
R
P 0000011092FFE630
P 0000011093062830
C 295
= 0000011093060DF0
R
P 0000011092FFE630
C 392
R
P 0000011092FFE630
P 0000011093060DF0
C 249
R
P 0000011092FFE630
C 392
R
P 0000011092FFE630
P 0000011093062830
C 301
R
P 0000011092FFE630
C 392
R
P 0000011092FFE630
P 0000011093062830
C 300
R
P 0000011092FFE630
C 392
R
P 0000011092FFE630
P 0000011093062830
C 299
R
P 0000011092FFE630
C 392
R
P 0000011092FFE630
P 0000011093062830
C 9
R
P 0000011092FFE630
C 392
R
P 0000011092FFE630
S "x_9_3"
C 32
R
P 0000011092FFE630
C 392
R
P 0000011092FFE630
$ |x_9_3|
C 242
R
P 0000011092FFE630
C 392
R
P 0000011092FFE630
$ |x_9_3|
P 0000011093060DF0
C 54
= 0000011093062850
R
P 0000011092FFE630
C 392
R
P 0000011092FFE630
P 0000011093062850
C 298
R
P 0000011092FFE630
C 392
R
P 0000011092FFE630
P 0000011093062850
C 295
= 0000011093060DF0
R
P 0000011092FFE630
C 392
R
P 0000011092FFE630
P 0000011093060DF0
C 249
R
P 0000011092FFE630
C 392
R
P 0000011092FFE630
P 0000011093062850
C 301
R
P 0000011092FFE630
C 392
R
P 0000011092FFE630
P 0000011093062850
C 300
R
P 0000011092FFE630
C 392
R
P 0000011092FFE630
P 0000011093062850
C 299
R
P 0000011092FFE630
C 392
R
P 0000011092FFE630
P 0000011093062850
C 9
R
P 0000011092FFE630
C 392
R
P 0000011092FFE630
S "x_9_4"
C 32
R
P 0000011092FFE630
C 392
R
P 0000011092FFE630
$ |x_9_4|
C 242
R
P 0000011092FFE630
C 392
R
P 0000011092FFE630
$ |x_9_4|
P 0000011093060DF0
C 54
= 0000011093062870
R
P 0000011092FFE630
C 392
R
P 0000011092FFE630
P 0000011093062870
C 298
R
P 0000011092FFE630
C 392
R
P 0000011092FFE630
P 0000011093062870
C 295
= 0000011093060DF0
R
P 0000011092FFE630
C 392
R
P 0000011092FFE630
P 0000011093060DF0
C 249
R
P 0000011092FFE630
C 392
R
P 0000011092FFE630
P 0000011093062870
C 301
R
P 0000011092FFE630
C 392
R
P 0000011092FFE630
P 0000011093062870
C 300
R
P 0000011092FFE630
C 392
R
P 0000011092FFE630
P 0000011093062870
C 299
R
P 0000011092FFE630
C 392
R
P 0000011092FFE630
P 0000011093062870
C 9
R
P 0000011092FFE630
C 392
R
P 0000011092FFE630
S "x_9_5"
C 32
R
P 0000011092FFE630
C 392
R
P 0000011092FFE630
$ |x_9_5|
C 242
R
P 0000011092FFE630
C 392
R
P 0000011092FFE630
$ |x_9_5|
P 0000011093060DF0
C 54
= 0000011093062890
R
P 0000011092FFE630
C 392
R
P 0000011092FFE630
P 0000011093062890
C 298
R
P 0000011092FFE630
C 392
R
P 0000011092FFE630
P 0000011093062890
C 295
= 0000011093060DF0
R
P 0000011092FFE630
C 392
R
P 0000011092FFE630
P 0000011093060DF0
C 249
R
P 0000011092FFE630
C 392
R
P 0000011092FFE630
P 0000011093062890
C 301
R
P 0000011092FFE630
C 392
R
P 0000011092FFE630
P 0000011093062890
C 300
R
P 0000011092FFE630
C 392
R
P 0000011092FFE630
P 0000011093062890
C 299
R
P 0000011092FFE630
C 392
R
P 0000011092FFE630
P 0000011093062890
C 9
R
P 0000011092FFE630
C 392
R
P 0000011092FFE630
S "x_9_6"
C 32
R
P 0000011092FFE630
C 392
R
P 0000011092FFE630
$ |x_9_6|
C 242
R
P 0000011092FFE630
C 392
R
P 0000011092FFE630
$ |x_9_6|
P 0000011093060DF0
C 54
= 00000110930628B0
R
P 0000011092FFE630
C 392
R
P 0000011092FFE630
P 00000110930628B0
C 298
R
P 0000011092FFE630
C 392
R
P 0000011092FFE630
P 00000110930628B0
C 295
= 0000011093060DF0
R
P 0000011092FFE630
C 392
R
P 0000011092FFE630
P 0000011093060DF0
C 249
R
P 0000011092FFE630
C 392
R
P 0000011092FFE630
P 00000110930628B0
C 301
R
P 0000011092FFE630
C 392
R
P 0000011092FFE630
P 00000110930628B0
C 300
R
P 0000011092FFE630
C 392
R
P 0000011092FFE630
P 00000110930628B0
C 299
R
P 0000011092FFE630
C 392
R
P 0000011092FFE630
P 00000110930628B0
C 9
R
P 0000011092FFE630
C 392
R
P 0000011092FFE630
S "x_9_7"
C 32
R
P 0000011092FFE630
C 392
R
P 0000011092FFE630
$ |x_9_7|
C 242
R
P 0000011092FFE630
C 392
R
P 0000011092FFE630
$ |x_9_7|
P 0000011093060DF0
C 54
= 00000110930628D0
R
P 0000011092FFE630
C 392
R
P 0000011092FFE630
P 00000110930628D0
C 298
R
P 0000011092FFE630
C 392
R
P 0000011092FFE630
P 00000110930628D0
C 295
= 0000011093060DF0
R
P 0000011092FFE630
C 392
R
P 0000011092FFE630
P 0000011093060DF0
C 249
R
P 0000011092FFE630
C 392
R
P 0000011092FFE630
P 00000110930628D0
C 301
R
P 0000011092FFE630
C 392
R
P 0000011092FFE630
P 00000110930628D0
C 300
R
P 0000011092FFE630
C 392
R
P 0000011092FFE630
P 00000110930628D0
C 299
R
P 0000011092FFE630
C 392
R
P 0000011092FFE630
P 00000110930628D0
C 9
R
P 0000011092FFE630
C 392
R
P 0000011092FFE630
S "x_9_8"
C 32
R
P 0000011092FFE630
C 392
R
P 0000011092FFE630
$ |x_9_8|
C 242
R
P 0000011092FFE630
C 392
R
P 0000011092FFE630
$ |x_9_8|
P 0000011093060DF0
C 54
= 00000110930628F0
R
P 0000011092FFE630
C 392
R
P 0000011092FFE630
P 00000110930628F0
C 298
R
P 0000011092FFE630
C 392
R
P 0000011092FFE630
P 00000110930628F0
C 295
= 0000011093060DF0
R
P 0000011092FFE630
C 392
R
P 0000011092FFE630
P 0000011093060DF0
C 249
R
P 0000011092FFE630
C 392
R
P 0000011092FFE630
P 00000110930628F0
C 301
R
P 0000011092FFE630
C 392
R
P 0000011092FFE630
P 00000110930628F0
C 300
R
P 0000011092FFE630
C 392
R
P 0000011092FFE630
P 00000110930628F0
C 299
R
P 0000011092FFE630
C 392
R
P 0000011092FFE630
P 00000110930628F0
C 9
R
P 0000011092FFE630
C 392
R
P 0000011092FFE630
S "x_9_9"
C 32
R
P 0000011092FFE630
C 392
R
P 0000011092FFE630
$ |x_9_9|
C 242
R
P 0000011092FFE630
C 392
R
P 0000011092FFE630
$ |x_9_9|
P 0000011093060DF0
C 54
= 0000011093062910
R
P 0000011092FFE630
C 392
R
P 0000011092FFE630
P 0000011093062910
C 298
R
P 0000011092FFE630
C 392
R
P 0000011092FFE630
P 0000011093062910
C 295
= 0000011093060DF0
R
P 0000011092FFE630
C 392
R
P 0000011092FFE630
P 0000011093060DF0
C 249
R
P 0000011092FFE630
C 392
R
P 0000011092FFE630
P 0000011093062910
C 301
R
P 0000011092FFE630
C 392
R
P 0000011092FFE630
P 0000011093062910
C 300
R
P 0000011092FFE630
C 392
R
P 0000011092FFE630
P 0000011093062910
C 299
R
P 0000011092FFE630
C 392
R
P 0000011092FFE630
P 0000011093062910
C 9
R
P 0000011092FFE630
C 392
R
P 0000011092FFE630
I 1
P 0000011093060DF0
C 159
= 0000011093061950
R
P 0000011092FFE630
C 392
R
P 0000011092FFE630
P 0000011093061950
C 299
R
P 0000011092FFE630
C 392
R
P 0000011092FFE630
P 0000011093061950
C 9
R
P 0000011092FFE630
C 392
R
P 0000011092FFE630
P 0000011093061950
P 0000011093061F10
C 79
= 000001109307BCE0
R
P 0000011092FFE630
C 392
R
P 0000011092FFE630
P 000001109307BCE0
C 299
R
P 0000011092FFE630
C 392
R
P 0000011092FFE630
P 000001109307BCE0
C 9
R
P 0000011092FFE630
C 392
R
P 0000011092FFE630
I 9
P 0000011093060DF0
C 159
= 0000011093062930
R
P 0000011092FFE630
C 392
R
P 0000011092FFE630
P 0000011093062930
C 299
R
P 0000011092FFE630
C 392
R
P 0000011092FFE630
P 0000011093062930
C 9
R
P 0000011092FFE630
C 392
R
P 0000011092FFE630
P 0000011093061F10
P 0000011093062930
C 79
= 000001109307BD18
R
P 0000011092FFE630
C 392
R
P 0000011092FFE630
P 000001109307BD18
C 299
R
P 0000011092FFE630
C 392
R
P 0000011092FFE630
P 000001109307BD18
C 9
R
P 0000011092FFE630
C 392
R
P 0000011092FFE630
U 2
P 000001109307BCE0
P 000001109307BD18
p 2
C 68
= 000001109307BCA8
R
P 0000011092FFE630
C 392
R
P 0000011092FFE630
P 000001109307BCA8
C 299
R
P 0000011092FFE630
C 392
R
P 0000011092FFE630
P 000001109307BCA8
C 9
R
P 0000011092FFE630
C 392
R
P 0000011092FFE630
I 1
P 0000011093060DF0
C 159
= 0000011093061950
R
P 0000011092FFE630
C 392
R
P 0000011092FFE630
P 0000011093061950
C 299
R
P 0000011092FFE630
C 392
R
P 0000011092FFE630
P 0000011093061950
C 9
R
P 0000011092FFE630
C 392
R
P 0000011092FFE630
P 0000011093061950
P 0000011093061F30
C 79
= 000001109307BDC0
R
P 0000011092FFE630
C 392
R
P 0000011092FFE630
P 000001109307BDC0
C 299
R
P 0000011092FFE630
C 392
R
P 0000011092FFE630
P 000001109307BDC0
C 9
R
P 0000011092FFE630
C 392
R
P 0000011092FFE630
I 9
P 0000011093060DF0
C 159
= 0000011093062930
R
P 0000011092FFE630
C 392
R
P 0000011092FFE630
P 0000011093062930
C 299
R
P 0000011092FFE630
C 392
R
P 0000011092FFE630
P 0000011093062930
C 9
R
P 0000011092FFE630
C 392
R
P 0000011092FFE630
P 0000011093061F30
P 0000011093062930
C 79
= 000001109307BDF8
R
P 0000011092FFE630
C 392
R
P 0000011092FFE630
P 000001109307BDF8
C 299
R
P 0000011092FFE630
C 392
R
P 0000011092FFE630
P 000001109307BDF8
C 9
R
P 0000011092FFE630
C 392
R
P 0000011092FFE630
U 2
P 000001109307BDC0
P 000001109307BDF8
p 2
C 68
= 000001109307BE30
R
P 0000011092FFE630
C 392
R
P 0000011092FFE630
P 000001109307BE30
C 299
R
P 0000011092FFE630
C 392
R
P 0000011092FFE630
P 000001109307BE30
C 9
R
P 0000011092FFE630
C 392
R
P 0000011092FFE630
I 1
P 0000011093060DF0
C 159
= 0000011093061950
R
P 0000011092FFE630
C 392
R
P 0000011092FFE630
P 0000011093061950
C 299
R
P 0000011092FFE630
C 392
R
P 0000011092FFE630
P 0000011093061950
C 9
R
P 0000011092FFE630
C 392
R
P 0000011092FFE630
P 0000011093061950
P 0000011093061F50
C 79
= 000001109307BE68
R
P 0000011092FFE630
C 392
R
P 0000011092FFE630
P 000001109307BE68
C 299
R
P 0000011092FFE630
C 392
R
P 0000011092FFE630
P 000001109307BE68
C 9
R
P 0000011092FFE630
C 392
R
P 0000011092FFE630
I 9
P 0000011093060DF0
C 159
= 0000011093062930
R
P 0000011092FFE630
C 392
R
P 0000011092FFE630
P 0000011093062930
C 299
R
P 0000011092FFE630
C 392
R
P 0000011092FFE630
P 0000011093062930
C 9
R
P 0000011092FFE630
C 392
R
P 0000011092FFE630
P 0000011093061F50
P 0000011093062930
C 79
= 000001109307BEA0
R
P 0000011092FFE630
C 392
R
P 0000011092FFE630
P 000001109307BEA0
C 299
R
P 0000011092FFE630
C 392
R
P 0000011092FFE630
P 000001109307BEA0
C 9
R
P 0000011092FFE630
C 392
R
P 0000011092FFE630
U 2
P 000001109307BE68
P 000001109307BEA0
p 2
C 68
= 000001109307BED8
R
P 0000011092FFE630
C 392
R
P 0000011092FFE630
P 000001109307BED8
C 299
R
P 0000011092FFE630
C 392
R
P 0000011092FFE630
P 000001109307BED8
C 9
R
P 0000011092FFE630
C 392
R
P 0000011092FFE630
I 1
P 0000011093060DF0
C 159
= 0000011093061950
R
P 0000011092FFE630
C 392
R
P 0000011092FFE630
P 0000011093061950
C 299
R
P 0000011092FFE630
C 392
R
P 0000011092FFE630
P 0000011093061950
C 9
R
P 0000011092FFE630
C 392
R
P 0000011092FFE630
P 0000011093061950
P 0000011093061F70
C 79
= 000001109307BF10
R
P 0000011092FFE630
C 392
R
P 0000011092FFE630
P 000001109307BF10
C 299
R
P 0000011092FFE630
C 392
R
P 0000011092FFE630
P 000001109307BF10
C 9
R
P 0000011092FFE630
C 392
R
P 0000011092FFE630
I 9
P 0000011093060DF0
C 159
= 0000011093062930
R
P 0000011092FFE630
C 392
R
P 0000011092FFE630
P 0000011093062930
C 299
R
P 0000011092FFE630
C 392
R
P 0000011092FFE630
P 0000011093062930
C 9
R
P 0000011092FFE630
C 392
R
P 0000011092FFE630
P 0000011093061F70
P 0000011093062930
C 79
= 000001109307BF48
R
P 0000011092FFE630
C 392
R
P 0000011092FFE630
P 000001109307BF48
C 299
R
P 0000011092FFE630
C 392
R
P 0000011092FFE630
P 000001109307BF48
C 9
R
P 0000011092FFE630
C 392
R
P 0000011092FFE630
U 2
P 000001109307BF10
P 000001109307BF48
p 2
C 68
= 000001109307BF80
R
P 0000011092FFE630
C 392
R
P 0000011092FFE630
P 000001109307BF80
C 299
R
P 0000011092FFE630
C 392
R
P 0000011092FFE630
P 000001109307BF80
C 9
R
P 0000011092FFE630
C 392
R
P 0000011092FFE630
I 1
P 0000011093060DF0
C 159
= 0000011093061950
R
P 0000011092FFE630
C 392
R
P 0000011092FFE630
P 0000011093061950
C 299
R
P 0000011092FFE630
C 392
R
P 0000011092FFE630
P 0000011093061950
C 9
R
P 0000011092FFE630
C 392
R
P 0000011092FFE630
P 0000011093061950
P 0000011093061F90
C 79
= 000001109307BFB8
R
P 0000011092FFE630
C 392
R
P 0000011092FFE630
P 000001109307BFB8
C 299
R
P 0000011092FFE630
C 392
R
P 0000011092FFE630
P 000001109307BFB8
C 9
R
P 0000011092FFE630
C 392
R
P 0000011092FFE630
I 9
P 0000011093060DF0
C 159
= 0000011093062930
R
P 0000011092FFE630
C 392
R
P 0000011092FFE630
P 0000011093062930
C 299
R
P 0000011092FFE630
C 392
R
P 0000011092FFE630
P 0000011093062930
C 9
R
P 0000011092FFE630
C 392
R
P 0000011092FFE630
P 0000011093061F90
P 0000011093062930
C 79
= 000001109307BFF0
R
P 0000011092FFE630
C 392
R
P 0000011092FFE630
P 000001109307BFF0
C 299
R
P 0000011092FFE630
C 392
R
P 0000011092FFE630
P 000001109307BFF0
C 9
R
P 0000011092FFE630
C 392
R
P 0000011092FFE630
U 2
P 000001109307BFB8
P 000001109307BFF0
p 2
C 68
= 000001109307C028
R
P 0000011092FFE630
C 392
R
P 0000011092FFE630
P 000001109307C028
C 299
R
P 0000011092FFE630
C 392
R
P 0000011092FFE630
P 000001109307C028
C 9
R
P 0000011092FFE630
C 392
R
P 0000011092FFE630
I 1
P 0000011093060DF0
C 159
= 0000011093061950
R
P 0000011092FFE630
C 392
R
P 0000011092FFE630
P 0000011093061950
C 299
R
P 0000011092FFE630
C 392
R
P 0000011092FFE630
P 0000011093061950
C 9
R
P 0000011092FFE630
C 392
R
P 0000011092FFE630
P 0000011093061950
P 0000011093061FB0
C 79
= 000001109307C060
R
P 0000011092FFE630
C 392
R
P 0000011092FFE630
P 000001109307C060
C 299
R
P 0000011092FFE630
C 392
R
P 0000011092FFE630
P 000001109307C060
C 9
R
P 0000011092FFE630
C 392
R
P 0000011092FFE630
I 9
P 0000011093060DF0
C 159
= 0000011093062930
R
P 0000011092FFE630
C 392
R
P 0000011092FFE630
P 0000011093062930
C 299
R
P 0000011092FFE630
C 392
R
P 0000011092FFE630
P 0000011093062930
C 9
R
P 0000011092FFE630
C 392
R
P 0000011092FFE630
P 0000011093061FB0
P 0000011093062930
C 79
= 000001109307C098
R
P 0000011092FFE630
C 392
R
P 0000011092FFE630
P 000001109307C098
C 299
R
P 0000011092FFE630
C 392
R
P 0000011092FFE630
P 000001109307C098
C 9
R
P 0000011092FFE630
C 392
R
P 0000011092FFE630
U 2
P 000001109307C060
P 000001109307C098
p 2
C 68
= 000001109307C0D0
R
P 0000011092FFE630
C 392
R
P 0000011092FFE630
P 000001109307C0D0
C 299
R
P 0000011092FFE630
C 392
R
P 0000011092FFE630
P 000001109307C0D0
C 9
R
P 0000011092FFE630
C 392
R
P 0000011092FFE630
I 1
P 0000011093060DF0
C 159
= 0000011093061950
R
P 0000011092FFE630
C 392
R
P 0000011092FFE630
P 0000011093061950
C 299
R
P 0000011092FFE630
C 392
R
P 0000011092FFE630
P 0000011093061950
C 9
R
P 0000011092FFE630
C 392
R
P 0000011092FFE630
P 0000011093061950
P 0000011093061FD0
C 79
= 000001109307C108
R
P 0000011092FFE630
C 392
R
P 0000011092FFE630
P 000001109307C108
C 299
R
P 0000011092FFE630
C 392
R
P 0000011092FFE630
P 000001109307C108
C 9
R
P 0000011092FFE630
C 392
R
P 0000011092FFE630
I 9
P 0000011093060DF0
C 159
= 0000011093062930
R
P 0000011092FFE630
C 392
R
P 0000011092FFE630
P 0000011093062930
C 299
R
P 0000011092FFE630
C 392
R
P 0000011092FFE630
P 0000011093062930
C 9
R
P 0000011092FFE630
C 392
R
P 0000011092FFE630
P 0000011093061FD0
P 0000011093062930
C 79
= 000001109307C140
R
P 0000011092FFE630
C 392
R
P 0000011092FFE630
P 000001109307C140
C 299
R
P 0000011092FFE630
C 392
R
P 0000011092FFE630
P 000001109307C140
C 9
R
P 0000011092FFE630
C 392
R
P 0000011092FFE630
U 2
P 000001109307C108
P 000001109307C140
p 2
C 68
= 000001109307C178
R
P 0000011092FFE630
C 392
R
P 0000011092FFE630
P 000001109307C178
C 299
R
P 0000011092FFE630
C 392
R
P 0000011092FFE630
P 000001109307C178
C 9
R
P 0000011092FFE630
C 392
R
P 0000011092FFE630
I 1
P 0000011093060DF0
C 159
= 0000011093061950
R
P 0000011092FFE630
C 392
R
P 0000011092FFE630
P 0000011093061950
C 299
R
P 0000011092FFE630
C 392
R
P 0000011092FFE630
P 0000011093061950
C 9
R
P 0000011092FFE630
C 392
R
P 0000011092FFE630
P 0000011093061950
P 0000011093061FF0
C 79
= 000001109307C1B0
R
P 0000011092FFE630
C 392
R
P 0000011092FFE630
P 000001109307C1B0
C 299
R
P 0000011092FFE630
C 392
R
P 0000011092FFE630
P 000001109307C1B0
C 9
R
P 0000011092FFE630
C 392
R
P 0000011092FFE630
I 9
P 0000011093060DF0
C 159
= 0000011093062930
R
P 0000011092FFE630
C 392
R
P 0000011092FFE630
P 0000011093062930
C 299
R
P 0000011092FFE630
C 392
R
P 0000011092FFE630
P 0000011093062930
C 9
R
P 0000011092FFE630
C 392
R
P 0000011092FFE630
P 0000011093061FF0
P 0000011093062930
C 79
= 000001109307C1E8
R
P 0000011092FFE630
C 392
R
P 0000011092FFE630
P 000001109307C1E8
C 299
R
P 0000011092FFE630
C 392
R
P 0000011092FFE630
P 000001109307C1E8
C 9
R
P 0000011092FFE630
C 392
R
P 0000011092FFE630
U 2
P 000001109307C1B0
P 000001109307C1E8
p 2
C 68
= 000001109307C220
R
P 0000011092FFE630
C 392
R
P 0000011092FFE630
P 000001109307C220
C 299
R
P 0000011092FFE630
C 392
R
P 0000011092FFE630
P 000001109307C220
C 9
R
P 0000011092FFE630
C 392
R
P 0000011092FFE630
I 1
P 0000011093060DF0
C 159
= 0000011093061950
R
P 0000011092FFE630
C 392
R
P 0000011092FFE630
P 0000011093061950
C 299
R
P 0000011092FFE630
C 392
R
P 0000011092FFE630
P 0000011093061950
C 9
R
P 0000011092FFE630
C 392
R
P 0000011092FFE630
P 0000011093061950
P 0000011093062010
C 79
= 000001109307C258
R
P 0000011092FFE630
C 392
R
P 0000011092FFE630
P 000001109307C258
C 299
R
P 0000011092FFE630
C 392
R
P 0000011092FFE630
P 000001109307C258
C 9
R
P 0000011092FFE630
C 392
R
P 0000011092FFE630
I 9
P 0000011093060DF0
C 159
= 0000011093062930
R
P 0000011092FFE630
C 392
R
P 0000011092FFE630
P 0000011093062930
C 299
R
P 0000011092FFE630
C 392
R
P 0000011092FFE630
P 0000011093062930
C 9
R
P 0000011092FFE630
C 392
R
P 0000011092FFE630
P 0000011093062010
P 0000011093062930
C 79
= 000001109307C290
R
P 0000011092FFE630
C 392
R
P 0000011092FFE630
P 000001109307C290
C 299
R
P 0000011092FFE630
C 392
R
P 0000011092FFE630
P 000001109307C290
C 9
R
P 0000011092FFE630
C 392
R
P 0000011092FFE630
U 2
P 000001109307C258
P 000001109307C290
p 2
C 68
= 000001109307C2C8
R
P 0000011092FFE630
C 392
R
P 0000011092FFE630
P 000001109307C2C8
C 299
R
P 0000011092FFE630
C 392
R
P 0000011092FFE630
P 000001109307C2C8
C 9
R
P 0000011092FFE630
C 392
R
P 0000011092FFE630
I 1
P 0000011093060DF0
C 159
= 0000011093061950
R
P 0000011092FFE630
C 392
R
P 0000011092FFE630
P 0000011093061950
C 299
R
P 0000011092FFE630
C 392
R
P 0000011092FFE630
P 0000011093061950
C 9
R
P 0000011092FFE630
C 392
R
P 0000011092FFE630
P 0000011093061950
P 0000011093062030
C 79
= 000001109307C300
R
P 0000011092FFE630
C 392
R
P 0000011092FFE630
P 000001109307C300
C 299
R
P 0000011092FFE630
C 392
R
P 0000011092FFE630
P 000001109307C300
C 9
R
P 0000011092FFE630
C 392
R
P 0000011092FFE630
I 9
P 0000011093060DF0
C 159
= 0000011093062930
R
P 0000011092FFE630
C 392
R
P 0000011092FFE630
P 0000011093062930
C 299
R
P 0000011092FFE630
C 392
R
P 0000011092FFE630
P 0000011093062930
C 9
R
P 0000011092FFE630
C 392
R
P 0000011092FFE630
P 0000011093062030
P 0000011093062930
C 79
= 000001109307C338
R
P 0000011092FFE630
C 392
R
P 0000011092FFE630
P 000001109307C338
C 299
R
P 0000011092FFE630
C 392
R
P 0000011092FFE630
P 000001109307C338
C 9
R
P 0000011092FFE630
C 392
R
P 0000011092FFE630
U 2
P 000001109307C300
P 000001109307C338
p 2
C 68
= 000001109307C370
R
P 0000011092FFE630
C 392
R
P 0000011092FFE630
P 000001109307C370
C 299
R
P 0000011092FFE630
C 392
R
P 0000011092FFE630
P 000001109307C370
C 9
R
P 0000011092FFE630
C 392
R
P 0000011092FFE630
I 1
P 0000011093060DF0
C 159
= 0000011093061950
R
P 0000011092FFE630
C 392
R
P 0000011092FFE630
P 0000011093061950
C 299
R
P 0000011092FFE630
C 392
R
P 0000011092FFE630
P 0000011093061950
C 9
R
P 0000011092FFE630
C 392
R
P 0000011092FFE630
P 0000011093061950
P 0000011093062050
C 79
= 000001109307C3A8
R
P 0000011092FFE630
C 392
R
P 0000011092FFE630
P 000001109307C3A8
C 299
R
P 0000011092FFE630
C 392
R
P 0000011092FFE630
P 000001109307C3A8
C 9
R
P 0000011092FFE630
C 392
R
P 0000011092FFE630
I 9
P 0000011093060DF0
C 159
= 0000011093062930
R
P 0000011092FFE630
C 392
R
P 0000011092FFE630
P 0000011093062930
C 299
R
P 0000011092FFE630
C 392
R
P 0000011092FFE630
P 0000011093062930
C 9
R
P 0000011092FFE630
C 392
R
P 0000011092FFE630
P 0000011093062050
P 0000011093062930
C 79
= 000001109307C3E0
R
P 0000011092FFE630
C 392
R
P 0000011092FFE630
P 000001109307C3E0
C 299
R
P 0000011092FFE630
C 392
R
P 0000011092FFE630
P 000001109307C3E0
C 9
R
P 0000011092FFE630
C 392
R
P 0000011092FFE630
U 2
P 000001109307C3A8
P 000001109307C3E0
p 2
C 68
= 000001109307C418
R
P 0000011092FFE630
C 392
R
P 0000011092FFE630
P 000001109307C418
C 299
R
P 0000011092FFE630
C 392
R
P 0000011092FFE630
P 000001109307C418
C 9
R
P 0000011092FFE630
C 392
R
P 0000011092FFE630
I 1
P 0000011093060DF0
C 159
= 0000011093061950
R
P 0000011092FFE630
C 392
R
P 0000011092FFE630
P 0000011093061950
C 299
R
P 0000011092FFE630
C 392
R
P 0000011092FFE630
P 0000011093061950
C 9
R
P 0000011092FFE630
C 392
R
P 0000011092FFE630
P 0000011093061950
P 0000011093062070
C 79
= 000001109307C450
R
P 0000011092FFE630
C 392
R
P 0000011092FFE630
P 000001109307C450
C 299
R
P 0000011092FFE630
C 392
R
P 0000011092FFE630
P 000001109307C450
C 9
R
P 0000011092FFE630
C 392
R
P 0000011092FFE630
I 9
P 0000011093060DF0
C 159
= 0000011093062930
R
P 0000011092FFE630
C 392
R
P 0000011092FFE630
P 0000011093062930
C 299
R
P 0000011092FFE630
C 392
R
P 0000011092FFE630
P 0000011093062930
C 9
R
P 0000011092FFE630
C 392
R
P 0000011092FFE630
P 0000011093062070
P 0000011093062930
C 79
= 000001109307C488
R
P 0000011092FFE630
C 392
R
P 0000011092FFE630
P 000001109307C488
C 299
R
P 0000011092FFE630
C 392
R
P 0000011092FFE630
P 000001109307C488
C 9
R
P 0000011092FFE630
C 392
R
P 0000011092FFE630
U 2
P 000001109307C450
P 000001109307C488
p 2
C 68
= 000001109307C4C0
R
P 0000011092FFE630
C 392
R
P 0000011092FFE630
P 000001109307C4C0
C 299
R
P 0000011092FFE630
C 392
R
P 0000011092FFE630
P 000001109307C4C0
C 9
R
P 0000011092FFE630
C 392
R
P 0000011092FFE630
I 1
P 0000011093060DF0
C 159
= 0000011093061950
R
P 0000011092FFE630
C 392
R
P 0000011092FFE630
P 0000011093061950
C 299
R
P 0000011092FFE630
C 392
R
P 0000011092FFE630
P 0000011093061950
C 9
R
P 0000011092FFE630
C 392
R
P 0000011092FFE630
P 0000011093061950
P 0000011093062090
C 79
= 000001109307C4F8
R
P 0000011092FFE630
C 392
R
P 0000011092FFE630
P 000001109307C4F8
C 299
R
P 0000011092FFE630
C 392
R
P 0000011092FFE630
P 000001109307C4F8
C 9
R
P 0000011092FFE630
C 392
R
P 0000011092FFE630
I 9
P 0000011093060DF0
C 159
= 0000011093062930
R
P 0000011092FFE630
C 392
R
P 0000011092FFE630
P 0000011093062930
C 299
R
P 0000011092FFE630
C 392
R
P 0000011092FFE630
P 0000011093062930
C 9
R
P 0000011092FFE630
C 392
R
P 0000011092FFE630
P 0000011093062090
P 0000011093062930
C 79
= 000001109307C530
R
P 0000011092FFE630
C 392
R
P 0000011092FFE630
P 000001109307C530
C 299
R
P 0000011092FFE630
C 392
R
P 0000011092FFE630
P 000001109307C530
C 9
R
P 0000011092FFE630
C 392
R
P 0000011092FFE630
U 2
P 000001109307C4F8
P 000001109307C530
p 2
C 68
= 000001109307C568
R
P 0000011092FFE630
C 392
R
P 0000011092FFE630
P 000001109307C568
C 299
R
P 0000011092FFE630
C 392
R
P 0000011092FFE630
P 000001109307C568
C 9
R
P 0000011092FFE630
C 392
R
P 0000011092FFE630
I 1
P 0000011093060DF0
C 159
= 0000011093061950
R
P 0000011092FFE630
C 392
R
P 0000011092FFE630
P 0000011093061950
C 299
R
P 0000011092FFE630
C 392
R
P 0000011092FFE630
P 0000011093061950
C 9
R
P 0000011092FFE630
C 392
R
P 0000011092FFE630
P 0000011093061950
P 00000110930620B0
C 79
= 000001109307C5A0
R
P 0000011092FFE630
C 392
R
P 0000011092FFE630
P 000001109307C5A0
C 299
R
P 0000011092FFE630
C 392
R
P 0000011092FFE630
P 000001109307C5A0
C 9
R
P 0000011092FFE630
C 392
R
P 0000011092FFE630
I 9
P 0000011093060DF0
C 159
= 0000011093062930
R
P 0000011092FFE630
C 392
R
P 0000011092FFE630
P 0000011093062930
C 299
R
P 0000011092FFE630
C 392
R
P 0000011092FFE630
P 0000011093062930
C 9
R
P 0000011092FFE630
C 392
R
P 0000011092FFE630
P 00000110930620B0
P 0000011093062930
C 79
= 000001109307C5D8
R
P 0000011092FFE630
C 392
R
P 0000011092FFE630
P 000001109307C5D8
C 299
R
P 0000011092FFE630
C 392
R
P 0000011092FFE630
P 000001109307C5D8
C 9
R
P 0000011092FFE630
C 392
R
P 0000011092FFE630
U 2
P 000001109307C5A0
P 000001109307C5D8
p 2
C 68
= 000001109307C610
R
P 0000011092FFE630
C 392
R
P 0000011092FFE630
P 000001109307C610
C 299
R
P 0000011092FFE630
C 392
R
P 0000011092FFE630
P 000001109307C610
C 9
R
P 0000011092FFE630
C 392
R
P 0000011092FFE630
I 1
P 0000011093060DF0
C 159
= 0000011093061950
R
P 0000011092FFE630
C 392
R
P 0000011092FFE630
P 0000011093061950
C 299
R
P 0000011092FFE630
C 392
R
P 0000011092FFE630
P 0000011093061950
C 9
R
P 0000011092FFE630
C 392
R
P 0000011092FFE630
P 0000011093061950
P 00000110930620D0
C 79
= 000001109307C648
R
P 0000011092FFE630
C 392
R
P 0000011092FFE630
P 000001109307C648
C 299
R
P 0000011092FFE630
C 392
R
P 0000011092FFE630
P 000001109307C648
C 9
R
P 0000011092FFE630
C 392
R
P 0000011092FFE630
I 9
P 0000011093060DF0
C 159
= 0000011093062930
R
P 0000011092FFE630
C 392
R
P 0000011092FFE630
P 0000011093062930
C 299
R
P 0000011092FFE630
C 392
R
P 0000011092FFE630
P 0000011093062930
C 9
R
P 0000011092FFE630
C 392
R
P 0000011092FFE630
P 00000110930620D0
P 0000011093062930
C 79
= 000001109307C680
R
P 0000011092FFE630
C 392
R
P 0000011092FFE630
P 000001109307C680
C 299
R
P 0000011092FFE630
C 392
R
P 0000011092FFE630
P 000001109307C680
C 9
R
P 0000011092FFE630
C 392
R
P 0000011092FFE630
U 2
P 000001109307C648
P 000001109307C680
p 2
C 68
= 000001109307C6B8
R
P 0000011092FFE630
C 392
R
P 0000011092FFE630
P 000001109307C6B8
C 299
R
P 0000011092FFE630
C 392
R
P 0000011092FFE630
P 000001109307C6B8
C 9
R
P 0000011092FFE630
C 392
R
P 0000011092FFE630
I 1
P 0000011093060DF0
C 159
= 0000011093061950
R
P 0000011092FFE630
C 392
R
P 0000011092FFE630
P 0000011093061950
C 299
R
P 0000011092FFE630
C 392
R
P 0000011092FFE630
P 0000011093061950
C 9
R
P 0000011092FFE630
C 392
R
P 0000011092FFE630
P 0000011093061950
P 00000110930620F0
C 79
= 000001109307C6F0
R
P 0000011092FFE630
C 392
R
P 0000011092FFE630
P 000001109307C6F0
C 299
R
P 0000011092FFE630
C 392
R
P 0000011092FFE630
P 000001109307C6F0
C 9
R
P 0000011092FFE630
C 392
R
P 0000011092FFE630
I 9
P 0000011093060DF0
C 159
= 0000011093062930
R
P 0000011092FFE630
C 392
R
P 0000011092FFE630
P 0000011093062930
C 299
R
P 0000011092FFE630
C 392
R
P 0000011092FFE630
P 0000011093062930
C 9
R
P 0000011092FFE630
C 392
R
P 0000011092FFE630
P 00000110930620F0
P 0000011093062930
C 79
= 000001109307C728
R
P 0000011092FFE630
C 392
R
P 0000011092FFE630
P 000001109307C728
C 299
R
P 0000011092FFE630
C 392
R
P 0000011092FFE630
P 000001109307C728
C 9
R
P 0000011092FFE630
C 392
R
P 0000011092FFE630
U 2
P 000001109307C6F0
P 000001109307C728
p 2
C 68
= 000001109307C760
R
P 0000011092FFE630
C 392
R
P 0000011092FFE630
P 000001109307C760
C 299
R
P 0000011092FFE630
C 392
R
P 0000011092FFE630
P 000001109307C760
C 9
R
P 0000011092FFE630
C 392
R
P 0000011092FFE630
I 1
P 0000011093060DF0
C 159
= 0000011093061950
R
P 0000011092FFE630
C 392
R
P 0000011092FFE630
P 0000011093061950
C 299
R
P 0000011092FFE630
C 392
R
P 0000011092FFE630
P 0000011093061950
C 9
R
P 0000011092FFE630
C 392
R
P 0000011092FFE630
P 0000011093061950
P 0000011093062110
C 79
= 000001109307C798
R
P 0000011092FFE630
C 392
R
P 0000011092FFE630
P 000001109307C798
C 299
R
P 0000011092FFE630
C 392
R
P 0000011092FFE630
P 000001109307C798
C 9
R
P 0000011092FFE630
C 392
R
P 0000011092FFE630
I 9
P 0000011093060DF0
C 159
= 0000011093062930
R
P 0000011092FFE630
C 392
R
P 0000011092FFE630
P 0000011093062930
C 299
R
P 0000011092FFE630
C 392
R
P 0000011092FFE630
P 0000011093062930
C 9
R
P 0000011092FFE630
C 392
R
P 0000011092FFE630
P 0000011093062110
P 0000011093062930
C 79
= 000001109307C7D0
R
P 0000011092FFE630
C 392
R
P 0000011092FFE630
P 000001109307C7D0
C 299
R
P 0000011092FFE630
C 392
R
P 0000011092FFE630
P 000001109307C7D0
C 9
R
P 0000011092FFE630
C 392
R
P 0000011092FFE630
U 2
P 000001109307C798
P 000001109307C7D0
p 2
C 68
= 000001109307C808
R
P 0000011092FFE630
C 392
R
P 0000011092FFE630
P 000001109307C808
C 299
R
P 0000011092FFE630
C 392
R
P 0000011092FFE630
P 000001109307C808
C 9
R
P 0000011092FFE630
C 392
R
P 0000011092FFE630
I 1
P 0000011093060DF0
C 159
= 0000011093061950
R
P 0000011092FFE630
C 392
R
P 0000011092FFE630
P 0000011093061950
C 299
R
P 0000011092FFE630
C 392
R
P 0000011092FFE630
P 0000011093061950
C 9
R
P 0000011092FFE630
C 392
R
P 0000011092FFE630
P 0000011093061950
P 0000011093062130
C 79
= 000001109307C840
R
P 0000011092FFE630
C 392
R
P 0000011092FFE630
P 000001109307C840
C 299
R
P 0000011092FFE630
C 392
R
P 0000011092FFE630
P 000001109307C840
C 9
R
P 0000011092FFE630
C 392
R
P 0000011092FFE630
I 9
P 0000011093060DF0
C 159
= 0000011093062930
R
P 0000011092FFE630
C 392
R
P 0000011092FFE630
P 0000011093062930
C 299
R
P 0000011092FFE630
C 392
R
P 0000011092FFE630
P 0000011093062930
C 9
R
P 0000011092FFE630
C 392
R
P 0000011092FFE630
P 0000011093062130
P 0000011093062930
C 79
= 000001109307C878
R
P 0000011092FFE630
C 392
R
P 0000011092FFE630
P 000001109307C878
C 299
R
P 0000011092FFE630
C 392
R
P 0000011092FFE630
P 000001109307C878
C 9
R
P 0000011092FFE630
C 392
R
P 0000011092FFE630
U 2
P 000001109307C840
P 000001109307C878
p 2
C 68
= 000001109307C8B0
R
P 0000011092FFE630
C 392
R
P 0000011092FFE630
P 000001109307C8B0
C 299
R
P 0000011092FFE630
C 392
R
P 0000011092FFE630
P 000001109307C8B0
C 9
R
P 0000011092FFE630
C 392
R
P 0000011092FFE630
I 1
P 0000011093060DF0
C 159
= 0000011093061950
R
P 0000011092FFE630
C 392
R
P 0000011092FFE630
P 0000011093061950
C 299
R
P 0000011092FFE630
C 392
R
P 0000011092FFE630
P 0000011093061950
C 9
R
P 0000011092FFE630
C 392
R
P 0000011092FFE630
P 0000011093061950
P 0000011093062150
C 79
= 000001109307C8E8
R
P 0000011092FFE630
C 392
R
P 0000011092FFE630
P 000001109307C8E8
C 299
R
P 0000011092FFE630
C 392
R
P 0000011092FFE630
P 000001109307C8E8
C 9
R
P 0000011092FFE630
C 392
R
P 0000011092FFE630
I 9
P 0000011093060DF0
C 159
= 0000011093062930
R
P 0000011092FFE630
C 392
R
P 0000011092FFE630
P 0000011093062930
C 299
R
P 0000011092FFE630
C 392
R
P 0000011092FFE630
P 0000011093062930
C 9
R
P 0000011092FFE630
C 392
R
P 0000011092FFE630
P 0000011093062150
P 0000011093062930
C 79
= 000001109307C920
R
P 0000011092FFE630
C 392
R
P 0000011092FFE630
P 000001109307C920
C 299
R
P 0000011092FFE630
C 392
R
P 0000011092FFE630
P 000001109307C920
C 9
R
P 0000011092FFE630
C 392
R
P 0000011092FFE630
U 2
P 000001109307C8E8
P 000001109307C920
p 2
C 68
= 000001109307C958
R
P 0000011092FFE630
C 392
R
P 0000011092FFE630
P 000001109307C958
C 299
R
P 0000011092FFE630
C 392
R
P 0000011092FFE630
P 000001109307C958
C 9
R
P 0000011092FFE630
C 392
R
P 0000011092FFE630
I 1
P 0000011093060DF0
C 159
= 0000011093061950
R
P 0000011092FFE630
C 392
R
P 0000011092FFE630
P 0000011093061950
C 299
R
P 0000011092FFE630
C 392
R
P 0000011092FFE630
P 0000011093061950
C 9
R
P 0000011092FFE630
C 392
R
P 0000011092FFE630
P 0000011093061950
P 0000011093062170
C 79
= 000001109307C990
R
P 0000011092FFE630
C 392
R
P 0000011092FFE630
P 000001109307C990
C 299
R
P 0000011092FFE630
C 392
R
P 0000011092FFE630
P 000001109307C990
C 9
R
P 0000011092FFE630
C 392
R
P 0000011092FFE630
I 9
P 0000011093060DF0
C 159
= 0000011093062930
R
P 0000011092FFE630
C 392
R
P 0000011092FFE630
P 0000011093062930
C 299
R
P 0000011092FFE630
C 392
R
P 0000011092FFE630
P 0000011093062930
C 9
R
P 0000011092FFE630
C 392
R
P 0000011092FFE630
P 0000011093062170
P 0000011093062930
C 79
= 000001109307C9C8
R
P 0000011092FFE630
C 392
R
P 0000011092FFE630
P 000001109307C9C8
C 299
R
P 0000011092FFE630
C 392
R
P 0000011092FFE630
P 000001109307C9C8
C 9
R
P 0000011092FFE630
C 392
R
P 0000011092FFE630
U 2
P 000001109307C990
P 000001109307C9C8
p 2
C 68
= 000001109307CA00
R
P 0000011092FFE630
C 392
R
P 0000011092FFE630
P 000001109307CA00
C 299
R
P 0000011092FFE630
C 392
R
P 0000011092FFE630
P 000001109307CA00
C 9
R
P 0000011092FFE630
C 392
R
P 0000011092FFE630
I 1
P 0000011093060DF0
C 159
= 0000011093061950
R
P 0000011092FFE630
C 392
R
P 0000011092FFE630
P 0000011093061950
C 299
R
P 0000011092FFE630
C 392
R
P 0000011092FFE630
P 0000011093061950
C 9
R
P 0000011092FFE630
C 392
R
P 0000011092FFE630
P 0000011093061950
P 0000011093062190
C 79
= 000001109307CA38
R
P 0000011092FFE630
C 392
R
P 0000011092FFE630
P 000001109307CA38
C 299
R
P 0000011092FFE630
C 392
R
P 0000011092FFE630
P 000001109307CA38
C 9
R
P 0000011092FFE630
C 392
R
P 0000011092FFE630
I 9
P 0000011093060DF0
C 159
= 0000011093062930
R
P 0000011092FFE630
C 392
R
P 0000011092FFE630
P 0000011093062930
C 299
R
P 0000011092FFE630
C 392
R
P 0000011092FFE630
P 0000011093062930
C 9
R
P 0000011092FFE630
C 392
R
P 0000011092FFE630
P 0000011093062190
P 0000011093062930
C 79
= 000001109307CA70
R
P 0000011092FFE630
C 392
R
P 0000011092FFE630
P 000001109307CA70
C 299
R
P 0000011092FFE630
C 392
R
P 0000011092FFE630
P 000001109307CA70
C 9
R
P 0000011092FFE630
C 392
R
P 0000011092FFE630
U 2
P 000001109307CA38
P 000001109307CA70
p 2
C 68
= 000001109307CAA8
R
P 0000011092FFE630
C 392
R
P 0000011092FFE630
P 000001109307CAA8
C 299
R
P 0000011092FFE630
C 392
R
P 0000011092FFE630
P 000001109307CAA8
C 9
R
P 0000011092FFE630
C 392
R
P 0000011092FFE630
I 1
P 0000011093060DF0
C 159
= 0000011093061950
R
P 0000011092FFE630
C 392
R
P 0000011092FFE630
P 0000011093061950
C 299
R
P 0000011092FFE630
C 392
R
P 0000011092FFE630
P 0000011093061950
C 9
R
P 0000011092FFE630
C 392
R
P 0000011092FFE630
P 0000011093061950
P 00000110930621B0
C 79
= 000001109307CAE0
R
P 0000011092FFE630
C 392
R
P 0000011092FFE630
P 000001109307CAE0
C 299
R
P 0000011092FFE630
C 392
R
P 0000011092FFE630
P 000001109307CAE0
C 9
R
P 0000011092FFE630
C 392
R
P 0000011092FFE630
I 9
P 0000011093060DF0
C 159
= 0000011093062930
R
P 0000011092FFE630
C 392
R
P 0000011092FFE630
P 0000011093062930
C 299
R
P 0000011092FFE630
C 392
R
P 0000011092FFE630
P 0000011093062930
C 9
R
P 0000011092FFE630
C 392
R
P 0000011092FFE630
P 00000110930621B0
P 0000011093062930
C 79
= 000001109307CB18
R
P 0000011092FFE630
C 392
R
P 0000011092FFE630
P 000001109307CB18
C 299
R
P 0000011092FFE630
C 392
R
P 0000011092FFE630
P 000001109307CB18
C 9
R
P 0000011092FFE630
C 392
R
P 0000011092FFE630
U 2
P 000001109307CAE0
P 000001109307CB18
p 2
C 68
= 000001109307CB50
R
P 0000011092FFE630
C 392
R
P 0000011092FFE630
P 000001109307CB50
C 299
R
P 0000011092FFE630
C 392
R
P 0000011092FFE630
P 000001109307CB50
C 9
R
P 0000011092FFE630
C 392
R
P 0000011092FFE630
I 1
P 0000011093060DF0
C 159
= 0000011093061950
R
P 0000011092FFE630
C 392
R
P 0000011092FFE630
P 0000011093061950
C 299
R
P 0000011092FFE630
C 392
R
P 0000011092FFE630
P 0000011093061950
C 9
R
P 0000011092FFE630
C 392
R
P 0000011092FFE630
P 0000011093061950
P 00000110930621D0
C 79
= 000001109307CB88
R
P 0000011092FFE630
C 392
R
P 0000011092FFE630
P 000001109307CB88
C 299
R
P 0000011092FFE630
C 392
R
P 0000011092FFE630
P 000001109307CB88
C 9
R
P 0000011092FFE630
C 392
R
P 0000011092FFE630
I 9
P 0000011093060DF0
C 159
= 0000011093062930
R
P 0000011092FFE630
C 392
R
P 0000011092FFE630
P 0000011093062930
C 299
R
P 0000011092FFE630
C 392
R
P 0000011092FFE630
P 0000011093062930
C 9
R
P 0000011092FFE630
C 392
R
P 0000011092FFE630
P 00000110930621D0
P 0000011093062930
C 79
= 000001109307CBC0
R
P 0000011092FFE630
C 392
R
P 0000011092FFE630
P 000001109307CBC0
C 299
R
P 0000011092FFE630
C 392
R
P 0000011092FFE630
P 000001109307CBC0
C 9
R
P 0000011092FFE630
C 392
R
P 0000011092FFE630
U 2
P 000001109307CB88
P 000001109307CBC0
p 2
C 68
= 000001109307CBF8
R
P 0000011092FFE630
C 392
R
P 0000011092FFE630
P 000001109307CBF8
C 299
R
P 0000011092FFE630
C 392
R
P 0000011092FFE630
P 000001109307CBF8
C 9
R
P 0000011092FFE630
C 392
R
P 0000011092FFE630
I 1
P 0000011093060DF0
C 159
= 0000011093061950
R
P 0000011092FFE630
C 392
R
P 0000011092FFE630
P 0000011093061950
C 299
R
P 0000011092FFE630
C 392
R
P 0000011092FFE630
P 0000011093061950
C 9
R
P 0000011092FFE630
C 392
R
P 0000011092FFE630
P 0000011093061950
P 00000110930621F0
C 79
= 000001109307CC30
R
P 0000011092FFE630
C 392
R
P 0000011092FFE630
P 000001109307CC30
C 299
R
P 0000011092FFE630
C 392
R
P 0000011092FFE630
P 000001109307CC30
C 9
R
P 0000011092FFE630
C 392
R
P 0000011092FFE630
I 9
P 0000011093060DF0
C 159
= 0000011093062930
R
P 0000011092FFE630
C 392
R
P 0000011092FFE630
P 0000011093062930
C 299
R
P 0000011092FFE630
C 392
R
P 0000011092FFE630
P 0000011093062930
C 9
R
P 0000011092FFE630
C 392
R
P 0000011092FFE630
P 00000110930621F0
P 0000011093062930
C 79
= 000001109307CC68
R
P 0000011092FFE630
C 392
R
P 0000011092FFE630
P 000001109307CC68
C 299
R
P 0000011092FFE630
C 392
R
P 0000011092FFE630
P 000001109307CC68
C 9
R
P 0000011092FFE630
C 392
R
P 0000011092FFE630
U 2
P 000001109307CC30
P 000001109307CC68
p 2
C 68
= 000001109307CCA0
R
P 0000011092FFE630
C 392
R
P 0000011092FFE630
P 000001109307CCA0
C 299
R
P 0000011092FFE630
C 392
R
P 0000011092FFE630
P 000001109307CCA0
C 9
R
P 0000011092FFE630
C 392
R
P 0000011092FFE630
I 1
P 0000011093060DF0
C 159
= 0000011093061950
R
P 0000011092FFE630
C 392
R
P 0000011092FFE630
P 0000011093061950
C 299
R
P 0000011092FFE630
C 392
R
P 0000011092FFE630
P 0000011093061950
C 9
R
P 0000011092FFE630
C 392
R
P 0000011092FFE630
P 0000011093061950
P 0000011093062210
C 79
= 000001109307CCD8
R
P 0000011092FFE630
C 392
R
P 0000011092FFE630
P 000001109307CCD8
C 299
R
P 0000011092FFE630
C 392
R
P 0000011092FFE630
P 000001109307CCD8
C 9
R
P 0000011092FFE630
C 392
R
P 0000011092FFE630
I 9
P 0000011093060DF0
C 159
= 0000011093062930
R
P 0000011092FFE630
C 392
R
P 0000011092FFE630
P 0000011093062930
C 299
R
P 0000011092FFE630
C 392
R
P 0000011092FFE630
P 0000011093062930
C 9
R
P 0000011092FFE630
C 392
R
P 0000011092FFE630
P 0000011093062210
P 0000011093062930
C 79
= 000001109307CD10
R
P 0000011092FFE630
C 392
R
P 0000011092FFE630
P 000001109307CD10
C 299
R
P 0000011092FFE630
C 392
R
P 0000011092FFE630
P 000001109307CD10
C 9
R
P 0000011092FFE630
C 392
R
P 0000011092FFE630
U 2
P 000001109307CCD8
P 000001109307CD10
p 2
C 68
= 000001109307CD48
R
P 0000011092FFE630
C 392
R
P 0000011092FFE630
P 000001109307CD48
C 299
R
P 0000011092FFE630
C 392
R
P 0000011092FFE630
P 000001109307CD48
C 9
R
P 0000011092FFE630
C 392
R
P 0000011092FFE630
I 1
P 0000011093060DF0
C 159
= 0000011093061950
R
P 0000011092FFE630
C 392
R
P 0000011092FFE630
P 0000011093061950
C 299
R
P 0000011092FFE630
C 392
R
P 0000011092FFE630
P 0000011093061950
C 9
R
P 0000011092FFE630
C 392
R
P 0000011092FFE630
P 0000011093061950
P 0000011093062230
C 79
= 000001109307CD80
R
P 0000011092FFE630
C 392
R
P 0000011092FFE630
P 000001109307CD80
C 299
R
P 0000011092FFE630
C 392
R
P 0000011092FFE630
P 000001109307CD80
C 9
R
P 0000011092FFE630
C 392
R
P 0000011092FFE630
I 9
P 0000011093060DF0
C 159
= 0000011093062930
R
P 0000011092FFE630
C 392
R
P 0000011092FFE630
P 0000011093062930
C 299
R
P 0000011092FFE630
C 392
R
P 0000011092FFE630
P 0000011093062930
C 9
R
P 0000011092FFE630
C 392
R
P 0000011092FFE630
P 0000011093062230
P 0000011093062930
C 79
= 0000011095A0A240
R
P 0000011092FFE630
C 392
R
P 0000011092FFE630
P 0000011095A0A240
C 299
R
P 0000011092FFE630
C 392
R
P 0000011092FFE630
P 0000011095A0A240
C 9
R
P 0000011092FFE630
C 392
R
P 0000011092FFE630
U 2
P 000001109307CD80
P 0000011095A0A240
p 2
C 68
= 0000011095A0A278
R
P 0000011092FFE630
C 392
R
P 0000011092FFE630
P 0000011095A0A278
C 299
R
P 0000011092FFE630
C 392
R
P 0000011092FFE630
P 0000011095A0A278
C 9
R
P 0000011092FFE630
C 392
R
P 0000011092FFE630
I 1
P 0000011093060DF0
C 159
= 0000011093061950
R
P 0000011092FFE630
C 392
R
P 0000011092FFE630
P 0000011093061950
C 299
R
P 0000011092FFE630
C 392
R
P 0000011092FFE630
P 0000011093061950
C 9
R
P 0000011092FFE630
C 392
R
P 0000011092FFE630
P 0000011093061950
P 0000011093062250
C 79
= 0000011095A0A2B0
R
P 0000011092FFE630
C 392
R
P 0000011092FFE630
P 0000011095A0A2B0
C 299
R
P 0000011092FFE630
C 392
R
P 0000011092FFE630
P 0000011095A0A2B0
C 9
R
P 0000011092FFE630
C 392
R
P 0000011092FFE630
I 9
P 0000011093060DF0
C 159
= 0000011093062930
R
P 0000011092FFE630
C 392
R
P 0000011092FFE630
P 0000011093062930
C 299
R
P 0000011092FFE630
C 392
R
P 0000011092FFE630
P 0000011093062930
C 9
R
P 0000011092FFE630
C 392
R
P 0000011092FFE630
P 0000011093062250
P 0000011093062930
C 79
= 0000011095A0A2E8
R
P 0000011092FFE630
C 392
R
P 0000011092FFE630
P 0000011095A0A2E8
C 299
R
P 0000011092FFE630
C 392
R
P 0000011092FFE630
P 0000011095A0A2E8
C 9
R
P 0000011092FFE630
C 392
R
P 0000011092FFE630
U 2
P 0000011095A0A2B0
P 0000011095A0A2E8
p 2
C 68
= 0000011095A0A320
R
P 0000011092FFE630
C 392
R
P 0000011092FFE630
P 0000011095A0A320
C 299
R
P 0000011092FFE630
C 392
R
P 0000011092FFE630
P 0000011095A0A320
C 9
R
P 0000011092FFE630
C 392
R
P 0000011092FFE630
I 1
P 0000011093060DF0
C 159
= 0000011093061950
R
P 0000011092FFE630
C 392
R
P 0000011092FFE630
P 0000011093061950
C 299
R
P 0000011092FFE630
C 392
R
P 0000011092FFE630
P 0000011093061950
C 9
R
P 0000011092FFE630
C 392
R
P 0000011092FFE630
P 0000011093061950
P 0000011093062270
C 79
= 0000011095A0A358
R
P 0000011092FFE630
C 392
R
P 0000011092FFE630
P 0000011095A0A358
C 299
R
P 0000011092FFE630
C 392
R
P 0000011092FFE630
P 0000011095A0A358
C 9
R
P 0000011092FFE630
C 392
R
P 0000011092FFE630
I 9
P 0000011093060DF0
C 159
= 0000011093062930
R
P 0000011092FFE630
C 392
R
P 0000011092FFE630
P 0000011093062930
C 299
R
P 0000011092FFE630
C 392
R
P 0000011092FFE630
P 0000011093062930
C 9
R
P 0000011092FFE630
C 392
R
P 0000011092FFE630
P 0000011093062270
P 0000011093062930
C 79
= 0000011095A0A390
R
P 0000011092FFE630
C 392
R
P 0000011092FFE630
P 0000011095A0A390
C 299
R
P 0000011092FFE630
C 392
R
P 0000011092FFE630
P 0000011095A0A390
C 9
R
P 0000011092FFE630
C 392
R
P 0000011092FFE630
U 2
P 0000011095A0A358
P 0000011095A0A390
p 2
C 68
= 0000011095A0A3C8
R
P 0000011092FFE630
C 392
R
P 0000011092FFE630
P 0000011095A0A3C8
C 299
R
P 0000011092FFE630
C 392
R
P 0000011092FFE630
P 0000011095A0A3C8
C 9
R
P 0000011092FFE630
C 392
R
P 0000011092FFE630
I 1
P 0000011093060DF0
C 159
= 0000011093061950
R
P 0000011092FFE630
C 392
R
P 0000011092FFE630
P 0000011093061950
C 299
R
P 0000011092FFE630
C 392
R
P 0000011092FFE630
P 0000011093061950
C 9
R
P 0000011092FFE630
C 392
R
P 0000011092FFE630
P 0000011093061950
P 0000011093062290
C 79
= 0000011095A0A400
R
P 0000011092FFE630
C 392
R
P 0000011092FFE630
P 0000011095A0A400
C 299
R
P 0000011092FFE630
C 392
R
P 0000011092FFE630
P 0000011095A0A400
C 9
R
P 0000011092FFE630
C 392
R
P 0000011092FFE630
I 9
P 0000011093060DF0
C 159
= 0000011093062930
R
P 0000011092FFE630
C 392
R
P 0000011092FFE630
P 0000011093062930
C 299
R
P 0000011092FFE630
C 392
R
P 0000011092FFE630
P 0000011093062930
C 9
R
P 0000011092FFE630
C 392
R
P 0000011092FFE630
P 0000011093062290
P 0000011093062930
C 79
= 0000011095A0A438
R
P 0000011092FFE630
C 392
R
P 0000011092FFE630
P 0000011095A0A438
C 299
R
P 0000011092FFE630
C 392
R
P 0000011092FFE630
P 0000011095A0A438
C 9
R
P 0000011092FFE630
C 392
R
P 0000011092FFE630
U 2
P 0000011095A0A400
P 0000011095A0A438
p 2
C 68
= 0000011095A0A470
R
P 0000011092FFE630
C 392
R
P 0000011092FFE630
P 0000011095A0A470
C 299
R
P 0000011092FFE630
C 392
R
P 0000011092FFE630
P 0000011095A0A470
C 9
R
P 0000011092FFE630
C 392
R
P 0000011092FFE630
I 1
P 0000011093060DF0
C 159
= 0000011093061950
R
P 0000011092FFE630
C 392
R
P 0000011092FFE630
P 0000011093061950
C 299
R
P 0000011092FFE630
C 392
R
P 0000011092FFE630
P 0000011093061950
C 9
R
P 0000011092FFE630
C 392
R
P 0000011092FFE630
P 0000011093061950
P 00000110930622B0
C 79
= 0000011095A0A4A8
R
P 0000011092FFE630
C 392
R
P 0000011092FFE630
P 0000011095A0A4A8
C 299
R
P 0000011092FFE630
C 392
R
P 0000011092FFE630
P 0000011095A0A4A8
C 9
R
P 0000011092FFE630
C 392
R
P 0000011092FFE630
I 9
P 0000011093060DF0
C 159
= 0000011093062930
R
P 0000011092FFE630
C 392
R
P 0000011092FFE630
P 0000011093062930
C 299
R
P 0000011092FFE630
C 392
R
P 0000011092FFE630
P 0000011093062930
C 9
R
P 0000011092FFE630
C 392
R
P 0000011092FFE630
P 00000110930622B0
P 0000011093062930
C 79
= 0000011095A0A4E0
R
P 0000011092FFE630
C 392
R
P 0000011092FFE630
P 0000011095A0A4E0
C 299
R
P 0000011092FFE630
C 392
R
P 0000011092FFE630
P 0000011095A0A4E0
C 9
R
P 0000011092FFE630
C 392
R
P 0000011092FFE630
U 2
P 0000011095A0A4A8
P 0000011095A0A4E0
p 2
C 68
= 0000011095A0A518
R
P 0000011092FFE630
C 392
R
P 0000011092FFE630
P 0000011095A0A518
C 299
R
P 0000011092FFE630
C 392
R
P 0000011092FFE630
P 0000011095A0A518
C 9
R
P 0000011092FFE630
C 392
R
P 0000011092FFE630
I 1
P 0000011093060DF0
C 159
= 0000011093061950
R
P 0000011092FFE630
C 392
R
P 0000011092FFE630
P 0000011093061950
C 299
R
P 0000011092FFE630
C 392
R
P 0000011092FFE630
P 0000011093061950
C 9
R
P 0000011092FFE630
C 392
R
P 0000011092FFE630
P 0000011093061950
P 00000110930622D0
C 79
= 0000011095A0A550
R
P 0000011092FFE630
C 392
R
P 0000011092FFE630
P 0000011095A0A550
C 299
R
P 0000011092FFE630
C 392
R
P 0000011092FFE630
P 0000011095A0A550
C 9
R
P 0000011092FFE630
C 392
R
P 0000011092FFE630
I 9
P 0000011093060DF0
C 159
= 0000011093062930
R
P 0000011092FFE630
C 392
R
P 0000011092FFE630
P 0000011093062930
C 299
R
P 0000011092FFE630
C 392
R
P 0000011092FFE630
P 0000011093062930
C 9
R
P 0000011092FFE630
C 392
R
P 0000011092FFE630
P 00000110930622D0
P 0000011093062930
C 79
= 0000011095A0A588
R
P 0000011092FFE630
C 392
R
P 0000011092FFE630
P 0000011095A0A588
C 299
R
P 0000011092FFE630
C 392
R
P 0000011092FFE630
P 0000011095A0A588
C 9
R
P 0000011092FFE630
C 392
R
P 0000011092FFE630
U 2
P 0000011095A0A550
P 0000011095A0A588
p 2
C 68
= 0000011095A0A5C0
R
P 0000011092FFE630
C 392
R
P 0000011092FFE630
P 0000011095A0A5C0
C 299
R
P 0000011092FFE630
C 392
R
P 0000011092FFE630
P 0000011095A0A5C0
C 9
R
P 0000011092FFE630
C 392
R
P 0000011092FFE630
I 1
P 0000011093060DF0
C 159
= 0000011093061950
R
P 0000011092FFE630
C 392
R
P 0000011092FFE630
P 0000011093061950
C 299
R
P 0000011092FFE630
C 392
R
P 0000011092FFE630
P 0000011093061950
C 9
R
P 0000011092FFE630
C 392
R
P 0000011092FFE630
P 0000011093061950
P 00000110930622F0
C 79
= 0000011095A0A5F8
R
P 0000011092FFE630
C 392
R
P 0000011092FFE630
P 0000011095A0A5F8
C 299
R
P 0000011092FFE630
C 392
R
P 0000011092FFE630
P 0000011095A0A5F8
C 9
R
P 0000011092FFE630
C 392
R
P 0000011092FFE630
I 9
P 0000011093060DF0
C 159
= 0000011093062930
R
P 0000011092FFE630
C 392
R
P 0000011092FFE630
P 0000011093062930
C 299
R
P 0000011092FFE630
C 392
R
P 0000011092FFE630
P 0000011093062930
C 9
R
P 0000011092FFE630
C 392
R
P 0000011092FFE630
P 00000110930622F0
P 0000011093062930
C 79
= 0000011095A0A630
R
P 0000011092FFE630
C 392
R
P 0000011092FFE630
P 0000011095A0A630
C 299
R
P 0000011092FFE630
C 392
R
P 0000011092FFE630
P 0000011095A0A630
C 9
R
P 0000011092FFE630
C 392
R
P 0000011092FFE630
U 2
P 0000011095A0A5F8
P 0000011095A0A630
p 2
C 68
= 0000011095A0A668
R
P 0000011092FFE630
C 392
R
P 0000011092FFE630
P 0000011095A0A668
C 299
R
P 0000011092FFE630
C 392
R
P 0000011092FFE630
P 0000011095A0A668
C 9
R
P 0000011092FFE630
C 392
R
P 0000011092FFE630
I 1
P 0000011093060DF0
C 159
= 0000011093061950
R
P 0000011092FFE630
C 392
R
P 0000011092FFE630
P 0000011093061950
C 299
R
P 0000011092FFE630
C 392
R
P 0000011092FFE630
P 0000011093061950
C 9
R
P 0000011092FFE630
C 392
R
P 0000011092FFE630
P 0000011093061950
P 0000011093062310
C 79
= 0000011095A0A6A0
R
P 0000011092FFE630
C 392
R
P 0000011092FFE630
P 0000011095A0A6A0
C 299
R
P 0000011092FFE630
C 392
R
P 0000011092FFE630
P 0000011095A0A6A0
C 9
R
P 0000011092FFE630
C 392
R
P 0000011092FFE630
I 9
P 0000011093060DF0
C 159
= 0000011093062930
R
P 0000011092FFE630
C 392
R
P 0000011092FFE630
P 0000011093062930
C 299
R
P 0000011092FFE630
C 392
R
P 0000011092FFE630
P 0000011093062930
C 9
R
P 0000011092FFE630
C 392
R
P 0000011092FFE630
P 0000011093062310
P 0000011093062930
C 79
= 0000011095A0A6D8
R
P 0000011092FFE630
C 392
R
P 0000011092FFE630
P 0000011095A0A6D8
C 299
R
P 0000011092FFE630
C 392
R
P 0000011092FFE630
P 0000011095A0A6D8
C 9
R
P 0000011092FFE630
C 392
R
P 0000011092FFE630
U 2
P 0000011095A0A6A0
P 0000011095A0A6D8
p 2
C 68
= 0000011095A0A710
R
P 0000011092FFE630
C 392
R
P 0000011092FFE630
P 0000011095A0A710
C 299
R
P 0000011092FFE630
C 392
R
P 0000011092FFE630
P 0000011095A0A710
C 9
R
P 0000011092FFE630
C 392
R
P 0000011092FFE630
I 1
P 0000011093060DF0
C 159
= 0000011093061950
R
P 0000011092FFE630
C 392
R
P 0000011092FFE630
P 0000011093061950
C 299
R
P 0000011092FFE630
C 392
R
P 0000011092FFE630
P 0000011093061950
C 9
R
P 0000011092FFE630
C 392
R
P 0000011092FFE630
P 0000011093061950
P 0000011093062330
C 79
= 0000011095A0A748
R
P 0000011092FFE630
C 392
R
P 0000011092FFE630
P 0000011095A0A748
C 299
R
P 0000011092FFE630
C 392
R
P 0000011092FFE630
P 0000011095A0A748
C 9
R
P 0000011092FFE630
C 392
R
P 0000011092FFE630
I 9
P 0000011093060DF0
C 159
= 0000011093062930
R
P 0000011092FFE630
C 392
R
P 0000011092FFE630
P 0000011093062930
C 299
R
P 0000011092FFE630
C 392
R
P 0000011092FFE630
P 0000011093062930
C 9
R
P 0000011092FFE630
C 392
R
P 0000011092FFE630
P 0000011093062330
P 0000011093062930
C 79
= 0000011095A0A780
R
P 0000011092FFE630
C 392
R
P 0000011092FFE630
P 0000011095A0A780
C 299
R
P 0000011092FFE630
C 392
R
P 0000011092FFE630
P 0000011095A0A780
C 9
R
P 0000011092FFE630
C 392
R
P 0000011092FFE630
U 2
P 0000011095A0A748
P 0000011095A0A780
p 2
C 68
= 0000011095A0A7B8
R
P 0000011092FFE630
C 392
R
P 0000011092FFE630
P 0000011095A0A7B8
C 299
R
P 0000011092FFE630
C 392
R
P 0000011092FFE630
P 0000011095A0A7B8
C 9
R
P 0000011092FFE630
C 392
R
P 0000011092FFE630
I 1
P 0000011093060DF0
C 159
= 0000011093061950
R
P 0000011092FFE630
C 392
R
P 0000011092FFE630
P 0000011093061950
C 299
R
P 0000011092FFE630
C 392
R
P 0000011092FFE630
P 0000011093061950
C 9
R
P 0000011092FFE630
C 392
R
P 0000011092FFE630
P 0000011093061950
P 0000011093062350
C 79
= 0000011095A0A7F0
R
P 0000011092FFE630
C 392
R
P 0000011092FFE630
P 0000011095A0A7F0
C 299
R
P 0000011092FFE630
C 392
R
P 0000011092FFE630
P 0000011095A0A7F0
C 9
R
P 0000011092FFE630
C 392
R
P 0000011092FFE630
I 9
P 0000011093060DF0
C 159
= 0000011093062930
R
P 0000011092FFE630
C 392
R
P 0000011092FFE630
P 0000011093062930
C 299
R
P 0000011092FFE630
C 392
R
P 0000011092FFE630
P 0000011093062930
C 9
R
P 0000011092FFE630
C 392
R
P 0000011092FFE630
P 0000011093062350
P 0000011093062930
C 79
= 0000011095A0A828
R
P 0000011092FFE630
C 392
R
P 0000011092FFE630
P 0000011095A0A828
C 299
R
P 0000011092FFE630
C 392
R
P 0000011092FFE630
P 0000011095A0A828
C 9
R
P 0000011092FFE630
C 392
R
P 0000011092FFE630
U 2
P 0000011095A0A7F0
P 0000011095A0A828
p 2
C 68
= 0000011095A0A860
R
P 0000011092FFE630
C 392
R
P 0000011092FFE630
P 0000011095A0A860
C 299
R
P 0000011092FFE630
C 392
R
P 0000011092FFE630
P 0000011095A0A860
C 9
R
P 0000011092FFE630
C 392
R
P 0000011092FFE630
I 1
P 0000011093060DF0
C 159
= 0000011093061950
R
P 0000011092FFE630
C 392
R
P 0000011092FFE630
P 0000011093061950
C 299
R
P 0000011092FFE630
C 392
R
P 0000011092FFE630
P 0000011093061950
C 9
R
P 0000011092FFE630
C 392
R
P 0000011092FFE630
P 0000011093061950
P 0000011093062370
C 79
= 0000011095A0A898
R
P 0000011092FFE630
C 392
R
P 0000011092FFE630
P 0000011095A0A898
C 299
R
P 0000011092FFE630
C 392
R
P 0000011092FFE630
P 0000011095A0A898
C 9
R
P 0000011092FFE630
C 392
R
P 0000011092FFE630
I 9
P 0000011093060DF0
C 159
= 0000011093062930
R
P 0000011092FFE630
C 392
R
P 0000011092FFE630
P 0000011093062930
C 299
R
P 0000011092FFE630
C 392
R
P 0000011092FFE630
P 0000011093062930
C 9
R
P 0000011092FFE630
C 392
R
P 0000011092FFE630
P 0000011093062370
P 0000011093062930
C 79
= 0000011095A0A8D0
R
P 0000011092FFE630
C 392
R
P 0000011092FFE630
P 0000011095A0A8D0
C 299
R
P 0000011092FFE630
C 392
R
P 0000011092FFE630
P 0000011095A0A8D0
C 9
R
P 0000011092FFE630
C 392
R
P 0000011092FFE630
U 2
P 0000011095A0A898
P 0000011095A0A8D0
p 2
C 68
= 0000011095A0A908
R
P 0000011092FFE630
C 392
R
P 0000011092FFE630
P 0000011095A0A908
C 299
R
P 0000011092FFE630
C 392
R
P 0000011092FFE630
P 0000011095A0A908
C 9
R
P 0000011092FFE630
C 392
R
P 0000011092FFE630
I 1
P 0000011093060DF0
C 159
= 0000011093061950
R
P 0000011092FFE630
C 392
R
P 0000011092FFE630
P 0000011093061950
C 299
R
P 0000011092FFE630
C 392
R
P 0000011092FFE630
P 0000011093061950
C 9
R
P 0000011092FFE630
C 392
R
P 0000011092FFE630
P 0000011093061950
P 0000011093062390
C 79
= 0000011095A0A940
R
P 0000011092FFE630
C 392
R
P 0000011092FFE630
P 0000011095A0A940
C 299
R
P 0000011092FFE630
C 392
R
P 0000011092FFE630
P 0000011095A0A940
C 9
R
P 0000011092FFE630
C 392
R
P 0000011092FFE630
I 9
P 0000011093060DF0
C 159
= 0000011093062930
R
P 0000011092FFE630
C 392
R
P 0000011092FFE630
P 0000011093062930
C 299
R
P 0000011092FFE630
C 392
R
P 0000011092FFE630
P 0000011093062930
C 9
R
P 0000011092FFE630
C 392
R
P 0000011092FFE630
P 0000011093062390
P 0000011093062930
C 79
= 0000011095A0A978
R
P 0000011092FFE630
C 392
R
P 0000011092FFE630
P 0000011095A0A978
C 299
R
P 0000011092FFE630
C 392
R
P 0000011092FFE630
P 0000011095A0A978
C 9
R
P 0000011092FFE630
C 392
R
P 0000011092FFE630
U 2
P 0000011095A0A940
P 0000011095A0A978
p 2
C 68
= 0000011095A0A9B0
R
P 0000011092FFE630
C 392
R
P 0000011092FFE630
P 0000011095A0A9B0
C 299
R
P 0000011092FFE630
C 392
R
P 0000011092FFE630
P 0000011095A0A9B0
C 9
R
P 0000011092FFE630
C 392
R
P 0000011092FFE630
I 1
P 0000011093060DF0
C 159
= 0000011093061950
R
P 0000011092FFE630
C 392
R
P 0000011092FFE630
P 0000011093061950
C 299
R
P 0000011092FFE630
C 392
R
P 0000011092FFE630
P 0000011093061950
C 9
R
P 0000011092FFE630
C 392
R
P 0000011092FFE630
P 0000011093061950
P 00000110930623B0
C 79
= 0000011095A0A9E8
R
P 0000011092FFE630
C 392
R
P 0000011092FFE630
P 0000011095A0A9E8
C 299
R
P 0000011092FFE630
C 392
R
P 0000011092FFE630
P 0000011095A0A9E8
C 9
R
P 0000011092FFE630
C 392
R
P 0000011092FFE630
I 9
P 0000011093060DF0
C 159
= 0000011093062930
R
P 0000011092FFE630
C 392
R
P 0000011092FFE630
P 0000011093062930
C 299
R
P 0000011092FFE630
C 392
R
P 0000011092FFE630
P 0000011093062930
C 9
R
P 0000011092FFE630
C 392
R
P 0000011092FFE630
P 00000110930623B0
P 0000011093062930
C 79
= 0000011095A0AA20
R
P 0000011092FFE630
C 392
R
P 0000011092FFE630
P 0000011095A0AA20
C 299
R
P 0000011092FFE630
C 392
R
P 0000011092FFE630
P 0000011095A0AA20
C 9
R
P 0000011092FFE630
C 392
R
P 0000011092FFE630
U 2
P 0000011095A0A9E8
P 0000011095A0AA20
p 2
C 68
= 0000011095A0AA58
R
P 0000011092FFE630
C 392
R
P 0000011092FFE630
P 0000011095A0AA58
C 299
R
P 0000011092FFE630
C 392
R
P 0000011092FFE630
P 0000011095A0AA58
C 9
R
P 0000011092FFE630
C 392
R
P 0000011092FFE630
I 1
P 0000011093060DF0
C 159
= 0000011093061950
R
P 0000011092FFE630
C 392
R
P 0000011092FFE630
P 0000011093061950
C 299
R
P 0000011092FFE630
C 392
R
P 0000011092FFE630
P 0000011093061950
C 9
R
P 0000011092FFE630
C 392
R
P 0000011092FFE630
P 0000011093061950
P 00000110930623D0
C 79
= 0000011095A0AA90
R
P 0000011092FFE630
C 392
R
P 0000011092FFE630
P 0000011095A0AA90
C 299
R
P 0000011092FFE630
C 392
R
P 0000011092FFE630
P 0000011095A0AA90
C 9
R
P 0000011092FFE630
C 392
R
P 0000011092FFE630
I 9
P 0000011093060DF0
C 159
= 0000011093062930
R
P 0000011092FFE630
C 392
R
P 0000011092FFE630
P 0000011093062930
C 299
R
P 0000011092FFE630
C 392
R
P 0000011092FFE630
P 0000011093062930
C 9
R
P 0000011092FFE630
C 392
R
P 0000011092FFE630
P 00000110930623D0
P 0000011093062930
C 79
= 0000011095A0AAC8
R
P 0000011092FFE630
C 392
R
P 0000011092FFE630
P 0000011095A0AAC8
C 299
R
P 0000011092FFE630
C 392
R
P 0000011092FFE630
P 0000011095A0AAC8
C 9
R
P 0000011092FFE630
C 392
R
P 0000011092FFE630
U 2
P 0000011095A0AA90
P 0000011095A0AAC8
p 2
C 68
= 0000011095A0AB00
R
P 0000011092FFE630
C 392
R
P 0000011092FFE630
P 0000011095A0AB00
C 299
R
P 0000011092FFE630
C 392
R
P 0000011092FFE630
P 0000011095A0AB00
C 9
R
P 0000011092FFE630
C 392
R
P 0000011092FFE630
I 1
P 0000011093060DF0
C 159
= 0000011093061950
R
P 0000011092FFE630
C 392
R
P 0000011092FFE630
P 0000011093061950
C 299
R
P 0000011092FFE630
C 392
R
P 0000011092FFE630
P 0000011093061950
C 9
R
P 0000011092FFE630
C 392
R
P 0000011092FFE630
P 0000011093061950
P 00000110930623F0
C 79
= 0000011095A0AB38
R
P 0000011092FFE630
C 392
R
P 0000011092FFE630
P 0000011095A0AB38
C 299
R
P 0000011092FFE630
C 392
R
P 0000011092FFE630
P 0000011095A0AB38
C 9
R
P 0000011092FFE630
C 392
R
P 0000011092FFE630
I 9
P 0000011093060DF0
C 159
= 0000011093062930
R
P 0000011092FFE630
C 392
R
P 0000011092FFE630
P 0000011093062930
C 299
R
P 0000011092FFE630
C 392
R
P 0000011092FFE630
P 0000011093062930
C 9
R
P 0000011092FFE630
C 392
R
P 0000011092FFE630
P 00000110930623F0
P 0000011093062930
C 79
= 0000011095A0AB70
R
P 0000011092FFE630
C 392
R
P 0000011092FFE630
P 0000011095A0AB70
C 299
R
P 0000011092FFE630
C 392
R
P 0000011092FFE630
P 0000011095A0AB70
C 9
R
P 0000011092FFE630
C 392
R
P 0000011092FFE630
U 2
P 0000011095A0AB38
P 0000011095A0AB70
p 2
C 68
= 0000011095A0ABA8
R
P 0000011092FFE630
C 392
R
P 0000011092FFE630
P 0000011095A0ABA8
C 299
R
P 0000011092FFE630
C 392
R
P 0000011092FFE630
P 0000011095A0ABA8
C 9
R
P 0000011092FFE630
C 392
R
P 0000011092FFE630
I 1
P 0000011093060DF0
C 159
= 0000011093061950
R
P 0000011092FFE630
C 392
R
P 0000011092FFE630
P 0000011093061950
C 299
R
P 0000011092FFE630
C 392
R
P 0000011092FFE630
P 0000011093061950
C 9
R
P 0000011092FFE630
C 392
R
P 0000011092FFE630
P 0000011093061950
P 0000011093062410
C 79
= 0000011095A0ABE0
R
P 0000011092FFE630
C 392
R
P 0000011092FFE630
P 0000011095A0ABE0
C 299
R
P 0000011092FFE630
C 392
R
P 0000011092FFE630
P 0000011095A0ABE0
C 9
R
P 0000011092FFE630
C 392
R
P 0000011092FFE630
I 9
P 0000011093060DF0
C 159
= 0000011093062930
R
P 0000011092FFE630
C 392
R
P 0000011092FFE630
P 0000011093062930
C 299
R
P 0000011092FFE630
C 392
R
P 0000011092FFE630
P 0000011093062930
C 9
R
P 0000011092FFE630
C 392
R
P 0000011092FFE630
P 0000011093062410
P 0000011093062930
C 79
= 0000011095A0AC18
R
P 0000011092FFE630
C 392
R
P 0000011092FFE630
P 0000011095A0AC18
C 299
R
P 0000011092FFE630
C 392
R
P 0000011092FFE630
P 0000011095A0AC18
C 9
R
P 0000011092FFE630
C 392
R
P 0000011092FFE630
U 2
P 0000011095A0ABE0
P 0000011095A0AC18
p 2
C 68
= 0000011095A0AC50
R
P 0000011092FFE630
C 392
R
P 0000011092FFE630
P 0000011095A0AC50
C 299
R
P 0000011092FFE630
C 392
R
P 0000011092FFE630
P 0000011095A0AC50
C 9
R
P 0000011092FFE630
C 392
R
P 0000011092FFE630
I 1
P 0000011093060DF0
C 159
= 0000011093061950
R
P 0000011092FFE630
C 392
R
P 0000011092FFE630
P 0000011093061950
C 299
R
P 0000011092FFE630
C 392
R
P 0000011092FFE630
P 0000011093061950
C 9
R
P 0000011092FFE630
C 392
R
P 0000011092FFE630
P 0000011093061950
P 0000011093062430
C 79
= 0000011095A0AC88
R
P 0000011092FFE630
C 392
R
P 0000011092FFE630
P 0000011095A0AC88
C 299
R
P 0000011092FFE630
C 392
R
P 0000011092FFE630
P 0000011095A0AC88
C 9
R
P 0000011092FFE630
C 392
R
P 0000011092FFE630
I 9
P 0000011093060DF0
C 159
= 0000011093062930
R
P 0000011092FFE630
C 392
R
P 0000011092FFE630
P 0000011093062930
C 299
R
P 0000011092FFE630
C 392
R
P 0000011092FFE630
P 0000011093062930
C 9
R
P 0000011092FFE630
C 392
R
P 0000011092FFE630
P 0000011093062430
P 0000011093062930
C 79
= 0000011095A0ACC0
R
P 0000011092FFE630
C 392
R
P 0000011092FFE630
P 0000011095A0ACC0
C 299
R
P 0000011092FFE630
C 392
R
P 0000011092FFE630
P 0000011095A0ACC0
C 9
R
P 0000011092FFE630
C 392
R
P 0000011092FFE630
U 2
P 0000011095A0AC88
P 0000011095A0ACC0
p 2
C 68
= 0000011095A0ACF8
R
P 0000011092FFE630
C 392
R
P 0000011092FFE630
P 0000011095A0ACF8
C 299
R
P 0000011092FFE630
C 392
R
P 0000011092FFE630
P 0000011095A0ACF8
C 9
R
P 0000011092FFE630
C 392
R
P 0000011092FFE630
I 1
P 0000011093060DF0
C 159
= 0000011093061950
R
P 0000011092FFE630
C 392
R
P 0000011092FFE630
P 0000011093061950
C 299
R
P 0000011092FFE630
C 392
R
P 0000011092FFE630
P 0000011093061950
C 9
R
P 0000011092FFE630
C 392
R
P 0000011092FFE630
P 0000011093061950
P 0000011093062450
C 79
= 0000011095A0AD30
R
P 0000011092FFE630
C 392
R
P 0000011092FFE630
P 0000011095A0AD30
C 299
R
P 0000011092FFE630
C 392
R
P 0000011092FFE630
P 0000011095A0AD30
C 9
R
P 0000011092FFE630
C 392
R
P 0000011092FFE630
I 9
P 0000011093060DF0
C 159
= 0000011093062930
R
P 0000011092FFE630
C 392
R
P 0000011092FFE630
P 0000011093062930
C 299
R
P 0000011092FFE630
C 392
R
P 0000011092FFE630
P 0000011093062930
C 9
R
P 0000011092FFE630
C 392
R
P 0000011092FFE630
P 0000011093062450
P 0000011093062930
C 79
= 0000011095A0AD68
R
P 0000011092FFE630
C 392
R
P 0000011092FFE630
P 0000011095A0AD68
C 299
R
P 0000011092FFE630
C 392
R
P 0000011092FFE630
P 0000011095A0AD68
C 9
R
P 0000011092FFE630
C 392
R
P 0000011092FFE630
U 2
P 0000011095A0AD30
P 0000011095A0AD68
p 2
C 68
= 0000011095A0ADA0
R
P 0000011092FFE630
C 392
R
P 0000011092FFE630
P 0000011095A0ADA0
C 299
R
P 0000011092FFE630
C 392
R
P 0000011092FFE630
P 0000011095A0ADA0
C 9
R
P 0000011092FFE630
C 392
R
P 0000011092FFE630
I 1
P 0000011093060DF0
C 159
= 0000011093061950
R
P 0000011092FFE630
C 392
R
P 0000011092FFE630
P 0000011093061950
C 299
R
P 0000011092FFE630
C 392
R
P 0000011092FFE630
P 0000011093061950
C 9
R
P 0000011092FFE630
C 392
R
P 0000011092FFE630
P 0000011093061950
P 0000011093062470
C 79
= 0000011095A0ADD8
R
P 0000011092FFE630
C 392
R
P 0000011092FFE630
P 0000011095A0ADD8
C 299
R
P 0000011092FFE630
C 392
R
P 0000011092FFE630
P 0000011095A0ADD8
C 9
R
P 0000011092FFE630
C 392
R
P 0000011092FFE630
I 9
P 0000011093060DF0
C 159
= 0000011093062930
R
P 0000011092FFE630
C 392
R
P 0000011092FFE630
P 0000011093062930
C 299
R
P 0000011092FFE630
C 392
R
P 0000011092FFE630
P 0000011093062930
C 9
R
P 0000011092FFE630
C 392
R
P 0000011092FFE630
P 0000011093062470
P 0000011093062930
C 79
= 0000011095A0AE10
R
P 0000011092FFE630
C 392
R
P 0000011092FFE630
P 0000011095A0AE10
C 299
R
P 0000011092FFE630
C 392
R
P 0000011092FFE630
P 0000011095A0AE10
C 9
R
P 0000011092FFE630
C 392
R
P 0000011092FFE630
U 2
P 0000011095A0ADD8
P 0000011095A0AE10
p 2
C 68
= 0000011095A0AE48
R
P 0000011092FFE630
C 392
R
P 0000011092FFE630
P 0000011095A0AE48
C 299
R
P 0000011092FFE630
C 392
R
P 0000011092FFE630
P 0000011095A0AE48
C 9
R
P 0000011092FFE630
C 392
R
P 0000011092FFE630
I 1
P 0000011093060DF0
C 159
= 0000011093061950
R
P 0000011092FFE630
C 392
R
P 0000011092FFE630
P 0000011093061950
C 299
R
P 0000011092FFE630
C 392
R
P 0000011092FFE630
P 0000011093061950
C 9
R
P 0000011092FFE630
C 392
R
P 0000011092FFE630
P 0000011093061950
P 0000011093062490
C 79
= 0000011095A0AE80
R
P 0000011092FFE630
C 392
R
P 0000011092FFE630
P 0000011095A0AE80
C 299
R
P 0000011092FFE630
C 392
R
P 0000011092FFE630
P 0000011095A0AE80
C 9
R
P 0000011092FFE630
C 392
R
P 0000011092FFE630
I 9
P 0000011093060DF0
C 159
= 0000011093062930
R
P 0000011092FFE630
C 392
R
P 0000011092FFE630
P 0000011093062930
C 299
R
P 0000011092FFE630
C 392
R
P 0000011092FFE630
P 0000011093062930
C 9
R
P 0000011092FFE630
C 392
R
P 0000011092FFE630
P 0000011093062490
P 0000011093062930
C 79
= 0000011095A0AEB8
R
P 0000011092FFE630
C 392
R
P 0000011092FFE630
P 0000011095A0AEB8
C 299
R
P 0000011092FFE630
C 392
R
P 0000011092FFE630
P 0000011095A0AEB8
C 9
R
P 0000011092FFE630
C 392
R
P 0000011092FFE630
U 2
P 0000011095A0AE80
P 0000011095A0AEB8
p 2
C 68
= 0000011095A0AEF0
R
P 0000011092FFE630
C 392
R
P 0000011092FFE630
P 0000011095A0AEF0
C 299
R
P 0000011092FFE630
C 392
R
P 0000011092FFE630
P 0000011095A0AEF0
C 9
R
P 0000011092FFE630
C 392
R
P 0000011092FFE630
I 1
P 0000011093060DF0
C 159
= 0000011093061950
R
P 0000011092FFE630
C 392
R
P 0000011092FFE630
P 0000011093061950
C 299
R
P 0000011092FFE630
C 392
R
P 0000011092FFE630
P 0000011093061950
C 9
R
P 0000011092FFE630
C 392
R
P 0000011092FFE630
P 0000011093061950
P 00000110930624B0
C 79
= 0000011095A0AF28
R
P 0000011092FFE630
C 392
R
P 0000011092FFE630
P 0000011095A0AF28
C 299
R
P 0000011092FFE630
C 392
R
P 0000011092FFE630
P 0000011095A0AF28
C 9
R
P 0000011092FFE630
C 392
R
P 0000011092FFE630
I 9
P 0000011093060DF0
C 159
= 0000011093062930
R
P 0000011092FFE630
C 392
R
P 0000011092FFE630
P 0000011093062930
C 299
R
P 0000011092FFE630
C 392
R
P 0000011092FFE630
P 0000011093062930
C 9
R
P 0000011092FFE630
C 392
R
P 0000011092FFE630
P 00000110930624B0
P 0000011093062930
C 79
= 0000011095A0AF60
R
P 0000011092FFE630
C 392
R
P 0000011092FFE630
P 0000011095A0AF60
C 299
R
P 0000011092FFE630
C 392
R
P 0000011092FFE630
P 0000011095A0AF60
C 9
R
P 0000011092FFE630
C 392
R
P 0000011092FFE630
U 2
P 0000011095A0AF28
P 0000011095A0AF60
p 2
C 68
= 0000011095A0AF98
R
P 0000011092FFE630
C 392
R
P 0000011092FFE630
P 0000011095A0AF98
C 299
R
P 0000011092FFE630
C 392
R
P 0000011092FFE630
P 0000011095A0AF98
C 9
R
P 0000011092FFE630
C 392
R
P 0000011092FFE630
I 1
P 0000011093060DF0
C 159
= 0000011093061950
R
P 0000011092FFE630
C 392
R
P 0000011092FFE630
P 0000011093061950
C 299
R
P 0000011092FFE630
C 392
R
P 0000011092FFE630
P 0000011093061950
C 9
R
P 0000011092FFE630
C 392
R
P 0000011092FFE630
P 0000011093061950
P 00000110930624D0
C 79
= 0000011095A0AFD0
R
P 0000011092FFE630
C 392
R
P 0000011092FFE630
P 0000011095A0AFD0
C 299
R
P 0000011092FFE630
C 392
R
P 0000011092FFE630
P 0000011095A0AFD0
C 9
R
P 0000011092FFE630
C 392
R
P 0000011092FFE630
I 9
P 0000011093060DF0
C 159
= 0000011093062930
R
P 0000011092FFE630
C 392
R
P 0000011092FFE630
P 0000011093062930
C 299
R
P 0000011092FFE630
C 392
R
P 0000011092FFE630
P 0000011093062930
C 9
R
P 0000011092FFE630
C 392
R
P 0000011092FFE630
P 00000110930624D0
P 0000011093062930
C 79
= 0000011095A0B008
R
P 0000011092FFE630
C 392
R
P 0000011092FFE630
P 0000011095A0B008
C 299
R
P 0000011092FFE630
C 392
R
P 0000011092FFE630
P 0000011095A0B008
C 9
R
P 0000011092FFE630
C 392
R
P 0000011092FFE630
U 2
P 0000011095A0AFD0
P 0000011095A0B008
p 2
C 68
= 0000011095A0B040
R
P 0000011092FFE630
C 392
R
P 0000011092FFE630
P 0000011095A0B040
C 299
R
P 0000011092FFE630
C 392
R
P 0000011092FFE630
P 0000011095A0B040
C 9
R
P 0000011092FFE630
C 392
R
P 0000011092FFE630
I 1
P 0000011093060DF0
C 159
= 0000011093061950
R
P 0000011092FFE630
C 392
R
P 0000011092FFE630
P 0000011093061950
C 299
R
P 0000011092FFE630
C 392
R
P 0000011092FFE630
P 0000011093061950
C 9
R
P 0000011092FFE630
C 392
R
P 0000011092FFE630
P 0000011093061950
P 00000110930624F0
C 79
= 0000011095A0B078
R
P 0000011092FFE630
C 392
R
P 0000011092FFE630
P 0000011095A0B078
C 299
R
P 0000011092FFE630
C 392
R
P 0000011092FFE630
P 0000011095A0B078
C 9
R
P 0000011092FFE630
C 392
R
P 0000011092FFE630
I 9
P 0000011093060DF0
C 159
= 0000011093062930
R
P 0000011092FFE630
C 392
R
P 0000011092FFE630
P 0000011093062930
C 299
R
P 0000011092FFE630
C 392
R
P 0000011092FFE630
P 0000011093062930
C 9
R
P 0000011092FFE630
C 392
R
P 0000011092FFE630
P 00000110930624F0
P 0000011093062930
C 79
= 0000011095A0B0B0
R
P 0000011092FFE630
C 392
R
P 0000011092FFE630
P 0000011095A0B0B0
C 299
R
P 0000011092FFE630
C 392
R
P 0000011092FFE630
P 0000011095A0B0B0
C 9
R
P 0000011092FFE630
C 392
R
P 0000011092FFE630
U 2
P 0000011095A0B078
P 0000011095A0B0B0
p 2
C 68
= 0000011095A0B0E8
R
P 0000011092FFE630
C 392
R
P 0000011092FFE630
P 0000011095A0B0E8
C 299
R
P 0000011092FFE630
C 392
R
P 0000011092FFE630
P 0000011095A0B0E8
C 9
R
P 0000011092FFE630
C 392
R
P 0000011092FFE630
I 1
P 0000011093060DF0
C 159
= 0000011093061950
R
P 0000011092FFE630
C 392
R
P 0000011092FFE630
P 0000011093061950
C 299
R
P 0000011092FFE630
C 392
R
P 0000011092FFE630
P 0000011093061950
C 9
R
P 0000011092FFE630
C 392
R
P 0000011092FFE630
P 0000011093061950
P 0000011093062510
C 79
= 0000011095A0B120
R
P 0000011092FFE630
C 392
R
P 0000011092FFE630
P 0000011095A0B120
C 299
R
P 0000011092FFE630
C 392
R
P 0000011092FFE630
P 0000011095A0B120
C 9
R
P 0000011092FFE630
C 392
R
P 0000011092FFE630
I 9
P 0000011093060DF0
C 159
= 0000011093062930
R
P 0000011092FFE630
C 392
R
P 0000011092FFE630
P 0000011093062930
C 299
R
P 0000011092FFE630
C 392
R
P 0000011092FFE630
P 0000011093062930
C 9
R
P 0000011092FFE630
C 392
R
P 0000011092FFE630
P 0000011093062510
P 0000011093062930
C 79
= 0000011095A0B158
R
P 0000011092FFE630
C 392
R
P 0000011092FFE630
P 0000011095A0B158
C 299
R
P 0000011092FFE630
C 392
R
P 0000011092FFE630
P 0000011095A0B158
C 9
R
P 0000011092FFE630
C 392
R
P 0000011092FFE630
U 2
P 0000011095A0B120
P 0000011095A0B158
p 2
C 68
= 0000011095A0B190
R
P 0000011092FFE630
C 392
R
P 0000011092FFE630
P 0000011095A0B190
C 299
R
P 0000011092FFE630
C 392
R
P 0000011092FFE630
P 0000011095A0B190
C 9
R
P 0000011092FFE630
C 392
R
P 0000011092FFE630
I 1
P 0000011093060DF0
C 159
= 0000011093061950
R
P 0000011092FFE630
C 392
R
P 0000011092FFE630
P 0000011093061950
C 299
R
P 0000011092FFE630
C 392
R
P 0000011092FFE630
P 0000011093061950
C 9
R
P 0000011092FFE630
C 392
R
P 0000011092FFE630
P 0000011093061950
P 0000011093062530
C 79
= 0000011095A0B1C8
R
P 0000011092FFE630
C 392
R
P 0000011092FFE630
P 0000011095A0B1C8
C 299
R
P 0000011092FFE630
C 392
R
P 0000011092FFE630
P 0000011095A0B1C8
C 9
R
P 0000011092FFE630
C 392
R
P 0000011092FFE630
I 9
P 0000011093060DF0
C 159
= 0000011093062930
R
P 0000011092FFE630
C 392
R
P 0000011092FFE630
P 0000011093062930
C 299
R
P 0000011092FFE630
C 392
R
P 0000011092FFE630
P 0000011093062930
C 9
R
P 0000011092FFE630
C 392
R
P 0000011092FFE630
P 0000011093062530
P 0000011093062930
C 79
= 0000011095A0B200
R
P 0000011092FFE630
C 392
R
P 0000011092FFE630
P 0000011095A0B200
C 299
R
P 0000011092FFE630
C 392
R
P 0000011092FFE630
P 0000011095A0B200
C 9
R
P 0000011092FFE630
C 392
R
P 0000011092FFE630
U 2
P 0000011095A0B1C8
P 0000011095A0B200
p 2
C 68
= 0000011095A0B238
R
P 0000011092FFE630
C 392
R
P 0000011092FFE630
P 0000011095A0B238
C 299
R
P 0000011092FFE630
C 392
R
P 0000011092FFE630
P 0000011095A0B238
C 9
R
P 0000011092FFE630
C 392
R
P 0000011092FFE630
I 1
P 0000011093060DF0
C 159
= 0000011093061950
R
P 0000011092FFE630
C 392
R
P 0000011092FFE630
P 0000011093061950
C 299
R
P 0000011092FFE630
C 392
R
P 0000011092FFE630
P 0000011093061950
C 9
R
P 0000011092FFE630
C 392
R
P 0000011092FFE630
P 0000011093061950
P 0000011093062550
C 79
= 0000011095A0B270
R
P 0000011092FFE630
C 392
R
P 0000011092FFE630
P 0000011095A0B270
C 299
R
P 0000011092FFE630
C 392
R
P 0000011092FFE630
P 0000011095A0B270
C 9
R
P 0000011092FFE630
C 392
R
P 0000011092FFE630
I 9
P 0000011093060DF0
C 159
= 0000011093062930
R
P 0000011092FFE630
C 392
R
P 0000011092FFE630
P 0000011093062930
C 299
R
P 0000011092FFE630
C 392
R
P 0000011092FFE630
P 0000011093062930
C 9
R
P 0000011092FFE630
C 392
R
P 0000011092FFE630
P 0000011093062550
P 0000011093062930
C 79
= 0000011095A0B2A8
R
P 0000011092FFE630
C 392
R
P 0000011092FFE630
P 0000011095A0B2A8
C 299
R
P 0000011092FFE630
C 392
R
P 0000011092FFE630
P 0000011095A0B2A8
C 9
R
P 0000011092FFE630
C 392
R
P 0000011092FFE630
U 2
P 0000011095A0B270
P 0000011095A0B2A8
p 2
C 68
= 0000011095A0B2E0
R
P 0000011092FFE630
C 392
R
P 0000011092FFE630
P 0000011095A0B2E0
C 299
R
P 0000011092FFE630
C 392
R
P 0000011092FFE630
P 0000011095A0B2E0
C 9
R
P 0000011092FFE630
C 392
R
P 0000011092FFE630
I 1
P 0000011093060DF0
C 159
= 0000011093061950
R
P 0000011092FFE630
C 392
R
P 0000011092FFE630
P 0000011093061950
C 299
R
P 0000011092FFE630
C 392
R
P 0000011092FFE630
P 0000011093061950
C 9
R
P 0000011092FFE630
C 392
R
P 0000011092FFE630
P 0000011093061950
P 0000011093062570
C 79
= 0000011095A0B318
R
P 0000011092FFE630
C 392
R
P 0000011092FFE630
P 0000011095A0B318
C 299
R
P 0000011092FFE630
C 392
R
P 0000011092FFE630
P 0000011095A0B318
C 9
R
P 0000011092FFE630
C 392
R
P 0000011092FFE630
I 9
P 0000011093060DF0
C 159
= 0000011093062930
R
P 0000011092FFE630
C 392
R
P 0000011092FFE630
P 0000011093062930
C 299
R
P 0000011092FFE630
C 392
R
P 0000011092FFE630
P 0000011093062930
C 9
R
P 0000011092FFE630
C 392
R
P 0000011092FFE630
P 0000011093062570
P 0000011093062930
C 79
= 0000011095A0B350
R
P 0000011092FFE630
C 392
R
P 0000011092FFE630
P 0000011095A0B350
C 299
R
P 0000011092FFE630
C 392
R
P 0000011092FFE630
P 0000011095A0B350
C 9
R
P 0000011092FFE630
C 392
R
P 0000011092FFE630
U 2
P 0000011095A0B318
P 0000011095A0B350
p 2
C 68
= 0000011095A0B388
R
P 0000011092FFE630
C 392
R
P 0000011092FFE630
P 0000011095A0B388
C 299
R
P 0000011092FFE630
C 392
R
P 0000011092FFE630
P 0000011095A0B388
C 9
R
P 0000011092FFE630
C 392
R
P 0000011092FFE630
I 1
P 0000011093060DF0
C 159
= 0000011093061950
R
P 0000011092FFE630
C 392
R
P 0000011092FFE630
P 0000011093061950
C 299
R
P 0000011092FFE630
C 392
R
P 0000011092FFE630
P 0000011093061950
C 9
R
P 0000011092FFE630
C 392
R
P 0000011092FFE630
P 0000011093061950
P 0000011093062590
C 79
= 0000011095A0B3C0
R
P 0000011092FFE630
C 392
R
P 0000011092FFE630
P 0000011095A0B3C0
C 299
R
P 0000011092FFE630
C 392
R
P 0000011092FFE630
P 0000011095A0B3C0
C 9
R
P 0000011092FFE630
C 392
R
P 0000011092FFE630
I 9
P 0000011093060DF0
C 159
= 0000011093062930
R
P 0000011092FFE630
C 392
R
P 0000011092FFE630
P 0000011093062930
C 299
R
P 0000011092FFE630
C 392
R
P 0000011092FFE630
P 0000011093062930
C 9
R
P 0000011092FFE630
C 392
R
P 0000011092FFE630
P 0000011093062590
P 0000011093062930
C 79
= 0000011095A0B3F8
R
P 0000011092FFE630
C 392
R
P 0000011092FFE630
P 0000011095A0B3F8
C 299
R
P 0000011092FFE630
C 392
R
P 0000011092FFE630
P 0000011095A0B3F8
C 9
R
P 0000011092FFE630
C 392
R
P 0000011092FFE630
U 2
P 0000011095A0B3C0
P 0000011095A0B3F8
p 2
C 68
= 0000011095A0B430
R
P 0000011092FFE630
C 392
R
P 0000011092FFE630
P 0000011095A0B430
C 299
R
P 0000011092FFE630
C 392
R
P 0000011092FFE630
P 0000011095A0B430
C 9
R
P 0000011092FFE630
C 392
R
P 0000011092FFE630
I 1
P 0000011093060DF0
C 159
= 0000011093061950
R
P 0000011092FFE630
C 392
R
P 0000011092FFE630
P 0000011093061950
C 299
R
P 0000011092FFE630
C 392
R
P 0000011092FFE630
P 0000011093061950
C 9
R
P 0000011092FFE630
C 392
R
P 0000011092FFE630
P 0000011093061950
P 00000110930625B0
C 79
= 0000011095A0B468
R
P 0000011092FFE630
C 392
R
P 0000011092FFE630
P 0000011095A0B468
C 299
R
P 0000011092FFE630
C 392
R
P 0000011092FFE630
P 0000011095A0B468
C 9
R
P 0000011092FFE630
C 392
R
P 0000011092FFE630
I 9
P 0000011093060DF0
C 159
= 0000011093062930
R
P 0000011092FFE630
C 392
R
P 0000011092FFE630
P 0000011093062930
C 299
R
P 0000011092FFE630
C 392
R
P 0000011092FFE630
P 0000011093062930
C 9
R
P 0000011092FFE630
C 392
R
P 0000011092FFE630
P 00000110930625B0
P 0000011093062930
C 79
= 0000011095A0B4A0
R
P 0000011092FFE630
C 392
R
P 0000011092FFE630
P 0000011095A0B4A0
C 299
R
P 0000011092FFE630
C 392
R
P 0000011092FFE630
P 0000011095A0B4A0
C 9
R
P 0000011092FFE630
C 392
R
P 0000011092FFE630
U 2
P 0000011095A0B468
P 0000011095A0B4A0
p 2
C 68
= 0000011095A0B4D8
R
P 0000011092FFE630
C 392
R
P 0000011092FFE630
P 0000011095A0B4D8
C 299
R
P 0000011092FFE630
C 392
R
P 0000011092FFE630
P 0000011095A0B4D8
C 9
R
P 0000011092FFE630
C 392
R
P 0000011092FFE630
I 1
P 0000011093060DF0
C 159
= 0000011093061950
R
P 0000011092FFE630
C 392
R
P 0000011092FFE630
P 0000011093061950
C 299
R
P 0000011092FFE630
C 392
R
P 0000011092FFE630
P 0000011093061950
C 9
R
P 0000011092FFE630
C 392
R
P 0000011092FFE630
P 0000011093061950
P 00000110930625D0
C 79
= 0000011095A0B510
R
P 0000011092FFE630
C 392
R
P 0000011092FFE630
P 0000011095A0B510
C 299
R
P 0000011092FFE630
C 392
R
P 0000011092FFE630
P 0000011095A0B510
C 9
R
P 0000011092FFE630
C 392
R
P 0000011092FFE630
I 9
P 0000011093060DF0
C 159
= 0000011093062930
R
P 0000011092FFE630
C 392
R
P 0000011092FFE630
P 0000011093062930
C 299
R
P 0000011092FFE630
C 392
R
P 0000011092FFE630
P 0000011093062930
C 9
R
P 0000011092FFE630
C 392
R
P 0000011092FFE630
P 00000110930625D0
P 0000011093062930
C 79
= 0000011095A0B548
R
P 0000011092FFE630
C 392
R
P 0000011092FFE630
P 0000011095A0B548
C 299
R
P 0000011092FFE630
C 392
R
P 0000011092FFE630
P 0000011095A0B548
C 9
R
P 0000011092FFE630
C 392
R
P 0000011092FFE630
U 2
P 0000011095A0B510
P 0000011095A0B548
p 2
C 68
= 0000011095A0B580
R
P 0000011092FFE630
C 392
R
P 0000011092FFE630
P 0000011095A0B580
C 299
R
P 0000011092FFE630
C 392
R
P 0000011092FFE630
P 0000011095A0B580
C 9
R
P 0000011092FFE630
C 392
R
P 0000011092FFE630
I 1
P 0000011093060DF0
C 159
= 0000011093061950
R
P 0000011092FFE630
C 392
R
P 0000011092FFE630
P 0000011093061950
C 299
R
P 0000011092FFE630
C 392
R
P 0000011092FFE630
P 0000011093061950
C 9
R
P 0000011092FFE630
C 392
R
P 0000011092FFE630
P 0000011093061950
P 00000110930625F0
C 79
= 0000011095A0B5B8
R
P 0000011092FFE630
C 392
R
P 0000011092FFE630
P 0000011095A0B5B8
C 299
R
P 0000011092FFE630
C 392
R
P 0000011092FFE630
P 0000011095A0B5B8
C 9
R
P 0000011092FFE630
C 392
R
P 0000011092FFE630
I 9
P 0000011093060DF0
C 159
= 0000011093062930
R
P 0000011092FFE630
C 392
R
P 0000011092FFE630
P 0000011093062930
C 299
R
P 0000011092FFE630
C 392
R
P 0000011092FFE630
P 0000011093062930
C 9
R
P 0000011092FFE630
C 392
R
P 0000011092FFE630
P 00000110930625F0
P 0000011093062930
C 79
= 0000011095A0B5F0
R
P 0000011092FFE630
C 392
R
P 0000011092FFE630
P 0000011095A0B5F0
C 299
R
P 0000011092FFE630
C 392
R
P 0000011092FFE630
P 0000011095A0B5F0
C 9
R
P 0000011092FFE630
C 392
R
P 0000011092FFE630
U 2
P 0000011095A0B5B8
P 0000011095A0B5F0
p 2
C 68
= 0000011095A0B628
R
P 0000011092FFE630
C 392
R
P 0000011092FFE630
P 0000011095A0B628
C 299
R
P 0000011092FFE630
C 392
R
P 0000011092FFE630
P 0000011095A0B628
C 9
R
P 0000011092FFE630
C 392
R
P 0000011092FFE630
I 1
P 0000011093060DF0
C 159
= 0000011093061950
R
P 0000011092FFE630
C 392
R
P 0000011092FFE630
P 0000011093061950
C 299
R
P 0000011092FFE630
C 392
R
P 0000011092FFE630
P 0000011093061950
C 9
R
P 0000011092FFE630
C 392
R
P 0000011092FFE630
P 0000011093061950
P 0000011093062610
C 79
= 0000011095A0B660
R
P 0000011092FFE630
C 392
R
P 0000011092FFE630
P 0000011095A0B660
C 299
R
P 0000011092FFE630
C 392
R
P 0000011092FFE630
P 0000011095A0B660
C 9
R
P 0000011092FFE630
C 392
R
P 0000011092FFE630
I 9
P 0000011093060DF0
C 159
= 0000011093062930
R
P 0000011092FFE630
C 392
R
P 0000011092FFE630
P 0000011093062930
C 299
R
P 0000011092FFE630
C 392
R
P 0000011092FFE630
P 0000011093062930
C 9
R
P 0000011092FFE630
C 392
R
P 0000011092FFE630
P 0000011093062610
P 0000011093062930
C 79
= 0000011095A0B698
R
P 0000011092FFE630
C 392
R
P 0000011092FFE630
P 0000011095A0B698
C 299
R
P 0000011092FFE630
C 392
R
P 0000011092FFE630
P 0000011095A0B698
C 9
R
P 0000011092FFE630
C 392
R
P 0000011092FFE630
U 2
P 0000011095A0B660
P 0000011095A0B698
p 2
C 68
= 0000011095A0B6D0
R
P 0000011092FFE630
C 392
R
P 0000011092FFE630
P 0000011095A0B6D0
C 299
R
P 0000011092FFE630
C 392
R
P 0000011092FFE630
P 0000011095A0B6D0
C 9
R
P 0000011092FFE630
C 392
R
P 0000011092FFE630
I 1
P 0000011093060DF0
C 159
= 0000011093061950
R
P 0000011092FFE630
C 392
R
P 0000011092FFE630
P 0000011093061950
C 299
R
P 0000011092FFE630
C 392
R
P 0000011092FFE630
P 0000011093061950
C 9
R
P 0000011092FFE630
C 392
R
P 0000011092FFE630
P 0000011093061950
P 0000011093062630
C 79
= 0000011095A0B708
R
P 0000011092FFE630
C 392
R
P 0000011092FFE630
P 0000011095A0B708
C 299
R
P 0000011092FFE630
C 392
R
P 0000011092FFE630
P 0000011095A0B708
C 9
R
P 0000011092FFE630
C 392
R
P 0000011092FFE630
I 9
P 0000011093060DF0
C 159
= 0000011093062930
R
P 0000011092FFE630
C 392
R
P 0000011092FFE630
P 0000011093062930
C 299
R
P 0000011092FFE630
C 392
R
P 0000011092FFE630
P 0000011093062930
C 9
R
P 0000011092FFE630
C 392
R
P 0000011092FFE630
P 0000011093062630
P 0000011093062930
C 79
= 0000011095A0B740
R
P 0000011092FFE630
C 392
R
P 0000011092FFE630
P 0000011095A0B740
C 299
R
P 0000011092FFE630
C 392
R
P 0000011092FFE630
P 0000011095A0B740
C 9
R
P 0000011092FFE630
C 392
R
P 0000011092FFE630
U 2
P 0000011095A0B708
P 0000011095A0B740
p 2
C 68
= 0000011095A0B778
R
P 0000011092FFE630
C 392
R
P 0000011092FFE630
P 0000011095A0B778
C 299
R
P 0000011092FFE630
C 392
R
P 0000011092FFE630
P 0000011095A0B778
C 9
R
P 0000011092FFE630
C 392
R
P 0000011092FFE630
I 1
P 0000011093060DF0
C 159
= 0000011093061950
R
P 0000011092FFE630
C 392
R
P 0000011092FFE630
P 0000011093061950
C 299
R
P 0000011092FFE630
C 392
R
P 0000011092FFE630
P 0000011093061950
C 9
R
P 0000011092FFE630
C 392
R
P 0000011092FFE630
P 0000011093061950
P 0000011093062650
C 79
= 0000011095A0B7B0
R
P 0000011092FFE630
C 392
R
P 0000011092FFE630
P 0000011095A0B7B0
C 299
R
P 0000011092FFE630
C 392
R
P 0000011092FFE630
P 0000011095A0B7B0
C 9
R
P 0000011092FFE630
C 392
R
P 0000011092FFE630
I 9
P 0000011093060DF0
C 159
= 0000011093062930
R
P 0000011092FFE630
C 392
R
P 0000011092FFE630
P 0000011093062930
C 299
R
P 0000011092FFE630
C 392
R
P 0000011092FFE630
P 0000011093062930
C 9
R
P 0000011092FFE630
C 392
R
P 0000011092FFE630
P 0000011093062650
P 0000011093062930
C 79
= 0000011095A0B7E8
R
P 0000011092FFE630
C 392
R
P 0000011092FFE630
P 0000011095A0B7E8
C 299
R
P 0000011092FFE630
C 392
R
P 0000011092FFE630
P 0000011095A0B7E8
C 9
R
P 0000011092FFE630
C 392
R
P 0000011092FFE630
U 2
P 0000011095A0B7B0
P 0000011095A0B7E8
p 2
C 68
= 0000011095A0B820
R
P 0000011092FFE630
C 392
R
P 0000011092FFE630
P 0000011095A0B820
C 299
R
P 0000011092FFE630
C 392
R
P 0000011092FFE630
P 0000011095A0B820
C 9
R
P 0000011092FFE630
C 392
R
P 0000011092FFE630
I 1
P 0000011093060DF0
C 159
= 0000011093061950
R
P 0000011092FFE630
C 392
R
P 0000011092FFE630
P 0000011093061950
C 299
R
P 0000011092FFE630
C 392
R
P 0000011092FFE630
P 0000011093061950
C 9
R
P 0000011092FFE630
C 392
R
P 0000011092FFE630
P 0000011093061950
P 0000011093062670
C 79
= 0000011095A0B858
R
P 0000011092FFE630
C 392
R
P 0000011092FFE630
P 0000011095A0B858
C 299
R
P 0000011092FFE630
C 392
R
P 0000011092FFE630
P 0000011095A0B858
C 9
R
P 0000011092FFE630
C 392
R
P 0000011092FFE630
I 9
P 0000011093060DF0
C 159
= 0000011093062930
R
P 0000011092FFE630
C 392
R
P 0000011092FFE630
P 0000011093062930
C 299
R
P 0000011092FFE630
C 392
R
P 0000011092FFE630
P 0000011093062930
C 9
R
P 0000011092FFE630
C 392
R
P 0000011092FFE630
P 0000011093062670
P 0000011093062930
C 79
= 0000011095A0B890
R
P 0000011092FFE630
C 392
R
P 0000011092FFE630
P 0000011095A0B890
C 299
R
P 0000011092FFE630
C 392
R
P 0000011092FFE630
P 0000011095A0B890
C 9
R
P 0000011092FFE630
C 392
R
P 0000011092FFE630
U 2
P 0000011095A0B858
P 0000011095A0B890
p 2
C 68
= 0000011095A0B8C8
R
P 0000011092FFE630
C 392
R
P 0000011092FFE630
P 0000011095A0B8C8
C 299
R
P 0000011092FFE630
C 392
R
P 0000011092FFE630
P 0000011095A0B8C8
C 9
R
P 0000011092FFE630
C 392
R
P 0000011092FFE630
I 1
P 0000011093060DF0
C 159
= 0000011093061950
R
P 0000011092FFE630
C 392
R
P 0000011092FFE630
P 0000011093061950
C 299
R
P 0000011092FFE630
C 392
R
P 0000011092FFE630
P 0000011093061950
C 9
R
P 0000011092FFE630
C 392
R
P 0000011092FFE630
P 0000011093061950
P 0000011093062690
C 79
= 0000011095A0B900
R
P 0000011092FFE630
C 392
R
P 0000011092FFE630
P 0000011095A0B900
C 299
R
P 0000011092FFE630
C 392
R
P 0000011092FFE630
P 0000011095A0B900
C 9
R
P 0000011092FFE630
C 392
R
P 0000011092FFE630
I 9
P 0000011093060DF0
C 159
= 0000011093062930
R
P 0000011092FFE630
C 392
R
P 0000011092FFE630
P 0000011093062930
C 299
R
P 0000011092FFE630
C 392
R
P 0000011092FFE630
P 0000011093062930
C 9
R
P 0000011092FFE630
C 392
R
P 0000011092FFE630
P 0000011093062690
P 0000011093062930
C 79
= 0000011095A0B938
R
P 0000011092FFE630
C 392
R
P 0000011092FFE630
P 0000011095A0B938
C 299
R
P 0000011092FFE630
C 392
R
P 0000011092FFE630
P 0000011095A0B938
C 9
R
P 0000011092FFE630
C 392
R
P 0000011092FFE630
U 2
P 0000011095A0B900
P 0000011095A0B938
p 2
C 68
= 0000011095A0B970
R
P 0000011092FFE630
C 392
R
P 0000011092FFE630
P 0000011095A0B970
C 299
R
P 0000011092FFE630
C 392
R
P 0000011092FFE630
P 0000011095A0B970
C 9
R
P 0000011092FFE630
C 392
R
P 0000011092FFE630
I 1
P 0000011093060DF0
C 159
= 0000011093061950
R
P 0000011092FFE630
C 392
R
P 0000011092FFE630
P 0000011093061950
C 299
R
P 0000011092FFE630
C 392
R
P 0000011092FFE630
P 0000011093061950
C 9
R
P 0000011092FFE630
C 392
R
P 0000011092FFE630
P 0000011093061950
P 00000110930626B0
C 79
= 0000011095A0B9A8
R
P 0000011092FFE630
C 392
R
P 0000011092FFE630
P 0000011095A0B9A8
C 299
R
P 0000011092FFE630
C 392
R
P 0000011092FFE630
P 0000011095A0B9A8
C 9
R
P 0000011092FFE630
C 392
R
P 0000011092FFE630
I 9
P 0000011093060DF0
C 159
= 0000011093062930
R
P 0000011092FFE630
C 392
R
P 0000011092FFE630
P 0000011093062930
C 299
R
P 0000011092FFE630
C 392
R
P 0000011092FFE630
P 0000011093062930
C 9
R
P 0000011092FFE630
C 392
R
P 0000011092FFE630
P 00000110930626B0
P 0000011093062930
C 79
= 0000011095A0B9E0
R
P 0000011092FFE630
C 392
R
P 0000011092FFE630
P 0000011095A0B9E0
C 299
R
P 0000011092FFE630
C 392
R
P 0000011092FFE630
P 0000011095A0B9E0
C 9
R
P 0000011092FFE630
C 392
R
P 0000011092FFE630
U 2
P 0000011095A0B9A8
P 0000011095A0B9E0
p 2
C 68
= 0000011095A0BA18
R
P 0000011092FFE630
C 392
R
P 0000011092FFE630
P 0000011095A0BA18
C 299
R
P 0000011092FFE630
C 392
R
P 0000011092FFE630
P 0000011095A0BA18
C 9
R
P 0000011092FFE630
C 392
R
P 0000011092FFE630
I 1
P 0000011093060DF0
C 159
= 0000011093061950
R
P 0000011092FFE630
C 392
R
P 0000011092FFE630
P 0000011093061950
C 299
R
P 0000011092FFE630
C 392
R
P 0000011092FFE630
P 0000011093061950
C 9
R
P 0000011092FFE630
C 392
R
P 0000011092FFE630
P 0000011093061950
P 00000110930626D0
C 79
= 0000011095A0BA50
R
P 0000011092FFE630
C 392
R
P 0000011092FFE630
P 0000011095A0BA50
C 299
R
P 0000011092FFE630
C 392
R
P 0000011092FFE630
P 0000011095A0BA50
C 9
R
P 0000011092FFE630
C 392
R
P 0000011092FFE630
I 9
P 0000011093060DF0
C 159
= 0000011093062930
R
P 0000011092FFE630
C 392
R
P 0000011092FFE630
P 0000011093062930
C 299
R
P 0000011092FFE630
C 392
R
P 0000011092FFE630
P 0000011093062930
C 9
R
P 0000011092FFE630
C 392
R
P 0000011092FFE630
P 00000110930626D0
P 0000011093062930
C 79
= 0000011095A0BA88
R
P 0000011092FFE630
C 392
R
P 0000011092FFE630
P 0000011095A0BA88
C 299
R
P 0000011092FFE630
C 392
R
P 0000011092FFE630
P 0000011095A0BA88
C 9
R
P 0000011092FFE630
C 392
R
P 0000011092FFE630
U 2
P 0000011095A0BA50
P 0000011095A0BA88
p 2
C 68
= 0000011095A0BAC0
R
P 0000011092FFE630
C 392
R
P 0000011092FFE630
P 0000011095A0BAC0
C 299
R
P 0000011092FFE630
C 392
R
P 0000011092FFE630
P 0000011095A0BAC0
C 9
R
P 0000011092FFE630
C 392
R
P 0000011092FFE630
I 1
P 0000011093060DF0
C 159
= 0000011093061950
R
P 0000011092FFE630
C 392
R
P 0000011092FFE630
P 0000011093061950
C 299
R
P 0000011092FFE630
C 392
R
P 0000011092FFE630
P 0000011093061950
C 9
R
P 0000011092FFE630
C 392
R
P 0000011092FFE630
P 0000011093061950
P 00000110930626F0
C 79
= 0000011095A0BAF8
R
P 0000011092FFE630
C 392
R
P 0000011092FFE630
P 0000011095A0BAF8
C 299
R
P 0000011092FFE630
C 392
R
P 0000011092FFE630
P 0000011095A0BAF8
C 9
R
P 0000011092FFE630
C 392
R
P 0000011092FFE630
I 9
P 0000011093060DF0
C 159
= 0000011093062930
R
P 0000011092FFE630
C 392
R
P 0000011092FFE630
P 0000011093062930
C 299
R
P 0000011092FFE630
C 392
R
P 0000011092FFE630
P 0000011093062930
C 9
R
P 0000011092FFE630
C 392
R
P 0000011092FFE630
P 00000110930626F0
P 0000011093062930
C 79
= 0000011095A0BB30
R
P 0000011092FFE630
C 392
R
P 0000011092FFE630
P 0000011095A0BB30
C 299
R
P 0000011092FFE630
C 392
R
P 0000011092FFE630
P 0000011095A0BB30
C 9
R
P 0000011092FFE630
C 392
R
P 0000011092FFE630
U 2
P 0000011095A0BAF8
P 0000011095A0BB30
p 2
C 68
= 0000011095A0BB68
R
P 0000011092FFE630
C 392
R
P 0000011092FFE630
P 0000011095A0BB68
C 299
R
P 0000011092FFE630
C 392
R
P 0000011092FFE630
P 0000011095A0BB68
C 9
R
P 0000011092FFE630
C 392
R
P 0000011092FFE630
I 1
P 0000011093060DF0
C 159
= 0000011093061950
R
P 0000011092FFE630
C 392
R
P 0000011092FFE630
P 0000011093061950
C 299
R
P 0000011092FFE630
C 392
R
P 0000011092FFE630
P 0000011093061950
C 9
R
P 0000011092FFE630
C 392
R
P 0000011092FFE630
P 0000011093061950
P 0000011093062710
C 79
= 0000011095A0BBA0
R
P 0000011092FFE630
C 392
R
P 0000011092FFE630
P 0000011095A0BBA0
C 299
R
P 0000011092FFE630
C 392
R
P 0000011092FFE630
P 0000011095A0BBA0
C 9
R
P 0000011092FFE630
C 392
R
P 0000011092FFE630
I 9
P 0000011093060DF0
C 159
= 0000011093062930
R
P 0000011092FFE630
C 392
R
P 0000011092FFE630
P 0000011093062930
C 299
R
P 0000011092FFE630
C 392
R
P 0000011092FFE630
P 0000011093062930
C 9
R
P 0000011092FFE630
C 392
R
P 0000011092FFE630
P 0000011093062710
P 0000011093062930
C 79
= 0000011095A0BBD8
R
P 0000011092FFE630
C 392
R
P 0000011092FFE630
P 0000011095A0BBD8
C 299
R
P 0000011092FFE630
C 392
R
P 0000011092FFE630
P 0000011095A0BBD8
C 9
R
P 0000011092FFE630
C 392
R
P 0000011092FFE630
U 2
P 0000011095A0BBA0
P 0000011095A0BBD8
p 2
C 68
= 0000011095A0BC10
R
P 0000011092FFE630
C 392
R
P 0000011092FFE630
P 0000011095A0BC10
C 299
R
P 0000011092FFE630
C 392
R
P 0000011092FFE630
P 0000011095A0BC10
C 9
R
P 0000011092FFE630
C 392
R
P 0000011092FFE630
I 1
P 0000011093060DF0
C 159
= 0000011093061950
R
P 0000011092FFE630
C 392
R
P 0000011092FFE630
P 0000011093061950
C 299
R
P 0000011092FFE630
C 392
R
P 0000011092FFE630
P 0000011093061950
C 9
R
P 0000011092FFE630
C 392
R
P 0000011092FFE630
P 0000011093061950
P 0000011093062730
C 79
= 0000011095A0BC48
R
P 0000011092FFE630
C 392
R
P 0000011092FFE630
P 0000011095A0BC48
C 299
R
P 0000011092FFE630
C 392
R
P 0000011092FFE630
P 0000011095A0BC48
C 9
R
P 0000011092FFE630
C 392
R
P 0000011092FFE630
I 9
P 0000011093060DF0
C 159
= 0000011093062930
R
P 0000011092FFE630
C 392
R
P 0000011092FFE630
P 0000011093062930
C 299
R
P 0000011092FFE630
C 392
R
P 0000011092FFE630
P 0000011093062930
C 9
R
P 0000011092FFE630
C 392
R
P 0000011092FFE630
P 0000011093062730
P 0000011093062930
C 79
= 0000011095A0BC80
R
P 0000011092FFE630
C 392
R
P 0000011092FFE630
P 0000011095A0BC80
C 299
R
P 0000011092FFE630
C 392
R
P 0000011092FFE630
P 0000011095A0BC80
C 9
R
P 0000011092FFE630
C 392
R
P 0000011092FFE630
U 2
P 0000011095A0BC48
P 0000011095A0BC80
p 2
C 68
= 0000011095A0BCB8
R
P 0000011092FFE630
C 392
R
P 0000011092FFE630
P 0000011095A0BCB8
C 299
R
P 0000011092FFE630
C 392
R
P 0000011092FFE630
P 0000011095A0BCB8
C 9
R
P 0000011092FFE630
C 392
R
P 0000011092FFE630
I 1
P 0000011093060DF0
C 159
= 0000011093061950
R
P 0000011092FFE630
C 392
R
P 0000011092FFE630
P 0000011093061950
C 299
R
P 0000011092FFE630
C 392
R
P 0000011092FFE630
P 0000011093061950
C 9
R
P 0000011092FFE630
C 392
R
P 0000011092FFE630
P 0000011093061950
P 0000011093062750
C 79
= 0000011095A0BCF0
R
P 0000011092FFE630
C 392
R
P 0000011092FFE630
P 0000011095A0BCF0
C 299
R
P 0000011092FFE630
C 392
R
P 0000011092FFE630
P 0000011095A0BCF0
C 9
R
P 0000011092FFE630
C 392
R
P 0000011092FFE630
I 9
P 0000011093060DF0
C 159
= 0000011093062930
R
P 0000011092FFE630
C 392
R
P 0000011092FFE630
P 0000011093062930
C 299
R
P 0000011092FFE630
C 392
R
P 0000011092FFE630
P 0000011093062930
C 9
R
P 0000011092FFE630
C 392
R
P 0000011092FFE630
P 0000011093062750
P 0000011093062930
C 79
= 0000011095A0BD28
R
P 0000011092FFE630
C 392
R
P 0000011092FFE630
P 0000011095A0BD28
C 299
R
P 0000011092FFE630
C 392
R
P 0000011092FFE630
P 0000011095A0BD28
C 9
R
P 0000011092FFE630
C 392
R
P 0000011092FFE630
U 2
P 0000011095A0BCF0
P 0000011095A0BD28
p 2
C 68
= 0000011095A0BD60
R
P 0000011092FFE630
C 392
R
P 0000011092FFE630
P 0000011095A0BD60
C 299
R
P 0000011092FFE630
C 392
R
P 0000011092FFE630
P 0000011095A0BD60
C 9
R
P 0000011092FFE630
C 392
R
P 0000011092FFE630
I 1
P 0000011093060DF0
C 159
= 0000011093061950
R
P 0000011092FFE630
C 392
R
P 0000011092FFE630
P 0000011093061950
C 299
R
P 0000011092FFE630
C 392
R
P 0000011092FFE630
P 0000011093061950
C 9
R
P 0000011092FFE630
C 392
R
P 0000011092FFE630
P 0000011093061950
P 0000011093062770
C 79
= 0000011095A0BD98
R
P 0000011092FFE630
C 392
R
P 0000011092FFE630
P 0000011095A0BD98
C 299
R
P 0000011092FFE630
C 392
R
P 0000011092FFE630
P 0000011095A0BD98
C 9
R
P 0000011092FFE630
C 392
R
P 0000011092FFE630
I 9
P 0000011093060DF0
C 159
= 0000011093062930
R
P 0000011092FFE630
C 392
R
P 0000011092FFE630
P 0000011093062930
C 299
R
P 0000011092FFE630
C 392
R
P 0000011092FFE630
P 0000011093062930
C 9
R
P 0000011092FFE630
C 392
R
P 0000011092FFE630
P 0000011093062770
P 0000011093062930
C 79
= 0000011095A0BDD0
R
P 0000011092FFE630
C 392
R
P 0000011092FFE630
P 0000011095A0BDD0
C 299
R
P 0000011092FFE630
C 392
R
P 0000011092FFE630
P 0000011095A0BDD0
C 9
R
P 0000011092FFE630
C 392
R
P 0000011092FFE630
U 2
P 0000011095A0BD98
P 0000011095A0BDD0
p 2
C 68
= 0000011095A0BE08
R
P 0000011092FFE630
C 392
R
P 0000011092FFE630
P 0000011095A0BE08
C 299
R
P 0000011092FFE630
C 392
R
P 0000011092FFE630
P 0000011095A0BE08
C 9
R
P 0000011092FFE630
C 392
R
P 0000011092FFE630
I 1
P 0000011093060DF0
C 159
= 0000011093061950
R
P 0000011092FFE630
C 392
R
P 0000011092FFE630
P 0000011093061950
C 299
R
P 0000011092FFE630
C 392
R
P 0000011092FFE630
P 0000011093061950
C 9
R
P 0000011092FFE630
C 392
R
P 0000011092FFE630
P 0000011093061950
P 0000011093062790
C 79
= 0000011095A0BE40
R
P 0000011092FFE630
C 392
R
P 0000011092FFE630
P 0000011095A0BE40
C 299
R
P 0000011092FFE630
C 392
R
P 0000011092FFE630
P 0000011095A0BE40
C 9
R
P 0000011092FFE630
C 392
R
P 0000011092FFE630
I 9
P 0000011093060DF0
C 159
= 0000011093062930
R
P 0000011092FFE630
C 392
R
P 0000011092FFE630
P 0000011093062930
C 299
R
P 0000011092FFE630
C 392
R
P 0000011092FFE630
P 0000011093062930
C 9
R
P 0000011092FFE630
C 392
R
P 0000011092FFE630
P 0000011093062790
P 0000011093062930
C 79
= 0000011095A0BE78
R
P 0000011092FFE630
C 392
R
P 0000011092FFE630
P 0000011095A0BE78
C 299
R
P 0000011092FFE630
C 392
R
P 0000011092FFE630
P 0000011095A0BE78
C 9
R
P 0000011092FFE630
C 392
R
P 0000011092FFE630
U 2
P 0000011095A0BE40
P 0000011095A0BE78
p 2
C 68
= 0000011095A0BEB0
R
P 0000011092FFE630
C 392
R
P 0000011092FFE630
P 0000011095A0BEB0
C 299
R
P 0000011092FFE630
C 392
R
P 0000011092FFE630
P 0000011095A0BEB0
C 9
R
P 0000011092FFE630
C 392
R
P 0000011092FFE630
I 1
P 0000011093060DF0
C 159
= 0000011093061950
R
P 0000011092FFE630
C 392
R
P 0000011092FFE630
P 0000011093061950
C 299
R
P 0000011092FFE630
C 392
R
P 0000011092FFE630
P 0000011093061950
C 9
R
P 0000011092FFE630
C 392
R
P 0000011092FFE630
P 0000011093061950
P 00000110930627B0
C 79
= 0000011095A0BEE8
R
P 0000011092FFE630
C 392
R
P 0000011092FFE630
P 0000011095A0BEE8
C 299
R
P 0000011092FFE630
C 392
R
P 0000011092FFE630
P 0000011095A0BEE8
C 9
R
P 0000011092FFE630
C 392
R
P 0000011092FFE630
I 9
P 0000011093060DF0
C 159
= 0000011093062930
R
P 0000011092FFE630
C 392
R
P 0000011092FFE630
P 0000011093062930
C 299
R
P 0000011092FFE630
C 392
R
P 0000011092FFE630
P 0000011093062930
C 9
R
P 0000011092FFE630
C 392
R
P 0000011092FFE630
P 00000110930627B0
P 0000011093062930
C 79
= 0000011095A0BF20
R
P 0000011092FFE630
C 392
R
P 0000011092FFE630
P 0000011095A0BF20
C 299
R
P 0000011092FFE630
C 392
R
P 0000011092FFE630
P 0000011095A0BF20
C 9
R
P 0000011092FFE630
C 392
R
P 0000011092FFE630
U 2
P 0000011095A0BEE8
P 0000011095A0BF20
p 2
C 68
= 0000011095A0BF58
R
P 0000011092FFE630
C 392
R
P 0000011092FFE630
P 0000011095A0BF58
C 299
R
P 0000011092FFE630
C 392
R
P 0000011092FFE630
P 0000011095A0BF58
C 9
R
P 0000011092FFE630
C 392
R
P 0000011092FFE630
I 1
P 0000011093060DF0
C 159
= 0000011093061950
R
P 0000011092FFE630
C 392
R
P 0000011092FFE630
P 0000011093061950
C 299
R
P 0000011092FFE630
C 392
R
P 0000011092FFE630
P 0000011093061950
C 9
R
P 0000011092FFE630
C 392
R
P 0000011092FFE630
P 0000011093061950
P 00000110930627D0
C 79
= 0000011095A0BF90
R
P 0000011092FFE630
C 392
R
P 0000011092FFE630
P 0000011095A0BF90
C 299
R
P 0000011092FFE630
C 392
R
P 0000011092FFE630
P 0000011095A0BF90
C 9
R
P 0000011092FFE630
C 392
R
P 0000011092FFE630
I 9
P 0000011093060DF0
C 159
= 0000011093062930
R
P 0000011092FFE630
C 392
R
P 0000011092FFE630
P 0000011093062930
C 299
R
P 0000011092FFE630
C 392
R
P 0000011092FFE630
P 0000011093062930
C 9
R
P 0000011092FFE630
C 392
R
P 0000011092FFE630
P 00000110930627D0
P 0000011093062930
C 79
= 0000011095A0BFC8
R
P 0000011092FFE630
C 392
R
P 0000011092FFE630
P 0000011095A0BFC8
C 299
R
P 0000011092FFE630
C 392
R
P 0000011092FFE630
P 0000011095A0BFC8
C 9
R
P 0000011092FFE630
C 392
R
P 0000011092FFE630
U 2
P 0000011095A0BF90
P 0000011095A0BFC8
p 2
C 68
= 0000011095A0C000
R
P 0000011092FFE630
C 392
R
P 0000011092FFE630
P 0000011095A0C000
C 299
R
P 0000011092FFE630
C 392
R
P 0000011092FFE630
P 0000011095A0C000
C 9
R
P 0000011092FFE630
C 392
R
P 0000011092FFE630
I 1
P 0000011093060DF0
C 159
= 0000011093061950
R
P 0000011092FFE630
C 392
R
P 0000011092FFE630
P 0000011093061950
C 299
R
P 0000011092FFE630
C 392
R
P 0000011092FFE630
P 0000011093061950
C 9
R
P 0000011092FFE630
C 392
R
P 0000011092FFE630
P 0000011093061950
P 00000110930627F0
C 79
= 0000011095A0C038
R
P 0000011092FFE630
C 392
R
P 0000011092FFE630
P 0000011095A0C038
C 299
R
P 0000011092FFE630
C 392
R
P 0000011092FFE630
P 0000011095A0C038
C 9
R
P 0000011092FFE630
C 392
R
P 0000011092FFE630
I 9
P 0000011093060DF0
C 159
= 0000011093062930
R
P 0000011092FFE630
C 392
R
P 0000011092FFE630
P 0000011093062930
C 299
R
P 0000011092FFE630
C 392
R
P 0000011092FFE630
P 0000011093062930
C 9
R
P 0000011092FFE630
C 392
R
P 0000011092FFE630
P 00000110930627F0
P 0000011093062930
C 79
= 0000011095A0C070
R
P 0000011092FFE630
C 392
R
P 0000011092FFE630
P 0000011095A0C070
C 299
R
P 0000011092FFE630
C 392
R
P 0000011092FFE630
P 0000011095A0C070
C 9
R
P 0000011092FFE630
C 392
R
P 0000011092FFE630
U 2
P 0000011095A0C038
P 0000011095A0C070
p 2
C 68
= 0000011095A0C0A8
R
P 0000011092FFE630
C 392
R
P 0000011092FFE630
P 0000011095A0C0A8
C 299
R
P 0000011092FFE630
C 392
R
P 0000011092FFE630
P 0000011095A0C0A8
C 9
R
P 0000011092FFE630
C 392
R
P 0000011092FFE630
I 1
P 0000011093060DF0
C 159
= 0000011093061950
R
P 0000011092FFE630
C 392
R
P 0000011092FFE630
P 0000011093061950
C 299
R
P 0000011092FFE630
C 392
R
P 0000011092FFE630
P 0000011093061950
C 9
R
P 0000011092FFE630
C 392
R
P 0000011092FFE630
P 0000011093061950
P 0000011093062810
C 79
= 0000011095A0C0E0
R
P 0000011092FFE630
C 392
R
P 0000011092FFE630
P 0000011095A0C0E0
C 299
R
P 0000011092FFE630
C 392
R
P 0000011092FFE630
P 0000011095A0C0E0
C 9
R
P 0000011092FFE630
C 392
R
P 0000011092FFE630
I 9
P 0000011093060DF0
C 159
= 0000011093062930
R
P 0000011092FFE630
C 392
R
P 0000011092FFE630
P 0000011093062930
C 299
R
P 0000011092FFE630
C 392
R
P 0000011092FFE630
P 0000011093062930
C 9
R
P 0000011092FFE630
C 392
R
P 0000011092FFE630
P 0000011093062810
P 0000011093062930
C 79
= 0000011095A0C118
R
P 0000011092FFE630
C 392
R
P 0000011092FFE630
P 0000011095A0C118
C 299
R
P 0000011092FFE630
C 392
R
P 0000011092FFE630
P 0000011095A0C118
C 9
R
P 0000011092FFE630
C 392
R
P 0000011092FFE630
U 2
P 0000011095A0C0E0
P 0000011095A0C118
p 2
C 68
= 0000011095A0C150
R
P 0000011092FFE630
C 392
R
P 0000011092FFE630
P 0000011095A0C150
C 299
R
P 0000011092FFE630
C 392
R
P 0000011092FFE630
P 0000011095A0C150
C 9
R
P 0000011092FFE630
C 392
R
P 0000011092FFE630
I 1
P 0000011093060DF0
C 159
= 0000011093061950
R
P 0000011092FFE630
C 392
R
P 0000011092FFE630
P 0000011093061950
C 299
R
P 0000011092FFE630
C 392
R
P 0000011092FFE630
P 0000011093061950
C 9
R
P 0000011092FFE630
C 392
R
P 0000011092FFE630
P 0000011093061950
P 0000011093062830
C 79
= 0000011095A0C188
R
P 0000011092FFE630
C 392
R
P 0000011092FFE630
P 0000011095A0C188
C 299
R
P 0000011092FFE630
C 392
R
P 0000011092FFE630
P 0000011095A0C188
C 9
R
P 0000011092FFE630
C 392
R
P 0000011092FFE630
I 9
P 0000011093060DF0
C 159
= 0000011093062930
R
P 0000011092FFE630
C 392
R
P 0000011092FFE630
P 0000011093062930
C 299
R
P 0000011092FFE630
C 392
R
P 0000011092FFE630
P 0000011093062930
C 9
R
P 0000011092FFE630
C 392
R
P 0000011092FFE630
P 0000011093062830
P 0000011093062930
C 79
= 0000011095A0C1C0
R
P 0000011092FFE630
C 392
R
P 0000011092FFE630
P 0000011095A0C1C0
C 299
R
P 0000011092FFE630
C 392
R
P 0000011092FFE630
P 0000011095A0C1C0
C 9
R
P 0000011092FFE630
C 392
R
P 0000011092FFE630
U 2
P 0000011095A0C188
P 0000011095A0C1C0
p 2
C 68
= 00000110959FC1D0
R
P 0000011092FFE630
C 392
R
P 0000011092FFE630
P 00000110959FC1D0
C 299
R
P 0000011092FFE630
C 392
R
P 0000011092FFE630
P 00000110959FC1D0
C 9
R
P 0000011092FFE630
C 392
R
P 0000011092FFE630
I 1
P 0000011093060DF0
C 159
= 0000011093061950
R
P 0000011092FFE630
C 392
R
P 0000011092FFE630
P 0000011093061950
C 299
R
P 0000011092FFE630
C 392
R
P 0000011092FFE630
P 0000011093061950
C 9
R
P 0000011092FFE630
C 392
R
P 0000011092FFE630
P 0000011093061950
P 0000011093062850
C 79
= 00000110959FC208
R
P 0000011092FFE630
C 392
R
P 0000011092FFE630
P 00000110959FC208
C 299
R
P 0000011092FFE630
C 392
R
P 0000011092FFE630
P 00000110959FC208
C 9
R
P 0000011092FFE630
C 392
R
P 0000011092FFE630
I 9
P 0000011093060DF0
C 159
= 0000011093062930
R
P 0000011092FFE630
C 392
R
P 0000011092FFE630
P 0000011093062930
C 299
R
P 0000011092FFE630
C 392
R
P 0000011092FFE630
P 0000011093062930
C 9
R
P 0000011092FFE630
C 392
R
P 0000011092FFE630
P 0000011093062850
P 0000011093062930
C 79
= 00000110959FC240
R
P 0000011092FFE630
C 392
R
P 0000011092FFE630
P 00000110959FC240
C 299
R
P 0000011092FFE630
C 392
R
P 0000011092FFE630
P 00000110959FC240
C 9
R
P 0000011092FFE630
C 392
R
P 0000011092FFE630
U 2
P 00000110959FC208
P 00000110959FC240
p 2
C 68
= 00000110959FC278
R
P 0000011092FFE630
C 392
R
P 0000011092FFE630
P 00000110959FC278
C 299
R
P 0000011092FFE630
C 392
R
P 0000011092FFE630
P 00000110959FC278
C 9
R
P 0000011092FFE630
C 392
R
P 0000011092FFE630
I 1
P 0000011093060DF0
C 159
= 0000011093061950
R
P 0000011092FFE630
C 392
R
P 0000011092FFE630
P 0000011093061950
C 299
R
P 0000011092FFE630
C 392
R
P 0000011092FFE630
P 0000011093061950
C 9
R
P 0000011092FFE630
C 392
R
P 0000011092FFE630
P 0000011093061950
P 0000011093062870
C 79
= 00000110959FC2B0
R
P 0000011092FFE630
C 392
R
P 0000011092FFE630
P 00000110959FC2B0
C 299
R
P 0000011092FFE630
C 392
R
P 0000011092FFE630
P 00000110959FC2B0
C 9
R
P 0000011092FFE630
C 392
R
P 0000011092FFE630
I 9
P 0000011093060DF0
C 159
= 0000011093062930
R
P 0000011092FFE630
C 392
R
P 0000011092FFE630
P 0000011093062930
C 299
R
P 0000011092FFE630
C 392
R
P 0000011092FFE630
P 0000011093062930
C 9
R
P 0000011092FFE630
C 392
R
P 0000011092FFE630
P 0000011093062870
P 0000011093062930
C 79
= 00000110959FC2E8
R
P 0000011092FFE630
C 392
R
P 0000011092FFE630
P 00000110959FC2E8
C 299
R
P 0000011092FFE630
C 392
R
P 0000011092FFE630
P 00000110959FC2E8
C 9
R
P 0000011092FFE630
C 392
R
P 0000011092FFE630
U 2
P 00000110959FC2B0
P 00000110959FC2E8
p 2
C 68
= 00000110959FC320
R
P 0000011092FFE630
C 392
R
P 0000011092FFE630
P 00000110959FC320
C 299
R
P 0000011092FFE630
C 392
R
P 0000011092FFE630
P 00000110959FC320
C 9
R
P 0000011092FFE630
C 392
R
P 0000011092FFE630
I 1
P 0000011093060DF0
C 159
= 0000011093061950
R
P 0000011092FFE630
C 392
R
P 0000011092FFE630
P 0000011093061950
C 299
R
P 0000011092FFE630
C 392
R
P 0000011092FFE630
P 0000011093061950
C 9
R
P 0000011092FFE630
C 392
R
P 0000011092FFE630
P 0000011093061950
P 0000011093062890
C 79
= 00000110959FC358
R
P 0000011092FFE630
C 392
R
P 0000011092FFE630
P 00000110959FC358
C 299
R
P 0000011092FFE630
C 392
R
P 0000011092FFE630
P 00000110959FC358
C 9
R
P 0000011092FFE630
C 392
R
P 0000011092FFE630
I 9
P 0000011093060DF0
C 159
= 0000011093062930
R
P 0000011092FFE630
C 392
R
P 0000011092FFE630
P 0000011093062930
C 299
R
P 0000011092FFE630
C 392
R
P 0000011092FFE630
P 0000011093062930
C 9
R
P 0000011092FFE630
C 392
R
P 0000011092FFE630
P 0000011093062890
P 0000011093062930
C 79
= 00000110959FC390
R
P 0000011092FFE630
C 392
R
P 0000011092FFE630
P 00000110959FC390
C 299
R
P 0000011092FFE630
C 392
R
P 0000011092FFE630
P 00000110959FC390
C 9
R
P 0000011092FFE630
C 392
R
P 0000011092FFE630
U 2
P 00000110959FC358
P 00000110959FC390
p 2
C 68
= 00000110959FC3C8
R
P 0000011092FFE630
C 392
R
P 0000011092FFE630
P 00000110959FC3C8
C 299
R
P 0000011092FFE630
C 392
R
P 0000011092FFE630
P 00000110959FC3C8
C 9
R
P 0000011092FFE630
C 392
R
P 0000011092FFE630
I 1
P 0000011093060DF0
C 159
= 0000011093061950
R
P 0000011092FFE630
C 392
R
P 0000011092FFE630
P 0000011093061950
C 299
R
P 0000011092FFE630
C 392
R
P 0000011092FFE630
P 0000011093061950
C 9
R
P 0000011092FFE630
C 392
R
P 0000011092FFE630
P 0000011093061950
P 00000110930628B0
C 79
= 00000110959FC400
R
P 0000011092FFE630
C 392
R
P 0000011092FFE630
P 00000110959FC400
C 299
R
P 0000011092FFE630
C 392
R
P 0000011092FFE630
P 00000110959FC400
C 9
R
P 0000011092FFE630
C 392
R
P 0000011092FFE630
I 9
P 0000011093060DF0
C 159
= 0000011093062930
R
P 0000011092FFE630
C 392
R
P 0000011092FFE630
P 0000011093062930
C 299
R
P 0000011092FFE630
C 392
R
P 0000011092FFE630
P 0000011093062930
C 9
R
P 0000011092FFE630
C 392
R
P 0000011092FFE630
P 00000110930628B0
P 0000011093062930
C 79
= 00000110959FC438
R
P 0000011092FFE630
C 392
R
P 0000011092FFE630
P 00000110959FC438
C 299
R
P 0000011092FFE630
C 392
R
P 0000011092FFE630
P 00000110959FC438
C 9
R
P 0000011092FFE630
C 392
R
P 0000011092FFE630
U 2
P 00000110959FC400
P 00000110959FC438
p 2
C 68
= 00000110959FC470
R
P 0000011092FFE630
C 392
R
P 0000011092FFE630
P 00000110959FC470
C 299
R
P 0000011092FFE630
C 392
R
P 0000011092FFE630
P 00000110959FC470
C 9
R
P 0000011092FFE630
C 392
R
P 0000011092FFE630
I 1
P 0000011093060DF0
C 159
= 0000011093061950
R
P 0000011092FFE630
C 392
R
P 0000011092FFE630
P 0000011093061950
C 299
R
P 0000011092FFE630
C 392
R
P 0000011092FFE630
P 0000011093061950
C 9
R
P 0000011092FFE630
C 392
R
P 0000011092FFE630
P 0000011093061950
P 00000110930628D0
C 79
= 00000110959FC4A8
R
P 0000011092FFE630
C 392
R
P 0000011092FFE630
P 00000110959FC4A8
C 299
R
P 0000011092FFE630
C 392
R
P 0000011092FFE630
P 00000110959FC4A8
C 9
R
P 0000011092FFE630
C 392
R
P 0000011092FFE630
I 9
P 0000011093060DF0
C 159
= 0000011093062930
R
P 0000011092FFE630
C 392
R
P 0000011092FFE630
P 0000011093062930
C 299
R
P 0000011092FFE630
C 392
R
P 0000011092FFE630
P 0000011093062930
C 9
R
P 0000011092FFE630
C 392
R
P 0000011092FFE630
P 00000110930628D0
P 0000011093062930
C 79
= 00000110959FC4E0
R
P 0000011092FFE630
C 392
R
P 0000011092FFE630
P 00000110959FC4E0
C 299
R
P 0000011092FFE630
C 392
R
P 0000011092FFE630
P 00000110959FC4E0
C 9
R
P 0000011092FFE630
C 392
R
P 0000011092FFE630
U 2
P 00000110959FC4A8
P 00000110959FC4E0
p 2
C 68
= 00000110959FC518
R
P 0000011092FFE630
C 392
R
P 0000011092FFE630
P 00000110959FC518
C 299
R
P 0000011092FFE630
C 392
R
P 0000011092FFE630
P 00000110959FC518
C 9
R
P 0000011092FFE630
C 392
R
P 0000011092FFE630
I 1
P 0000011093060DF0
C 159
= 0000011093061950
R
P 0000011092FFE630
C 392
R
P 0000011092FFE630
P 0000011093061950
C 299
R
P 0000011092FFE630
C 392
R
P 0000011092FFE630
P 0000011093061950
C 9
R
P 0000011092FFE630
C 392
R
P 0000011092FFE630
P 0000011093061950
P 00000110930628F0
C 79
= 00000110959FC550
R
P 0000011092FFE630
C 392
R
P 0000011092FFE630
P 00000110959FC550
C 299
R
P 0000011092FFE630
C 392
R
P 0000011092FFE630
P 00000110959FC550
C 9
R
P 0000011092FFE630
C 392
R
P 0000011092FFE630
I 9
P 0000011093060DF0
C 159
= 0000011093062930
R
P 0000011092FFE630
C 392
R
P 0000011092FFE630
P 0000011093062930
C 299
R
P 0000011092FFE630
C 392
R
P 0000011092FFE630
P 0000011093062930
C 9
R
P 0000011092FFE630
C 392
R
P 0000011092FFE630
P 00000110930628F0
P 0000011093062930
C 79
= 00000110959FC588
R
P 0000011092FFE630
C 392
R
P 0000011092FFE630
P 00000110959FC588
C 299
R
P 0000011092FFE630
C 392
R
P 0000011092FFE630
P 00000110959FC588
C 9
R
P 0000011092FFE630
C 392
R
P 0000011092FFE630
U 2
P 00000110959FC550
P 00000110959FC588
p 2
C 68
= 00000110959FC5C0
R
P 0000011092FFE630
C 392
R
P 0000011092FFE630
P 00000110959FC5C0
C 299
R
P 0000011092FFE630
C 392
R
P 0000011092FFE630
P 00000110959FC5C0
C 9
R
P 0000011092FFE630
C 392
R
P 0000011092FFE630
I 1
P 0000011093060DF0
C 159
= 0000011093061950
R
P 0000011092FFE630
C 392
R
P 0000011092FFE630
P 0000011093061950
C 299
R
P 0000011092FFE630
C 392
R
P 0000011092FFE630
P 0000011093061950
C 9
R
P 0000011092FFE630
C 392
R
P 0000011092FFE630
P 0000011093061950
P 0000011093062910
C 79
= 00000110959FC5F8
R
P 0000011092FFE630
C 392
R
P 0000011092FFE630
P 00000110959FC5F8
C 299
R
P 0000011092FFE630
C 392
R
P 0000011092FFE630
P 00000110959FC5F8
C 9
R
P 0000011092FFE630
C 392
R
P 0000011092FFE630
I 9
P 0000011093060DF0
C 159
= 0000011093062930
R
P 0000011092FFE630
C 392
R
P 0000011092FFE630
P 0000011093062930
C 299
R
P 0000011092FFE630
C 392
R
P 0000011092FFE630
P 0000011093062930
C 9
R
P 0000011092FFE630
C 392
R
P 0000011092FFE630
P 0000011093062910
P 0000011093062930
C 79
= 00000110959FC630
R
P 0000011092FFE630
C 392
R
P 0000011092FFE630
P 00000110959FC630
C 299
R
P 0000011092FFE630
C 392
R
P 0000011092FFE630
P 00000110959FC630
C 9
R
P 0000011092FFE630
C 392
R
P 0000011092FFE630
U 2
P 00000110959FC5F8
P 00000110959FC630
p 2
C 68
= 00000110959FC668
R
P 0000011092FFE630
C 392
R
P 0000011092FFE630
P 00000110959FC668
C 299
R
P 0000011092FFE630
C 392
R
P 0000011092FFE630
P 00000110959FC668
C 9
R
P 0000011092FFE630
C 392
R
P 0000011092FFE630
U 9
P 0000011093061F10
P 0000011093061F30
P 0000011093061F50
P 0000011093061F70
P 0000011093061F90
P 0000011093061FB0
P 0000011093061FD0
P 0000011093061FF0
P 0000011093062010
p 9
C 62
= 0000011095A0C250
R
P 0000011092FFE630
C 392
R
P 0000011092FFE630
P 0000011095A0C250
C 299
R
P 0000011092FFE630
C 392
R
P 0000011092FFE630
P 0000011095A0C250
C 9
R
P 0000011092FFE630
C 392
R
P 0000011092FFE630
U 9
P 0000011093062030
P 0000011093062050
P 0000011093062070
P 0000011093062090
P 00000110930620B0
P 00000110930620D0
P 00000110930620F0
P 0000011093062110
P 0000011093062130
p 9
C 62
= 0000011095A0C2C0
R
P 0000011092FFE630
C 392
R
P 0000011092FFE630
P 0000011095A0C2C0
C 299
R
P 0000011092FFE630
C 392
R
P 0000011092FFE630
P 0000011095A0C2C0
C 9
R
P 0000011092FFE630
C 392
R
P 0000011092FFE630
U 9
P 0000011093062150
P 0000011093062170
P 0000011093062190
P 00000110930621B0
P 00000110930621D0
P 00000110930621F0
P 0000011093062210
P 0000011093062230
P 0000011093062250
p 9
C 62
= 0000011095A0C330
R
P 0000011092FFE630
C 392
R
P 0000011092FFE630
P 0000011095A0C330
C 299
R
P 0000011092FFE630
C 392
R
P 0000011092FFE630
P 0000011095A0C330
C 9
R
P 0000011092FFE630
C 392
R
P 0000011092FFE630
U 9
P 0000011093062270
P 0000011093062290
P 00000110930622B0
P 00000110930622D0
P 00000110930622F0
P 0000011093062310
P 0000011093062330
P 0000011093062350
P 0000011093062370
p 9
C 62
= 0000011095A0C3A0
R
P 0000011092FFE630
C 392
R
P 0000011092FFE630
P 0000011095A0C3A0
C 299
R
P 0000011092FFE630
C 392
R
P 0000011092FFE630
P 0000011095A0C3A0
C 9
R
P 0000011092FFE630
C 392
R
P 0000011092FFE630
U 9
P 0000011093062390
P 00000110930623B0
P 00000110930623D0
P 00000110930623F0
P 0000011093062410
P 0000011093062430
P 0000011093062450
P 0000011093062470
P 0000011093062490
p 9
C 62
= 0000011095A0C410
R
P 0000011092FFE630
C 392
R
P 0000011092FFE630
P 0000011095A0C410
C 299
R
P 0000011092FFE630
C 392
R
P 0000011092FFE630
P 0000011095A0C410
C 9
R
P 0000011092FFE630
C 392
R
P 0000011092FFE630
U 9
P 00000110930624B0
P 00000110930624D0
P 00000110930624F0
P 0000011093062510
P 0000011093062530
P 0000011093062550
P 0000011093062570
P 0000011093062590
P 00000110930625B0
p 9
C 62
= 0000011095A0C480
R
P 0000011092FFE630
C 392
R
P 0000011092FFE630
P 0000011095A0C480
C 299
R
P 0000011092FFE630
C 392
R
P 0000011092FFE630
P 0000011095A0C480
C 9
R
P 0000011092FFE630
C 392
R
P 0000011092FFE630
U 9
P 00000110930625D0
P 00000110930625F0
P 0000011093062610
P 0000011093062630
P 0000011093062650
P 0000011093062670
P 0000011093062690
P 00000110930626B0
P 00000110930626D0
p 9
C 62
= 0000011095A0C4F0
R
P 0000011092FFE630
C 392
R
P 0000011092FFE630
P 0000011095A0C4F0
C 299
R
P 0000011092FFE630
C 392
R
P 0000011092FFE630
P 0000011095A0C4F0
C 9
R
P 0000011092FFE630
C 392
R
P 0000011092FFE630
U 9
P 00000110930626F0
P 0000011093062710
P 0000011093062730
P 0000011093062750
P 0000011093062770
P 0000011093062790
P 00000110930627B0
P 00000110930627D0
P 00000110930627F0
p 9
C 62
= 0000011095A0C560
R
P 0000011092FFE630
C 392
R
P 0000011092FFE630
P 0000011095A0C560
C 299
R
P 0000011092FFE630
C 392
R
P 0000011092FFE630
P 0000011095A0C560
C 9
R
P 0000011092FFE630
C 392
R
P 0000011092FFE630
U 9
P 0000011093062810
P 0000011093062830
P 0000011093062850
P 0000011093062870
P 0000011093062890
P 00000110930628B0
P 00000110930628D0
P 00000110930628F0
P 0000011093062910
p 9
C 62
= 0000011095A0C5D0
R
P 0000011092FFE630
C 392
R
P 0000011092FFE630
P 0000011095A0C5D0
C 299
R
P 0000011092FFE630
C 392
R
P 0000011092FFE630
P 0000011095A0C5D0
C 9
R
P 0000011092FFE630
C 392
R
P 0000011092FFE630
U 9
P 0000011093061F10
P 0000011093062030
P 0000011093062150
P 0000011093062270
P 0000011093062390
P 00000110930624B0
P 00000110930625D0
P 00000110930626F0
P 0000011093062810
p 9
C 62
= 0000011095A0C640
R
P 0000011092FFE630
C 392
R
P 0000011092FFE630
P 0000011095A0C640
C 299
R
P 0000011092FFE630
C 392
R
P 0000011092FFE630
P 0000011095A0C640
C 9
R
P 0000011092FFE630
C 392
R
P 0000011092FFE630
U 9
P 0000011093061F30
P 0000011093062050
P 0000011093062170
P 0000011093062290
P 00000110930623B0
P 00000110930624D0
P 00000110930625F0
P 0000011093062710
P 0000011093062830
p 9
C 62
= 0000011095A0C6B0
R
P 0000011092FFE630
C 392
R
P 0000011092FFE630
P 0000011095A0C6B0
C 299
R
P 0000011092FFE630
C 392
R
P 0000011092FFE630
P 0000011095A0C6B0
C 9
R
P 0000011092FFE630
C 392
R
P 0000011092FFE630
U 9
P 0000011093061F50
P 0000011093062070
P 0000011093062190
P 00000110930622B0
P 00000110930623D0
P 00000110930624F0
P 0000011093062610
P 0000011093062730
P 0000011093062850
p 9
C 62
= 0000011095A0C720
R
P 0000011092FFE630
C 392
R
P 0000011092FFE630
P 0000011095A0C720
C 299
R
P 0000011092FFE630
C 392
R
P 0000011092FFE630
P 0000011095A0C720
C 9
R
P 0000011092FFE630
C 392
R
P 0000011092FFE630
U 9
P 0000011093061F70
P 0000011093062090
P 00000110930621B0
P 00000110930622D0
P 00000110930623F0
P 0000011093062510
P 0000011093062630
P 0000011093062750
P 0000011093062870
p 9
C 62
= 0000011095A0C790
R
P 0000011092FFE630
C 392
R
P 0000011092FFE630
P 0000011095A0C790
C 299
R
P 0000011092FFE630
C 392
R
P 0000011092FFE630
P 0000011095A0C790
C 9
R
P 0000011092FFE630
C 392
R
P 0000011092FFE630
U 9
P 0000011093061F90
P 00000110930620B0
P 00000110930621D0
P 00000110930622F0
P 0000011093062410
P 0000011093062530
P 0000011093062650
P 0000011093062770
P 0000011093062890
p 9
C 62
= 0000011095A0C800
R
P 0000011092FFE630
C 392
R
P 0000011092FFE630
P 0000011095A0C800
C 299
R
P 0000011092FFE630
C 392
R
P 0000011092FFE630
P 0000011095A0C800
C 9
R
P 0000011092FFE630
C 392
R
P 0000011092FFE630
U 9
P 0000011093061FB0
P 00000110930620D0
P 00000110930621F0
P 0000011093062310
P 0000011093062430
P 0000011093062550
P 0000011093062670
P 0000011093062790
P 00000110930628B0
p 9
C 62
= 0000011095A0C870
R
P 0000011092FFE630
C 392
R
P 0000011092FFE630
P 0000011095A0C870
C 299
R
P 0000011092FFE630
C 392
R
P 0000011092FFE630
P 0000011095A0C870
C 9
R
P 0000011092FFE630
C 392
R
P 0000011092FFE630
U 9
P 0000011093061FD0
P 00000110930620F0
P 0000011093062210
P 0000011093062330
P 0000011093062450
P 0000011093062570
P 0000011093062690
P 00000110930627B0
P 00000110930628D0
p 9
C 62
= 0000011095A0C8E0
R
P 0000011092FFE630
C 392
R
P 0000011092FFE630
P 0000011095A0C8E0
C 299
R
P 0000011092FFE630
C 392
R
P 0000011092FFE630
P 0000011095A0C8E0
C 9
R
P 0000011092FFE630
C 392
R
P 0000011092FFE630
U 9
P 0000011093061FF0
P 0000011093062110
P 0000011093062230
P 0000011093062350
P 0000011093062470
P 0000011093062590
P 00000110930626B0
P 00000110930627D0
P 00000110930628F0
p 9
C 62
= 0000011095A0C950
R
P 0000011092FFE630
C 392
R
P 0000011092FFE630
P 0000011095A0C950
C 299
R
P 0000011092FFE630
C 392
R
P 0000011092FFE630
P 0000011095A0C950
C 9
R
P 0000011092FFE630
C 392
R
P 0000011092FFE630
U 9
P 0000011093062010
P 0000011093062130
P 0000011093062250
P 0000011093062370
P 0000011093062490
P 00000110930625B0
P 00000110930626D0
P 00000110930627F0
P 0000011093062910
p 9
C 62
= 0000011095A0C9C0
R
P 0000011092FFE630
C 392
R
P 0000011092FFE630
P 0000011095A0C9C0
C 299
R
P 0000011092FFE630
C 392
R
P 0000011092FFE630
P 0000011095A0C9C0
C 9
R
P 0000011092FFE630
C 392
R
P 0000011092FFE630
U 9
P 0000011093061F10
P 0000011093061F30
P 0000011093061F50
P 0000011093062030
P 0000011093062050
P 0000011093062070
P 0000011093062150
P 0000011093062170
P 0000011093062190
p 9
C 62
= 0000011095A0CA30
R
P 0000011092FFE630
C 392
R
P 0000011092FFE630
P 0000011095A0CA30
C 299
R
P 0000011092FFE630
C 392
R
P 0000011092FFE630
P 0000011095A0CA30
C 9
R
P 0000011092FFE630
C 392
R
P 0000011092FFE630
U 9
P 0000011093061F70
P 0000011093061F90
P 0000011093061FB0
P 0000011093062090
P 00000110930620B0
P 00000110930620D0
P 00000110930621B0
P 00000110930621D0
P 00000110930621F0
p 9
C 62
= 0000011095A0CAA0
R
P 0000011092FFE630
C 392
R
P 0000011092FFE630
P 0000011095A0CAA0
C 299
R
P 0000011092FFE630
C 392
R
P 0000011092FFE630
P 0000011095A0CAA0
C 9
R
P 0000011092FFE630
C 392
R
P 0000011092FFE630
U 9
P 0000011093061FD0
P 0000011093061FF0
P 0000011093062010
P 00000110930620F0
P 0000011093062110
P 0000011093062130
P 0000011093062210
P 0000011093062230
P 0000011093062250
p 9
C 62
= 0000011095A0CB10
R
P 0000011092FFE630
C 392
R
P 0000011092FFE630
P 0000011095A0CB10
C 299
R
P 0000011092FFE630
C 392
R
P 0000011092FFE630
P 0000011095A0CB10
C 9
R
P 0000011092FFE630
C 392
R
P 0000011092FFE630
U 9
P 0000011093062270
P 0000011093062290
P 00000110930622B0
P 0000011093062390
P 00000110930623B0
P 00000110930623D0
P 00000110930624B0
P 00000110930624D0
P 00000110930624F0
p 9
C 62
= 0000011095A0CB80
R
P 0000011092FFE630
C 392
R
P 0000011092FFE630
P 0000011095A0CB80
C 299
R
P 0000011092FFE630
C 392
R
P 0000011092FFE630
P 0000011095A0CB80
C 9
R
P 0000011092FFE630
C 392
R
P 0000011092FFE630
U 9
P 00000110930622D0
P 00000110930622F0
P 0000011093062310
P 00000110930623F0
P 0000011093062410
P 0000011093062430
P 0000011093062510
P 0000011093062530
P 0000011093062550
p 9
C 62
= 0000011095A0CBF0
R
P 0000011092FFE630
C 392
R
P 0000011092FFE630
P 0000011095A0CBF0
C 299
R
P 0000011092FFE630
C 392
R
P 0000011092FFE630
P 0000011095A0CBF0
C 9
R
P 0000011092FFE630
C 392
R
P 0000011092FFE630
U 9
P 0000011093062330
P 0000011093062350
P 0000011093062370
P 0000011093062450
P 0000011093062470
P 0000011093062490
P 0000011093062570
P 0000011093062590
P 00000110930625B0
p 9
C 62
= 0000011095A0CC60
R
P 0000011092FFE630
C 392
R
P 0000011092FFE630
P 0000011095A0CC60
C 299
R
P 0000011092FFE630
C 392
R
P 0000011092FFE630
P 0000011095A0CC60
C 9
R
P 0000011092FFE630
C 392
R
P 0000011092FFE630
U 9
P 00000110930625D0
P 00000110930625F0
P 0000011093062610
P 00000110930626F0
P 0000011093062710
P 0000011093062730
P 0000011093062810
P 0000011093062830
P 0000011093062850
p 9
C 62
= 0000011095A0CCD0
R
P 0000011092FFE630
C 392
R
P 0000011092FFE630
P 0000011095A0CCD0
C 299
R
P 0000011092FFE630
C 392
R
P 0000011092FFE630
P 0000011095A0CCD0
C 9
R
P 0000011092FFE630
C 392
R
P 0000011092FFE630
U 9
P 0000011093062630
P 0000011093062650
P 0000011093062670
P 0000011093062750
P 0000011093062770
P 0000011093062790
P 0000011093062870
P 0000011093062890
P 00000110930628B0
p 9
C 62
= 0000011095A0CD40
R
P 0000011092FFE630
C 392
R
P 0000011092FFE630
P 0000011095A0CD40
C 299
R
P 0000011092FFE630
C 392
R
P 0000011092FFE630
P 0000011095A0CD40
C 9
R
P 0000011092FFE630
C 392
R
P 0000011092FFE630
U 9
P 0000011093062690
P 00000110930626B0
P 00000110930626D0
P 00000110930627B0
P 00000110930627D0
P 00000110930627F0
P 00000110930628D0
P 00000110930628F0
P 0000011093062910
p 9
C 62
= 0000011095A0CDB0
R
P 0000011092FFE630
C 392
R
P 0000011092FFE630
P 0000011095A0CDB0
C 299
R
P 0000011092FFE630
C 392
R
P 0000011092FFE630
P 0000011095A0CDB0
C 9
R
P 0000011092FFE630
C 392
R
P 0000011092FFE630
C 59
= 0000011093060D90
R
P 0000011092FFE630
C 392
R
P 0000011092FFE630
P 0000011093060D90
C 299
R
P 0000011092FFE630
C 392
R
P 0000011092FFE630
P 0000011093060D90
C 9
R
P 0000011092FFE630
C 392
R
P 0000011092FFE630
U 9
P 000001109307BCA8
P 000001109307BE30
P 000001109307BED8
P 000001109307BF80
P 000001109307C028
P 000001109307C0D0
P 000001109307C178
P 000001109307C220
P 000001109307C2C8
p 9
C 68
= 0000011095A0CE20
R
P 0000011092FFE630
C 392
R
P 0000011092FFE630
P 0000011095A0CE20
C 299
R
P 0000011092FFE630
C 392
R
P 0000011092FFE630
P 0000011095A0CE20
C 9
R
P 0000011092FFE630
C 392
R
P 0000011092FFE630
U 2
P 0000011095A0CE20
P 0000011093060D90
p 2
C 68
= 00000110959FC6A0
R
P 0000011092FFE630
C 392
R
P 0000011092FFE630
P 00000110959FC6A0
C 299
R
P 0000011092FFE630
C 392
R
P 0000011092FFE630
P 00000110959FC6A0
C 9
R
P 0000011092FFE630
C 392
R
P 0000011092FFE630
U 9
P 000001109307C370
P 000001109307C418
P 000001109307C4C0
P 000001109307C568
P 000001109307C610
P 000001109307C6B8
P 000001109307C760
P 000001109307C808
P 000001109307C8B0
p 9
C 68
= 0000011095A0CE90
R
P 0000011092FFE630
C 392
R
P 0000011092FFE630
P 0000011095A0CE90
C 299
R
P 0000011092FFE630
C 392
R
P 0000011092FFE630
P 0000011095A0CE90
C 9
R
P 0000011092FFE630
C 392
R
P 0000011092FFE630
U 2
P 0000011095A0CE90
P 00000110959FC6A0
p 2
C 68
= 00000110959FC6D8
R
P 0000011092FFE630
C 392
R
P 0000011092FFE630
P 00000110959FC6D8
C 299
R
P 0000011092FFE630
C 392
R
P 0000011092FFE630
P 00000110959FC6D8
C 9
R
P 0000011092FFE630
C 392
R
P 0000011092FFE630
U 9
P 000001109307C958
P 000001109307CA00
P 000001109307CAA8
P 000001109307CB50
P 000001109307CBF8
P 000001109307CCA0
P 000001109307CD48
P 0000011095A0A278
P 0000011095A0A320
p 9
C 68
= 0000011095A0CF00
R
P 0000011092FFE630
C 392
R
P 0000011092FFE630
P 0000011095A0CF00
C 299
R
P 0000011092FFE630
C 392
R
P 0000011092FFE630
P 0000011095A0CF00
C 9
R
P 0000011092FFE630
C 392
R
P 0000011092FFE630
U 2
P 0000011095A0CF00
P 00000110959FC6D8
p 2
C 68
= 00000110959FC710
R
P 0000011092FFE630
C 392
R
P 0000011092FFE630
P 00000110959FC710
C 299
R
P 0000011092FFE630
C 392
R
P 0000011092FFE630
P 00000110959FC710
C 9
R
P 0000011092FFE630
C 392
R
P 0000011092FFE630
U 9
P 0000011095A0A3C8
P 0000011095A0A470
P 0000011095A0A518
P 0000011095A0A5C0
P 0000011095A0A668
P 0000011095A0A710
P 0000011095A0A7B8
P 0000011095A0A860
P 0000011095A0A908
p 9
C 68
= 0000011095A0CF70
R
P 0000011092FFE630
C 392
R
P 0000011092FFE630
P 0000011095A0CF70
C 299
R
P 0000011092FFE630
C 392
R
P 0000011092FFE630
P 0000011095A0CF70
C 9
R
P 0000011092FFE630
C 392
R
P 0000011092FFE630
U 2
P 0000011095A0CF70
P 00000110959FC710
p 2
C 68
= 00000110959FC748
R
P 0000011092FFE630
C 392
R
P 0000011092FFE630
P 00000110959FC748
C 299
R
P 0000011092FFE630
C 392
R
P 0000011092FFE630
P 00000110959FC748
C 9
R
P 0000011092FFE630
C 392
R
P 0000011092FFE630
U 9
P 0000011095A0A9B0
P 0000011095A0AA58
P 0000011095A0AB00
P 0000011095A0ABA8
P 0000011095A0AC50
P 0000011095A0ACF8
P 0000011095A0ADA0
P 0000011095A0AE48
P 0000011095A0AEF0
p 9
C 68
= 0000011095A0CFE0
R
P 0000011092FFE630
C 392
R
P 0000011092FFE630
P 0000011095A0CFE0
C 299
R
P 0000011092FFE630
C 392
R
P 0000011092FFE630
P 0000011095A0CFE0
C 9
R
P 0000011092FFE630
C 392
R
P 0000011092FFE630
U 2
P 0000011095A0CFE0
P 00000110959FC748
p 2
C 68
= 00000110959FC780
R
P 0000011092FFE630
C 392
R
P 0000011092FFE630
P 00000110959FC780
C 299
R
P 0000011092FFE630
C 392
R
P 0000011092FFE630
P 00000110959FC780
C 9
R
P 0000011092FFE630
C 392
R
P 0000011092FFE630
U 9
P 0000011095A0AF98
P 0000011095A0B040
P 0000011095A0B0E8
P 0000011095A0B190
P 0000011095A0B238
P 0000011095A0B2E0
P 0000011095A0B388
P 0000011095A0B430
P 0000011095A0B4D8
p 9
C 68
= 0000011095A0D050
R
P 0000011092FFE630
C 392
R
P 0000011092FFE630
P 0000011095A0D050
C 299
R
P 0000011092FFE630
C 392
R
P 0000011092FFE630
P 0000011095A0D050
C 9
R
P 0000011092FFE630
C 392
R
P 0000011092FFE630
U 2
P 0000011095A0D050
P 00000110959FC780
p 2
C 68
= 00000110959FC7B8
R
P 0000011092FFE630
C 392
R
P 0000011092FFE630
P 00000110959FC7B8
C 299
R
P 0000011092FFE630
C 392
R
P 0000011092FFE630
P 00000110959FC7B8
C 9
R
P 0000011092FFE630
C 392
R
P 0000011092FFE630
U 9
P 0000011095A0B580
P 0000011095A0B628
P 0000011095A0B6D0
P 0000011095A0B778
P 0000011095A0B820
P 0000011095A0B8C8
P 0000011095A0B970
P 0000011095A0BA18
P 0000011095A0BAC0
p 9
C 68
= 0000011095A0D0C0
R
P 0000011092FFE630
C 392
R
P 0000011092FFE630
P 0000011095A0D0C0
C 299
R
P 0000011092FFE630
C 392
R
P 0000011092FFE630
P 0000011095A0D0C0
C 9
R
P 0000011092FFE630
C 392
R
P 0000011092FFE630
U 2
P 0000011095A0D0C0
P 00000110959FC7B8
p 2
C 68
= 00000110959FC7F0
R
P 0000011092FFE630
C 392
R
P 0000011092FFE630
P 00000110959FC7F0
C 299
R
P 0000011092FFE630
C 392
R
P 0000011092FFE630
P 00000110959FC7F0
C 9
R
P 0000011092FFE630
C 392
R
P 0000011092FFE630
U 9
P 0000011095A0BB68
P 0000011095A0BC10
P 0000011095A0BCB8
P 0000011095A0BD60
P 0000011095A0BE08
P 0000011095A0BEB0
P 0000011095A0BF58
P 0000011095A0C000
P 0000011095A0C0A8
p 9
C 68
= 0000011095A0D130
R
P 0000011092FFE630
C 392
R
P 0000011092FFE630
P 0000011095A0D130
C 299
R
P 0000011092FFE630
C 392
R
P 0000011092FFE630
P 0000011095A0D130
C 9
R
P 0000011092FFE630
C 392
R
P 0000011092FFE630
U 2
P 0000011095A0D130
P 00000110959FC7F0
p 2
C 68
= 00000110959FC828
R
P 0000011092FFE630
C 392
R
P 0000011092FFE630
P 00000110959FC828
C 299
R
P 0000011092FFE630
C 392
R
P 0000011092FFE630
P 00000110959FC828
C 9
R
P 0000011092FFE630
C 392
R
P 0000011092FFE630
U 9
P 0000011095A0C150
P 00000110959FC1D0
P 00000110959FC278
P 00000110959FC320
P 00000110959FC3C8
P 00000110959FC470
P 00000110959FC518
P 00000110959FC5C0
P 00000110959FC668
p 9
C 68
= 0000011095A0D1A0
R
P 0000011092FFE630
C 392
R
P 0000011092FFE630
P 0000011095A0D1A0
C 299
R
P 0000011092FFE630
C 392
R
P 0000011092FFE630
P 0000011095A0D1A0
C 9
R
P 0000011092FFE630
C 392
R
P 0000011092FFE630
U 2
P 0000011095A0D1A0
P 00000110959FC828
p 2
C 68
= 00000110959FC860
R
P 0000011092FFE630
C 392
R
P 0000011092FFE630
P 00000110959FC860
C 299
R
P 0000011092FFE630
C 392
R
P 0000011092FFE630
P 00000110959FC860
C 9
R
P 0000011092FFE630
C 392
R
P 0000011092FFE630
U 9
P 0000011095A0C250
P 0000011095A0C2C0
P 0000011095A0C330
P 0000011095A0C3A0
P 0000011095A0C410
P 0000011095A0C480
P 0000011095A0C4F0
P 0000011095A0C560
P 0000011095A0C5D0
p 9
C 68
= 0000011095A0D210
R
P 0000011092FFE630
C 392
R
P 0000011092FFE630
P 0000011095A0D210
C 299
R
P 0000011092FFE630
C 392
R
P 0000011092FFE630
P 0000011095A0D210
C 9
R
P 0000011092FFE630
C 392
R
P 0000011092FFE630
U 2
P 0000011095A0D210
P 00000110959FC860
p 2
C 68
= 00000110959FC898
R
P 0000011092FFE630
C 392
R
P 0000011092FFE630
P 00000110959FC898
C 299
R
P 0000011092FFE630
C 392
R
P 0000011092FFE630
P 00000110959FC898
C 9
R
P 0000011092FFE630
C 392
R
P 0000011092FFE630
U 9
P 0000011095A0C640
P 0000011095A0C6B0
P 0000011095A0C720
P 0000011095A0C790
P 0000011095A0C800
P 0000011095A0C870
P 0000011095A0C8E0
P 0000011095A0C950
P 0000011095A0C9C0
p 9
C 68
= 0000011095A0D280
R
P 0000011092FFE630
C 392
R
P 0000011092FFE630
P 0000011095A0D280
C 299
R
P 0000011092FFE630
C 392
R
P 0000011092FFE630
P 0000011095A0D280
C 9
R
P 0000011092FFE630
C 392
R
P 0000011092FFE630
U 2
P 0000011095A0D280
P 00000110959FC898
p 2
C 68
= 00000110959FC8D0
R
P 0000011092FFE630
C 392
R
P 0000011092FFE630
P 00000110959FC8D0
C 299
R
P 0000011092FFE630
C 392
R
P 0000011092FFE630
P 00000110959FC8D0
C 9
R
P 0000011092FFE630
C 392
R
P 0000011092FFE630
U 3
P 0000011095A0CA30
P 0000011095A0CAA0
P 0000011095A0CB10
p 3
C 68
= 0000011093075810
R
P 0000011092FFE630
C 392
R
P 0000011092FFE630
P 0000011093075810
C 299
R
P 0000011092FFE630
C 392
R
P 0000011092FFE630
P 0000011093075810
C 9
R
P 0000011092FFE630
C 392
R
P 0000011092FFE630
U 2
P 0000011093075810
P 00000110959FC8D0
p 2
C 68
= 00000110959FC908
R
P 0000011092FFE630
C 392
R
P 0000011092FFE630
P 00000110959FC908
C 299
R
P 0000011092FFE630
C 392
R
P 0000011092FFE630
P 00000110959FC908
C 9
R
P 0000011092FFE630
C 392
R
P 0000011092FFE630
U 3
P 0000011095A0CB80
P 0000011095A0CBF0
P 0000011095A0CC60
p 3
C 68
= 0000011093075850
R
P 0000011092FFE630
C 392
R
P 0000011092FFE630
P 0000011093075850
C 299
R
P 0000011092FFE630
C 392
R
P 0000011092FFE630
P 0000011093075850
C 9
R
P 0000011092FFE630
C 392
R
P 0000011092FFE630
U 2
P 0000011093075850
P 00000110959FC908
p 2
C 68
= 00000110959FC940
R
P 0000011092FFE630
C 392
R
P 0000011092FFE630
P 00000110959FC940
C 299
R
P 0000011092FFE630
C 392
R
P 0000011092FFE630
P 00000110959FC940
C 9
R
P 0000011092FFE630
C 392
R
P 0000011092FFE630
U 3
P 0000011095A0CCD0
P 0000011095A0CD40
P 0000011095A0CDB0
p 3
C 68
= 0000011093075890
R
P 0000011092FFE630
C 392
R
P 0000011092FFE630
P 0000011093075890
C 299
R
P 0000011092FFE630
C 392
R
P 0000011092FFE630
P 0000011093075890
C 9
R
P 0000011092FFE630
C 392
R
P 0000011092FFE630
U 2
P 0000011093075890
P 00000110959FC940
p 2
C 68
= 00000110959FC978
R
P 0000011092FFE630
C 392
R
P 0000011092FFE630
P 00000110959FC978
C 299
R
P 0000011092FFE630
C 392
R
P 0000011092FFE630
P 00000110959FC978
C 9
R
P 0000011092FFE630
C 392
R
P 0000011092FFE630
C 59
= 0000011093060D90
R
P 0000011092FFE630
C 392
R
P 0000011092FFE630
P 0000011093060D90
C 299
R
P 0000011092FFE630
C 392
R
P 0000011092FFE630
P 0000011093060D90
C 9
R
P 0000011092FFE630
C 392
R
P 0000011092FFE630
I 9
P 0000011093060DF0
C 159
= 0000011093062930
R
P 0000011092FFE630
C 392
R
P 0000011092FFE630
P 0000011093062930
C 299
R
P 0000011092FFE630
C 392
R
P 0000011092FFE630
P 0000011093062930
C 9
R
P 0000011092FFE630
C 392
R
P 0000011092FFE630
P 0000011093061F90
P 0000011093062930
C 61
= 00000110959FC9B0
R
P 0000011092FFE630
C 392
R
P 0000011092FFE630
P 00000110959FC9B0
C 299
R
P 0000011092FFE630
C 392
R
P 0000011092FFE630
P 00000110959FC9B0
C 9
R
P 0000011092FFE630
C 392
R
P 0000011092FFE630
U 2
P 0000011093060D90
P 00000110959FC9B0
p 2
C 68
= 00000110959FC9E8
R
P 0000011092FFE630
C 392
R
P 0000011092FFE630
P 00000110959FC9E8
C 299
R
P 0000011092FFE630
C 392
R
P 0000011092FFE630
P 00000110959FC9E8
C 9
R
P 0000011092FFE630
C 392
R
P 0000011092FFE630
I 4
P 0000011093060DF0
C 159
= 0000011093062950
R
P 0000011092FFE630
C 392
R
P 0000011092FFE630
P 0000011093062950
C 299
R
P 0000011092FFE630
C 392
R
P 0000011092FFE630
P 0000011093062950
C 9
R
P 0000011092FFE630
C 392
R
P 0000011092FFE630
P 0000011093061FB0
P 0000011093062950
C 61
= 00000110959FCA20
R
P 0000011092FFE630
C 392
R
P 0000011092FFE630
P 00000110959FCA20
C 299
R
P 0000011092FFE630
C 392
R
P 0000011092FFE630
P 00000110959FCA20
C 9
R
P 0000011092FFE630
C 392
R
P 0000011092FFE630
U 2
P 00000110959FC9E8
P 00000110959FCA20
p 2
C 68
= 00000110959FCA58
R
P 0000011092FFE630
C 392
R
P 0000011092FFE630
P 00000110959FCA58
C 299
R
P 0000011092FFE630
C 392
R
P 0000011092FFE630
P 00000110959FCA58
C 9
R
P 0000011092FFE630
C 392
R
P 0000011092FFE630
I 3
P 0000011093060DF0
C 159
= 0000011093062970
R
P 0000011092FFE630
C 392
R
P 0000011092FFE630
P 0000011093062970
C 299
R
P 0000011092FFE630
C 392
R
P 0000011092FFE630
P 0000011093062970
C 9
R
P 0000011092FFE630
C 392
R
P 0000011092FFE630
P 0000011093061FF0
P 0000011093062970
C 61
= 00000110959FCA90
R
P 0000011092FFE630
C 392
R
P 0000011092FFE630
P 00000110959FCA90
C 299
R
P 0000011092FFE630
C 392
R
P 0000011092FFE630
P 00000110959FCA90
C 9
R
P 0000011092FFE630
C 392
R
P 0000011092FFE630
U 2
P 00000110959FCA58
P 00000110959FCA90
p 2
C 68
= 00000110959FCAC8
R
P 0000011092FFE630
C 392
R
P 0000011092FFE630
P 00000110959FCAC8
C 299
R
P 0000011092FFE630
C 392
R
P 0000011092FFE630
P 00000110959FCAC8
C 9
R
P 0000011092FFE630
C 392
R
P 0000011092FFE630
I 5
P 0000011093060DF0
C 159
= 0000011093062990
R
P 0000011092FFE630
C 392
R
P 0000011092FFE630
P 0000011093062990
C 299
R
P 0000011092FFE630
C 392
R
P 0000011092FFE630
P 0000011093062990
C 9
R
P 0000011092FFE630
C 392
R
P 0000011092FFE630
P 0000011093062090
P 0000011093062990
C 61
= 00000110959FCB00
R
P 0000011092FFE630
C 392
R
P 0000011092FFE630
P 00000110959FCB00
C 299
R
P 0000011092FFE630
C 392
R
P 0000011092FFE630
P 00000110959FCB00
C 9
R
P 0000011092FFE630
C 392
R
P 0000011092FFE630
U 2
P 00000110959FCAC8
P 00000110959FCB00
p 2
C 68
= 00000110959FCB38
R
P 0000011092FFE630
C 392
R
P 0000011092FFE630
P 00000110959FCB38
C 299
R
P 0000011092FFE630
C 392
R
P 0000011092FFE630
P 00000110959FCB38
C 9
R
P 0000011092FFE630
C 392
R
P 0000011092FFE630
I 1
P 0000011093060DF0
C 159
= 0000011093061950
R
P 0000011092FFE630
C 392
R
P 0000011092FFE630
P 0000011093061950
C 299
R
P 0000011092FFE630
C 392
R
P 0000011092FFE630
P 0000011093061950
C 9
R
P 0000011092FFE630
C 392
R
P 0000011092FFE630
P 00000110930620B0
P 0000011093061950
C 61
= 00000110959FCB70
R
P 0000011092FFE630
C 392
R
P 0000011092FFE630
P 00000110959FCB70
C 299
R
P 0000011092FFE630
C 392
R
P 0000011092FFE630
P 00000110959FCB70
C 9
R
P 0000011092FFE630
C 392
R
P 0000011092FFE630
U 2
P 00000110959FCB38
P 00000110959FCB70
p 2
C 68
= 00000110959FCBA8
R
P 0000011092FFE630
C 392
R
P 0000011092FFE630
P 00000110959FCBA8
C 299
R
P 0000011092FFE630
C 392
R
P 0000011092FFE630
P 00000110959FCBA8
C 9
R
P 0000011092FFE630
C 392
R
P 0000011092FFE630
I 7
P 0000011093060DF0
C 159
= 00000110930629B0
R
P 0000011092FFE630
C 392
R
P 0000011092FFE630
P 00000110930629B0
C 299
R
P 0000011092FFE630
C 392
R
P 0000011092FFE630
P 00000110930629B0
C 9
R
P 0000011092FFE630
C 392
R
P 0000011092FFE630
P 0000011093062130
P 00000110930629B0
C 61
= 00000110959FCBE0
R
P 0000011092FFE630
C 392
R
P 0000011092FFE630
P 00000110959FCBE0
C 299
R
P 0000011092FFE630
C 392
R
P 0000011092FFE630
P 00000110959FCBE0
C 9
R
P 0000011092FFE630
C 392
R
P 0000011092FFE630
U 2
P 00000110959FCBA8
P 00000110959FCBE0
p 2
C 68
= 00000110959FCC18
R
P 0000011092FFE630
C 392
R
P 0000011092FFE630
P 00000110959FCC18
C 299
R
P 0000011092FFE630
C 392
R
P 0000011092FFE630
P 00000110959FCC18
C 9
R
P 0000011092FFE630
C 392
R
P 0000011092FFE630
I 8
P 0000011093060DF0
C 159
= 00000110930629D0
R
P 0000011092FFE630
C 392
R
P 0000011092FFE630
P 00000110930629D0
C 299
R
P 0000011092FFE630
C 392
R
P 0000011092FFE630
P 00000110930629D0
C 9
R
P 0000011092FFE630
C 392
R
P 0000011092FFE630
P 0000011093062170
P 00000110930629D0
C 61
= 00000110959FCC50
R
P 0000011092FFE630
C 392
R
P 0000011092FFE630
P 00000110959FCC50
C 299
R
P 0000011092FFE630
C 392
R
P 0000011092FFE630
P 00000110959FCC50
C 9
R
P 0000011092FFE630
C 392
R
P 0000011092FFE630
U 2
P 00000110959FCC18
P 00000110959FCC50
p 2
C 68
= 00000110959FCC88
R
P 0000011092FFE630
C 392
R
P 0000011092FFE630
P 00000110959FCC88
C 299
R
P 0000011092FFE630
C 392
R
P 0000011092FFE630
P 00000110959FCC88
C 9
R
P 0000011092FFE630
C 392
R
P 0000011092FFE630
I 9
P 0000011093060DF0
C 159
= 0000011093062930
R
P 0000011092FFE630
C 392
R
P 0000011092FFE630
P 0000011093062930
C 299
R
P 0000011092FFE630
C 392
R
P 0000011092FFE630
P 0000011093062930
C 9
R
P 0000011092FFE630
C 392
R
P 0000011092FFE630
P 0000011093062190
P 0000011093062930
C 61
= 00000110959FCCC0
R
P 0000011092FFE630
C 392
R
P 0000011092FFE630
P 00000110959FCCC0
C 299
R
P 0000011092FFE630
C 392
R
P 0000011092FFE630
P 00000110959FCCC0
C 9
R
P 0000011092FFE630
C 392
R
P 0000011092FFE630
U 2
P 00000110959FCC88
P 00000110959FCCC0
p 2
C 68
= 00000110959FCCF8
R
P 0000011092FFE630
C 392
R
P 0000011092FFE630
P 00000110959FCCF8
C 299
R
P 0000011092FFE630
C 392
R
P 0000011092FFE630
P 00000110959FCCF8
C 9
R
P 0000011092FFE630
C 392
R
P 0000011092FFE630
I 4
P 0000011093060DF0
C 159
= 0000011093062950
R
P 0000011092FFE630
C 392
R
P 0000011092FFE630
P 0000011093062950
C 299
R
P 0000011092FFE630
C 392
R
P 0000011092FFE630
P 0000011093062950
C 9
R
P 0000011092FFE630
C 392
R
P 0000011092FFE630
P 0000011093062230
P 0000011093062950
C 61
= 00000110959FCD30
R
P 0000011092FFE630
C 392
R
P 0000011092FFE630
P 00000110959FCD30
C 299
R
P 0000011092FFE630
C 392
R
P 0000011092FFE630
P 00000110959FCD30
C 9
R
P 0000011092FFE630
C 392
R
P 0000011092FFE630
U 2
P 00000110959FCCF8
P 00000110959FCD30
p 2
C 68
= 00000110959FCD68
R
P 0000011092FFE630
C 392
R
P 0000011092FFE630
P 00000110959FCD68
C 299
R
P 0000011092FFE630
C 392
R
P 0000011092FFE630
P 00000110959FCD68
C 9
R
P 0000011092FFE630
C 392
R
P 0000011092FFE630
I 2
P 0000011093060DF0
C 159
= 0000011093061BD0
R
P 0000011092FFE630
C 392
R
P 0000011092FFE630
P 0000011093061BD0
C 299
R
P 0000011092FFE630
C 392
R
P 0000011092FFE630
P 0000011093061BD0
C 9
R
P 0000011092FFE630
C 392
R
P 0000011092FFE630
P 0000011093062330
P 0000011093061BD0
C 61
= 00000110959FCDA0
R
P 0000011092FFE630
C 392
R
P 0000011092FFE630
P 00000110959FCDA0
C 299
R
P 0000011092FFE630
C 392
R
P 0000011092FFE630
P 00000110959FCDA0
C 9
R
P 0000011092FFE630
C 392
R
P 0000011092FFE630
U 2
P 00000110959FCD68
P 00000110959FCDA0
p 2
C 68
= 00000110959FCDD8
R
P 0000011092FFE630
C 392
R
P 0000011092FFE630
P 00000110959FCDD8
C 299
R
P 0000011092FFE630
C 392
R
P 0000011092FFE630
P 00000110959FCDD8
C 9
R
P 0000011092FFE630
C 392
R
P 0000011092FFE630
I 8
P 0000011093060DF0
C 159
= 00000110930629D0
R
P 0000011092FFE630
C 392
R
P 0000011092FFE630
P 00000110930629D0
C 299
R
P 0000011092FFE630
C 392
R
P 0000011092FFE630
P 00000110930629D0
C 9
R
P 0000011092FFE630
C 392
R
P 0000011092FFE630
P 0000011093062370
P 00000110930629D0
C 61
= 00000110959FCE10
R
P 0000011092FFE630
C 392
R
P 0000011092FFE630
P 00000110959FCE10
C 299
R
P 0000011092FFE630
C 392
R
P 0000011092FFE630
P 00000110959FCE10
C 9
R
P 0000011092FFE630
C 392
R
P 0000011092FFE630
U 2
P 00000110959FCDD8
P 00000110959FCE10
p 2
C 68
= 00000110959FCE48
R
P 0000011092FFE630
C 392
R
P 0000011092FFE630
P 00000110959FCE48
C 299
R
P 0000011092FFE630
C 392
R
P 0000011092FFE630
P 00000110959FCE48
C 9
R
P 0000011092FFE630
C 392
R
P 0000011092FFE630
I 6
P 0000011093060DF0
C 159
= 00000110930629F0
R
P 0000011092FFE630
C 392
R
P 0000011092FFE630
P 00000110930629F0
C 299
R
P 0000011092FFE630
C 392
R
P 0000011092FFE630
P 00000110930629F0
C 9
R
P 0000011092FFE630
C 392
R
P 0000011092FFE630
P 00000110930623B0
P 00000110930629F0
C 61
= 00000110959FCE80
R
P 0000011092FFE630
C 392
R
P 0000011092FFE630
P 00000110959FCE80
C 299
R
P 0000011092FFE630
C 392
R
P 0000011092FFE630
P 00000110959FCE80
C 9
R
P 0000011092FFE630
C 392
R
P 0000011092FFE630
U 2
P 00000110959FCE48
P 00000110959FCE80
p 2
C 68
= 00000110959FCEB8
R
P 0000011092FFE630
C 392
R
P 0000011092FFE630
P 00000110959FCEB8
C 299
R
P 0000011092FFE630
C 392
R
P 0000011092FFE630
P 00000110959FCEB8
C 9
R
P 0000011092FFE630
C 392
R
P 0000011092FFE630
I 2
P 0000011093060DF0
C 159
= 0000011093061BD0
R
P 0000011092FFE630
C 392
R
P 0000011092FFE630
P 0000011093061BD0
C 299
R
P 0000011092FFE630
C 392
R
P 0000011092FFE630
P 0000011093061BD0
C 9
R
P 0000011092FFE630
C 392
R
P 0000011092FFE630
P 00000110930623F0
P 0000011093061BD0
C 61
= 00000110959FCEF0
R
P 0000011092FFE630
C 392
R
P 0000011092FFE630
P 00000110959FCEF0
C 299
R
P 0000011092FFE630
C 392
R
P 0000011092FFE630
P 00000110959FCEF0
C 9
R
P 0000011092FFE630
C 392
R
P 0000011092FFE630
U 2
P 00000110959FCEB8
P 00000110959FCEF0
p 2
C 68
= 00000110959FCF28
R
P 0000011092FFE630
C 392
R
P 0000011092FFE630
P 00000110959FCF28
C 299
R
P 0000011092FFE630
C 392
R
P 0000011092FFE630
P 00000110959FCF28
C 9
R
P 0000011092FFE630
C 392
R
P 0000011092FFE630
I 1
P 0000011093060DF0
C 159
= 0000011093061950
R
P 0000011092FFE630
C 392
R
P 0000011092FFE630
P 0000011093061950
C 299
R
P 0000011092FFE630
C 392
R
P 0000011092FFE630
P 0000011093061950
C 9
R
P 0000011092FFE630
C 392
R
P 0000011092FFE630
P 0000011093062430
P 0000011093061950
C 61
= 00000110959FCF60
R
P 0000011092FFE630
C 392
R
P 0000011092FFE630
P 00000110959FCF60
C 299
R
P 0000011092FFE630
C 392
R
P 0000011092FFE630
P 00000110959FCF60
C 9
R
P 0000011092FFE630
C 392
R
P 0000011092FFE630
U 2
P 00000110959FCF28
P 00000110959FCF60
p 2
C 68
= 00000110959FCF98
R
P 0000011092FFE630
C 392
R
P 0000011092FFE630
P 00000110959FCF98
C 299
R
P 0000011092FFE630
C 392
R
P 0000011092FFE630
P 00000110959FCF98
C 9
R
P 0000011092FFE630
C 392
R
P 0000011092FFE630
I 5
P 0000011093060DF0
C 159
= 0000011093062990
R
P 0000011092FFE630
C 392
R
P 0000011092FFE630
P 0000011093062990
C 299
R
P 0000011092FFE630
C 392
R
P 0000011092FFE630
P 0000011093062990
C 9
R
P 0000011092FFE630
C 392
R
P 0000011092FFE630
P 0000011093062470
P 0000011093062990
C 61
= 00000110959FCFD0
R
P 0000011092FFE630
C 392
R
P 0000011092FFE630
P 00000110959FCFD0
C 299
R
P 0000011092FFE630
C 392
R
P 0000011092FFE630
P 00000110959FCFD0
C 9
R
P 0000011092FFE630
C 392
R
P 0000011092FFE630
U 2
P 00000110959FCF98
P 00000110959FCFD0
p 2
C 68
= 00000110959FD008
R
P 0000011092FFE630
C 392
R
P 0000011092FFE630
P 00000110959FD008
C 299
R
P 0000011092FFE630
C 392
R
P 0000011092FFE630
P 00000110959FD008
C 9
R
P 0000011092FFE630
C 392
R
P 0000011092FFE630
I 1
P 0000011093060DF0
C 159
= 0000011093061950
R
P 0000011092FFE630
C 392
R
P 0000011092FFE630
P 0000011093061950
C 299
R
P 0000011092FFE630
C 392
R
P 0000011092FFE630
P 0000011093061950
C 9
R
P 0000011092FFE630
C 392
R
P 0000011092FFE630
P 00000110930624B0
P 0000011093061950
C 61
= 00000110959FD040
R
P 0000011092FFE630
C 392
R
P 0000011092FFE630
P 00000110959FD040
C 299
R
P 0000011092FFE630
C 392
R
P 0000011092FFE630
P 00000110959FD040
C 9
R
P 0000011092FFE630
C 392
R
P 0000011092FFE630
U 2
P 00000110959FD008
P 00000110959FD040
p 2
C 68
= 00000110959FD078
R
P 0000011092FFE630
C 392
R
P 0000011092FFE630
P 00000110959FD078
C 299
R
P 0000011092FFE630
C 392
R
P 0000011092FFE630
P 00000110959FD078
C 9
R
P 0000011092FFE630
C 392
R
P 0000011092FFE630
I 2
P 0000011093060DF0
C 159
= 0000011093061BD0
R
P 0000011092FFE630
C 392
R
P 0000011092FFE630
P 0000011093061BD0
C 299
R
P 0000011092FFE630
C 392
R
P 0000011092FFE630
P 0000011093061BD0
C 9
R
P 0000011092FFE630
C 392
R
P 0000011092FFE630
P 00000110930624F0
P 0000011093061BD0
C 61
= 00000110959FD0B0
R
P 0000011092FFE630
C 392
R
P 0000011092FFE630
P 00000110959FD0B0
C 299
R
P 0000011092FFE630
C 392
R
P 0000011092FFE630
P 00000110959FD0B0
C 9
R
P 0000011092FFE630
C 392
R
P 0000011092FFE630
U 2
P 00000110959FD078
P 00000110959FD0B0
p 2
C 68
= 00000110959FD0E8
R
P 0000011092FFE630
C 392
R
P 0000011092FFE630
P 00000110959FD0E8
C 299
R
P 0000011092FFE630
C 392
R
P 0000011092FFE630
P 00000110959FD0E8
C 9
R
P 0000011092FFE630
C 392
R
P 0000011092FFE630
I 7
P 0000011093060DF0
C 159
= 00000110930629B0
R
P 0000011092FFE630
C 392
R
P 0000011092FFE630
P 00000110930629B0
C 299
R
P 0000011092FFE630
C 392
R
P 0000011092FFE630
P 00000110930629B0
C 9
R
P 0000011092FFE630
C 392
R
P 0000011092FFE630
P 00000110930625F0
P 00000110930629B0
C 61
= 00000110959FD120
R
P 0000011092FFE630
C 392
R
P 0000011092FFE630
P 00000110959FD120
C 299
R
P 0000011092FFE630
C 392
R
P 0000011092FFE630
P 00000110959FD120
C 9
R
P 0000011092FFE630
C 392
R
P 0000011092FFE630
U 2
P 00000110959FD0E8
P 00000110959FD120
p 2
C 68
= 00000110959FD158
R
P 0000011092FFE630
C 392
R
P 0000011092FFE630
P 00000110959FD158
C 299
R
P 0000011092FFE630
C 392
R
P 0000011092FFE630
P 00000110959FD158
C 9
R
P 0000011092FFE630
C 392
R
P 0000011092FFE630
I 5
P 0000011093060DF0
C 159
= 0000011093062990
R
P 0000011092FFE630
C 392
R
P 0000011092FFE630
P 0000011093062990
C 299
R
P 0000011092FFE630
C 392
R
P 0000011092FFE630
P 0000011093062990
C 9
R
P 0000011092FFE630
C 392
R
P 0000011092FFE630
P 0000011093062690
P 0000011093062990
C 61
= 00000110959FD190
R
P 0000011092FFE630
C 392
R
P 0000011092FFE630
P 00000110959FD190
C 299
R
P 0000011092FFE630
C 392
R
P 0000011092FFE630
P 00000110959FD190
C 9
R
P 0000011092FFE630
C 392
R
P 0000011092FFE630
U 2
P 00000110959FD158
P 00000110959FD190
p 2
C 68
= 00000110959FD1C8
R
P 0000011092FFE630
C 392
R
P 0000011092FFE630
P 00000110959FD1C8
C 299
R
P 0000011092FFE630
C 392
R
P 0000011092FFE630
P 00000110959FD1C8
C 9
R
P 0000011092FFE630
C 392
R
P 0000011092FFE630
I 2
P 0000011093060DF0
C 159
= 0000011093061BD0
R
P 0000011092FFE630
C 392
R
P 0000011092FFE630
P 0000011093061BD0
C 299
R
P 0000011092FFE630
C 392
R
P 0000011092FFE630
P 0000011093061BD0
C 9
R
P 0000011092FFE630
C 392
R
P 0000011092FFE630
P 00000110930626B0
P 0000011093061BD0
C 61
= 00000110959FD200
R
P 0000011092FFE630
C 392
R
P 0000011092FFE630
P 00000110959FD200
C 299
R
P 0000011092FFE630
C 392
R
P 0000011092FFE630
P 00000110959FD200
C 9
R
P 0000011092FFE630
C 392
R
P 0000011092FFE630
U 2
P 00000110959FD1C8
P 00000110959FD200
p 2
C 68
= 00000110959FD238
R
P 0000011092FFE630
C 392
R
P 0000011092FFE630
P 00000110959FD238
C 299
R
P 0000011092FFE630
C 392
R
P 0000011092FFE630
P 00000110959FD238
C 9
R
P 0000011092FFE630
C 392
R
P 0000011092FFE630
I 9
P 0000011093060DF0
C 159
= 0000011093062930
R
P 0000011092FFE630
C 392
R
P 0000011092FFE630
P 0000011093062930
C 299
R
P 0000011092FFE630
C 392
R
P 0000011092FFE630
P 0000011093062930
C 9
R
P 0000011092FFE630
C 392
R
P 0000011092FFE630
P 00000110930626F0
P 0000011093062930
C 61
= 00000110959FD270
R
P 0000011092FFE630
C 392
R
P 0000011092FFE630
P 00000110959FD270
C 299
R
P 0000011092FFE630
C 392
R
P 0000011092FFE630
P 00000110959FD270
C 9
R
P 0000011092FFE630
C 392
R
P 0000011092FFE630
U 2
P 00000110959FD238
P 00000110959FD270
p 2
C 68
= 00000110959FD2A8
R
P 0000011092FFE630
C 392
R
P 0000011092FFE630
P 00000110959FD2A8
C 299
R
P 0000011092FFE630
C 392
R
P 0000011092FFE630
P 00000110959FD2A8
C 9
R
P 0000011092FFE630
C 392
R
P 0000011092FFE630
I 6
P 0000011093060DF0
C 159
= 00000110930629F0
R
P 0000011092FFE630
C 392
R
P 0000011092FFE630
P 00000110930629F0
C 299
R
P 0000011092FFE630
C 392
R
P 0000011092FFE630
P 00000110930629F0
C 9
R
P 0000011092FFE630
C 392
R
P 0000011092FFE630
P 0000011093062770
P 00000110930629F0
C 61
= 00000110959FD2E0
R
P 0000011092FFE630
C 392
R
P 0000011092FFE630
P 00000110959FD2E0
C 299
R
P 0000011092FFE630
C 392
R
P 0000011092FFE630
P 00000110959FD2E0
C 9
R
P 0000011092FFE630
C 392
R
P 0000011092FFE630
U 2
P 00000110959FD2A8
P 00000110959FD2E0
p 2
C 68
= 00000110959FD318
R
P 0000011092FFE630
C 392
R
P 0000011092FFE630
P 00000110959FD318
C 299
R
P 0000011092FFE630
C 392
R
P 0000011092FFE630
P 00000110959FD318
C 9
R
P 0000011092FFE630
C 392
R
P 0000011092FFE630
I 5
P 0000011093060DF0
C 159
= 0000011093062990
R
P 0000011092FFE630
C 392
R
P 0000011092FFE630
P 0000011093062990
C 299
R
P 0000011092FFE630
C 392
R
P 0000011092FFE630
P 0000011093062990
C 9
R
P 0000011092FFE630
C 392
R
P 0000011092FFE630
P 0000011093062790
P 0000011093062990
C 61
= 00000110959FD350
R
P 0000011092FFE630
C 392
R
P 0000011092FFE630
P 00000110959FD350
C 299
R
P 0000011092FFE630
C 392
R
P 0000011092FFE630
P 00000110959FD350
C 9
R
P 0000011092FFE630
C 392
R
P 0000011092FFE630
U 2
P 00000110959FD318
P 00000110959FD350
p 2
C 68
= 00000110959FD388
R
P 0000011092FFE630
C 392
R
P 0000011092FFE630
P 00000110959FD388
C 299
R
P 0000011092FFE630
C 392
R
P 0000011092FFE630
P 00000110959FD388
C 9
R
P 0000011092FFE630
C 392
R
P 0000011092FFE630
I 4
P 0000011093060DF0
C 159
= 0000011093062950
R
P 0000011092FFE630
C 392
R
P 0000011092FFE630
P 0000011093062950
C 299
R
P 0000011092FFE630
C 392
R
P 0000011092FFE630
P 0000011093062950
C 9
R
P 0000011092FFE630
C 392
R
P 0000011092FFE630
P 0000011093062830
P 0000011093062950
C 61
= 00000110959FD3C0
R
P 0000011092FFE630
C 392
R
P 0000011092FFE630
P 00000110959FD3C0
C 299
R
P 0000011092FFE630
C 392
R
P 0000011092FFE630
P 00000110959FD3C0
C 9
R
P 0000011092FFE630
C 392
R
P 0000011092FFE630
U 2
P 00000110959FD388
P 00000110959FD3C0
p 2
C 68
= 00000110959FD3F8
R
P 0000011092FFE630
C 392
R
P 0000011092FFE630
P 00000110959FD3F8
C 299
R
P 0000011092FFE630
C 392
R
P 0000011092FFE630
P 00000110959FD3F8
C 9
R
P 0000011092FFE630
C 392
R
P 0000011092FFE630
I 9
P 0000011093060DF0
C 159
= 0000011093062930
R
P 0000011092FFE630
C 392
R
P 0000011092FFE630
P 0000011093062930
C 299
R
P 0000011092FFE630
C 392
R
P 0000011092FFE630
P 0000011093062930
C 9
R
P 0000011092FFE630
C 392
R
P 0000011092FFE630
P 0000011093062870
P 0000011093062930
C 61
= 00000110959FD430
R
P 0000011092FFE630
C 392
R
P 0000011092FFE630
P 00000110959FD430
C 299
R
P 0000011092FFE630
C 392
R
P 0000011092FFE630
P 00000110959FD430
C 9
R
P 0000011092FFE630
C 392
R
P 0000011092FFE630
U 2
P 00000110959FD3F8
P 00000110959FD430
p 2
C 68
= 00000110959FD468
R
P 0000011092FFE630
C 392
R
P 0000011092FFE630
P 00000110959FD468
C 299
R
P 0000011092FFE630
C 392
R
P 0000011092FFE630
P 00000110959FD468
C 9
R
P 0000011092FFE630
C 392
R
P 0000011092FFE630
I 7
P 0000011093060DF0
C 159
= 00000110930629B0
R
P 0000011092FFE630
C 392
R
P 0000011092FFE630
P 00000110930629B0
C 299
R
P 0000011092FFE630
C 392
R
P 0000011092FFE630
P 00000110930629B0
C 9
R
P 0000011092FFE630
C 392
R
P 0000011092FFE630
P 0000011093062890
P 00000110930629B0
C 61
= 00000110959FD4A0
R
P 0000011092FFE630
C 392
R
P 0000011092FFE630
P 00000110959FD4A0
C 299
R
P 0000011092FFE630
C 392
R
P 0000011092FFE630
P 00000110959FD4A0
C 9
R
P 0000011092FFE630
C 392
R
P 0000011092FFE630
U 2
P 00000110959FD468
P 00000110959FD4A0
p 2
C 68
= 00000110959FD4D8
R
P 0000011092FFE630
C 392
R
P 0000011092FFE630
P 00000110959FD4D8
C 299
R
P 0000011092FFE630
C 392
R
P 0000011092FFE630
P 00000110959FD4D8
C 9
R
P 0000011092FFE630
C 392
R
P 0000011092FFE630
C 473
= 0000011093189620
R
P 0000011092FFE630
C 392
R
P 0000011092FFE630
P 0000011093189620
C 482
R
P 0000011092FFE630
C 392
R
P 0000011092FFE630
P 0000011093189620
P 00000110959FC978
C 489
R
P 0000011092FFE630
C 392
R
P 0000011092FFE630
P 0000011093189620
P 00000110959FD4D8
C 489
R
P 0000011092FFE630
C 392
R
P 0000011092FFE630
P 0000011093189620
C 513
R
P 0000011092FFE630
C 392
R
P 0000011092FFE630
P 0000011093189620
C 518
= 0000011095F5B7B0
R
P 0000011092FFE630
C 392
R
P 0000011092FFE630
P 0000011095F5B7B0
C 344
R
P 0000011092FFE630
C 392
R
P 0000011092FFE630
P 0000011095F5B7B0
P 0000011093061F10
I 0
P 0000000000000000
C 346
* 00000110930629B0 4
R
P 0000011092FFE630
C 392
R
P 0000011092FFE630
P 00000110930629B0
C 298
R
P 0000011092FFE630
C 392
R
P 0000011092FFE630
P 00000110930629B0
C 295
= 0000011093060DF0
R
P 0000011092FFE630
C 392
R
P 0000011092FFE630
P 0000011093060DF0
C 249
R
P 0000011092FFE630
C 392
R
P 0000011092FFE630
P 00000110930629B0
C 301
R
P 0000011092FFE630
C 392
R
P 0000011092FFE630
P 00000110930629B0
C 300
R
P 0000011092FFE630
C 392
R
P 0000011092FFE630
P 00000110930629B0
C 299
R
P 0000011092FFE630
C 392
R
P 0000011092FFE630
P 00000110930629B0
C 9
R
P 0000011092FFE630
C 392
R
P 0000011092FFE630
P 0000011095F5B7B0
P 0000011093061F30
I 0
P 0000000000000000
C 346
* 0000011093061950 4
R
P 0000011092FFE630
C 392
R
P 0000011092FFE630
P 0000011093061950
C 298
R
P 0000011092FFE630
C 392
R
P 0000011092FFE630
P 0000011093061950
C 295
= 0000011093060DF0
R
P 0000011092FFE630
C 392
R
P 0000011092FFE630
P 0000011093060DF0
C 249
R
P 0000011092FFE630
C 392
R
P 0000011092FFE630
P 0000011093061950
C 301
R
P 0000011092FFE630
C 392
R
P 0000011092FFE630
P 0000011093061950
C 300
R
P 0000011092FFE630
C 392
R
P 0000011092FFE630
P 0000011093061950
C 299
R
P 0000011092FFE630
C 392
R
P 0000011092FFE630
P 0000011093061950
C 9
R
P 0000011092FFE630
C 392
R
P 0000011092FFE630
P 0000011095F5B7B0
P 0000011093061F50
I 0
P 0000000000000000
C 346
* 0000011093062990 4
R
P 0000011092FFE630
C 392
R
P 0000011092FFE630
P 0000011093062990
C 298
R
P 0000011092FFE630
C 392
R
P 0000011092FFE630
P 0000011093062990
C 295
= 0000011093060DF0
R
P 0000011092FFE630
C 392
R
P 0000011092FFE630
P 0000011093060DF0
C 249
R
P 0000011092FFE630
C 392
R
P 0000011092FFE630
P 0000011093062990
C 301
R
P 0000011092FFE630
C 392
R
P 0000011092FFE630
P 0000011093062990
C 300
R
P 0000011092FFE630
C 392
R
P 0000011092FFE630
P 0000011093062990
C 299
R
P 0000011092FFE630
C 392
R
P 0000011092FFE630
P 0000011093062990
C 9
R
P 0000011092FFE630
C 392
R
P 0000011092FFE630
P 0000011095F5B7B0
P 0000011093061F70
I 0
P 0000000000000000
C 346
* 00000110930629D0 4
R
P 0000011092FFE630
C 392
R
P 0000011092FFE630
P 00000110930629D0
C 298
R
P 0000011092FFE630
C 392
R
P 0000011092FFE630
P 00000110930629D0
C 295
= 0000011093060DF0
R
P 0000011092FFE630
C 392
R
P 0000011092FFE630
P 0000011093060DF0
C 249
R
P 0000011092FFE630
C 392
R
P 0000011092FFE630
P 00000110930629D0
C 301
R
P 0000011092FFE630
C 392
R
P 0000011092FFE630
P 00000110930629D0
C 300
R
P 0000011092FFE630
C 392
R
P 0000011092FFE630
P 00000110930629D0
C 299
R
P 0000011092FFE630
C 392
R
P 0000011092FFE630
P 00000110930629D0
C 9
R
P 0000011092FFE630
C 392
R
P 0000011092FFE630
P 0000011095F5B7B0
P 0000011093061F90
I 0
P 0000000000000000
C 346
* 0000011093062930 4
R
P 0000011092FFE630
C 392
R
P 0000011092FFE630
P 0000011093062930
C 298
R
P 0000011092FFE630
C 392
R
P 0000011092FFE630
P 0000011093062930
C 295
= 0000011093060DF0
R
P 0000011092FFE630
C 392
R
P 0000011092FFE630
P 0000011093060DF0
C 249
R
P 0000011092FFE630
C 392
R
P 0000011092FFE630
P 0000011093062930
C 301
R
P 0000011092FFE630
C 392
R
P 0000011092FFE630
P 0000011093062930
C 300
R
P 0000011092FFE630
C 392
R
P 0000011092FFE630
P 0000011093062930
C 299
R
P 0000011092FFE630
C 392
R
P 0000011092FFE630
P 0000011093062930
C 9
R
P 0000011092FFE630
C 392
R
P 0000011092FFE630
P 0000011095F5B7B0
P 0000011093061FB0
I 0
P 0000000000000000
C 346
* 0000011093062950 4
R
P 0000011092FFE630
C 392
R
P 0000011092FFE630
P 0000011093062950
C 298
R
P 0000011092FFE630
C 392
R
P 0000011092FFE630
P 0000011093062950
C 295
= 0000011093060DF0
R
P 0000011092FFE630
C 392
R
P 0000011092FFE630
P 0000011093060DF0
C 249
R
P 0000011092FFE630
C 392
R
P 0000011092FFE630
P 0000011093062950
C 301
R
P 0000011092FFE630
C 392
R
P 0000011092FFE630
P 0000011093062950
C 300
R
P 0000011092FFE630
C 392
R
P 0000011092FFE630
P 0000011093062950
C 299
R
P 0000011092FFE630
C 392
R
P 0000011092FFE630
P 0000011093062950
C 9
R
P 0000011092FFE630
C 392
R
P 0000011092FFE630
P 0000011095F5B7B0
P 0000011093061FD0
I 0
P 0000000000000000
C 346
* 00000110930629F0 4
R
P 0000011092FFE630
C 392
R
P 0000011092FFE630
P 00000110930629F0
C 298
R
P 0000011092FFE630
C 392
R
P 0000011092FFE630
P 00000110930629F0
C 295
= 0000011093060DF0
R
P 0000011092FFE630
C 392
R
P 0000011092FFE630
P 0000011093060DF0
C 249
R
P 0000011092FFE630
C 392
R
P 0000011092FFE630
P 00000110930629F0
C 301
R
P 0000011092FFE630
C 392
R
P 0000011092FFE630
P 00000110930629F0
C 300
R
P 0000011092FFE630
C 392
R
P 0000011092FFE630
P 00000110930629F0
C 299
R
P 0000011092FFE630
C 392
R
P 0000011092FFE630
P 00000110930629F0
C 9
R
P 0000011092FFE630
C 392
R
P 0000011092FFE630
P 0000011095F5B7B0
P 0000011093061FF0
I 0
P 0000000000000000
C 346
* 0000011093062970 4
R
P 0000011092FFE630
C 392
R
P 0000011092FFE630
P 0000011093062970
C 298
R
P 0000011092FFE630
C 392
R
P 0000011092FFE630
P 0000011093062970
C 295
= 0000011093060DF0
R
P 0000011092FFE630
C 392
R
P 0000011092FFE630
P 0000011093060DF0
C 249
R
P 0000011092FFE630
C 392
R
P 0000011092FFE630
P 0000011093062970
C 301
R
P 0000011092FFE630
C 392
R
P 0000011092FFE630
P 0000011093062970
C 300
R
P 0000011092FFE630
C 392
R
P 0000011092FFE630
P 0000011093062970
C 299
R
P 0000011092FFE630
C 392
R
P 0000011092FFE630
P 0000011093062970
C 9
R
P 0000011092FFE630
C 392
R
P 0000011092FFE630
P 0000011095F5B7B0
P 0000011093062010
I 0
P 0000000000000000
C 346
* 0000011093061BD0 4
R
P 0000011092FFE630
C 392
R
P 0000011092FFE630
P 0000011093061BD0
C 298
R
P 0000011092FFE630
C 392
R
P 0000011092FFE630
P 0000011093061BD0
C 295
= 0000011093060DF0
R
P 0000011092FFE630
C 392
R
P 0000011092FFE630
P 0000011093060DF0
C 249
R
P 0000011092FFE630
C 392
R
P 0000011092FFE630
P 0000011093061BD0
C 301
R
P 0000011092FFE630
C 392
R
P 0000011092FFE630
P 0000011093061BD0
C 300
R
P 0000011092FFE630
C 392
R
P 0000011092FFE630
P 0000011093061BD0
C 299
R
P 0000011092FFE630
C 392
R
P 0000011092FFE630
P 0000011093061BD0
C 9
R
P 0000011092FFE630
C 392
R
P 0000011092FFE630
P 0000011095F5B7B0
P 0000011093062030
I 0
P 0000000000000000
C 346
* 0000011093061BD0 4
R
P 0000011092FFE630
C 392
R
P 0000011092FFE630
P 0000011093061BD0
C 298
R
P 0000011092FFE630
C 392
R
P 0000011092FFE630
P 0000011093061BD0
C 295
= 0000011093060DF0
R
P 0000011092FFE630
C 392
R
P 0000011092FFE630
P 0000011093060DF0
C 249
R
P 0000011092FFE630
C 392
R
P 0000011092FFE630
P 0000011093061BD0
C 301
R
P 0000011092FFE630
C 392
R
P 0000011092FFE630
P 0000011093061BD0
C 300
R
P 0000011092FFE630
C 392
R
P 0000011092FFE630
P 0000011093061BD0
C 299
R
P 0000011092FFE630
C 392
R
P 0000011092FFE630
P 0000011093061BD0
C 9
R
P 0000011092FFE630
C 392
R
P 0000011092FFE630
P 0000011095F5B7B0
P 0000011093062050
I 0
P 0000000000000000
C 346
* 0000011093062970 4
R
P 0000011092FFE630
C 392
R
P 0000011092FFE630
P 0000011093062970
C 298
R
P 0000011092FFE630
C 392
R
P 0000011092FFE630
P 0000011093062970
C 295
= 0000011093060DF0
R
P 0000011092FFE630
C 392
R
P 0000011092FFE630
P 0000011093060DF0
C 249
R
P 0000011092FFE630
C 392
R
P 0000011092FFE630
P 0000011093062970
C 301
R
P 0000011092FFE630
C 392
R
P 0000011092FFE630
P 0000011093062970
C 300
R
P 0000011092FFE630
C 392
R
P 0000011092FFE630
P 0000011093062970
C 299
R
P 0000011092FFE630
C 392
R
P 0000011092FFE630
P 0000011093062970
C 9
R
P 0000011092FFE630
C 392
R
P 0000011092FFE630
P 0000011095F5B7B0
P 0000011093062070
I 0
P 0000000000000000
C 346
* 0000011093062950 4
R
P 0000011092FFE630
C 392
R
P 0000011092FFE630
P 0000011093062950
C 298
R
P 0000011092FFE630
C 392
R
P 0000011092FFE630
P 0000011093062950
C 295
= 0000011093060DF0
R
P 0000011092FFE630
C 392
R
P 0000011092FFE630
P 0000011093060DF0
C 249
R
P 0000011092FFE630
C 392
R
P 0000011092FFE630
P 0000011093062950
C 301
R
P 0000011092FFE630
C 392
R
P 0000011092FFE630
P 0000011093062950
C 300
R
P 0000011092FFE630
C 392
R
P 0000011092FFE630
P 0000011093062950
C 299
R
P 0000011092FFE630
C 392
R
P 0000011092FFE630
P 0000011093062950
C 9
R
P 0000011092FFE630
C 392
R
P 0000011092FFE630
P 0000011095F5B7B0
P 0000011093062090
I 0
P 0000000000000000
C 346
* 0000011093062990 4
R
P 0000011092FFE630
C 392
R
P 0000011092FFE630
P 0000011093062990
C 298
R
P 0000011092FFE630
C 392
R
P 0000011092FFE630
P 0000011093062990
C 295
= 0000011093060DF0
R
P 0000011092FFE630
C 392
R
P 0000011092FFE630
P 0000011093060DF0
C 249
R
P 0000011092FFE630
C 392
R
P 0000011092FFE630
P 0000011093062990
C 301
R
P 0000011092FFE630
C 392
R
P 0000011092FFE630
P 0000011093062990
C 300
R
P 0000011092FFE630
C 392
R
P 0000011092FFE630
P 0000011093062990
C 299
R
P 0000011092FFE630
C 392
R
P 0000011092FFE630
P 0000011093062990
C 9
R
P 0000011092FFE630
C 392
R
P 0000011092FFE630
P 0000011095F5B7B0
P 00000110930620B0
I 0
P 0000000000000000
C 346
* 0000011093061950 4
R
P 0000011092FFE630
C 392
R
P 0000011092FFE630
P 0000011093061950
C 298
R
P 0000011092FFE630
C 392
R
P 0000011092FFE630
P 0000011093061950
C 295
= 0000011093060DF0
R
P 0000011092FFE630
C 392
R
P 0000011092FFE630
P 0000011093060DF0
C 249
R
P 0000011092FFE630
C 392
R
P 0000011092FFE630
P 0000011093061950
C 301
R
P 0000011092FFE630
C 392
R
P 0000011092FFE630
P 0000011093061950
C 300
R
P 0000011092FFE630
C 392
R
P 0000011092FFE630
P 0000011093061950
C 299
R
P 0000011092FFE630
C 392
R
P 0000011092FFE630
P 0000011093061950
C 9
R
P 0000011092FFE630
C 392
R
P 0000011092FFE630
P 0000011095F5B7B0
P 00000110930620D0
I 0
P 0000000000000000
C 346
* 00000110930629F0 4
R
P 0000011092FFE630
C 392
R
P 0000011092FFE630
P 00000110930629F0
C 298
R
P 0000011092FFE630
C 392
R
P 0000011092FFE630
P 00000110930629F0
C 295
= 0000011093060DF0
R
P 0000011092FFE630
C 392
R
P 0000011092FFE630
P 0000011093060DF0
C 249
R
P 0000011092FFE630
C 392
R
P 0000011092FFE630
P 00000110930629F0
C 301
R
P 0000011092FFE630
C 392
R
P 0000011092FFE630
P 00000110930629F0
C 300
R
P 0000011092FFE630
C 392
R
P 0000011092FFE630
P 00000110930629F0
C 299
R
P 0000011092FFE630
C 392
R
P 0000011092FFE630
P 00000110930629F0
C 9
R
P 0000011092FFE630
C 392
R
P 0000011092FFE630
P 0000011095F5B7B0
P 00000110930620F0
I 0
P 0000000000000000
C 346
* 00000110930629D0 4
R
P 0000011092FFE630
C 392
R
P 0000011092FFE630
P 00000110930629D0
C 298
R
P 0000011092FFE630
C 392
R
P 0000011092FFE630
P 00000110930629D0
C 295
= 0000011093060DF0
R
P 0000011092FFE630
C 392
R
P 0000011092FFE630
P 0000011093060DF0
C 249
R
P 0000011092FFE630
C 392
R
P 0000011092FFE630
P 00000110930629D0
C 301
R
P 0000011092FFE630
C 392
R
P 0000011092FFE630
P 00000110930629D0
C 300
R
P 0000011092FFE630
C 392
R
P 0000011092FFE630
P 00000110930629D0
C 299
R
P 0000011092FFE630
C 392
R
P 0000011092FFE630
P 00000110930629D0
C 9
R
P 0000011092FFE630
C 392
R
P 0000011092FFE630
P 0000011095F5B7B0
P 0000011093062110
I 0
P 0000000000000000
C 346
* 0000011093062930 4
R
P 0000011092FFE630
C 392
R
P 0000011092FFE630
P 0000011093062930
C 298
R
P 0000011092FFE630
C 392
R
P 0000011092FFE630
P 0000011093062930
C 295
= 0000011093060DF0
R
P 0000011092FFE630
C 392
R
P 0000011092FFE630
P 0000011093060DF0
C 249
R
P 0000011092FFE630
C 392
R
P 0000011092FFE630
P 0000011093062930
C 301
R
P 0000011092FFE630
C 392
R
P 0000011092FFE630
P 0000011093062930
C 300
R
P 0000011092FFE630
C 392
R
P 0000011092FFE630
P 0000011093062930
C 299
R
P 0000011092FFE630
C 392
R
P 0000011092FFE630
P 0000011093062930
C 9
R
P 0000011092FFE630
C 392
R
P 0000011092FFE630
P 0000011095F5B7B0
P 0000011093062130
I 0
P 0000000000000000
C 346
* 00000110930629B0 4
R
P 0000011092FFE630
C 392
R
P 0000011092FFE630
P 00000110930629B0
C 298
R
P 0000011092FFE630
C 392
R
P 0000011092FFE630
P 00000110930629B0
C 295
= 0000011093060DF0
R
P 0000011092FFE630
C 392
R
P 0000011092FFE630
P 0000011093060DF0
C 249
R
P 0000011092FFE630
C 392
R
P 0000011092FFE630
P 00000110930629B0
C 301
R
P 0000011092FFE630
C 392
R
P 0000011092FFE630
P 00000110930629B0
C 300
R
P 0000011092FFE630
C 392
R
P 0000011092FFE630
P 00000110930629B0
C 299
R
P 0000011092FFE630
C 392
R
P 0000011092FFE630
P 00000110930629B0
C 9
R
P 0000011092FFE630
C 392
R
P 0000011092FFE630
P 0000011095F5B7B0
P 0000011093062150
I 0
P 0000000000000000
C 346
* 00000110930629F0 4
R
P 0000011092FFE630
C 392
R
P 0000011092FFE630
P 00000110930629F0
C 298
R
P 0000011092FFE630
C 392
R
P 0000011092FFE630
P 00000110930629F0
C 295
= 0000011093060DF0
R
P 0000011092FFE630
C 392
R
P 0000011092FFE630
P 0000011093060DF0
C 249
R
P 0000011092FFE630
C 392
R
P 0000011092FFE630
P 00000110930629F0
C 301
R
P 0000011092FFE630
C 392
R
P 0000011092FFE630
P 00000110930629F0
C 300
R
P 0000011092FFE630
C 392
R
P 0000011092FFE630
P 00000110930629F0
C 299
R
P 0000011092FFE630
C 392
R
P 0000011092FFE630
P 00000110930629F0
C 9
R
P 0000011092FFE630
C 392
R
P 0000011092FFE630
P 0000011095F5B7B0
P 0000011093062170
I 0
P 0000000000000000
C 346
* 00000110930629D0 4
R
P 0000011092FFE630
C 392
R
P 0000011092FFE630
P 00000110930629D0
C 298
R
P 0000011092FFE630
C 392
R
P 0000011092FFE630
P 00000110930629D0
C 295
= 0000011093060DF0
R
P 0000011092FFE630
C 392
R
P 0000011092FFE630
P 0000011093060DF0
C 249
R
P 0000011092FFE630
C 392
R
P 0000011092FFE630
P 00000110930629D0
C 301
R
P 0000011092FFE630
C 392
R
P 0000011092FFE630
P 00000110930629D0
C 300
R
P 0000011092FFE630
C 392
R
P 0000011092FFE630
P 00000110930629D0
C 299
R
P 0000011092FFE630
C 392
R
P 0000011092FFE630
P 00000110930629D0
C 9
R
P 0000011092FFE630
C 392
R
P 0000011092FFE630
P 0000011095F5B7B0
P 0000011093062190
I 0
P 0000000000000000
C 346
* 0000011093062930 4
R
P 0000011092FFE630
C 392
R
P 0000011092FFE630
P 0000011093062930
C 298
R
P 0000011092FFE630
C 392
R
P 0000011092FFE630
P 0000011093062930
C 295
= 0000011093060DF0
R
P 0000011092FFE630
C 392
R
P 0000011092FFE630
P 0000011093060DF0
C 249
R
P 0000011092FFE630
C 392
R
P 0000011092FFE630
P 0000011093062930
C 301
R
P 0000011092FFE630
C 392
R
P 0000011092FFE630
P 0000011093062930
C 300
R
P 0000011092FFE630
C 392
R
P 0000011092FFE630
P 0000011093062930
C 299
R
P 0000011092FFE630
C 392
R
P 0000011092FFE630
P 0000011093062930
C 9
R
P 0000011092FFE630
C 392
R
P 0000011092FFE630
P 0000011095F5B7B0
P 00000110930621B0
I 0
P 0000000000000000
C 346
* 00000110930629B0 4
R
P 0000011092FFE630
C 392
R
P 0000011092FFE630
P 00000110930629B0
C 298
R
P 0000011092FFE630
C 392
R
P 0000011092FFE630
P 00000110930629B0
C 295
= 0000011093060DF0
R
P 0000011092FFE630
C 392
R
P 0000011092FFE630
P 0000011093060DF0
C 249
R
P 0000011092FFE630
C 392
R
P 0000011092FFE630
P 00000110930629B0
C 301
R
P 0000011092FFE630
C 392
R
P 0000011092FFE630
P 00000110930629B0
C 300
R
P 0000011092FFE630
C 392
R
P 0000011092FFE630
P 00000110930629B0
C 299
R
P 0000011092FFE630
C 392
R
P 0000011092FFE630
P 00000110930629B0
C 9
R
P 0000011092FFE630
C 392
R
P 0000011092FFE630
P 0000011095F5B7B0
P 00000110930621D0
I 0
P 0000000000000000
C 346
* 0000011093061BD0 4
R
P 0000011092FFE630
C 392
R
P 0000011092FFE630
P 0000011093061BD0
C 298
R
P 0000011092FFE630
C 392
R
P 0000011092FFE630
P 0000011093061BD0
C 295
= 0000011093060DF0
R
P 0000011092FFE630
C 392
R
P 0000011092FFE630
P 0000011093060DF0
C 249
R
P 0000011092FFE630
C 392
R
P 0000011092FFE630
P 0000011093061BD0
C 301
R
P 0000011092FFE630
C 392
R
P 0000011092FFE630
P 0000011093061BD0
C 300
R
P 0000011092FFE630
C 392
R
P 0000011092FFE630
P 0000011093061BD0
C 299
R
P 0000011092FFE630
C 392
R
P 0000011092FFE630
P 0000011093061BD0
C 9
R
P 0000011092FFE630
C 392
R
P 0000011092FFE630
P 0000011095F5B7B0
P 00000110930621F0
I 0
P 0000000000000000
C 346
* 0000011093062970 4
R
P 0000011092FFE630
C 392
R
P 0000011092FFE630
P 0000011093062970
C 298
R
P 0000011092FFE630
C 392
R
P 0000011092FFE630
P 0000011093062970
C 295
= 0000011093060DF0
R
P 0000011092FFE630
C 392
R
P 0000011092FFE630
P 0000011093060DF0
C 249
R
P 0000011092FFE630
C 392
R
P 0000011092FFE630
P 0000011093062970
C 301
R
P 0000011092FFE630
C 392
R
P 0000011092FFE630
P 0000011093062970
C 300
R
P 0000011092FFE630
C 392
R
P 0000011092FFE630
P 0000011093062970
C 299
R
P 0000011092FFE630
C 392
R
P 0000011092FFE630
P 0000011093062970
C 9
R
P 0000011092FFE630
C 392
R
P 0000011092FFE630
P 0000011095F5B7B0
P 0000011093062210
I 0
P 0000000000000000
C 346
* 0000011093061950 4
R
P 0000011092FFE630
C 392
R
P 0000011092FFE630
P 0000011093061950
C 298
R
P 0000011092FFE630
C 392
R
P 0000011092FFE630
P 0000011093061950
C 295
= 0000011093060DF0
R
P 0000011092FFE630
C 392
R
P 0000011092FFE630
P 0000011093060DF0
C 249
R
P 0000011092FFE630
C 392
R
P 0000011092FFE630
P 0000011093061950
C 301
R
P 0000011092FFE630
C 392
R
P 0000011092FFE630
P 0000011093061950
C 300
R
P 0000011092FFE630
C 392
R
P 0000011092FFE630
P 0000011093061950
C 299
R
P 0000011092FFE630
C 392
R
P 0000011092FFE630
P 0000011093061950
C 9
R
P 0000011092FFE630
C 392
R
P 0000011092FFE630
P 0000011095F5B7B0
P 0000011093062230
I 0
P 0000000000000000
C 346
* 0000011093062950 4
R
P 0000011092FFE630
C 392
R
P 0000011092FFE630
P 0000011093062950
C 298
R
P 0000011092FFE630
C 392
R
P 0000011092FFE630
P 0000011093062950
C 295
= 0000011093060DF0
R
P 0000011092FFE630
C 392
R
P 0000011092FFE630
P 0000011093060DF0
C 249
R
P 0000011092FFE630
C 392
R
P 0000011092FFE630
P 0000011093062950
C 301
R
P 0000011092FFE630
C 392
R
P 0000011092FFE630
P 0000011093062950
C 300
R
P 0000011092FFE630
C 392
R
P 0000011092FFE630
P 0000011093062950
C 299
R
P 0000011092FFE630
C 392
R
P 0000011092FFE630
P 0000011093062950
C 9
R
P 0000011092FFE630
C 392
R
P 0000011092FFE630
P 0000011095F5B7B0
P 0000011093062250
I 0
P 0000000000000000
C 346
* 0000011093062990 4
R
P 0000011092FFE630
C 392
R
P 0000011092FFE630
P 0000011093062990
C 298
R
P 0000011092FFE630
C 392
R
P 0000011092FFE630
P 0000011093062990
C 295
= 0000011093060DF0
R
P 0000011092FFE630
C 392
R
P 0000011092FFE630
P 0000011093060DF0
C 249
R
P 0000011092FFE630
C 392
R
P 0000011092FFE630
P 0000011093062990
C 301
R
P 0000011092FFE630
C 392
R
P 0000011092FFE630
P 0000011093062990
C 300
R
P 0000011092FFE630
C 392
R
P 0000011092FFE630
P 0000011093062990
C 299
R
P 0000011092FFE630
C 392
R
P 0000011092FFE630
P 0000011093062990
C 9
R
P 0000011092FFE630
C 392
R
P 0000011092FFE630
P 0000011095F5B7B0
P 0000011093062270
I 0
P 0000000000000000
C 346
* 0000011093062950 4
R
P 0000011092FFE630
C 392
R
P 0000011092FFE630
P 0000011093062950
C 298
R
P 0000011092FFE630
C 392
R
P 0000011092FFE630
P 0000011093062950
C 295
= 0000011093060DF0
R
P 0000011092FFE630
C 392
R
P 0000011092FFE630
P 0000011093060DF0
C 249
R
P 0000011092FFE630
C 392
R
P 0000011092FFE630
P 0000011093062950
C 301
R
P 0000011092FFE630
C 392
R
P 0000011092FFE630
P 0000011093062950
C 300
R
P 0000011092FFE630
C 392
R
P 0000011092FFE630
P 0000011093062950
C 299
R
P 0000011092FFE630
C 392
R
P 0000011092FFE630
P 0000011093062950
C 9
R
P 0000011092FFE630
C 392
R
P 0000011092FFE630
P 0000011095F5B7B0
P 0000011093062290
I 0
P 0000000000000000
C 346
* 0000011093062930 4
R
P 0000011092FFE630
C 392
R
P 0000011092FFE630
P 0000011093062930
C 298
R
P 0000011092FFE630
C 392
R
P 0000011092FFE630
P 0000011093062930
C 295
= 0000011093060DF0
R
P 0000011092FFE630
C 392
R
P 0000011092FFE630
P 0000011093060DF0
C 249
R
P 0000011092FFE630
C 392
R
P 0000011092FFE630
P 0000011093062930
C 301
R
P 0000011092FFE630
C 392
R
P 0000011092FFE630
P 0000011093062930
C 300
R
P 0000011092FFE630
C 392
R
P 0000011092FFE630
P 0000011093062930
C 299
R
P 0000011092FFE630
C 392
R
P 0000011092FFE630
P 0000011093062930
C 9
R
P 0000011092FFE630
C 392
R
P 0000011092FFE630
P 0000011095F5B7B0
P 00000110930622B0
I 0
P 0000000000000000
C 346
* 0000011093062970 4
R
P 0000011092FFE630
C 392
R
P 0000011092FFE630
P 0000011093062970
C 298
R
P 0000011092FFE630
C 392
R
P 0000011092FFE630
P 0000011093062970
C 295
= 0000011093060DF0
R
P 0000011092FFE630
C 392
R
P 0000011092FFE630
P 0000011093060DF0
C 249
R
P 0000011092FFE630
C 392
R
P 0000011092FFE630
P 0000011093062970
C 301
R
P 0000011092FFE630
C 392
R
P 0000011092FFE630
P 0000011093062970
C 300
R
P 0000011092FFE630
C 392
R
P 0000011092FFE630
P 0000011093062970
C 299
R
P 0000011092FFE630
C 392
R
P 0000011092FFE630
P 0000011093062970
C 9
R
P 0000011092FFE630
C 392
R
P 0000011092FFE630
P 0000011095F5B7B0
P 00000110930622D0
I 0
P 0000000000000000
C 346
* 00000110930629F0 4
R
P 0000011092FFE630
C 392
R
P 0000011092FFE630
P 00000110930629F0
C 298
R
P 0000011092FFE630
C 392
R
P 0000011092FFE630
P 00000110930629F0
C 295
= 0000011093060DF0
R
P 0000011092FFE630
C 392
R
P 0000011092FFE630
P 0000011093060DF0
C 249
R
P 0000011092FFE630
C 392
R
P 0000011092FFE630
P 00000110930629F0
C 301
R
P 0000011092FFE630
C 392
R
P 0000011092FFE630
P 00000110930629F0
C 300
R
P 0000011092FFE630
C 392
R
P 0000011092FFE630
P 00000110930629F0
C 299
R
P 0000011092FFE630
C 392
R
P 0000011092FFE630
P 00000110930629F0
C 9
R
P 0000011092FFE630
C 392
R
P 0000011092FFE630
P 0000011095F5B7B0
P 00000110930622F0
I 0
P 0000000000000000
C 346
* 0000011093062990 4
R
P 0000011092FFE630
C 392
R
P 0000011092FFE630
P 0000011093062990
C 298
R
P 0000011092FFE630
C 392
R
P 0000011092FFE630
P 0000011093062990
C 295
= 0000011093060DF0
R
P 0000011092FFE630
C 392
R
P 0000011092FFE630
P 0000011093060DF0
C 249
R
P 0000011092FFE630
C 392
R
P 0000011092FFE630
P 0000011093062990
C 301
R
P 0000011092FFE630
C 392
R
P 0000011092FFE630
P 0000011093062990
C 300
R
P 0000011092FFE630
C 392
R
P 0000011092FFE630
P 0000011093062990
C 299
R
P 0000011092FFE630
C 392
R
P 0000011092FFE630
P 0000011093062990
C 9
R
P 0000011092FFE630
C 392
R
P 0000011092FFE630
P 0000011095F5B7B0
P 0000011093062310
I 0
P 0000000000000000
C 346
* 00000110930629B0 4
R
P 0000011092FFE630
C 392
R
P 0000011092FFE630
P 00000110930629B0
C 298
R
P 0000011092FFE630
C 392
R
P 0000011092FFE630
P 00000110930629B0
C 295
= 0000011093060DF0
R
P 0000011092FFE630
C 392
R
P 0000011092FFE630
P 0000011093060DF0
C 249
R
P 0000011092FFE630
C 392
R
P 0000011092FFE630
P 00000110930629B0
C 301
R
P 0000011092FFE630
C 392
R
P 0000011092FFE630
P 00000110930629B0
C 300
R
P 0000011092FFE630
C 392
R
P 0000011092FFE630
P 00000110930629B0
C 299
R
P 0000011092FFE630
C 392
R
P 0000011092FFE630
P 00000110930629B0
C 9
R
P 0000011092FFE630
C 392
R
P 0000011092FFE630
P 0000011095F5B7B0
P 0000011093062330
I 0
P 0000000000000000
C 346
* 0000011093061BD0 4
R
P 0000011092FFE630
C 392
R
P 0000011092FFE630
P 0000011093061BD0
C 298
R
P 0000011092FFE630
C 392
R
P 0000011092FFE630
P 0000011093061BD0
C 295
= 0000011093060DF0
R
P 0000011092FFE630
C 392
R
P 0000011092FFE630
P 0000011093060DF0
C 249
R
P 0000011092FFE630
C 392
R
P 0000011092FFE630
P 0000011093061BD0
C 301
R
P 0000011092FFE630
C 392
R
P 0000011092FFE630
P 0000011093061BD0
C 300
R
P 0000011092FFE630
C 392
R
P 0000011092FFE630
P 0000011093061BD0
C 299
R
P 0000011092FFE630
C 392
R
P 0000011092FFE630
P 0000011093061BD0
C 9
R
P 0000011092FFE630
C 392
R
P 0000011092FFE630
P 0000011095F5B7B0
P 0000011093062350
I 0
P 0000000000000000
C 346
* 0000011093061950 4
R
P 0000011092FFE630
C 392
R
P 0000011092FFE630
P 0000011093061950
C 298
R
P 0000011092FFE630
C 392
R
P 0000011092FFE630
P 0000011093061950
C 295
= 0000011093060DF0
R
P 0000011092FFE630
C 392
R
P 0000011092FFE630
P 0000011093060DF0
C 249
R
P 0000011092FFE630
C 392
R
P 0000011092FFE630
P 0000011093061950
C 301
R
P 0000011092FFE630
C 392
R
P 0000011092FFE630
P 0000011093061950
C 300
R
P 0000011092FFE630
C 392
R
P 0000011092FFE630
P 0000011093061950
C 299
R
P 0000011092FFE630
C 392
R
P 0000011092FFE630
P 0000011093061950
C 9
R
P 0000011092FFE630
C 392
R
P 0000011092FFE630
P 0000011095F5B7B0
P 0000011093062370
I 0
P 0000000000000000
C 346
* 00000110930629D0 4
R
P 0000011092FFE630
C 392
R
P 0000011092FFE630
P 00000110930629D0
C 298
R
P 0000011092FFE630
C 392
R
P 0000011092FFE630
P 00000110930629D0
C 295
= 0000011093060DF0
R
P 0000011092FFE630
C 392
R
P 0000011092FFE630
P 0000011093060DF0
C 249
R
P 0000011092FFE630
C 392
R
P 0000011092FFE630
P 00000110930629D0
C 301
R
P 0000011092FFE630
C 392
R
P 0000011092FFE630
P 00000110930629D0
C 300
R
P 0000011092FFE630
C 392
R
P 0000011092FFE630
P 00000110930629D0
C 299
R
P 0000011092FFE630
C 392
R
P 0000011092FFE630
P 00000110930629D0
C 9
R
P 0000011092FFE630
C 392
R
P 0000011092FFE630
P 0000011095F5B7B0
P 0000011093062390
I 0
P 0000000000000000
C 346
* 00000110930629D0 4
R
P 0000011092FFE630
C 392
R
P 0000011092FFE630
P 00000110930629D0
C 298
R
P 0000011092FFE630
C 392
R
P 0000011092FFE630
P 00000110930629D0
C 295
= 0000011093060DF0
R
P 0000011092FFE630
C 392
R
P 0000011092FFE630
P 0000011093060DF0
C 249
R
P 0000011092FFE630
C 392
R
P 0000011092FFE630
P 00000110930629D0
C 301
R
P 0000011092FFE630
C 392
R
P 0000011092FFE630
P 00000110930629D0
C 300
R
P 0000011092FFE630
C 392
R
P 0000011092FFE630
P 00000110930629D0
C 299
R
P 0000011092FFE630
C 392
R
P 0000011092FFE630
P 00000110930629D0
C 9
R
P 0000011092FFE630
C 392
R
P 0000011092FFE630
P 0000011095F5B7B0
P 00000110930623B0
I 0
P 0000000000000000
C 346
* 00000110930629F0 4
R
P 0000011092FFE630
C 392
R
P 0000011092FFE630
P 00000110930629F0
C 298
R
P 0000011092FFE630
C 392
R
P 0000011092FFE630
P 00000110930629F0
C 295
= 0000011093060DF0
R
P 0000011092FFE630
C 392
R
P 0000011092FFE630
P 0000011093060DF0
C 249
R
P 0000011092FFE630
C 392
R
P 0000011092FFE630
P 00000110930629F0
C 301
R
P 0000011092FFE630
C 392
R
P 0000011092FFE630
P 00000110930629F0
C 300
R
P 0000011092FFE630
C 392
R
P 0000011092FFE630
P 00000110930629F0
C 299
R
P 0000011092FFE630
C 392
R
P 0000011092FFE630
P 00000110930629F0
C 9
R
P 0000011092FFE630
C 392
R
P 0000011092FFE630
P 0000011095F5B7B0
P 00000110930623D0
I 0
P 0000000000000000
C 346
* 00000110930629B0 4
R
P 0000011092FFE630
C 392
R
P 0000011092FFE630
P 00000110930629B0
C 298
R
P 0000011092FFE630
C 392
R
P 0000011092FFE630
P 00000110930629B0
C 295
= 0000011093060DF0
R
P 0000011092FFE630
C 392
R
P 0000011092FFE630
P 0000011093060DF0
C 249
R
P 0000011092FFE630
C 392
R
P 0000011092FFE630
P 00000110930629B0
C 301
R
P 0000011092FFE630
C 392
R
P 0000011092FFE630
P 00000110930629B0
C 300
R
P 0000011092FFE630
C 392
R
P 0000011092FFE630
P 00000110930629B0
C 299
R
P 0000011092FFE630
C 392
R
P 0000011092FFE630
P 00000110930629B0
C 9
R
P 0000011092FFE630
C 392
R
P 0000011092FFE630
P 0000011095F5B7B0
P 00000110930623F0
I 0
P 0000000000000000
C 346
* 0000011093061BD0 4
R
P 0000011092FFE630
C 392
R
P 0000011092FFE630
P 0000011093061BD0
C 298
R
P 0000011092FFE630
C 392
R
P 0000011092FFE630
P 0000011093061BD0
C 295
= 0000011093060DF0
R
P 0000011092FFE630
C 392
R
P 0000011092FFE630
P 0000011093060DF0
C 249
R
P 0000011092FFE630
C 392
R
P 0000011092FFE630
P 0000011093061BD0
C 301
R
P 0000011092FFE630
C 392
R
P 0000011092FFE630
P 0000011093061BD0
C 300
R
P 0000011092FFE630
C 392
R
P 0000011092FFE630
P 0000011093061BD0
C 299
R
P 0000011092FFE630
C 392
R
P 0000011092FFE630
P 0000011093061BD0
C 9
R
P 0000011092FFE630
C 392
R
P 0000011092FFE630
P 0000011095F5B7B0
P 0000011093062410
I 0
P 0000000000000000
C 346
* 0000011093062970 4
R
P 0000011092FFE630
C 392
R
P 0000011092FFE630
P 0000011093062970
C 298
R
P 0000011092FFE630
C 392
R
P 0000011092FFE630
P 0000011093062970
C 295
= 0000011093060DF0
R
P 0000011092FFE630
C 392
R
P 0000011092FFE630
P 0000011093060DF0
C 249
R
P 0000011092FFE630
C 392
R
P 0000011092FFE630
P 0000011093062970
C 301
R
P 0000011092FFE630
C 392
R
P 0000011092FFE630
P 0000011093062970
C 300
R
P 0000011092FFE630
C 392
R
P 0000011092FFE630
P 0000011093062970
C 299
R
P 0000011092FFE630
C 392
R
P 0000011092FFE630
P 0000011093062970
C 9
R
P 0000011092FFE630
C 392
R
P 0000011092FFE630
P 0000011095F5B7B0
P 0000011093062430
I 0
P 0000000000000000
C 346
* 0000011093061950 4
R
P 0000011092FFE630
C 392
R
P 0000011092FFE630
P 0000011093061950
C 298
R
P 0000011092FFE630
C 392
R
P 0000011092FFE630
P 0000011093061950
C 295
= 0000011093060DF0
R
P 0000011092FFE630
C 392
R
P 0000011092FFE630
P 0000011093060DF0
C 249
R
P 0000011092FFE630
C 392
R
P 0000011092FFE630
P 0000011093061950
C 301
R
P 0000011092FFE630
C 392
R
P 0000011092FFE630
P 0000011093061950
C 300
R
P 0000011092FFE630
C 392
R
P 0000011092FFE630
P 0000011093061950
C 299
R
P 0000011092FFE630
C 392
R
P 0000011092FFE630
P 0000011093061950
C 9
R
P 0000011092FFE630
C 392
R
P 0000011092FFE630
P 0000011095F5B7B0
P 0000011093062450
I 0
P 0000000000000000
C 346
* 0000011093062930 4
R
P 0000011092FFE630
C 392
R
P 0000011092FFE630
P 0000011093062930
C 298
R
P 0000011092FFE630
C 392
R
P 0000011092FFE630
P 0000011093062930
C 295
= 0000011093060DF0
R
P 0000011092FFE630
C 392
R
P 0000011092FFE630
P 0000011093060DF0
C 249
R
P 0000011092FFE630
C 392
R
P 0000011092FFE630
P 0000011093062930
C 301
R
P 0000011092FFE630
C 392
R
P 0000011092FFE630
P 0000011093062930
C 300
R
P 0000011092FFE630
C 392
R
P 0000011092FFE630
P 0000011093062930
C 299
R
P 0000011092FFE630
C 392
R
P 0000011092FFE630
P 0000011093062930
C 9
R
P 0000011092FFE630
C 392
R
P 0000011092FFE630
P 0000011095F5B7B0
P 0000011093062470
I 0
P 0000000000000000
C 346
* 0000011093062990 4
R
P 0000011092FFE630
C 392
R
P 0000011092FFE630
P 0000011093062990
C 298
R
P 0000011092FFE630
C 392
R
P 0000011092FFE630
P 0000011093062990
C 295
= 0000011093060DF0
R
P 0000011092FFE630
C 392
R
P 0000011092FFE630
P 0000011093060DF0
C 249
R
P 0000011092FFE630
C 392
R
P 0000011092FFE630
P 0000011093062990
C 301
R
P 0000011092FFE630
C 392
R
P 0000011092FFE630
P 0000011093062990
C 300
R
P 0000011092FFE630
C 392
R
P 0000011092FFE630
P 0000011093062990
C 299
R
P 0000011092FFE630
C 392
R
P 0000011092FFE630
P 0000011093062990
C 9
R
P 0000011092FFE630
C 392
R
P 0000011092FFE630
P 0000011095F5B7B0
P 0000011093062490
I 0
P 0000000000000000
C 346
* 0000011093062950 4
R
P 0000011092FFE630
C 392
R
P 0000011092FFE630
P 0000011093062950
C 298
R
P 0000011092FFE630
C 392
R
P 0000011092FFE630
P 0000011093062950
C 295
= 0000011093060DF0
R
P 0000011092FFE630
C 392
R
P 0000011092FFE630
P 0000011093060DF0
C 249
R
P 0000011092FFE630
C 392
R
P 0000011092FFE630
P 0000011093062950
C 301
R
P 0000011092FFE630
C 392
R
P 0000011092FFE630
P 0000011093062950
C 300
R
P 0000011092FFE630
C 392
R
P 0000011092FFE630
P 0000011093062950
C 299
R
P 0000011092FFE630
C 392
R
P 0000011092FFE630
P 0000011093062950
C 9
R
P 0000011092FFE630
C 392
R
P 0000011092FFE630
P 0000011095F5B7B0
P 00000110930624B0
I 0
P 0000000000000000
C 346
* 0000011093061950 4
R
P 0000011092FFE630
C 392
R
P 0000011092FFE630
P 0000011093061950
C 298
R
P 0000011092FFE630
C 392
R
P 0000011092FFE630
P 0000011093061950
C 295
= 0000011093060DF0
R
P 0000011092FFE630
C 392
R
P 0000011092FFE630
P 0000011093060DF0
C 249
R
P 0000011092FFE630
C 392
R
P 0000011092FFE630
P 0000011093061950
C 301
R
P 0000011092FFE630
C 392
R
P 0000011092FFE630
P 0000011093061950
C 300
R
P 0000011092FFE630
C 392
R
P 0000011092FFE630
P 0000011093061950
C 299
R
P 0000011092FFE630
C 392
R
P 0000011092FFE630
P 0000011093061950
C 9
R
P 0000011092FFE630
C 392
R
P 0000011092FFE630
P 0000011095F5B7B0
P 00000110930624D0
I 0
P 0000000000000000
C 346
* 0000011093062990 4
R
P 0000011092FFE630
C 392
R
P 0000011092FFE630
P 0000011093062990
C 298
R
P 0000011092FFE630
C 392
R
P 0000011092FFE630
P 0000011093062990
C 295
= 0000011093060DF0
R
P 0000011092FFE630
C 392
R
P 0000011092FFE630
P 0000011093060DF0
C 249
R
P 0000011092FFE630
C 392
R
P 0000011092FFE630
P 0000011093062990
C 301
R
P 0000011092FFE630
C 392
R
P 0000011092FFE630
P 0000011093062990
C 300
R
P 0000011092FFE630
C 392
R
P 0000011092FFE630
P 0000011093062990
C 299
R
P 0000011092FFE630
C 392
R
P 0000011092FFE630
P 0000011093062990
C 9
R
P 0000011092FFE630
C 392
R
P 0000011092FFE630
P 0000011095F5B7B0
P 00000110930624F0
I 0
P 0000000000000000
C 346
* 0000011093061BD0 4
R
P 0000011092FFE630
C 392
R
P 0000011092FFE630
P 0000011093061BD0
C 298
R
P 0000011092FFE630
C 392
R
P 0000011092FFE630
P 0000011093061BD0
C 295
= 0000011093060DF0
R
P 0000011092FFE630
C 392
R
P 0000011092FFE630
P 0000011093060DF0
C 249
R
P 0000011092FFE630
C 392
R
P 0000011092FFE630
P 0000011093061BD0
C 301
R
P 0000011092FFE630
C 392
R
P 0000011092FFE630
P 0000011093061BD0
C 300
R
P 0000011092FFE630
C 392
R
P 0000011092FFE630
P 0000011093061BD0
C 299
R
P 0000011092FFE630
C 392
R
P 0000011092FFE630
P 0000011093061BD0
C 9
R
P 0000011092FFE630
C 392
R
P 0000011092FFE630
P 0000011095F5B7B0
P 0000011093062510
I 0
P 0000000000000000
C 346
* 0000011093062950 4
R
P 0000011092FFE630
C 392
R
P 0000011092FFE630
P 0000011093062950
C 298
R
P 0000011092FFE630
C 392
R
P 0000011092FFE630
P 0000011093062950
C 295
= 0000011093060DF0
R
P 0000011092FFE630
C 392
R
P 0000011092FFE630
P 0000011093060DF0
C 249
R
P 0000011092FFE630
C 392
R
P 0000011092FFE630
P 0000011093062950
C 301
R
P 0000011092FFE630
C 392
R
P 0000011092FFE630
P 0000011093062950
C 300
R
P 0000011092FFE630
C 392
R
P 0000011092FFE630
P 0000011093062950
C 299
R
P 0000011092FFE630
C 392
R
P 0000011092FFE630
P 0000011093062950
C 9
R
P 0000011092FFE630
C 392
R
P 0000011092FFE630
P 0000011095F5B7B0
P 0000011093062530
I 0
P 0000000000000000
C 346
* 00000110930629D0 4
R
P 0000011092FFE630
C 392
R
P 0000011092FFE630
P 00000110930629D0
C 298
R
P 0000011092FFE630
C 392
R
P 0000011092FFE630
P 00000110930629D0
C 295
= 0000011093060DF0
R
P 0000011092FFE630
C 392
R
P 0000011092FFE630
P 0000011093060DF0
C 249
R
P 0000011092FFE630
C 392
R
P 0000011092FFE630
P 00000110930629D0
C 301
R
P 0000011092FFE630
C 392
R
P 0000011092FFE630
P 00000110930629D0
C 300
R
P 0000011092FFE630
C 392
R
P 0000011092FFE630
P 00000110930629D0
C 299
R
P 0000011092FFE630
C 392
R
P 0000011092FFE630
P 00000110930629D0
C 9
R
P 0000011092FFE630
C 392
R
P 0000011092FFE630
P 0000011095F5B7B0
P 0000011093062550
I 0
P 0000000000000000
C 346
* 0000011093062930 4
R
P 0000011092FFE630
C 392
R
P 0000011092FFE630
P 0000011093062930
C 298
R
P 0000011092FFE630
C 392
R
P 0000011092FFE630
P 0000011093062930
C 295
= 0000011093060DF0
R
P 0000011092FFE630
C 392
R
P 0000011092FFE630
P 0000011093060DF0
C 249
R
P 0000011092FFE630
C 392
R
P 0000011092FFE630
P 0000011093062930
C 301
R
P 0000011092FFE630
C 392
R
P 0000011092FFE630
P 0000011093062930
C 300
R
P 0000011092FFE630
C 392
R
P 0000011092FFE630
P 0000011093062930
C 299
R
P 0000011092FFE630
C 392
R
P 0000011092FFE630
P 0000011093062930
C 9
R
P 0000011092FFE630
C 392
R
P 0000011092FFE630
P 0000011095F5B7B0
P 0000011093062570
I 0
P 0000000000000000
C 346
* 00000110930629B0 4
R
P 0000011092FFE630
C 392
R
P 0000011092FFE630
P 00000110930629B0
C 298
R
P 0000011092FFE630
C 392
R
P 0000011092FFE630
P 00000110930629B0
C 295
= 0000011093060DF0
R
P 0000011092FFE630
C 392
R
P 0000011092FFE630
P 0000011093060DF0
C 249
R
P 0000011092FFE630
C 392
R
P 0000011092FFE630
P 00000110930629B0
C 301
R
P 0000011092FFE630
C 392
R
P 0000011092FFE630
P 00000110930629B0
C 300
R
P 0000011092FFE630
C 392
R
P 0000011092FFE630
P 00000110930629B0
C 299
R
P 0000011092FFE630
C 392
R
P 0000011092FFE630
P 00000110930629B0
C 9
R
P 0000011092FFE630
C 392
R
P 0000011092FFE630
P 0000011095F5B7B0
P 0000011093062590
I 0
P 0000000000000000
C 346
* 00000110930629F0 4
R
P 0000011092FFE630
C 392
R
P 0000011092FFE630
P 00000110930629F0
C 298
R
P 0000011092FFE630
C 392
R
P 0000011092FFE630
P 00000110930629F0
C 295
= 0000011093060DF0
R
P 0000011092FFE630
C 392
R
P 0000011092FFE630
P 0000011093060DF0
C 249
R
P 0000011092FFE630
C 392
R
P 0000011092FFE630
P 00000110930629F0
C 301
R
P 0000011092FFE630
C 392
R
P 0000011092FFE630
P 00000110930629F0
C 300
R
P 0000011092FFE630
C 392
R
P 0000011092FFE630
P 00000110930629F0
C 299
R
P 0000011092FFE630
C 392
R
P 0000011092FFE630
P 00000110930629F0
C 9
R
P 0000011092FFE630
C 392
R
P 0000011092FFE630
P 0000011095F5B7B0
P 00000110930625B0
I 0
P 0000000000000000
C 346
* 0000011093062970 4
R
P 0000011092FFE630
C 392
R
P 0000011092FFE630
P 0000011093062970
C 298
R
P 0000011092FFE630
C 392
R
P 0000011092FFE630
P 0000011093062970
C 295
= 0000011093060DF0
R
P 0000011092FFE630
C 392
R
P 0000011092FFE630
P 0000011093060DF0
C 249
R
P 0000011092FFE630
C 392
R
P 0000011092FFE630
P 0000011093062970
C 301
R
P 0000011092FFE630
C 392
R
P 0000011092FFE630
P 0000011093062970
C 300
R
P 0000011092FFE630
C 392
R
P 0000011092FFE630
P 0000011093062970
C 299
R
P 0000011092FFE630
C 392
R
P 0000011092FFE630
P 0000011093062970
C 9
R
P 0000011092FFE630
C 392
R
P 0000011092FFE630
P 0000011095F5B7B0
P 00000110930625D0
I 0
P 0000000000000000
C 346
* 0000011093062970 4
R
P 0000011092FFE630
C 392
R
P 0000011092FFE630
P 0000011093062970
C 298
R
P 0000011092FFE630
C 392
R
P 0000011092FFE630
P 0000011093062970
C 295
= 0000011093060DF0
R
P 0000011092FFE630
C 392
R
P 0000011092FFE630
P 0000011093060DF0
C 249
R
P 0000011092FFE630
C 392
R
P 0000011092FFE630
P 0000011093062970
C 301
R
P 0000011092FFE630
C 392
R
P 0000011092FFE630
P 0000011093062970
C 300
R
P 0000011092FFE630
C 392
R
P 0000011092FFE630
P 0000011093062970
C 299
R
P 0000011092FFE630
C 392
R
P 0000011092FFE630
P 0000011093062970
C 9
R
P 0000011092FFE630
C 392
R
P 0000011092FFE630
P 0000011095F5B7B0
P 00000110930625F0
I 0
P 0000000000000000
C 346
* 00000110930629B0 4
R
P 0000011092FFE630
C 392
R
P 0000011092FFE630
P 00000110930629B0
C 298
R
P 0000011092FFE630
C 392
R
P 0000011092FFE630
P 00000110930629B0
C 295
= 0000011093060DF0
R
P 0000011092FFE630
C 392
R
P 0000011092FFE630
P 0000011093060DF0
C 249
R
P 0000011092FFE630
C 392
R
P 0000011092FFE630
P 00000110930629B0
C 301
R
P 0000011092FFE630
C 392
R
P 0000011092FFE630
P 00000110930629B0
C 300
R
P 0000011092FFE630
C 392
R
P 0000011092FFE630
P 00000110930629B0
C 299
R
P 0000011092FFE630
C 392
R
P 0000011092FFE630
P 00000110930629B0
C 9
R
P 0000011092FFE630
C 392
R
P 0000011092FFE630
P 0000011095F5B7B0
P 0000011093062610
I 0
P 0000000000000000
C 346
* 00000110930629F0 4
R
P 0000011092FFE630
C 392
R
P 0000011092FFE630
P 00000110930629F0
C 298
R
P 0000011092FFE630
C 392
R
P 0000011092FFE630
P 00000110930629F0
C 295
= 0000011093060DF0
R
P 0000011092FFE630
C 392
R
P 0000011092FFE630
P 0000011093060DF0
C 249
R
P 0000011092FFE630
C 392
R
P 0000011092FFE630
P 00000110930629F0
C 301
R
P 0000011092FFE630
C 392
R
P 0000011092FFE630
P 00000110930629F0
C 300
R
P 0000011092FFE630
C 392
R
P 0000011092FFE630
P 00000110930629F0
C 299
R
P 0000011092FFE630
C 392
R
P 0000011092FFE630
P 00000110930629F0
C 9
R
P 0000011092FFE630
C 392
R
P 0000011092FFE630
P 0000011095F5B7B0
P 0000011093062630
I 0
P 0000000000000000
C 346
* 0000011093061950 4
R
P 0000011092FFE630
C 392
R
P 0000011092FFE630
P 0000011093061950
C 298
R
P 0000011092FFE630
C 392
R
P 0000011092FFE630
P 0000011093061950
C 295
= 0000011093060DF0
R
P 0000011092FFE630
C 392
R
P 0000011092FFE630
P 0000011093060DF0
C 249
R
P 0000011092FFE630
C 392
R
P 0000011092FFE630
P 0000011093061950
C 301
R
P 0000011092FFE630
C 392
R
P 0000011092FFE630
P 0000011093061950
C 300
R
P 0000011092FFE630
C 392
R
P 0000011092FFE630
P 0000011093061950
C 299
R
P 0000011092FFE630
C 392
R
P 0000011092FFE630
P 0000011093061950
C 9
R
P 0000011092FFE630
C 392
R
P 0000011092FFE630
P 0000011095F5B7B0
P 0000011093062650
I 0
P 0000000000000000
C 346
* 0000011093062950 4
R
P 0000011092FFE630
C 392
R
P 0000011092FFE630
P 0000011093062950
C 298
R
P 0000011092FFE630
C 392
R
P 0000011092FFE630
P 0000011093062950
C 295
= 0000011093060DF0
R
P 0000011092FFE630
C 392
R
P 0000011092FFE630
P 0000011093060DF0
C 249
R
P 0000011092FFE630
C 392
R
P 0000011092FFE630
P 0000011093062950
C 301
R
P 0000011092FFE630
C 392
R
P 0000011092FFE630
P 0000011093062950
C 300
R
P 0000011092FFE630
C 392
R
P 0000011092FFE630
P 0000011093062950
C 299
R
P 0000011092FFE630
C 392
R
P 0000011092FFE630
P 0000011093062950
C 9
R
P 0000011092FFE630
C 392
R
P 0000011092FFE630
P 0000011095F5B7B0
P 0000011093062670
I 0
P 0000000000000000
C 346
* 00000110930629D0 4
R
P 0000011092FFE630
C 392
R
P 0000011092FFE630
P 00000110930629D0
C 298
R
P 0000011092FFE630
C 392
R
P 0000011092FFE630
P 00000110930629D0
C 295
= 0000011093060DF0
R
P 0000011092FFE630
C 392
R
P 0000011092FFE630
P 0000011093060DF0
C 249
R
P 0000011092FFE630
C 392
R
P 0000011092FFE630
P 00000110930629D0
C 301
R
P 0000011092FFE630
C 392
R
P 0000011092FFE630
P 00000110930629D0
C 300
R
P 0000011092FFE630
C 392
R
P 0000011092FFE630
P 00000110930629D0
C 299
R
P 0000011092FFE630
C 392
R
P 0000011092FFE630
P 00000110930629D0
C 9
R
P 0000011092FFE630
C 392
R
P 0000011092FFE630
P 0000011095F5B7B0
P 0000011093062690
I 0
P 0000000000000000
C 346
* 0000011093062990 4
R
P 0000011092FFE630
C 392
R
P 0000011092FFE630
P 0000011093062990
C 298
R
P 0000011092FFE630
C 392
R
P 0000011092FFE630
P 0000011093062990
C 295
= 0000011093060DF0
R
P 0000011092FFE630
C 392
R
P 0000011092FFE630
P 0000011093060DF0
C 249
R
P 0000011092FFE630
C 392
R
P 0000011092FFE630
P 0000011093062990
C 301
R
P 0000011092FFE630
C 392
R
P 0000011092FFE630
P 0000011093062990
C 300
R
P 0000011092FFE630
C 392
R
P 0000011092FFE630
P 0000011093062990
C 299
R
P 0000011092FFE630
C 392
R
P 0000011092FFE630
P 0000011093062990
C 9
R
P 0000011092FFE630
C 392
R
P 0000011092FFE630
P 0000011095F5B7B0
P 00000110930626B0
I 0
P 0000000000000000
C 346
* 0000011093061BD0 4
R
P 0000011092FFE630
C 392
R
P 0000011092FFE630
P 0000011093061BD0
C 298
R
P 0000011092FFE630
C 392
R
P 0000011092FFE630
P 0000011093061BD0
C 295
= 0000011093060DF0
R
P 0000011092FFE630
C 392
R
P 0000011092FFE630
P 0000011093060DF0
C 249
R
P 0000011092FFE630
C 392
R
P 0000011092FFE630
P 0000011093061BD0
C 301
R
P 0000011092FFE630
C 392
R
P 0000011092FFE630
P 0000011093061BD0
C 300
R
P 0000011092FFE630
C 392
R
P 0000011092FFE630
P 0000011093061BD0
C 299
R
P 0000011092FFE630
C 392
R
P 0000011092FFE630
P 0000011093061BD0
C 9
R
P 0000011092FFE630
C 392
R
P 0000011092FFE630
P 0000011095F5B7B0
P 00000110930626D0
I 0
P 0000000000000000
C 346
* 0000011093062930 4
R
P 0000011092FFE630
C 392
R
P 0000011092FFE630
P 0000011093062930
C 298
R
P 0000011092FFE630
C 392
R
P 0000011092FFE630
P 0000011093062930
C 295
= 0000011093060DF0
R
P 0000011092FFE630
C 392
R
P 0000011092FFE630
P 0000011093060DF0
C 249
R
P 0000011092FFE630
C 392
R
P 0000011092FFE630
P 0000011093062930
C 301
R
P 0000011092FFE630
C 392
R
P 0000011092FFE630
P 0000011093062930
C 300
R
P 0000011092FFE630
C 392
R
P 0000011092FFE630
P 0000011093062930
C 299
R
P 0000011092FFE630
C 392
R
P 0000011092FFE630
P 0000011093062930
C 9
R
P 0000011092FFE630
C 392
R
P 0000011092FFE630
P 0000011095F5B7B0
P 00000110930626F0
I 0
P 0000000000000000
C 346
* 0000011093062930 4
R
P 0000011092FFE630
C 392
R
P 0000011092FFE630
P 0000011093062930
C 298
R
P 0000011092FFE630
C 392
R
P 0000011092FFE630
P 0000011093062930
C 295
= 0000011093060DF0
R
P 0000011092FFE630
C 392
R
P 0000011092FFE630
P 0000011093060DF0
C 249
R
P 0000011092FFE630
C 392
R
P 0000011092FFE630
P 0000011093062930
C 301
R
P 0000011092FFE630
C 392
R
P 0000011092FFE630
P 0000011093062930
C 300
R
P 0000011092FFE630
C 392
R
P 0000011092FFE630
P 0000011093062930
C 299
R
P 0000011092FFE630
C 392
R
P 0000011092FFE630
P 0000011093062930
C 9
R
P 0000011092FFE630
C 392
R
P 0000011092FFE630
P 0000011095F5B7B0
P 0000011093062710
I 0
P 0000000000000000
C 346
* 0000011093061BD0 4
R
P 0000011092FFE630
C 392
R
P 0000011092FFE630
P 0000011093061BD0
C 298
R
P 0000011092FFE630
C 392
R
P 0000011092FFE630
P 0000011093061BD0
C 295
= 0000011093060DF0
R
P 0000011092FFE630
C 392
R
P 0000011092FFE630
P 0000011093060DF0
C 249
R
P 0000011092FFE630
C 392
R
P 0000011092FFE630
P 0000011093061BD0
C 301
R
P 0000011092FFE630
C 392
R
P 0000011092FFE630
P 0000011093061BD0
C 300
R
P 0000011092FFE630
C 392
R
P 0000011092FFE630
P 0000011093061BD0
C 299
R
P 0000011092FFE630
C 392
R
P 0000011092FFE630
P 0000011093061BD0
C 9
R
P 0000011092FFE630
C 392
R
P 0000011092FFE630
P 0000011095F5B7B0
P 0000011093062730
I 0
P 0000000000000000
C 346
* 00000110930629D0 4
R
P 0000011092FFE630
C 392
R
P 0000011092FFE630
P 00000110930629D0
C 298
R
P 0000011092FFE630
C 392
R
P 0000011092FFE630
P 00000110930629D0
C 295
= 0000011093060DF0
R
P 0000011092FFE630
C 392
R
P 0000011092FFE630
P 0000011093060DF0
C 249
R
P 0000011092FFE630
C 392
R
P 0000011092FFE630
P 00000110930629D0
C 301
R
P 0000011092FFE630
C 392
R
P 0000011092FFE630
P 00000110930629D0
C 300
R
P 0000011092FFE630
C 392
R
P 0000011092FFE630
P 00000110930629D0
C 299
R
P 0000011092FFE630
C 392
R
P 0000011092FFE630
P 00000110930629D0
C 9
R
P 0000011092FFE630
C 392
R
P 0000011092FFE630
P 0000011095F5B7B0
P 0000011093062750
I 0
P 0000000000000000
C 346
* 0000011093062970 4
R
P 0000011092FFE630
C 392
R
P 0000011092FFE630
P 0000011093062970
C 298
R
P 0000011092FFE630
C 392
R
P 0000011092FFE630
P 0000011093062970
C 295
= 0000011093060DF0
R
P 0000011092FFE630
C 392
R
P 0000011092FFE630
P 0000011093060DF0
C 249
R
P 0000011092FFE630
C 392
R
P 0000011092FFE630
P 0000011093062970
C 301
R
P 0000011092FFE630
C 392
R
P 0000011092FFE630
P 0000011093062970
C 300
R
P 0000011092FFE630
C 392
R
P 0000011092FFE630
P 0000011093062970
C 299
R
P 0000011092FFE630
C 392
R
P 0000011092FFE630
P 0000011093062970
C 9
R
P 0000011092FFE630
C 392
R
P 0000011092FFE630
P 0000011095F5B7B0
P 0000011093062770
I 0
P 0000000000000000
C 346
* 00000110930629F0 4
R
P 0000011092FFE630
C 392
R
P 0000011092FFE630
P 00000110930629F0
C 298
R
P 0000011092FFE630
C 392
R
P 0000011092FFE630
P 00000110930629F0
C 295
= 0000011093060DF0
R
P 0000011092FFE630
C 392
R
P 0000011092FFE630
P 0000011093060DF0
C 249
R
P 0000011092FFE630
C 392
R
P 0000011092FFE630
P 00000110930629F0
C 301
R
P 0000011092FFE630
C 392
R
P 0000011092FFE630
P 00000110930629F0
C 300
R
P 0000011092FFE630
C 392
R
P 0000011092FFE630
P 00000110930629F0
C 299
R
P 0000011092FFE630
C 392
R
P 0000011092FFE630
P 00000110930629F0
C 9
R
P 0000011092FFE630
C 392
R
P 0000011092FFE630
P 0000011095F5B7B0
P 0000011093062790
I 0
P 0000000000000000
C 346
* 0000011093062990 4
R
P 0000011092FFE630
C 392
R
P 0000011092FFE630
P 0000011093062990
C 298
R
P 0000011092FFE630
C 392
R
P 0000011092FFE630
P 0000011093062990
C 295
= 0000011093060DF0
R
P 0000011092FFE630
C 392
R
P 0000011092FFE630
P 0000011093060DF0
C 249
R
P 0000011092FFE630
C 392
R
P 0000011092FFE630
P 0000011093062990
C 301
R
P 0000011092FFE630
C 392
R
P 0000011092FFE630
P 0000011093062990
C 300
R
P 0000011092FFE630
C 392
R
P 0000011092FFE630
P 0000011093062990
C 299
R
P 0000011092FFE630
C 392
R
P 0000011092FFE630
P 0000011093062990
C 9
R
P 0000011092FFE630
C 392
R
P 0000011092FFE630
P 0000011095F5B7B0
P 00000110930627B0
I 0
P 0000000000000000
C 346
* 0000011093062950 4
R
P 0000011092FFE630
C 392
R
P 0000011092FFE630
P 0000011093062950
C 298
R
P 0000011092FFE630
C 392
R
P 0000011092FFE630
P 0000011093062950
C 295
= 0000011093060DF0
R
P 0000011092FFE630
C 392
R
P 0000011092FFE630
P 0000011093060DF0
C 249
R
P 0000011092FFE630
C 392
R
P 0000011092FFE630
P 0000011093062950
C 301
R
P 0000011092FFE630
C 392
R
P 0000011092FFE630
P 0000011093062950
C 300
R
P 0000011092FFE630
C 392
R
P 0000011092FFE630
P 0000011093062950
C 299
R
P 0000011092FFE630
C 392
R
P 0000011092FFE630
P 0000011093062950
C 9
R
P 0000011092FFE630
C 392
R
P 0000011092FFE630
P 0000011095F5B7B0
P 00000110930627D0
I 0
P 0000000000000000
C 346
* 00000110930629B0 4
R
P 0000011092FFE630
C 392
R
P 0000011092FFE630
P 00000110930629B0
C 298
R
P 0000011092FFE630
C 392
R
P 0000011092FFE630
P 00000110930629B0
C 295
= 0000011093060DF0
R
P 0000011092FFE630
C 392
R
P 0000011092FFE630
P 0000011093060DF0
C 249
R
P 0000011092FFE630
C 392
R
P 0000011092FFE630
P 00000110930629B0
C 301
R
P 0000011092FFE630
C 392
R
P 0000011092FFE630
P 00000110930629B0
C 300
R
P 0000011092FFE630
C 392
R
P 0000011092FFE630
P 00000110930629B0
C 299
R
P 0000011092FFE630
C 392
R
P 0000011092FFE630
P 00000110930629B0
C 9
R
P 0000011092FFE630
C 392
R
P 0000011092FFE630
P 0000011095F5B7B0
P 00000110930627F0
I 0
P 0000000000000000
C 346
* 0000011093061950 4
R
P 0000011092FFE630
C 392
R
P 0000011092FFE630
P 0000011093061950
C 298
R
P 0000011092FFE630
C 392
R
P 0000011092FFE630
P 0000011093061950
C 295
= 0000011093060DF0
R
P 0000011092FFE630
C 392
R
P 0000011092FFE630
P 0000011093060DF0
C 249
R
P 0000011092FFE630
C 392
R
P 0000011092FFE630
P 0000011093061950
C 301
R
P 0000011092FFE630
C 392
R
P 0000011092FFE630
P 0000011093061950
C 300
R
P 0000011092FFE630
C 392
R
P 0000011092FFE630
P 0000011093061950
C 299
R
P 0000011092FFE630
C 392
R
P 0000011092FFE630
P 0000011093061950
C 9
R
P 0000011092FFE630
C 392
R
P 0000011092FFE630
P 0000011095F5B7B0
P 0000011093062810
I 0
P 0000000000000000
C 346
* 0000011093062990 4
R
P 0000011092FFE630
C 392
R
P 0000011092FFE630
P 0000011093062990
C 298
R
P 0000011092FFE630
C 392
R
P 0000011092FFE630
P 0000011093062990
C 295
= 0000011093060DF0
R
P 0000011092FFE630
C 392
R
P 0000011092FFE630
P 0000011093060DF0
C 249
R
P 0000011092FFE630
C 392
R
P 0000011092FFE630
P 0000011093062990
C 301
R
P 0000011092FFE630
C 392
R
P 0000011092FFE630
P 0000011093062990
C 300
R
P 0000011092FFE630
C 392
R
P 0000011092FFE630
P 0000011093062990
C 299
R
P 0000011092FFE630
C 392
R
P 0000011092FFE630
P 0000011093062990
C 9
R
P 0000011092FFE630
C 392
R
P 0000011092FFE630
P 0000011095F5B7B0
P 0000011093062830
I 0
P 0000000000000000
C 346
* 0000011093062950 4
R
P 0000011092FFE630
C 392
R
P 0000011092FFE630
P 0000011093062950
C 298
R
P 0000011092FFE630
C 392
R
P 0000011092FFE630
P 0000011093062950
C 295
= 0000011093060DF0
R
P 0000011092FFE630
C 392
R
P 0000011092FFE630
P 0000011093060DF0
C 249
R
P 0000011092FFE630
C 392
R
P 0000011092FFE630
P 0000011093062950
C 301
R
P 0000011092FFE630
C 392
R
P 0000011092FFE630
P 0000011093062950
C 300
R
P 0000011092FFE630
C 392
R
P 0000011092FFE630
P 0000011093062950
C 299
R
P 0000011092FFE630
C 392
R
P 0000011092FFE630
P 0000011093062950
C 9
R
P 0000011092FFE630
C 392
R
P 0000011092FFE630
P 0000011095F5B7B0
P 0000011093062850
I 0
P 0000000000000000
C 346
* 0000011093061950 4
R
P 0000011092FFE630
C 392
R
P 0000011092FFE630
P 0000011093061950
C 298
R
P 0000011092FFE630
C 392
R
P 0000011092FFE630
P 0000011093061950
C 295
= 0000011093060DF0
R
P 0000011092FFE630
C 392
R
P 0000011092FFE630
P 0000011093060DF0
C 249
R
P 0000011092FFE630
C 392
R
P 0000011092FFE630
P 0000011093061950
C 301
R
P 0000011092FFE630
C 392
R
P 0000011092FFE630
P 0000011093061950
C 300
R
P 0000011092FFE630
C 392
R
P 0000011092FFE630
P 0000011093061950
C 299
R
P 0000011092FFE630
C 392
R
P 0000011092FFE630
P 0000011093061950
C 9
R
P 0000011092FFE630
C 392
R
P 0000011092FFE630
P 0000011095F5B7B0
P 0000011093062870
I 0
P 0000000000000000
C 346
* 0000011093062930 4
R
P 0000011092FFE630
C 392
R
P 0000011092FFE630
P 0000011093062930
C 298
R
P 0000011092FFE630
C 392
R
P 0000011092FFE630
P 0000011093062930
C 295
= 0000011093060DF0
R
P 0000011092FFE630
C 392
R
P 0000011092FFE630
P 0000011093060DF0
C 249
R
P 0000011092FFE630
C 392
R
P 0000011092FFE630
P 0000011093062930
C 301
R
P 0000011092FFE630
C 392
R
P 0000011092FFE630
P 0000011093062930
C 300
R
P 0000011092FFE630
C 392
R
P 0000011092FFE630
P 0000011093062930
C 299
R
P 0000011092FFE630
C 392
R
P 0000011092FFE630
P 0000011093062930
C 9
R
P 0000011092FFE630
C 392
R
P 0000011092FFE630
P 0000011095F5B7B0
P 0000011093062890
I 0
P 0000000000000000
C 346
* 00000110930629B0 4
R
P 0000011092FFE630
C 392
R
P 0000011092FFE630
P 00000110930629B0
C 298
R
P 0000011092FFE630
C 392
R
P 0000011092FFE630
P 00000110930629B0
C 295
= 0000011093060DF0
R
P 0000011092FFE630
C 392
R
P 0000011092FFE630
P 0000011093060DF0
C 249
R
P 0000011092FFE630
C 392
R
P 0000011092FFE630
P 00000110930629B0
C 301
R
P 0000011092FFE630
C 392
R
P 0000011092FFE630
P 00000110930629B0
C 300
R
P 0000011092FFE630
C 392
R
P 0000011092FFE630
P 00000110930629B0
C 299
R
P 0000011092FFE630
C 392
R
P 0000011092FFE630
P 00000110930629B0
C 9
R
P 0000011092FFE630
C 392
R
P 0000011092FFE630
P 0000011095F5B7B0
P 00000110930628B0
I 0
P 0000000000000000
C 346
* 0000011093061BD0 4
R
P 0000011092FFE630
C 392
R
P 0000011092FFE630
P 0000011093061BD0
C 298
R
P 0000011092FFE630
C 392
R
P 0000011092FFE630
P 0000011093061BD0
C 295
= 0000011093060DF0
R
P 0000011092FFE630
C 392
R
P 0000011092FFE630
P 0000011093060DF0
C 249
R
P 0000011092FFE630
C 392
R
P 0000011092FFE630
P 0000011093061BD0
C 301
R
P 0000011092FFE630
C 392
R
P 0000011092FFE630
P 0000011093061BD0
C 300
R
P 0000011092FFE630
C 392
R
P 0000011092FFE630
P 0000011093061BD0
C 299
R
P 0000011092FFE630
C 392
R
P 0000011092FFE630
P 0000011093061BD0
C 9
R
P 0000011092FFE630
C 392
R
P 0000011092FFE630
P 0000011095F5B7B0
P 00000110930628D0
I 0
P 0000000000000000
C 346
* 0000011093062970 4
R
P 0000011092FFE630
C 392
R
P 0000011092FFE630
P 0000011093062970
C 298
R
P 0000011092FFE630
C 392
R
P 0000011092FFE630
P 0000011093062970
C 295
= 0000011093060DF0
R
P 0000011092FFE630
C 392
R
P 0000011092FFE630
P 0000011093060DF0
C 249
R
P 0000011092FFE630
C 392
R
P 0000011092FFE630
P 0000011093062970
C 301
R
P 0000011092FFE630
C 392
R
P 0000011092FFE630
P 0000011093062970
C 300
R
P 0000011092FFE630
C 392
R
P 0000011092FFE630
P 0000011093062970
C 299
R
P 0000011092FFE630
C 392
R
P 0000011092FFE630
P 0000011093062970
C 9
R
P 0000011092FFE630
C 392
R
P 0000011092FFE630
P 0000011095F5B7B0
P 00000110930628F0
I 0
P 0000000000000000
C 346
* 00000110930629D0 4
R
P 0000011092FFE630
C 392
R
P 0000011092FFE630
P 00000110930629D0
C 298
R
P 0000011092FFE630
C 392
R
P 0000011092FFE630
P 00000110930629D0
C 295
= 0000011093060DF0
R
P 0000011092FFE630
C 392
R
P 0000011092FFE630
P 0000011093060DF0
C 249
R
P 0000011092FFE630
C 392
R
P 0000011092FFE630
P 00000110930629D0
C 301
R
P 0000011092FFE630
C 392
R
P 0000011092FFE630
P 00000110930629D0
C 300
R
P 0000011092FFE630
C 392
R
P 0000011092FFE630
P 00000110930629D0
C 299
R
P 0000011092FFE630
C 392
R
P 0000011092FFE630
P 00000110930629D0
C 9
R
P 0000011092FFE630
C 392
R
P 0000011092FFE630
P 0000011095F5B7B0
P 0000011093062910
I 0
P 0000000000000000
C 346
* 00000110930629F0 4
R
P 0000011092FFE630
C 392
R
P 0000011092FFE630
P 00000110930629F0
C 298
R
P 0000011092FFE630
C 392
R
P 0000011092FFE630
P 00000110930629F0
C 295
= 0000011093060DF0
R
P 0000011092FFE630
C 392
R
P 0000011092FFE630
P 0000011093060DF0
C 249
R
P 0000011092FFE630
C 392
R
P 0000011092FFE630
P 00000110930629F0
C 301
R
P 0000011092FFE630
C 392
R
P 0000011092FFE630
P 00000110930629F0
C 300
R
P 0000011092FFE630
C 392
R
P 0000011092FFE630
P 00000110930629F0
C 299
R
P 0000011092FFE630
C 392
R
P 0000011092FFE630
P 00000110930629F0
C 9
R
P 0000011092FFE630
C 392
R
P 0000011092FFE630
P 00000110930629B0
C 304
R
P 0000011092FFE630
C 392
R
P 0000011092FFE630
P 0000011093061950
C 304
R
P 0000011092FFE630
C 392
R
P 0000011092FFE630
P 0000011093062990
C 304
R
P 0000011092FFE630
C 392
R
P 0000011092FFE630
P 00000110930629D0
C 304
R
P 0000011092FFE630
C 392
R
P 0000011092FFE630
P 0000011093062930
C 304
R
P 0000011092FFE630
C 392
R
P 0000011092FFE630
P 0000011093062950
C 304
R
P 0000011092FFE630
C 392
R
P 0000011092FFE630
P 00000110930629F0
C 304
R
P 0000011092FFE630
C 392
R
P 0000011092FFE630
P 0000011093062970
C 304
R
P 0000011092FFE630
C 392
R
P 0000011092FFE630
P 0000011093061BD0
C 304
R
P 0000011092FFE630
C 392
R
P 0000011092FFE630
P 0000011093061BD0
C 304
R
P 0000011092FFE630
C 392
R
P 0000011092FFE630
P 0000011093062970
C 304
R
P 0000011092FFE630
C 392
R
P 0000011092FFE630
P 0000011093062950
C 304
R
P 0000011092FFE630
C 392
R
P 0000011092FFE630
P 0000011093062990
C 304
R
P 0000011092FFE630
C 392
R
P 0000011092FFE630
P 0000011093061950
C 304
R
P 0000011092FFE630
C 392
R
P 0000011092FFE630
P 00000110930629F0
C 304
R
P 0000011092FFE630
C 392
R
P 0000011092FFE630
P 00000110930629D0
C 304
R
P 0000011092FFE630
C 392
R
P 0000011092FFE630
P 0000011093062930
C 304
R
P 0000011092FFE630
C 392
R
P 0000011092FFE630
P 00000110930629B0
C 304
R
P 0000011092FFE630
C 392
R
P 0000011092FFE630
P 00000110930629F0
C 304
R
P 0000011092FFE630
C 392
R
P 0000011092FFE630
P 00000110930629D0
C 304
R
P 0000011092FFE630
C 392
R
P 0000011092FFE630
P 0000011093062930
C 304
R
P 0000011092FFE630
C 392
R
P 0000011092FFE630
P 00000110930629B0
C 304
R
P 0000011092FFE630
C 392
R
P 0000011092FFE630
P 0000011093061BD0
C 304
R
P 0000011092FFE630
C 392
R
P 0000011092FFE630
P 0000011093062970
C 304
R
P 0000011092FFE630
C 392
R
P 0000011092FFE630
P 0000011093061950
C 304
R
P 0000011092FFE630
C 392
R
P 0000011092FFE630
P 0000011093062950
C 304
R
P 0000011092FFE630
C 392
R
P 0000011092FFE630
P 0000011093062990
C 304
R
P 0000011092FFE630
C 392
R
P 0000011092FFE630
P 0000011093062950
C 304
R
P 0000011092FFE630
C 392
R
P 0000011092FFE630
P 0000011093062930
C 304
R
P 0000011092FFE630
C 392
R
P 0000011092FFE630
P 0000011093062970
C 304
R
P 0000011092FFE630
C 392
R
P 0000011092FFE630
P 00000110930629F0
C 304
R
P 0000011092FFE630
C 392
R
P 0000011092FFE630
P 0000011093062990
C 304
R
P 0000011092FFE630
C 392
R
P 0000011092FFE630
P 00000110930629B0
C 304
R
P 0000011092FFE630
C 392
R
P 0000011092FFE630
P 0000011093061BD0
C 304
R
P 0000011092FFE630
C 392
R
P 0000011092FFE630
P 0000011093061950
C 304
R
P 0000011092FFE630
C 392
R
P 0000011092FFE630
P 00000110930629D0
C 304
R
P 0000011092FFE630
C 392
R
P 0000011092FFE630
P 00000110930629D0
C 304
R
P 0000011092FFE630
C 392
R
P 0000011092FFE630
P 00000110930629F0
C 304
R
P 0000011092FFE630
C 392
R
P 0000011092FFE630
P 00000110930629B0
C 304
R
P 0000011092FFE630
C 392
R
P 0000011092FFE630
P 0000011093061BD0
C 304
R
P 0000011092FFE630
C 392
R
P 0000011092FFE630
P 0000011093062970
C 304
R
P 0000011092FFE630
C 392
R
P 0000011092FFE630
P 0000011093061950
C 304
R
P 0000011092FFE630
C 392
R
P 0000011092FFE630
P 0000011093062930
C 304
R
P 0000011092FFE630
C 392
R
P 0000011092FFE630
P 0000011093062990
C 304
R
P 0000011092FFE630
C 392
R
P 0000011092FFE630
P 0000011093062950
C 304
R
P 0000011092FFE630
C 392
R
P 0000011092FFE630
P 0000011093061950
C 304
R
P 0000011092FFE630
C 392
R
P 0000011092FFE630
P 0000011093062990
C 304
R
P 0000011092FFE630
C 392
R
P 0000011092FFE630
P 0000011093061BD0
C 304
R
P 0000011092FFE630
C 392
R
P 0000011092FFE630
P 0000011093062950
C 304
R
P 0000011092FFE630
C 392
R
P 0000011092FFE630
P 00000110930629D0
C 304
R
P 0000011092FFE630
C 392
R
P 0000011092FFE630
P 0000011093062930
C 304
R
P 0000011092FFE630
C 392
R
P 0000011092FFE630
P 00000110930629B0
C 304
R
P 0000011092FFE630
C 392
R
P 0000011092FFE630
P 00000110930629F0
C 304
R
P 0000011092FFE630
C 392
R
P 0000011092FFE630
P 0000011093062970
C 304
R
P 0000011092FFE630
C 392
R
P 0000011092FFE630
P 0000011093062970
C 304
R
P 0000011092FFE630
C 392
R
P 0000011092FFE630
P 00000110930629B0
C 304
R
P 0000011092FFE630
C 392
R
P 0000011092FFE630
P 00000110930629F0
C 304
R
P 0000011092FFE630
C 392
R
P 0000011092FFE630
P 0000011093061950
C 304
R
P 0000011092FFE630
C 392
R
P 0000011092FFE630
P 0000011093062950
C 304
R
P 0000011092FFE630
C 392
R
P 0000011092FFE630
P 00000110930629D0
C 304
R
P 0000011092FFE630
C 392
R
P 0000011092FFE630
P 0000011093062990
C 304
R
P 0000011092FFE630
C 392
R
P 0000011092FFE630
P 0000011093061BD0
C 304
R
P 0000011092FFE630
C 392
R
P 0000011092FFE630
P 0000011093062930
C 304
R
P 0000011092FFE630
C 392
R
P 0000011092FFE630
P 0000011093062930
C 304
R
P 0000011092FFE630
C 392
R
P 0000011092FFE630
P 0000011093061BD0
C 304
R
P 0000011092FFE630
C 392
R
P 0000011092FFE630
P 00000110930629D0
C 304
R
P 0000011092FFE630
C 392
R
P 0000011092FFE630
P 0000011093062970
C 304
R
P 0000011092FFE630
C 392
R
P 0000011092FFE630
P 00000110930629F0
C 304
R
P 0000011092FFE630
C 392
R
P 0000011092FFE630
P 0000011093062990
C 304
R
P 0000011092FFE630
C 392
R
P 0000011092FFE630
P 0000011093062950
C 304
R
P 0000011092FFE630
C 392
R
P 0000011092FFE630
P 00000110930629B0
C 304
R
P 0000011092FFE630
C 392
R
P 0000011092FFE630
P 0000011093061950
C 304
R
P 0000011092FFE630
C 392
R
P 0000011092FFE630
P 0000011093062990
C 304
R
P 0000011092FFE630
C 392
R
P 0000011092FFE630
P 0000011093062950
C 304
R
P 0000011092FFE630
C 392
R
P 0000011092FFE630
P 0000011093061950
C 304
R
P 0000011092FFE630
C 392
R
P 0000011092FFE630
P 0000011093062930
C 304
R
P 0000011092FFE630
C 392
R
P 0000011092FFE630
P 00000110930629B0
C 304
R
P 0000011092FFE630
C 392
R
P 0000011092FFE630
P 0000011093061BD0
C 304
R
P 0000011092FFE630
C 392
R
P 0000011092FFE630
P 0000011093062970
C 304
R
P 0000011092FFE630
C 392
R
P 0000011092FFE630
P 00000110930629D0
C 304
R
P 0000011092FFE630
C 392
R
P 0000011092FFE630
P 00000110930629F0
C 304
R
P 0000011092FFE630
C 392
M "QuantifierExample"
R
P 0000011092FFE630
S "x_0"
C 32
R
P 0000011092FFE630
C 392
R
P 0000011092FFE630
$ |x_0|
C 242
R
P 0000011092FFE630
C 392
R
P 0000011092FFE630
$ |x_0|
P 0000011093060DF0
C 54
= 000001109642E170
R
P 0000011092FFE630
C 392
R
P 0000011092FFE630
P 000001109642E170
C 298
R
P 0000011092FFE630
C 392
R
P 0000011092FFE630
P 000001109642E170
C 295
= 0000011093060DF0
R
P 0000011092FFE630
C 392
R
P 0000011092FFE630
P 0000011093060DF0
C 249
R
P 0000011092FFE630
C 392
R
P 0000011092FFE630
P 000001109642E170
C 301
R
P 0000011092FFE630
C 392
R
P 0000011092FFE630
P 000001109642E170
C 300
R
P 0000011092FFE630
C 392
R
P 0000011092FFE630
P 000001109642E170
C 299
R
P 0000011092FFE630
C 392
R
P 0000011092FFE630
P 000001109642E170
C 9
R
P 0000011092FFE630
C 392
R
P 0000011092FFE630
U 2
P 0000011093060DF0
C 231
= 000001109642E150
R
P 0000011092FFE630
C 392
R
P 0000011092FFE630
P 000001109642E150
C 298
R
P 0000011092FFE630
C 392
R
P 0000011092FFE630
P 000001109642E150
C 295
= 0000011093060DF0
R
P 0000011092FFE630
C 392
R
P 0000011092FFE630
P 0000011093060DF0
C 249
R
P 0000011092FFE630
C 392
R
P 0000011092FFE630
P 000001109642E150
C 301
R
P 0000011092FFE630
C 392
R
P 0000011092FFE630
P 000001109642E150
C 300
R
P 0000011092FFE630
C 392
R
P 0000011092FFE630
P 000001109642E150
C 299
R
P 0000011092FFE630
C 392
R
P 0000011092FFE630
P 000001109642E150
C 298
R
P 0000011092FFE630
C 392
R
P 0000011092FFE630
P 000001109642E150
C 9
R
P 0000011092FFE630
C 392
R
P 0000011092FFE630
S "x_1"
C 32
R
P 0000011092FFE630
C 392
R
P 0000011092FFE630
$ |x_1|
C 242
R
P 0000011092FFE630
C 392
R
P 0000011092FFE630
$ |x_1|
P 0000011093060DF0
C 54
= 000001109642E130
R
P 0000011092FFE630
C 392
R
P 0000011092FFE630
P 000001109642E130
C 298
R
P 0000011092FFE630
C 392
R
P 0000011092FFE630
P 000001109642E130
C 295
= 0000011093060DF0
R
P 0000011092FFE630
C 392
R
P 0000011092FFE630
P 0000011093060DF0
C 249
R
P 0000011092FFE630
C 392
R
P 0000011092FFE630
P 000001109642E130
C 301
R
P 0000011092FFE630
C 392
R
P 0000011092FFE630
P 000001109642E130
C 300
R
P 0000011092FFE630
C 392
R
P 0000011092FFE630
P 000001109642E130
C 299
R
P 0000011092FFE630
C 392
R
P 0000011092FFE630
P 000001109642E130
C 9
R
P 0000011092FFE630
C 392
R
P 0000011092FFE630
U 1
P 0000011093060DF0
C 231
= 000001109642E110
R
P 0000011092FFE630
C 392
R
P 0000011092FFE630
P 000001109642E110
C 298
R
P 0000011092FFE630
C 392
R
P 0000011092FFE630
P 000001109642E110
C 295
= 0000011093060DF0
R
P 0000011092FFE630
C 392
R
P 0000011092FFE630
P 0000011093060DF0
C 249
R
P 0000011092FFE630
C 392
R
P 0000011092FFE630
P 000001109642E110
C 301
R
P 0000011092FFE630
C 392
R
P 0000011092FFE630
P 000001109642E110
C 300
R
P 0000011092FFE630
C 392
R
P 0000011092FFE630
P 000001109642E110
C 299
R
P 0000011092FFE630
C 392
R
P 0000011092FFE630
P 000001109642E110
C 298
R
P 0000011092FFE630
C 392
R
P 0000011092FFE630
P 000001109642E110
C 9
R
P 0000011092FFE630
C 392
R
P 0000011092FFE630
S "x_2"
C 32
R
P 0000011092FFE630
C 392
R
P 0000011092FFE630
$ |x_2|
C 242
R
P 0000011092FFE630
C 392
R
P 0000011092FFE630
$ |x_2|
P 0000011093060DF0
C 54
= 000001109642E0F0
R
P 0000011092FFE630
C 392
R
P 0000011092FFE630
P 000001109642E0F0
C 298
R
P 0000011092FFE630
C 392
R
P 0000011092FFE630
P 000001109642E0F0
C 295
= 0000011093060DF0
R
P 0000011092FFE630
C 392
R
P 0000011092FFE630
P 0000011093060DF0
C 249
R
P 0000011092FFE630
C 392
R
P 0000011092FFE630
P 000001109642E0F0
C 301
R
P 0000011092FFE630
C 392
R
P 0000011092FFE630
P 000001109642E0F0
C 300
R
P 0000011092FFE630
C 392
R
P 0000011092FFE630
P 000001109642E0F0
C 299
R
P 0000011092FFE630
C 392
R
P 0000011092FFE630
P 000001109642E0F0
C 9
R
P 0000011092FFE630
C 392
R
P 0000011092FFE630
U 0
P 0000011093060DF0
C 231
= 000001109642E0D0
R
P 0000011092FFE630
C 392
R
P 0000011092FFE630
P 000001109642E0D0
C 298
R
P 0000011092FFE630
C 392
R
P 0000011092FFE630
P 000001109642E0D0
C 295
= 0000011093060DF0
R
P 0000011092FFE630
C 392
R
P 0000011092FFE630
P 0000011093060DF0
C 249
R
P 0000011092FFE630
C 392
R
P 0000011092FFE630
P 000001109642E0D0
C 301
R
P 0000011092FFE630
C 392
R
P 0000011092FFE630
P 000001109642E0D0
C 300
R
P 0000011092FFE630
C 392
R
P 0000011092FFE630
P 000001109642E0D0
C 299
R
P 0000011092FFE630
C 392
R
P 0000011092FFE630
P 000001109642E0D0
C 298
R
P 0000011092FFE630
C 392
R
P 0000011092FFE630
P 000001109642E0D0
C 9
R
P 0000011092FFE630
C 392
R
P 0000011092FFE630
I 1
P 0000011093060DF0
C 159
= 0000011093061950
R
P 0000011092FFE630
C 392
R
P 0000011092FFE630
P 0000011093061950
C 299
R
P 0000011092FFE630
C 392
R
P 0000011092FFE630
P 0000011093061950
C 9
R
P 0000011092FFE630
C 392
R
P 0000011092FFE630
U 2
P 000001109642E150
P 0000011093061950
p 2
C 70
= 000001109589D8B0
R
P 0000011092FFE630
C 392
R
P 0000011092FFE630
P 000001109589D8B0
C 298
R
P 0000011092FFE630
C 392
R
P 0000011092FFE630
P 000001109589D8B0
C 295
= 0000011093060DF0
R
P 0000011092FFE630
C 392
R
P 0000011092FFE630
P 0000011093060DF0
C 249
R
P 0000011092FFE630
C 392
R
P 0000011092FFE630
P 000001109589D8B0
C 301
R
P 0000011092FFE630
C 392
R
P 0000011092FFE630
P 000001109589D8B0
C 300
R
P 0000011092FFE630
C 392
R
P 0000011092FFE630
P 000001109589D8B0
C 299
R
P 0000011092FFE630
C 392
R
P 0000011092FFE630
P 000001109589D8B0
C 9
R
P 0000011092FFE630
C 392
R
P 0000011092FFE630
I 2
P 0000011093060DF0
C 159
= 0000011093061BD0
R
P 0000011092FFE630
C 392
R
P 0000011092FFE630
P 0000011093061BD0
C 299
R
P 0000011092FFE630
C 392
R
P 0000011092FFE630
P 0000011093061BD0
C 9
R
P 0000011092FFE630
C 392
R
P 0000011092FFE630
P 000001109589D8B0
P 0000011093061BD0
C 61
= 00000110961480D0
R
P 0000011092FFE630
C 392
R
P 0000011092FFE630
P 00000110961480D0
C 299
R
P 0000011092FFE630
C 392
R
P 0000011092FFE630
P 00000110961480D0
C 9
R
P 0000011092FFE630
C 392
R
P 0000011092FFE630
I 2
P 0000011093060DF0
C 159
= 0000011093061BD0
R
P 0000011092FFE630
C 392
R
P 0000011092FFE630
P 0000011093061BD0
C 299
R
P 0000011092FFE630
C 392
R
P 0000011092FFE630
P 0000011093061BD0
C 9
R
P 0000011092FFE630
C 392
R
P 0000011092FFE630
U 2
P 000001109642E110
P 0000011093061BD0
p 2
C 70
= 0000011096149A18
R
P 0000011092FFE630
C 392
R
P 0000011092FFE630
P 0000011096149A18
C 298
R
P 0000011092FFE630
C 392
R
P 0000011092FFE630
P 0000011096149A18
C 295
= 0000011093060DF0
R
P 0000011092FFE630
C 392
R
P 0000011092FFE630
P 0000011093060DF0
C 249
R
P 0000011092FFE630
C 392
R
P 0000011092FFE630
P 0000011096149A18
C 301
R
P 0000011092FFE630
C 392
R
P 0000011092FFE630
P 0000011096149A18
C 300
R
P 0000011092FFE630
C 392
R
P 0000011092FFE630
P 0000011096149A18
C 299
R
P 0000011092FFE630
C 392
R
P 0000011092FFE630
P 0000011096149A18
C 9
R
P 0000011092FFE630
C 392
R
P 0000011092FFE630
I 3
P 0000011093060DF0
C 159
= 0000011093062970
R
P 0000011092FFE630
C 392
R
P 0000011092FFE630
P 0000011093062970
C 299
R
P 0000011092FFE630
C 392
R
P 0000011092FFE630
P 0000011093062970
C 9
R
P 0000011092FFE630
C 392
R
P 0000011092FFE630
U 2
P 000001109642E0D0
P 0000011093062970
p 2
C 70
= 000001109589D878
R
P 0000011092FFE630
C 392
R
P 0000011092FFE630
P 000001109589D878
C 298
R
P 0000011092FFE630
C 392
R
P 0000011092FFE630
P 000001109589D878
C 295
= 0000011093060DF0
R
P 0000011092FFE630
C 392
R
P 0000011092FFE630
P 0000011093060DF0
C 249
R
P 0000011092FFE630
C 392
R
P 0000011092FFE630
P 000001109589D878
C 301
R
P 0000011092FFE630
C 392
R
P 0000011092FFE630
P 000001109589D878
C 300
R
P 0000011092FFE630
C 392
R
P 0000011092FFE630
P 000001109589D878
C 299
R
P 0000011092FFE630
C 392
R
P 0000011092FFE630
P 000001109589D878
C 9
R
P 0000011092FFE630
C 392
R
P 0000011092FFE630
P 0000011096149A18
P 000001109589D878
C 61
= 0000011096148098
R
P 0000011092FFE630
C 392
R
P 0000011092FFE630
P 0000011096148098
C 299
R
P 0000011092FFE630
C 392
R
P 0000011092FFE630
P 0000011096148098
C 9
R
P 0000011092FFE630
C 392
R
P 0000011092FFE630
U 2
P 00000110961480D0
P 0000011096148098
p 2
C 68
= 00000110961499E0
R
P 0000011092FFE630
C 392
R
P 0000011092FFE630
P 00000110961499E0
C 299
R
P 0000011092FFE630
C 392
R
P 0000011092FFE630
P 00000110961499E0
C 9
R
P 0000011092FFE630
C 392
R
P 0000011092FFE630
I 1
P 0000011093060DF0
C 159
= 0000011093061950
R
P 0000011092FFE630
C 392
R
P 0000011092FFE630
P 0000011093061950
C 299
R
P 0000011092FFE630
C 392
R
P 0000011092FFE630
P 0000011093061950
C 9
R
P 0000011092FFE630
C 392
R
P 0000011092FFE630
U 2
P 000001109642E170
P 0000011093061950
p 2
C 70
= 000001109589D840
R
P 0000011092FFE630
C 392
R
P 0000011092FFE630
P 000001109589D840
C 298
R
P 0000011092FFE630
C 392
R
P 0000011092FFE630
P 000001109589D840
C 295
= 0000011093060DF0
R
P 0000011092FFE630
C 392
R
P 0000011092FFE630
P 0000011093060DF0
C 249
R
P 0000011092FFE630
C 392
R
P 0000011092FFE630
P 000001109589D840
C 301
R
P 0000011092FFE630
C 392
R
P 0000011092FFE630
P 000001109589D840
C 300
R
P 0000011092FFE630
C 392
R
P 0000011092FFE630
P 000001109589D840
C 299
R
P 0000011092FFE630
C 392
R
P 0000011092FFE630
P 000001109589D840
C 9
R
P 0000011092FFE630
C 392
R
P 0000011092FFE630
I 2
P 0000011093060DF0
C 159
= 0000011093061BD0
R
P 0000011092FFE630
C 392
R
P 0000011092FFE630
P 0000011093061BD0
C 299
R
P 0000011092FFE630
C 392
R
P 0000011092FFE630
P 0000011093061BD0
C 9
R
P 0000011092FFE630
C 392
R
P 0000011092FFE630
P 000001109589D840
P 0000011093061BD0
C 61
= 0000011096152820
R
P 0000011092FFE630
C 392
R
P 0000011092FFE630
P 0000011096152820
C 299
R
P 0000011092FFE630
C 392
R
P 0000011092FFE630
P 0000011096152820
C 9
R
P 0000011092FFE630
C 392
R
P 0000011092FFE630
I 2
P 0000011093060DF0
C 159
= 0000011093061BD0
R
P 0000011092FFE630
C 392
R
P 0000011092FFE630
P 0000011093061BD0
C 299
R
P 0000011092FFE630
C 392
R
P 0000011092FFE630
P 0000011093061BD0
C 9
R
P 0000011092FFE630
C 392
R
P 0000011092FFE630
U 2
P 000001109642E130
P 0000011093061BD0
p 2
C 70
= 00000110961499A8
R
P 0000011092FFE630
C 392
R
P 0000011092FFE630
P 00000110961499A8
C 298
R
P 0000011092FFE630
C 392
R
P 0000011092FFE630
P 00000110961499A8
C 295
= 0000011093060DF0
R
P 0000011092FFE630
C 392
R
P 0000011092FFE630
P 0000011093060DF0
C 249
R
P 0000011092FFE630
C 392
R
P 0000011092FFE630
P 00000110961499A8
C 301
R
P 0000011092FFE630
C 392
R
P 0000011092FFE630
P 00000110961499A8
C 300
R
P 0000011092FFE630
C 392
R
P 0000011092FFE630
P 00000110961499A8
C 299
R
P 0000011092FFE630
C 392
R
P 0000011092FFE630
P 00000110961499A8
C 9
R
P 0000011092FFE630
C 392
R
P 0000011092FFE630
I 3
P 0000011093060DF0
C 159
= 0000011093062970
R
P 0000011092FFE630
C 392
R
P 0000011092FFE630
P 0000011093062970
C 299
R
P 0000011092FFE630
C 392
R
P 0000011092FFE630
P 0000011093062970
C 9
R
P 0000011092FFE630
C 392
R
P 0000011092FFE630
U 2
P 000001109642E0F0
P 0000011093062970
p 2
C 70
= 0000011096147FF0
R
P 0000011092FFE630
C 392
R
P 0000011092FFE630
P 0000011096147FF0
C 298
R
P 0000011092FFE630
C 392
R
P 0000011092FFE630
P 0000011096147FF0
C 295
= 0000011093060DF0
R
P 0000011092FFE630
C 392
R
P 0000011092FFE630
P 0000011093060DF0
C 249
R
P 0000011092FFE630
C 392
R
P 0000011092FFE630
P 0000011096147FF0
C 301
R
P 0000011092FFE630
C 392
R
P 0000011092FFE630
P 0000011096147FF0
C 300
R
P 0000011092FFE630
C 392
R
P 0000011092FFE630
P 0000011096147FF0
C 299
R
P 0000011092FFE630
C 392
R
P 0000011092FFE630
P 0000011096147FF0
C 9
R
P 0000011092FFE630
C 392
R
P 0000011092FFE630
P 00000110961499A8
P 0000011096147FF0
C 61
= 0000011096147FB8
R
P 0000011092FFE630
C 392
R
P 0000011092FFE630
P 0000011096147FB8
C 299
R
P 0000011092FFE630
C 392
R
P 0000011092FFE630
P 0000011096147FB8
C 9
R
P 0000011092FFE630
C 392
R
P 0000011092FFE630
U 2
P 0000011096152820
P 0000011096147FB8
p 2
C 68
= 0000011096147F80
R
P 0000011092FFE630
C 392
R
P 0000011092FFE630
P 0000011096147F80
C 299
R
P 0000011092FFE630
C 392
R
P 0000011092FFE630
P 0000011096147F80
C 9
R
P 0000011092FFE630
C 392
R
P 0000011092FFE630
S "Q1"
C 32
R
P 0000011092FFE630
C 392
R
P 0000011092FFE630
$ |Q1|
C 242
R
P 0000011092FFE630
C 392
R
P 0000011092FFE630
S "skid1"
C 32
R
P 0000011092FFE630
C 392
R
P 0000011092FFE630
$ |skid1|
C 242
R
P 0000011092FFE630
C 392
R
P 0000011092FFE630
I 1
U 1
$ |Q1|
$ |skid1|
U 0
p 0
U 0
p 0
U 3
P 0000011093060DF0
P 0000011093060DF0
P 0000011093060DF0
p 3
$ |x_0|
$ |x_1|
$ |x_2|
s 3
P 00000110961499E0
C 235
= 0000011093094FD0
R
P 0000011092FFE630
C 392
R
P 0000011092FFE630
P 0000011093094FD0
C 298
R
P 0000011092FFE630
C 392
R
P 0000011092FFE630
P 0000011093094FD0
C 299
R
P 0000011092FFE630
C 392
R
P 0000011092FFE630
P 0000011093094FD0
C 298
R
P 0000011092FFE630
C 392
R
P 0000011092FFE630
P 0000011093094FD0
C 298
R
P 0000011092FFE630
C 392
R
P 0000011092FFE630
P 0000011093094FD0
C 9
R
P 0000011092FFE630
C 392
R
P 0000011092FFE630
P 0000011093094FD0
C 377
R
P 0000011092FFE630
C 392
R
P 0000011092FFE630
S "Q2"
C 32
R
P 0000011092FFE630
C 392
R
P 0000011092FFE630
$ |Q2|
C 242
R
P 0000011092FFE630
C 392
R
P 0000011092FFE630
S "skid2"
C 32
R
P 0000011092FFE630
C 392
R
P 0000011092FFE630
$ |skid2|
C 242
R
P 0000011092FFE630
C 392
R
P 0000011092FFE630
I 1
U 1
$ |Q2|
$ |skid2|
U 3
P 000001109642E170
P 000001109642E130
P 000001109642E0F0
p 3
U 0
p 0
U 0
p 0
P 0000011096147F80
C 239
= 0000011093095050
R
P 0000011092FFE630
C 392
R
P 0000011092FFE630
P 0000011093095050
C 298
R
P 0000011092FFE630
C 392
R
P 0000011092FFE630
P 0000011093095050
C 299
R
P 0000011092FFE630
C 392
R
P 0000011092FFE630
P 0000011093095050
C 298
R
P 0000011092FFE630
C 392
R
P 0000011092FFE630
P 0000011093095050
C 298
R
P 0000011092FFE630
C 392
R
P 0000011092FFE630
P 0000011093095050
C 9
R
P 0000011092FFE630
C 392
R
P 0000011092FFE630
P 0000011093095050
C 377
R
P 0000011092FFE630
C 392
M "QuantifierExample2"
R
P 0000011092FFE630
S "f"
C 32
R
P 0000011092FFE630
C 392
R
P 0000011092FFE630
$ |f|
C 242
R
P 0000011092FFE630
C 392
R
P 0000011092FFE630
$ |f|
U 1
P 0000011093060DF0
p 1
P 0000011093060DF0
C 52
= 0000011096147F48
R
P 0000011092FFE630
C 392
R
P 0000011092FFE630
P 0000011096147F48
C 298
R
P 0000011092FFE630
C 392
R
P 0000011092FFE630
P 0000011096147F48
C 9
R
P 0000011092FFE630
C 392
R
P 0000011092FFE630
S "g"
C 32
R
P 0000011092FFE630
C 392
R
P 0000011092FFE630
$ |g|
C 242
R
P 0000011092FFE630
C 392
R
P 0000011092FFE630
$ |g|
U 1
P 0000011093060DF0
p 1
P 0000011093060DF0
C 52
= 0000011096147E30
R
P 0000011092FFE630
C 392
R
P 0000011092FFE630
P 0000011096147E30
C 298
R
P 0000011092FFE630
C 392
R
P 0000011092FFE630
P 0000011096147E30
C 9
R
P 0000011092FFE630
C 392
R
P 0000011092FFE630
S "x"
C 32
R
P 0000011092FFE630
C 392
R
P 0000011092FFE630
$ |x|
C 242
R
P 0000011092FFE630
C 392
R
P 0000011092FFE630
$ |x|
P 0000011093060DF0
C 54
= 0000011093061690
R
P 0000011092FFE630
C 392
R
P 0000011092FFE630
P 0000011093061690
C 298
R
P 0000011092FFE630
C 392
R
P 0000011092FFE630
P 0000011093061690
C 295
= 0000011093060DF0
R
P 0000011092FFE630
C 392
R
P 0000011092FFE630
P 0000011093060DF0
C 249
R
P 0000011092FFE630
C 392
R
P 0000011092FFE630
P 0000011093061690
C 301
R
P 0000011092FFE630
C 392
R
P 0000011092FFE630
P 0000011093061690
C 300
R
P 0000011092FFE630
C 392
R
P 0000011092FFE630
P 0000011093061690
C 299
R
P 0000011092FFE630
C 392
R
P 0000011092FFE630
P 0000011093061690
C 9
R
P 0000011092FFE630
C 392
R
P 0000011092FFE630
S "y"
C 32
R
P 0000011092FFE630
C 392
R
P 0000011092FFE630
$ |y|
C 242
R
P 0000011092FFE630
C 392
R
P 0000011092FFE630
$ |y|
P 0000011093060DF0
C 54
= 00000110930616B0
R
P 0000011092FFE630
C 392
R
P 0000011092FFE630
P 00000110930616B0
C 298
R
P 0000011092FFE630
C 392
R
P 0000011092FFE630
P 00000110930616B0
C 295
= 0000011093060DF0
R
P 0000011092FFE630
C 392
R
P 0000011092FFE630
P 0000011093060DF0
C 249
R
P 0000011092FFE630
C 392
R
P 0000011092FFE630
P 00000110930616B0
C 301
R
P 0000011092FFE630
C 392
R
P 0000011092FFE630
P 00000110930616B0
C 300
R
P 0000011092FFE630
C 392
R
P 0000011092FFE630
P 00000110930616B0
C 299
R
P 0000011092FFE630
C 392
R
P 0000011092FFE630
P 00000110930616B0
C 9
R
P 0000011092FFE630
C 392
R
P 0000011092FFE630
P 0000011096147F48
U 1
P 0000011093061690
p 1
C 53
= 0000011096157180
R
P 0000011092FFE630
C 392
R
P 0000011092FFE630
P 0000011096157180
C 298
R
P 0000011092FFE630
C 392
R
P 0000011092FFE630
P 0000011096157180
C 295
= 0000011093060DF0
R
P 0000011092FFE630
C 392
R
P 0000011092FFE630
P 0000011093060DF0
C 249
R
P 0000011092FFE630
C 392
R
P 0000011092FFE630
P 0000011096157180
C 301
R
P 0000011092FFE630
C 392
R
P 0000011092FFE630
P 0000011096157180
C 300
R
P 0000011092FFE630
C 392
R
P 0000011092FFE630
P 0000011096157180
C 299
R
P 0000011092FFE630
C 392
R
P 0000011092FFE630
P 0000011096157180
C 9
R
P 0000011092FFE630
C 392
R
P 0000011092FFE630
P 0000011096147F48
U 1
P 00000110930616B0
p 1
C 53
= 0000011096157150
R
P 0000011092FFE630
C 392
R
P 0000011092FFE630
P 0000011096157150
C 298
R
P 0000011092FFE630
C 392
R
P 0000011092FFE630
P 0000011096157150
C 295
= 0000011093060DF0
R
P 0000011092FFE630
C 392
R
P 0000011092FFE630
P 0000011093060DF0
C 249
R
P 0000011092FFE630
C 392
R
P 0000011092FFE630
P 0000011096157150
C 301
R
P 0000011092FFE630
C 392
R
P 0000011092FFE630
P 0000011096157150
C 300
R
P 0000011092FFE630
C 392
R
P 0000011092FFE630
P 0000011096157150
C 299
R
P 0000011092FFE630
C 392
R
P 0000011092FFE630
P 0000011096157150
C 9
R
P 0000011092FFE630
C 392
R
P 0000011092FFE630
P 0000011096147E30
U 1
P 00000110930616B0
p 1
C 53
= 0000011096157120
R
P 0000011092FFE630
C 392
R
P 0000011092FFE630
P 0000011096157120
C 298
R
P 0000011092FFE630
C 392
R
P 0000011092FFE630
P 0000011096157120
C 295
= 0000011093060DF0
R
P 0000011092FFE630
C 392
R
P 0000011092FFE630
P 0000011093060DF0
C 249
R
P 0000011092FFE630
C 392
R
P 0000011092FFE630
P 0000011096157120
C 301
R
P 0000011092FFE630
C 392
R
P 0000011092FFE630
P 0000011096157120
C 300
R
P 0000011092FFE630
C 392
R
P 0000011092FFE630
P 0000011096157120
C 299
R
P 0000011092FFE630
C 392
R
P 0000011092FFE630
P 0000011096157120
C 9
R
P 0000011092FFE630
C 392
R
P 0000011092FFE630
U 2
P 0000011096157180
P 0000011096157120
p 2
C 230
= 0000011096147F10
R
P 0000011092FFE630
C 392
R
P 0000011092FFE630
P 0000011096147F10
C 9
R
P 0000011092FFE630
C 392
R
P 0000011092FFE630
P 0000011096157180
P 0000011096157150
C 61
= 0000011096147ED8
R
P 0000011092FFE630
C 392
R
P 0000011092FFE630
P 0000011096147ED8
C 299
R
P 0000011092FFE630
C 392
R
P 0000011092FFE630
P 0000011096147ED8
C 9
R
P 0000011092FFE630
C 392
R
P 0000011092FFE630
P 0000011096157150
P 0000011096157120
C 61
= 0000011096149970
R
P 0000011092FFE630
C 392
R
P 0000011092FFE630
P 0000011096149970
C 299
R
P 0000011092FFE630
C 392
R
P 0000011092FFE630
P 0000011096149970
C 9
R
P 0000011092FFE630
C 392
R
P 0000011092FFE630
U 2
P 0000011096147ED8
P 0000011096149970
p 2
C 68
= 0000011096147EA0
R
P 0000011092FFE630
C 392
R
P 0000011092FFE630
P 0000011096147EA0
C 299
R
P 0000011092FFE630
C 392
R
P 0000011092FFE630
P 0000011096147EA0
C 9
R
P 0000011092FFE630
C 392
R
P 0000011092FFE630
S "q"
C 32
R
P 0000011092FFE630
C 392
R
P 0000011092FFE630
$ |q|
C 242
R
P 0000011092FFE630
C 392
R
P 0000011092FFE630
S "sk"
C 32
R
P 0000011092FFE630
C 392
R
P 0000011092FFE630
$ |sk|
C 242
R
P 0000011092FFE630
C 392
R
P 0000011092FFE630
I 1
U 1
$ |q|
$ |sk|
U 2
P 0000011093061690
P 00000110930616B0
p 2
U 0
p 0
U 1
P 0000011096157150
p 1
P 0000011096147EA0
C 239
= 0000011093097138
R
P 0000011092FFE630
C 392
R
P 0000011092FFE630
P 0000011093097138
C 298
R
P 0000011092FFE630
C 392
R
P 0000011092FFE630
P 0000011093097138
C 299
R
P 0000011092FFE630
C 392
R
P 0000011092FFE630
P 0000011093097138
C 298
R
P 0000011092FFE630
C 392
R
P 0000011092FFE630
P 0000011093097138
C 298
R
P 0000011092FFE630
C 392
R
P 0000011092FFE630
P 0000011093097138
C 9
R
P 0000011092FFE630
C 392
R
P 0000011092FFE630
P 0000011093097138
C 377
R
P 0000011092FFE630
C 392
R
P 0000011092FFE630
U 1
P 0000011093060DF0
C 231
= 000001109642E110
R
P 0000011092FFE630
C 392
R
P 0000011092FFE630
P 000001109642E110
C 298
R
P 0000011092FFE630
C 392
R
P 0000011092FFE630
P 000001109642E110
C 295
= 0000011093060DF0
R
P 0000011092FFE630
C 392
R
P 0000011092FFE630
P 0000011093060DF0
C 249
R
P 0000011092FFE630
C 392
R
P 0000011092FFE630
P 000001109642E110
C 301
R
P 0000011092FFE630
C 392
R
P 0000011092FFE630
P 000001109642E110
C 300
R
P 0000011092FFE630
C 392
R
P 0000011092FFE630
P 000001109642E110
C 299
R
P 0000011092FFE630
C 392
R
P 0000011092FFE630
P 000001109642E110
C 298
R
P 0000011092FFE630
C 392
R
P 0000011092FFE630
P 000001109642E110
C 9
R
P 0000011092FFE630
C 392
R
P 0000011092FFE630
U 0
P 0000011093060DF0
C 231
= 000001109642E0D0
R
P 0000011092FFE630
C 392
R
P 0000011092FFE630
P 000001109642E0D0
C 298
R
P 0000011092FFE630
C 392
R
P 0000011092FFE630
P 000001109642E0D0
C 295
= 0000011093060DF0
R
P 0000011092FFE630
C 392
R
P 0000011092FFE630
P 0000011093060DF0
C 249
R
P 0000011092FFE630
C 392
R
P 0000011092FFE630
P 000001109642E0D0
C 301
R
P 0000011092FFE630
C 392
R
P 0000011092FFE630
P 000001109642E0D0
C 300
R
P 0000011092FFE630
C 392
R
P 0000011092FFE630
P 000001109642E0D0
C 299
R
P 0000011092FFE630
C 392
R
P 0000011092FFE630
P 000001109642E0D0
C 298
R
P 0000011092FFE630
C 392
R
P 0000011092FFE630
P 000001109642E0D0
C 9
R
P 0000011092FFE630
C 392
R
P 0000011092FFE630
P 0000011096147F48
U 1
P 000001109642E110
p 1
C 53
= 00000110961570C0
R
P 0000011092FFE630
C 392
R
P 0000011092FFE630
P 00000110961570C0
C 298
R
P 0000011092FFE630
C 392
R
P 0000011092FFE630
P 00000110961570C0
C 295
= 0000011093060DF0
R
P 0000011092FFE630
C 392
R
P 0000011092FFE630
P 0000011093060DF0
C 249
R
P 0000011092FFE630
C 392
R
P 0000011092FFE630
P 00000110961570C0
C 301
R
P 0000011092FFE630
C 392
R
P 0000011092FFE630
P 00000110961570C0
C 300
R
P 0000011092FFE630
C 392
R
P 0000011092FFE630
P 00000110961570C0
C 299
R
P 0000011092FFE630
C 392
R
P 0000011092FFE630
P 00000110961570C0
C 9
R
P 0000011092FFE630
C 392
R
P 0000011092FFE630
P 0000011096147F48
U 1
P 000001109642E0D0
p 1
C 53
= 00000110961570F0
R
P 0000011092FFE630
C 392
R
P 0000011092FFE630
P 00000110961570F0
C 298
R
P 0000011092FFE630
C 392
R
P 0000011092FFE630
P 00000110961570F0
C 295
= 0000011093060DF0
R
P 0000011092FFE630
C 392
R
P 0000011092FFE630
P 0000011093060DF0
C 249
R
P 0000011092FFE630
C 392
R
P 0000011092FFE630
P 00000110961570F0
C 301
R
P 0000011092FFE630
C 392
R
P 0000011092FFE630
P 00000110961570F0
C 300
R
P 0000011092FFE630
C 392
R
P 0000011092FFE630
P 00000110961570F0
C 299
R
P 0000011092FFE630
C 392
R
P 0000011092FFE630
P 00000110961570F0
C 9
R
P 0000011092FFE630
C 392
R
P 0000011092FFE630
P 0000011096147E30
U 1
P 000001109642E0D0
p 1
C 53
= 0000011096157000
R
P 0000011092FFE630
C 392
R
P 0000011092FFE630
P 0000011096157000
C 298
R
P 0000011092FFE630
C 392
R
P 0000011092FFE630
P 0000011096157000
C 295
= 0000011093060DF0
R
P 0000011092FFE630
C 392
R
P 0000011092FFE630
P 0000011093060DF0
C 249
R
P 0000011092FFE630
C 392
R
P 0000011092FFE630
P 0000011096157000
C 301
R
P 0000011092FFE630
C 392
R
P 0000011092FFE630
P 0000011096157000
C 300
R
P 0000011092FFE630
C 392
R
P 0000011092FFE630
P 0000011096157000
C 299
R
P 0000011092FFE630
C 392
R
P 0000011092FFE630
P 0000011096157000
C 9
R
P 0000011092FFE630
C 392
R
P 0000011092FFE630
U 2
P 00000110961570C0
P 0000011096157000
p 2
C 230
= 00000110960140E0
R
P 0000011092FFE630
C 392
R
P 0000011092FFE630
P 00000110960140E0
C 9
R
P 0000011092FFE630
C 392
R
P 0000011092FFE630
S "x"
C 32
R
P 0000011092FFE630
C 392
R
P 0000011092FFE630
$ |x|
C 242
R
P 0000011092FFE630
C 392
R
P 0000011092FFE630
S "y"
C 32
R
P 0000011092FFE630
C 392
R
P 0000011092FFE630
$ |y|
C 242
R
P 0000011092FFE630
C 392
R
P 0000011092FFE630
P 00000110961570C0
P 00000110961570F0
C 61
= 0000011096147E68
R
P 0000011092FFE630
C 392
R
P 0000011092FFE630
P 0000011096147E68
C 299
R
P 0000011092FFE630
C 392
R
P 0000011092FFE630
P 0000011096147E68
C 9
R
P 0000011092FFE630
C 392
R
P 0000011092FFE630
P 00000110961570F0
P 0000011096157000
C 61
= 0000011096149938
R
P 0000011092FFE630
C 392
R
P 0000011092FFE630
P 0000011096149938
C 299
R
P 0000011092FFE630
C 392
R
P 0000011092FFE630
P 0000011096149938
C 9
R
P 0000011092FFE630
C 392
R
P 0000011092FFE630
U 2
P 0000011096147E68
P 0000011096149938
p 2
C 68
= 0000011096149900
R
P 0000011092FFE630
C 392
R
P 0000011092FFE630
P 0000011096149900
C 299
R
P 0000011092FFE630
C 392
R
P 0000011092FFE630
P 0000011096149900
C 9
R
P 0000011092FFE630
C 392
R
P 0000011092FFE630
S "q"
C 32
R
P 0000011092FFE630
C 392
R
P 0000011092FFE630
$ |q|
C 242
R
P 0000011092FFE630
C 392
R
P 0000011092FFE630
S "sk"
C 32
R
P 0000011092FFE630
C 392
R
P 0000011092FFE630
$ |sk|
C 242
R
P 0000011092FFE630
C 392
R
P 0000011092FFE630
I 1
U 1
$ |q|
$ |sk|
U 0
p 0
U 1
P 00000110961570F0
p 1
U 2
P 0000011093060DF0
P 0000011093060DF0
p 2
$ |x|
$ |y|
s 2
P 0000011096149900
C 235
= 0000011093097138
R
P 0000011092FFE630
C 392
R
P 0000011092FFE630
P 0000011093097138
C 298
R
P 0000011092FFE630
C 392
R
P 0000011092FFE630
P 0000011093097138
C 299
R
P 0000011092FFE630
C 392
R
P 0000011092FFE630
P 0000011093097138
C 298
R
P 0000011092FFE630
C 392
R
P 0000011092FFE630
P 0000011093097138
C 298
R
P 0000011092FFE630
C 392
R
P 0000011092FFE630
P 0000011093097138
C 9
R
P 0000011092FFE630
C 392
R
P 0000011092FFE630
P 0000011093097138
C 377
R
P 0000011092FFE630
C 392
R
P 0000011092FFE630
C 392
M "LogicTest"
R
I 1
C 375
R
P 0000011092FFE630
U 32
C 37
= 0000011093061230
R
P 0000011092FFE630
C 392
R
P 0000011092FFE630
P 0000011093061230
C 298
R
P 0000011092FFE630
C 392
R
P 0000011092FFE630
P 0000011093061230
C 9
R
P 0000011092FFE630
C 392
R
P 0000011092FFE630
S "x"
C 32
R
P 0000011092FFE630
C 392
R
P 0000011092FFE630
$ |x|
C 242
R
P 0000011092FFE630
C 392
R
P 0000011092FFE630
$ |x|
P 0000011093061230
C 54
= 000001109642E0B0
R
P 0000011092FFE630
C 392
R
P 0000011092FFE630
P 000001109642E0B0
C 298
R
P 0000011092FFE630
C 392
R
P 0000011092FFE630
P 000001109642E0B0
C 295
= 0000011093061230
R
P 0000011092FFE630
C 392
R
P 0000011092FFE630
P 0000011093061230
C 249
R
P 0000011092FFE630
C 392
R
P 0000011092FFE630
P 000001109642E0B0
C 301
R
P 0000011092FFE630
C 392
R
P 0000011092FFE630
P 000001109642E0B0
C 300
R
P 0000011092FFE630
C 392
R
P 0000011092FFE630
P 000001109642E0B0
C 299
R
P 0000011092FFE630
C 392
R
P 0000011092FFE630
P 000001109642E0B0
C 9
R
P 0000011092FFE630
C 392
R
P 0000011092FFE630
S "y"
C 32
R
P 0000011092FFE630
C 392
R
P 0000011092FFE630
$ |y|
C 242
R
P 0000011092FFE630
C 392
R
P 0000011092FFE630
$ |y|
P 0000011093061230
C 54
= 000001109642E090
R
P 0000011092FFE630
C 392
R
P 0000011092FFE630
P 000001109642E090
C 298
R
P 0000011092FFE630
C 392
R
P 0000011092FFE630
P 000001109642E090
C 295
= 0000011093061230
R
P 0000011092FFE630
C 392
R
P 0000011092FFE630
P 0000011093061230
C 249
R
P 0000011092FFE630
C 392
R
P 0000011092FFE630
P 000001109642E090
C 301
R
P 0000011092FFE630
C 392
R
P 0000011092FFE630
P 000001109642E090
C 300
R
P 0000011092FFE630
C 392
R
P 0000011092FFE630
P 000001109642E090
C 299
R
P 0000011092FFE630
C 392
R
P 0000011092FFE630
P 000001109642E090
C 9
R
P 0000011092FFE630
C 392
R
P 0000011092FFE630
P 000001109642E0B0
P 000001109642E090
C 61
= 0000011096147D88
R
P 0000011092FFE630
C 392
R
P 0000011092FFE630
P 0000011096147D88
C 299
R
P 0000011092FFE630
C 392
R
P 0000011092FFE630
P 0000011096147D88
C 9
R
P 0000011092FFE630
C 392
R
P 0000011092FFE630
S "QF_BV"
C 32
R
P 0000011092FFE630
C 392
R
P 0000011092FFE630
$ |QF_BV|
C 242
R
P 0000011092FFE630
C 392
R
P 0000011092FFE630
$ |QF_BV|
C 475
= 0000011096124170
R
P 0000011092FFE630
C 392
R
P 0000011092FFE630
P 0000011096124170
C 482
R
P 0000011092FFE630
C 392
R
P 0000011092FFE630
P 0000011096124170
P 0000011096147D88
C 489
R
P 0000011092FFE630
C 392
R
P 0000011092FFE630
P 0000011096124170
C 513
R
P 0000011092FFE630
C 392
R
P 0000011092FFE630
I 1
I 0
I 0
C 401
= 0000011095F5B750
R
P 0000011092FFE630
C 392
R
P 0000011092FFE630
P 0000011095F5B750
C 402
R
P 0000011092FFE630
C 392
R
P 0000011092FFE630
P 0000011095F5B750
P 0000011096147D88
C 405
R
P 0000011092FFE630
C 392
R
P 0000011092FFE630
S "qfbv"
C 418
= 0000011095F57490
R
P 0000011092FFE630
C 392
R
P 0000011092FFE630
P 0000011095F57490
C 419
R
P 0000011092FFE630
C 392
R
P 0000011092FFE630
P 0000011095F57490
P 0000011095F5B750
C 466
= 00000110964AB4E0
R
P 0000011092FFE630
C 392
R
P 0000011092FFE630
P 00000110964AB4E0
C 468
R
P 0000011092FFE630
C 392
R
P 0000011092FFE630
P 00000110964AB4E0
C 470
R
P 0000011092FFE630
C 392
R
P 0000011092FFE630
P 00000110964AB4E0
C 471
R
P 0000011092FFE630
C 392
R
P 0000011092FFE630
P 00000110964AB4E0
C 471
R
P 0000011092FFE630
C 392
R
P 0000011092FFE630
P 00000110964AB4E0
U 0
C 472
= 0000011095F56650
R
P 0000011092FFE630
C 392
R
P 0000011092FFE630
P 0000011095F56650
C 402
R
P 0000011092FFE630
C 392
R
P 0000011092FFE630
P 0000011095F56650
C 412
R
P 0000011092FFE630
C 392
M "ParOrExample"
R
P 0000011092FFE630
U 32
C 37
= 0000011093061230
R
P 0000011092FFE630
C 392
R
P 0000011092FFE630
P 0000011093061230
C 298
R
P 0000011092FFE630
C 392
R
P 0000011092FFE630
P 0000011093061230
C 9
R
P 0000011092FFE630
C 392
R
P 0000011092FFE630
S "x"
C 32
R
P 0000011092FFE630
C 392
R
P 0000011092FFE630
$ |x|
C 242
R
P 0000011092FFE630
C 392
R
P 0000011092FFE630
$ |x|
P 0000011093061230
C 54
= 000001109642E0B0
R
P 0000011092FFE630
C 392
R
P 0000011092FFE630
P 000001109642E0B0
C 298
R
P 0000011092FFE630
C 392
R
P 0000011092FFE630
P 000001109642E0B0
C 295
= 0000011093061230
R
P 0000011092FFE630
C 392
R
P 0000011092FFE630
P 0000011093061230
C 249
R
P 0000011092FFE630
C 392
R
P 0000011092FFE630
P 000001109642E0B0
C 301
R
P 0000011092FFE630
C 392
R
P 0000011092FFE630
P 000001109642E0B0
C 300
R
P 0000011092FFE630
C 392
R
P 0000011092FFE630
P 000001109642E0B0
C 299
R
P 0000011092FFE630
C 392
R
P 0000011092FFE630
P 000001109642E0B0
C 9
R
P 0000011092FFE630
C 392
R
P 0000011092FFE630
S "y"
C 32
R
P 0000011092FFE630
C 392
R
P 0000011092FFE630
$ |y|
C 242
R
P 0000011092FFE630
C 392
R
P 0000011092FFE630
$ |y|
P 0000011093061230
C 54
= 000001109642E090
R
P 0000011092FFE630
C 392
R
P 0000011092FFE630
P 000001109642E090
C 298
R
P 0000011092FFE630
C 392
R
P 0000011092FFE630
P 000001109642E090
C 295
= 0000011093061230
R
P 0000011092FFE630
C 392
R
P 0000011092FFE630
P 0000011093061230
C 249
R
P 0000011092FFE630
C 392
R
P 0000011092FFE630
P 000001109642E090
C 301
R
P 0000011092FFE630
C 392
R
P 0000011092FFE630
P 000001109642E090
C 300
R
P 0000011092FFE630
C 392
R
P 0000011092FFE630
P 000001109642E090
C 299
R
P 0000011092FFE630
C 392
R
P 0000011092FFE630
P 000001109642E090
C 9
R
P 0000011092FFE630
C 392
R
P 0000011092FFE630
P 000001109642E0B0
P 000001109642E090
C 61
= 0000011096147D88
R
P 0000011092FFE630
C 392
R
P 0000011092FFE630
P 0000011096147D88
C 299
R
P 0000011092FFE630
C 392
R
P 0000011092FFE630
P 0000011096147D88
C 9
R
P 0000011092FFE630
C 392
R
P 0000011092FFE630
I 1
I 0
I 0
C 401
= 0000011095F56890
R
P 0000011092FFE630
C 392
R
P 0000011092FFE630
P 0000011095F56890
C 402
R
P 0000011092FFE630
C 392
R
P 0000011092FFE630
P 0000011095F56890
P 0000011096147D88
C 405
R
P 0000011092FFE630
C 392
R
P 0000011092FFE630
S "qfbv"
C 418
= 0000011095F576A0
R
P 0000011092FFE630
C 392
R
P 0000011092FFE630
P 0000011095F576A0
C 419
R
P 0000011092FFE630
C 392
R
P 0000011092FFE630
S "qfbv"
C 418
= 0000011095F586F0
R
P 0000011092FFE630
C 392
R
P 0000011092FFE630
P 0000011095F586F0
C 419
R
P 0000011092FFE630
C 392
R
P 0000011092FFE630
U 2
P 0000011095F576A0
P 0000011095F586F0
p 2
C 426
= 0000011095F587E0
R
P 0000011092FFE630
C 392
R
P 0000011092FFE630
P 0000011095F587E0
C 419
R
P 0000011092FFE630
C 392
R
P 0000011092FFE630
P 0000011095F587E0
P 0000011095F56890
C 466
= 00000110964ACC20
R
P 0000011092FFE630
C 392
R
P 0000011092FFE630
P 00000110964ACC20
C 468
R
P 0000011092FFE630
C 392
R
P 0000011092FFE630
P 00000110964ACC20
C 471
R
P 0000011092FFE630
C 392
R
P 0000011092FFE630
P 00000110964ACC20
C 471
R
P 0000011092FFE630
C 392
R
P 0000011092FFE630
P 00000110964ACC20
U 0
C 472
= 0000011095D10DE0
R
P 0000011092FFE630
C 392
R
P 0000011092FFE630
P 0000011095D10DE0
C 402
R
P 0000011092FFE630
C 392
R
P 0000011092FFE630
P 0000011095D10DE0
C 412
R
P 0000011092FFE630
C 392
M "FindModelExample1"
R
P 0000011092FFE630
S "x"
C 32
R
P 0000011092FFE630
C 392
R
P 0000011092FFE630
$ |x|
C 242
R
P 0000011092FFE630
C 392
R
P 0000011092FFE630
$ |x|
P 0000011093060D30
C 54
= 0000011093061AF0
R
P 0000011092FFE630
C 392
R
P 0000011092FFE630
P 0000011093061AF0
C 298
R
P 0000011092FFE630
C 392
R
P 0000011092FFE630
P 0000011093061AF0
C 295
= 0000011093060D30
R
P 0000011092FFE630
C 392
R
P 0000011092FFE630
P 0000011093060D30
C 249
R
P 0000011092FFE630
C 392
R
P 0000011092FFE630
P 0000011093061AF0
C 301
R
P 0000011092FFE630
C 392
R
P 0000011092FFE630
P 0000011093061AF0
C 300
R
P 0000011092FFE630
C 392
R
P 0000011092FFE630
P 0000011093061AF0
C 299
R
P 0000011092FFE630
C 392
R
P 0000011092FFE630
P 0000011093061AF0
C 9
R
P 0000011092FFE630
C 392
R
P 0000011092FFE630
S "y"
C 32
R
P 0000011092FFE630
C 392
R
P 0000011092FFE630
$ |y|
C 242
R
P 0000011092FFE630
C 392
R
P 0000011092FFE630
$ |y|
P 0000011093060D30
C 54
= 0000011093061AD0
R
P 0000011092FFE630
C 392
R
P 0000011092FFE630
P 0000011093061AD0
C 298
R
P 0000011092FFE630
C 392
R
P 0000011092FFE630
P 0000011093061AD0
C 295
= 0000011093060D30
R
P 0000011092FFE630
C 392
R
P 0000011092FFE630
P 0000011093060D30
C 249
R
P 0000011092FFE630
C 392
R
P 0000011092FFE630
P 0000011093061AD0
C 301
R
P 0000011092FFE630
C 392
R
P 0000011092FFE630
P 0000011093061AD0
C 300
R
P 0000011092FFE630
C 392
R
P 0000011092FFE630
P 0000011093061AD0
C 299
R
P 0000011092FFE630
C 392
R
P 0000011092FFE630
P 0000011093061AD0
C 9
R
P 0000011092FFE630
C 392
R
P 0000011092FFE630
P 0000011093061AF0
P 0000011093061AD0
C 67
= 00000110961498C8
R
P 0000011092FFE630
C 392
R
P 0000011092FFE630
P 00000110961498C8
C 299
R
P 0000011092FFE630
C 392
R
P 0000011092FFE630
P 00000110961498C8
C 9
R
P 0000011092FFE630
C 392
R
P 0000011092FFE630
C 473
= 0000011096123720
R
P 0000011092FFE630
C 392
R
P 0000011092FFE630
P 0000011096123720
C 482
R
P 0000011092FFE630
C 392
R
P 0000011092FFE630
P 0000011096123720
P 00000110961498C8
C 489
R
P 0000011092FFE630
C 392
R
P 0000011092FFE630
P 0000011096123720
C 513
R
P 0000011092FFE630
C 392
R
P 0000011092FFE630
P 0000011096123720
C 518
= 0000011096198AB0
R
P 0000011092FFE630
C 392
R
P 0000011092FFE630
P 0000011096198AB0
C 344
R
P 0000011092FFE630
C 392
R
P 0000011092FFE630
P 0000011096198AB0
P 0000011093061AF0
I 0
P 0000000000000000
C 346
* 0000011093060D90 4
R
P 0000011092FFE630
C 392
R
P 0000011092FFE630
P 0000011093060D90
C 298
R
P 0000011092FFE630
C 392
R
P 0000011092FFE630
P 0000011093060D90
C 295
= 0000011093060D30
R
P 0000011092FFE630
C 392
R
P 0000011092FFE630
P 0000011093060D30
C 249
R
P 0000011092FFE630
C 392
R
P 0000011092FFE630
P 0000011093060D90
C 301
R
P 0000011092FFE630
C 392
R
P 0000011092FFE630
P 0000011093060D90
C 300
R
P 0000011092FFE630
C 392
R
P 0000011092FFE630
P 0000011093060D90
C 299
R
P 0000011092FFE630
C 392
R
P 0000011092FFE630
P 0000011093060D90
C 9
R
P 0000011092FFE630
C 392
R
P 0000011092FFE630
P 0000011093060D90
C 377
R
P 0000011092FFE630
C 392
R
P 0000011092FFE630
P 0000011096198AB0
P 0000011093061AD0
I 0
P 0000000000000000
C 346
* 0000011093060DB0 4
R
P 0000011092FFE630
C 392
R
P 0000011092FFE630
P 0000011093060DB0
C 298
R
P 0000011092FFE630
C 392
R
P 0000011092FFE630
P 0000011093060DB0
C 295
= 0000011093060D30
R
P 0000011092FFE630
C 392
R
P 0000011092FFE630
P 0000011093060D30
C 249
R
P 0000011092FFE630
C 392
R
P 0000011092FFE630
P 0000011093060DB0
C 301
R
P 0000011092FFE630
C 392
R
P 0000011092FFE630
P 0000011093060DB0
C 300
R
P 0000011092FFE630
C 392
R
P 0000011092FFE630
P 0000011093060DB0
C 299
R
P 0000011092FFE630
C 392
R
P 0000011092FFE630
P 0000011093060DB0
C 9
R
P 0000011092FFE630
C 392
R
P 0000011092FFE630
P 0000011093060DB0
C 377
R
P 0000011092FFE630
C 392
M "FindModelExample2"
R
P 0000011092FFE630
S "x"
C 32
R
P 0000011092FFE630
C 392
R
P 0000011092FFE630
$ |x|
C 242
R
P 0000011092FFE630
C 392
R
P 0000011092FFE630
$ |x|
P 0000011093060DF0
C 54
= 0000011093061690
R
P 0000011092FFE630
C 392
R
P 0000011092FFE630
P 0000011093061690
C 298
R
P 0000011092FFE630
C 392
R
P 0000011092FFE630
P 0000011093061690
C 295
= 0000011093060DF0
R
P 0000011092FFE630
C 392
R
P 0000011092FFE630
P 0000011093060DF0
C 249
R
P 0000011092FFE630
C 392
R
P 0000011092FFE630
P 0000011093061690
C 301
R
P 0000011092FFE630
C 392
R
P 0000011092FFE630
P 0000011093061690
C 300
R
P 0000011092FFE630
C 392
R
P 0000011092FFE630
P 0000011093061690
C 299
R
P 0000011092FFE630
C 392
R
P 0000011092FFE630
P 0000011093061690
C 9
R
P 0000011092FFE630
C 392
R
P 0000011092FFE630
S "y"
C 32
R
P 0000011092FFE630
C 392
R
P 0000011092FFE630
$ |y|
C 242
R
P 0000011092FFE630
C 392
R
P 0000011092FFE630
$ |y|
P 0000011093060DF0
C 54
= 00000110930616B0
R
P 0000011092FFE630
C 392
R
P 0000011092FFE630
P 00000110930616B0
C 298
R
P 0000011092FFE630
C 392
R
P 0000011092FFE630
P 00000110930616B0
C 295
= 0000011093060DF0
R
P 0000011092FFE630
C 392
R
P 0000011092FFE630
P 0000011093060DF0
C 249
R
P 0000011092FFE630
C 392
R
P 0000011092FFE630
P 00000110930616B0
C 301
R
P 0000011092FFE630
C 392
R
P 0000011092FFE630
P 00000110930616B0
C 300
R
P 0000011092FFE630
C 392
R
P 0000011092FFE630
P 00000110930616B0
C 299
R
P 0000011092FFE630
C 392
R
P 0000011092FFE630
P 00000110930616B0
C 9
R
P 0000011092FFE630
C 392
R
P 0000011092FFE630
I 1
P 0000011093060DF0
C 159
= 0000011093061950
R
P 0000011092FFE630
C 392
R
P 0000011092FFE630
P 0000011093061950
C 299
R
P 0000011092FFE630
C 392
R
P 0000011092FFE630
P 0000011093061950
C 9
R
P 0000011092FFE630
C 392
R
P 0000011092FFE630
I 2
P 0000011093060DF0
C 159
= 0000011093061BD0
R
P 0000011092FFE630
C 392
R
P 0000011092FFE630
P 0000011093061BD0
C 299
R
P 0000011092FFE630
C 392
R
P 0000011092FFE630
P 0000011093061BD0
C 9
R
P 0000011092FFE630
C 392
R
P 0000011092FFE630
U 2
P 00000110930616B0
P 0000011093061950
p 2
C 70
= 0000011096147D18
R
P 0000011092FFE630
C 392
R
P 0000011092FFE630
P 0000011096147D18
C 298
R
P 0000011092FFE630
C 392
R
P 0000011092FFE630
P 0000011096147D18
C 295
= 0000011093060DF0
R
P 0000011092FFE630
C 392
R
P 0000011092FFE630
P 0000011093060DF0
C 249
R
P 0000011092FFE630
C 392
R
P 0000011092FFE630
P 0000011096147D18
C 301
R
P 0000011092FFE630
C 392
R
P 0000011092FFE630
P 0000011096147D18
C 300
R
P 0000011092FFE630
C 392
R
P 0000011092FFE630
P 0000011096147D18
C 299
R
P 0000011092FFE630
C 392
R
P 0000011092FFE630
P 0000011096147D18
C 9
R
P 0000011092FFE630
C 392
R
P 0000011092FFE630
P 0000011093061690
P 0000011096147D18
C 78
= 00000110961554E0
R
P 0000011092FFE630
C 392
R
P 0000011092FFE630
P 00000110961554E0
C 299
R
P 0000011092FFE630
C 392
R
P 0000011092FFE630
P 00000110961554E0
C 9
R
P 0000011092FFE630
C 392
R
P 0000011092FFE630
P 0000011093061690
P 0000011093061BD0
C 80
= 0000011096147C70
R
P 0000011092FFE630
C 392
R
P 0000011092FFE630
P 0000011096147C70
C 299
R
P 0000011092FFE630
C 392
R
P 0000011092FFE630
P 0000011096147C70
C 9
R
P 0000011092FFE630
C 392
R
P 0000011092FFE630
U 2
P 00000110961554E0
P 0000011096147C70
p 2
C 68
= 0000011096147C38
R
P 0000011092FFE630
C 392
R
P 0000011092FFE630
P 0000011096147C38
C 299
R
P 0000011092FFE630
C 392
R
P 0000011092FFE630
P 0000011096147C38
C 9
R
P 0000011092FFE630
C 392
R
P 0000011092FFE630
C 473
= 0000011096124220
R
P 0000011092FFE630
C 392
R
P 0000011092FFE630
P 0000011096124220
C 482
R
P 0000011092FFE630
C 392
R
P 0000011092FFE630
P 0000011096124220
P 0000011096147C38
C 489
R
P 0000011092FFE630
C 392
R
P 0000011092FFE630
P 0000011096124220
C 513
R
P 0000011092FFE630
C 392
R
P 0000011092FFE630
P 0000011096124220
C 518
= 0000011096307250
R
P 0000011092FFE630
C 392
R
P 0000011092FFE630
P 0000011096307250
C 344
R
P 0000011092FFE630
C 392
R
P 0000011092FFE630
P 0000011096307250
P 0000011093061690
I 0
P 0000000000000000
C 346
* 0000011093062970 4
R
P 0000011092FFE630
C 392
R
P 0000011092FFE630
P 0000011093062970
C 298
R
P 0000011092FFE630
C 392
R
P 0000011092FFE630
P 0000011093062970
C 295
= 0000011093060DF0
R
P 0000011092FFE630
C 392
R
P 0000011092FFE630
P 0000011093060DF0
C 249
R
P 0000011092FFE630
C 392
R
P 0000011092FFE630
P 0000011093062970
C 301
R
P 0000011092FFE630
C 392
R
P 0000011092FFE630
P 0000011093062970
C 300
R
P 0000011092FFE630
C 392
R
P 0000011092FFE630
P 0000011093062970
C 299
R
P 0000011092FFE630
C 392
R
P 0000011092FFE630
P 0000011093062970
C 9
R
P 0000011092FFE630
C 392
R
P 0000011092FFE630
P 0000011093062970
C 304
R
P 0000011092FFE630
C 392
R
P 0000011092FFE630
P 0000011096307250
P 00000110930616B0
I 0
P 0000000000000000
C 346
* 0000011093062970 4
R
P 0000011092FFE630
C 392
R
P 0000011092FFE630
P 0000011093062970
C 298
R
P 0000011092FFE630
C 392
R
P 0000011092FFE630
P 0000011093062970
C 295
= 0000011093060DF0
R
P 0000011092FFE630
C 392
R
P 0000011092FFE630
P 0000011093060DF0
C 249
R
P 0000011092FFE630
C 392
R
P 0000011092FFE630
P 0000011093062970
C 301
R
P 0000011092FFE630
C 392
R
P 0000011092FFE630
P 0000011093062970
C 300
R
P 0000011092FFE630
C 392
R
P 0000011092FFE630
P 0000011093062970
C 299
R
P 0000011092FFE630
C 392
R
P 0000011092FFE630
P 0000011093062970
C 9
R
P 0000011092FFE630
C 392
R
P 0000011092FFE630
P 0000011093062970
C 304
R
P 0000011092FFE630
C 392
R
P 0000011092FFE630
P 0000011093061690
P 00000110930616B0
C 61
= 000001109307B880
R
P 0000011092FFE630
C 392
R
P 0000011092FFE630
P 000001109307B880
C 299
R
P 0000011092FFE630
C 392
R
P 0000011092FFE630
P 000001109307B880
C 9
R
P 0000011092FFE630
C 392
R
P 0000011092FFE630
P 000001109307B880
C 63
= 0000011095899930
R
P 0000011092FFE630
C 392
R
P 0000011092FFE630
P 0000011095899930
C 299
R
P 0000011092FFE630
C 392
R
P 0000011092FFE630
P 0000011095899930
C 9
R
P 0000011092FFE630
C 392
R
P 0000011092FFE630
U 2
P 0000011096147C38
P 0000011095899930
p 2
C 68
= 000001109589D4F8
R
P 0000011092FFE630
C 392
R
P 0000011092FFE630
P 000001109589D4F8
C 299
R
P 0000011092FFE630
C 392
R
P 0000011092FFE630
P 000001109589D4F8
C 9
R
P 0000011092FFE630
C 392
R
P 0000011092FFE630
C 473
= 0000011096123A90
R
P 0000011092FFE630
C 392
R
P 0000011092FFE630
P 0000011096123A90
C 482
R
P 0000011092FFE630
C 392
R
P 0000011092FFE630
P 0000011096123A90
P 000001109589D4F8
C 489
R
P 0000011092FFE630
C 392
R
P 0000011092FFE630
P 0000011096123A90
C 513
R
P 0000011092FFE630
C 392
R
P 0000011092FFE630
P 0000011096123A90
C 518
= 0000011096FD1050
R
P 0000011092FFE630
C 392
R
P 0000011092FFE630
P 0000011096FD1050
C 344
R
P 0000011092FFE630
C 392
R
P 0000011092FFE630
P 0000011096FD1050
P 0000011093061690
I 0
P 0000000000000000
C 346
* 0000011093062970 4
R
P 0000011092FFE630
C 392
R
P 0000011092FFE630
P 0000011093062970
C 298
R
P 0000011092FFE630
C 392
R
P 0000011092FFE630
P 0000011093062970
C 295
= 0000011093060DF0
R
P 0000011092FFE630
C 392
R
P 0000011092FFE630
P 0000011093060DF0
C 249
R
P 0000011092FFE630
C 392
R
P 0000011092FFE630
P 0000011093062970
C 301
R
P 0000011092FFE630
C 392
R
P 0000011092FFE630
P 0000011093062970
C 300
R
P 0000011092FFE630
C 392
R
P 0000011092FFE630
P 0000011093062970
C 299
R
P 0000011092FFE630
C 392
R
P 0000011092FFE630
P 0000011093062970
C 9
R
P 0000011092FFE630
C 392
R
P 0000011092FFE630
P 0000011093062970
C 304
R
P 0000011092FFE630
C 392
R
P 0000011092FFE630
P 0000011096FD1050
P 00000110930616B0
I 0
P 0000000000000000
C 346
* 0000011093062950 4
R
P 0000011092FFE630
C 392
R
P 0000011092FFE630
P 0000011093062950
C 298
R
P 0000011092FFE630
C 392
R
P 0000011092FFE630
P 0000011093062950
C 295
= 0000011093060DF0
R
P 0000011092FFE630
C 392
R
P 0000011092FFE630
P 0000011093060DF0
C 249
R
P 0000011092FFE630
C 392
R
P 0000011092FFE630
P 0000011093062950
C 301
R
P 0000011092FFE630
C 392
R
P 0000011092FFE630
P 0000011093062950
C 300
R
P 0000011092FFE630
C 392
R
P 0000011092FFE630
P 0000011093062950
C 299
R
P 0000011092FFE630
C 392
R
P 0000011092FFE630
P 0000011093062950
C 9
R
P 0000011092FFE630
C 392
R
P 0000011092FFE630
P 0000011093062950
C 304
R
P 0000011092FFE630
C 392
M "PushPopExample1"
R
P 0000011092FFE630
S "1000000000000000000000000000000000000000000000000000000"
P 0000011093060DF0
C 156
= 0000011096427F50
R
P 0000011092FFE630
C 392
R
P 0000011092FFE630
P 0000011096427F50
C 299
R
P 0000011092FFE630
C 392
R
P 0000011092FFE630
P 0000011096427F50
C 9
R
P 0000011092FFE630
C 392
R
P 0000011092FFE630
S "3"
P 0000011093060DF0
C 156
= 0000011093062970
R
P 0000011092FFE630
C 392
R
P 0000011092FFE630
P 0000011093062970
C 298
R
P 0000011092FFE630
C 392
R
P 0000011092FFE630
P 0000011093062970
C 295
= 0000011093060DF0
R
P 0000011092FFE630
C 392
R
P 0000011092FFE630
P 0000011093060DF0
C 249
R
P 0000011092FFE630
C 392
R
P 0000011092FFE630
P 0000011093062970
C 301
R
P 0000011092FFE630
C 392
R
P 0000011092FFE630
P 0000011093062970
C 300
R
P 0000011092FFE630
C 392
R
P 0000011092FFE630
P 0000011093062970
C 299
R
P 0000011092FFE630
C 392
R
P 0000011092FFE630
P 0000011093062970
C 9
R
P 0000011092FFE630
C 392
R
P 0000011092FFE630
S "x"
C 32
R
P 0000011092FFE630
C 392
R
P 0000011092FFE630
$ |x|
C 242
R
P 0000011092FFE630
C 392
R
P 0000011092FFE630
$ |x|
P 0000011093060DF0
C 54
= 0000011093061690
R
P 0000011092FFE630
C 392
R
P 0000011092FFE630
P 0000011093061690
C 298
R
P 0000011092FFE630
C 392
R
P 0000011092FFE630
P 0000011093061690
C 295
= 0000011093060DF0
R
P 0000011092FFE630
C 392
R
P 0000011092FFE630
P 0000011093060DF0
C 249
R
P 0000011092FFE630
C 392
R
P 0000011092FFE630
P 0000011093061690
C 301
R
P 0000011092FFE630
C 392
R
P 0000011092FFE630
P 0000011093061690
C 300
R
P 0000011092FFE630
C 392
R
P 0000011092FFE630
P 0000011093061690
C 299
R
P 0000011092FFE630
C 392
R
P 0000011092FFE630
P 0000011093061690
C 9
R
P 0000011092FFE630
C 392
R
P 0000011092FFE630
C 473
= 00000110963135F0
R
P 0000011092FFE630
C 392
R
P 0000011092FFE630
P 00000110963135F0
C 482
R
P 0000011092FFE630
C 392
R
P 0000011092FFE630
P 0000011093061690
P 0000011096427F50
C 81
= 0000011096147880
R
P 0000011092FFE630
C 392
R
P 0000011092FFE630
P 0000011096147880
C 299
R
P 0000011092FFE630
C 392
R
P 0000011092FFE630
P 0000011096147880
C 9
R
P 0000011092FFE630
C 392
R
P 0000011092FFE630
P 00000110963135F0
P 0000011096147880
C 489
R
P 0000011092FFE630
C 392
R
P 0000011092FFE630
P 00000110963135F0
C 485
R
P 0000011092FFE630
C 392
R
P 0000011092FFE630
P 0000011093061690
P 0000011093062970
C 79
= 00000110961479D0
R
P 0000011092FFE630
C 392
R
P 0000011092FFE630
P 00000110961479D0
C 299
R
P 0000011092FFE630
C 392
R
P 0000011092FFE630
P 00000110961479D0
C 9
R
P 0000011092FFE630
C 392
R
P 0000011092FFE630
P 00000110963135F0
P 00000110961479D0
C 489
R
P 0000011092FFE630
C 392
R
P 0000011092FFE630
P 00000110963135F0
C 513
R
P 0000011092FFE630
C 392
R
P 0000011092FFE630
P 00000110963135F0
U 1
C 486
R
P 0000011092FFE630
C 392
R
P 0000011092FFE630
P 00000110963135F0
C 513
R
P 0000011092FFE630
C 392
R
P 0000011092FFE630
S "y"
C 32
R
P 0000011092FFE630
C 392
R
P 0000011092FFE630
$ |y|
C 242
R
P 0000011092FFE630
C 392
R
P 0000011092FFE630
$ |y|
P 0000011093060DF0
C 54
= 00000110930616B0
R
P 0000011092FFE630
C 392
R
P 0000011092FFE630
P 00000110930616B0
C 298
R
P 0000011092FFE630
C 392
R
P 0000011092FFE630
P 00000110930616B0
C 295
= 0000011093060DF0
R
P 0000011092FFE630
C 392
R
P 0000011092FFE630
P 0000011093060DF0
C 249
R
P 0000011092FFE630
C 392
R
P 0000011092FFE630
P 00000110930616B0
C 301
R
P 0000011092FFE630
C 392
R
P 0000011092FFE630
P 00000110930616B0
C 300
R
P 0000011092FFE630
C 392
R
P 0000011092FFE630
P 00000110930616B0
C 299
R
P 0000011092FFE630
C 392
R
P 0000011092FFE630
P 00000110930616B0
C 9
R
P 0000011092FFE630
C 392
R
P 0000011092FFE630
P 00000110930616B0
P 0000011093061690
C 80
= 000001109589D808
R
P 0000011092FFE630
C 392
R
P 0000011092FFE630
P 000001109589D808
C 299
R
P 0000011092FFE630
C 392
R
P 0000011092FFE630
P 000001109589D808
C 9
R
P 0000011092FFE630
C 392
R
P 0000011092FFE630
P 00000110963135F0
P 000001109589D808
C 489
R
P 0000011092FFE630
C 392
R
P 0000011092FFE630
P 00000110963135F0
C 513
R
P 0000011092FFE630
C 392
M "ArrayExample1"
R
P 0000011092FFE630
I 1
I 0
I 0
C 401
= 00000110971FFEB0
R
P 0000011092FFE630
C 392
R
P 0000011092FFE630
P 00000110971FFEB0
C 402
R
P 0000011092FFE630
C 392
R
P 0000011092FFE630
U 32
C 37
= 0000011093061230
R
P 0000011092FFE630
C 392
R
P 0000011092FFE630
P 0000011093061230
C 298
R
P 0000011092FFE630
C 392
R
P 0000011092FFE630
P 0000011093061230
C 9
R
P 0000011092FFE630
C 392
R
P 0000011092FFE630
P 0000011093060DF0
P 0000011093061230
C 39
= 000001109642DFD0
R
P 0000011092FFE630
C 392
R
P 0000011092FFE630
P 000001109642DFD0
C 298
R
P 0000011092FFE630
C 392
R
P 0000011092FFE630
P 000001109642DFD0
C 9
R
P 0000011092FFE630
C 392
R
P 0000011092FFE630
S "MyArray"
C 32
R
P 0000011092FFE630
C 392
R
P 0000011092FFE630
$ |MyArray|
C 242
R
P 0000011092FFE630
C 392
R
P 0000011092FFE630
$ |MyArray|
P 000001109642DFD0
C 54
= 0000011096427F30
R
P 0000011092FFE630
C 392
R
P 0000011092FFE630
P 0000011096427F30
C 298
R
P 0000011092FFE630
C 392
R
P 0000011092FFE630
P 0000011096427F30
C 295
= 000001109642DFD0
R
P 0000011092FFE630
C 392
R
P 0000011092FFE630
P 000001109642DFD0
C 249
R
P 0000011092FFE630
C 392
R
P 0000011092FFE630
P 0000011096427F30
C 301
R
P 0000011092FFE630
C 392
R
P 0000011092FFE630
P 0000011096427F30
C 300
R
P 0000011092FFE630
C 392
R
P 0000011092FFE630
P 0000011096427F30
C 299
R
P 0000011092FFE630
C 392
R
P 0000011092FFE630
P 0000011096427F30
C 9
R
P 0000011092FFE630
C 392
R
P 0000011092FFE630
I 0
P 0000011093060DF0
C 159
= 00000110930616F0
R
P 0000011092FFE630
C 392
R
P 0000011092FFE630
P 00000110930616F0
C 299
R
P 0000011092FFE630
C 392
R
P 0000011092FFE630
P 00000110930616F0
C 9
R
P 0000011092FFE630
C 392
R
P 0000011092FFE630
P 0000011096427F30
P 00000110930616F0
C 135
= 0000011096147998
R
P 0000011092FFE630
C 392
R
P 0000011092FFE630
P 0000011096147998
C 298
R
P 0000011092FFE630
C 392
R
P 0000011092FFE630
P 0000011096147998
C 295
= 0000011093061230
R
P 0000011092FFE630
C 392
R
P 0000011092FFE630
P 0000011093061230
C 249
R
P 0000011092FFE630
C 392
R
P 0000011092FFE630
P 0000011096147998
C 301
R
P 0000011092FFE630
C 392
R
P 0000011092FFE630
P 0000011096147998
C 300
R
P 0000011092FFE630
C 392
R
P 0000011092FFE630
P 0000011096147998
C 299
R
P 0000011092FFE630
C 392
R
P 0000011092FFE630
P 0000011096147998
C 9
R
P 0000011092FFE630
C 392
R
P 0000011092FFE630
U 32
C 37
= 0000011093061230
R
P 0000011092FFE630
C 392
R
P 0000011092FFE630
P 0000011093061230
C 298
R
P 0000011092FFE630
C 392
R
P 0000011092FFE630
P 0000011093061230
C 9
R
P 0000011092FFE630
C 392
R
P 0000011092FFE630
I 42
P 0000011093061230
C 159
= 0000011096427F10
R
P 0000011092FFE630
C 392
R
P 0000011092FFE630
P 0000011096427F10
C 298
R
P 0000011092FFE630
C 392
R
P 0000011092FFE630
P 0000011096427F10
C 295
= 0000011093061230
R
P 0000011092FFE630
C 392
R
P 0000011092FFE630
P 0000011093061230
C 249
R
P 0000011092FFE630
C 392
R
P 0000011092FFE630
P 0000011096427F10
C 301
R
P 0000011092FFE630
C 392
R
P 0000011092FFE630
P 0000011096427F10
C 300
R
P 0000011092FFE630
C 392
R
P 0000011092FFE630
P 0000011096427F10
C 299
R
P 0000011092FFE630
C 392
R
P 0000011092FFE630
P 0000011096427F10
C 9
R
P 0000011092FFE630
C 392
R
P 0000011092FFE630
P 0000011096147998
P 0000011096427F10
C 61
= 00000110961497B0
R
P 0000011092FFE630
C 392
R
P 0000011092FFE630
P 00000110961497B0
C 299
R
P 0000011092FFE630
C 392
R
P 0000011092FFE630
P 00000110961497B0
C 9
R
P 0000011092FFE630
C 392
R
P 0000011092FFE630
P 00000110971FFEB0
P 00000110961497B0
C 405
R
P 0000011092FFE630
C 392
R
P 0000011092FFE630
S "x"
C 32
R
P 0000011092FFE630
C 392
R
P 0000011092FFE630
$ |x|
C 242
R
P 0000011092FFE630
C 392
R
P 0000011092FFE630
$ |x|
P 0000011093060DF0
C 54
= 0000011093061690
R
P 0000011092FFE630
C 392
R
P 0000011092FFE630
P 0000011093061690
C 298
R
P 0000011092FFE630
C 392
R
P 0000011092FFE630
P 0000011093061690
C 295
= 0000011093060DF0
R
P 0000011092FFE630
C 392
R
P 0000011092FFE630
P 0000011093060DF0
C 249
R
P 0000011092FFE630
C 392
R
P 0000011092FFE630
P 0000011093061690
C 301
R
P 0000011092FFE630
C 392
R
P 0000011092FFE630
P 0000011093061690
C 300
R
P 0000011092FFE630
C 392
R
P 0000011092FFE630
P 0000011093061690
C 299
R
P 0000011092FFE630
C 392
R
P 0000011092FFE630
P 0000011093061690
C 9
R
P 0000011092FFE630
C 392
R
P 0000011092FFE630
S "f"
C 32
R
P 0000011092FFE630
C 392
R
P 0000011092FFE630
$ |f|
C 242
R
P 0000011092FFE630
C 392
R
P 0000011092FFE630
$ |f|
U 1
P 0000011093060DF0
p 1
P 0000011093060DF0
C 52
= 0000011096147F48
R
P 0000011092FFE630
C 392
R
P 0000011092FFE630
P 0000011096147F48
C 298
R
P 0000011092FFE630
C 392
R
P 0000011092FFE630
P 0000011096147F48
C 9
R
P 0000011092FFE630
C 392
R
P 0000011092FFE630
$ |x|
P 0000011093060DF0
C 54
= 0000011093061690
R
P 0000011092FFE630
C 392
R
P 0000011092FFE630
P 0000011093061690
C 298
R
P 0000011092FFE630
C 392
R
P 0000011092FFE630
P 0000011093061690
C 295
= 0000011093060DF0
R
P 0000011092FFE630
C 392
R
P 0000011092FFE630
P 0000011093060DF0
C 249
R
P 0000011092FFE630
C 392
R
P 0000011092FFE630
P 0000011093061690
C 301
R
P 0000011092FFE630
C 392
R
P 0000011092FFE630
P 0000011093061690
C 300
R
P 0000011092FFE630
C 392
R
P 0000011092FFE630
P 0000011093061690
C 299
R
P 0000011092FFE630
C 392
R
P 0000011092FFE630
P 0000011093061690
C 9
R
P 0000011092FFE630
C 392
R
P 0000011092FFE630
P 0000011096147F48
U 1
P 0000011093061690
p 1
C 53
= 0000011096157180
R
P 0000011092FFE630
C 392
R
P 0000011092FFE630
P 0000011096157180
C 298
R
P 0000011092FFE630
C 392
R
P 0000011092FFE630
P 0000011096157180
C 295
= 0000011093060DF0
R
P 0000011092FFE630
C 392
R
P 0000011092FFE630
P 0000011093060DF0
C 249
R
P 0000011092FFE630
C 392
R
P 0000011092FFE630
P 0000011096157180
C 301
R
P 0000011092FFE630
C 392
R
P 0000011092FFE630
P 0000011096157180
C 300
R
P 0000011092FFE630
C 392
R
P 0000011092FFE630
P 0000011096157180
C 299
R
P 0000011092FFE630
C 392
R
P 0000011092FFE630
P 0000011096157180
C 9
R
P 0000011092FFE630
C 392
R
P 0000011092FFE630
U 2
P 0000011093061690
P 0000011096157180
p 2
C 70
= 0000011096149778
R
P 0000011092FFE630
C 392
R
P 0000011092FFE630
P 0000011096149778
C 298
R
P 0000011092FFE630
C 392
R
P 0000011092FFE630
P 0000011096149778
C 295
= 0000011093060DF0
R
P 0000011092FFE630
C 392
R
P 0000011092FFE630
P 0000011093060DF0
C 249
R
P 0000011092FFE630
C 392
R
P 0000011092FFE630
P 0000011096149778
C 301
R
P 0000011092FFE630
C 392
R
P 0000011092FFE630
P 0000011096149778
C 300
R
P 0000011092FFE630
C 392
R
P 0000011092FFE630
P 0000011096149778
C 299
R
P 0000011092FFE630
C 392
R
P 0000011092FFE630
P 0000011096149778
C 9
R
P 0000011092FFE630
C 392
R
P 0000011092FFE630
I 123
P 0000011093060DF0
C 159
= 0000011096427EF0
R
P 0000011092FFE630
C 392
R
P 0000011092FFE630
P 0000011096427EF0
C 299
R
P 0000011092FFE630
C 392
R
P 0000011092FFE630
P 0000011096427EF0
C 9
R
P 0000011092FFE630
C 392
R
P 0000011092FFE630
P 0000011096149778
P 0000011096427EF0
C 61
= 0000011096147960
R
P 0000011092FFE630
C 392
R
P 0000011092FFE630
P 0000011096147960
C 299
R
P 0000011092FFE630
C 392
R
P 0000011092FFE630
P 0000011096147960
C 9
R
P 0000011092FFE630
C 392
R
P 0000011092FFE630
P 00000110971FFEB0
P 0000011096147960
C 405
R
P 0000011092FFE630
C 392
R
P 0000011092FFE630
C 473
= 0000011096313B70
R
P 0000011092FFE630
C 392
R
P 0000011092FFE630
P 0000011096313B70
C 482
R
P 0000011092FFE630
C 392
R
P 0000011092FFE630
P 00000110971FFEB0
C 409
R
P 0000011092FFE630
C 392
R
P 0000011092FFE630
P 00000110971FFEB0
U 0
C 410
= 00000110961497B0
R
P 0000011092FFE630
C 392
R
P 0000011092FFE630
P 00000110961497B0
C 298
R
P 0000011092FFE630
C 392
R
P 0000011092FFE630
P 00000110961497B0
C 295
= 0000011093060D30
R
P 0000011092FFE630
C 392
R
P 0000011092FFE630
P 0000011093060D30
C 249
R
P 0000011092FFE630
C 392
R
P 0000011092FFE630
P 00000110961497B0
C 301
R
P 0000011092FFE630
C 392
R
P 0000011092FFE630
P 00000110961497B0
C 300
R
P 0000011092FFE630
C 392
R
P 0000011092FFE630
P 00000110961497B0
C 299
R
P 0000011092FFE630
C 392
R
P 0000011092FFE630
P 00000110961497B0
C 9
R
P 0000011092FFE630
C 392
R
P 0000011092FFE630
P 00000110971FFEB0
U 1
C 410
= 0000011096147960
R
P 0000011092FFE630
C 392
R
P 0000011092FFE630
P 0000011096147960
C 298
R
P 0000011092FFE630
C 392
R
P 0000011092FFE630
P 0000011096147960
C 295
= 0000011093060D30
R
P 0000011092FFE630
C 392
R
P 0000011092FFE630
P 0000011093060D30
C 249
R
P 0000011092FFE630
C 392
R
P 0000011092FFE630
P 0000011096147960
C 301
R
P 0000011092FFE630
C 392
R
P 0000011092FFE630
P 0000011096147960
C 300
R
P 0000011092FFE630
C 392
R
P 0000011092FFE630
P 0000011096147960
C 299
R
P 0000011092FFE630
C 392
R
P 0000011092FFE630
P 0000011096147960
C 9
R
P 0000011092FFE630
C 392
R
P 0000011092FFE630
P 0000011096313B70
P 00000110961497B0
C 489
R
P 0000011092FFE630
C 392
R
P 0000011092FFE630
P 0000011096313B70
P 0000011096147960
C 489
R
P 0000011092FFE630
C 392
R
P 0000011092FFE630
P 0000011096313B70
C 523
R
P 0000011092FFE630
C 392
R
P 0000011092FFE630
P 0000011096313B70
C 513
R
P 0000011092FFE630
C 392
R
P 0000011092FFE630
P 0000011096313B70
C 518
= 000001109740A8B0
R
P 0000011092FFE630
C 392
R
P 0000011092FFE630
P 000001109740A8B0
C 344
R
P 0000011092FFE630
C 392
R
P 0000011092FFE630
P 000001109740A8B0
C 381
R
P 0000011092FFE630
C 392
R
P 0000011092FFE630
P 0000011096313B70
C 518
= 000001109740A970
R
P 0000011092FFE630
C 392
R
P 0000011092FFE630
P 000001109740A970
C 344
R
P 0000011092FFE630
C 392
R
P 0000011092FFE630
P 0000011096427F30
C 289
= 0000011096156C40
R
P 0000011092FFE630
C 392
R
P 0000011092FFE630
P 0000011096156C40
C 298
R
P 0000011092FFE630
C 392
R
P 0000011092FFE630
P 0000011096156C40
C 9
R
P 0000011092FFE630
C 392
R
P 0000011092FFE630
P 0000011096156C40
C 278
= 000001109642DFD0
R
P 0000011092FFE630
C 392
R
P 0000011092FFE630
P 000001109642DFD0
C 249
R
P 0000011092FFE630
C 392
R
P 0000011092FFE630
P 0000011096156C40
C 276
R
P 0000011092FFE630
C 392
R
P 0000011092FFE630
P 000001109740A970
P 0000011096156C40
C 347
= 0000011096156A90
R
P 0000011092FFE630
C 392
R
P 0000011092FFE630
P 0000011096156A90
C 358
R
P 0000011092FFE630
C 392
R
P 0000011092FFE630
P 0000011096313B70
C 518
= 000001109740AF40
R
P 0000011092FFE630
C 392
R
P 0000011092FFE630
P 000001109740AF40
C 344
R
P 0000011092FFE630
C 392
R
P 0000011092FFE630
P 0000011093061690
C 289
= 0000011093072F10
R
P 0000011092FFE630
C 392
R
P 0000011092FFE630
P 0000011093072F10
C 298
R
P 0000011092FFE630
C 392
R
P 0000011092FFE630
P 0000011093072F10
C 9
R
P 0000011092FFE630
C 392
R
P 0000011092FFE630
P 0000011093072F10
C 276
R
P 0000011092FFE630
C 392
R
P 0000011092FFE630
P 000001109740AF40
P 0000011093072F10
C 347
= 00000110930616F0
R
P 0000011092FFE630
C 392
R
P 0000011092FFE630
P 00000110930616F0
C 298
R
P 0000011092FFE630
C 392
R
P 0000011092FFE630
P 00000110930616F0
C 295
= 0000011093060DF0
R
P 0000011092FFE630
C 392
R
P 0000011092FFE630
P 0000011093060DF0
C 249
R
P 0000011092FFE630
C 392
R
P 0000011092FFE630
P 00000110930616F0
C 301
R
P 0000011092FFE630
C 392
R
P 0000011092FFE630
P 00000110930616F0
C 300
R
P 0000011092FFE630
C 392
R
P 0000011092FFE630
P 00000110930616F0
C 299
R
P 0000011092FFE630
C 392
R
P 0000011092FFE630
P 00000110930616F0
C 9
R
P 0000011092FFE630
C 392
R
P 0000011092FFE630
P 00000110930616F0
C 304
R
P 0000011092FFE630
C 392
R
P 0000011092FFE630
P 0000011096313B70
C 518
= 000001109740B030
R
P 0000011092FFE630
C 392
R
P 0000011092FFE630
P 000001109740B030
C 344
R
P 0000011092FFE630
C 392
R
P 0000011092FFE630
P 0000011096147F48
C 278
= 0000011093060DF0
R
P 0000011092FFE630
C 392
R
P 0000011092FFE630
P 0000011093060DF0
C 249
R
P 0000011092FFE630
C 392
R
P 0000011092FFE630
P 0000011096147F48
C 276
R
P 0000011092FFE630
C 392
R
P 0000011092FFE630
P 000001109740B030
P 0000011096147F48
C 349
= 000001109740ADF0
R
P 0000011092FFE630
C 392
R
P 0000011092FFE630
P 000001109740ADF0
C 362
R
P 0000011092FFE630
C 392
R
P 0000011092FFE630
P 000001109740ADF0
C 364
R
P 0000011092FFE630
C 392
R
P 0000011092FFE630
P 000001109740ADF0
C 366
= 0000011096427EF0
R
P 0000011092FFE630
C 392
R
P 0000011092FFE630
P 0000011096427EF0
C 298
R
P 0000011092FFE630
C 392
R
P 0000011092FFE630
P 0000011096427EF0
C 295
= 0000011093060DF0
R
P 0000011092FFE630
C 392
R
P 0000011092FFE630
P 0000011093060DF0
C 249
R
P 0000011092FFE630
C 392
R
P 0000011092FFE630
P 0000011096427EF0
C 301
R
P 0000011092FFE630
C 392
R
P 0000011092FFE630
P 0000011096427EF0
C 300
R
P 0000011092FFE630
C 392
R
P 0000011092FFE630
P 0000011096427EF0
C 299
R
P 0000011092FFE630
C 392
R
P 0000011092FFE630
P 0000011096427EF0
C 9
R
P 0000011092FFE630
C 392
R
P 0000011092FFE630
P 0000011096427EF0
C 304
R
P 0000011092FFE630
C 392
R
P 0000011092FFE630
P 0000011096313B70
C 518
= 000001109740AE20
R
P 0000011092FFE630
C 392
R
P 0000011092FFE630
P 000001109740AE20
C 344
R
P 0000011092FFE630
C 392
R
P 0000011092FFE630
P 0000011096427F30
C 289
= 0000011096156C40
R
P 0000011092FFE630
C 392
R
P 0000011092FFE630
P 0000011096156C40
C 298
R
P 0000011092FFE630
C 392
R
P 0000011092FFE630
P 0000011096156C40
C 9
R
P 0000011092FFE630
C 392
R
P 0000011092FFE630
P 0000011096156C40
C 278
= 000001109642DFD0
R
P 0000011092FFE630
C 392
R
P 0000011092FFE630
P 000001109642DFD0
C 249
R
P 0000011092FFE630
C 392
R
P 0000011092FFE630
P 0000011096156C40
C 276
R
P 0000011092FFE630
C 392
R
P 0000011092FFE630
P 000001109740AE20
P 0000011096156C40
C 347
= 0000011096156A90
R
P 0000011092FFE630
C 392
R
P 0000011092FFE630
P 0000011096156A90
C 358
R
P 0000011092FFE630
C 392
M "ArrayExample2"
R
P 0000011092FFE630
C 34
= 0000011093060D30
R
P 0000011092FFE630
C 392
R
P 0000011092FFE630
P 0000011093060D30
C 298
R
P 0000011092FFE630
C 392
R
P 0000011092FFE630
P 0000011093060D30
C 9
R
P 0000011092FFE630
C 392
R
P 0000011092FFE630
P 0000011093060D30
P 0000011093060D30
C 39
= 0000011096427E90
R
P 0000011092FFE630
C 392
R
P 0000011092FFE630
P 0000011096427E90
C 298
R
P 0000011092FFE630
C 392
R
P 0000011092FFE630
P 0000011096427E90
C 9
R
P 0000011092FFE630
C 392
R
P 0000011092FFE630
S "array_0"
C 32
R
P 0000011092FFE630
C 392
R
P 0000011092FFE630
$ |array_0|
C 242
R
P 0000011092FFE630
C 392
R
P 0000011092FFE630
$ |array_0|
P 0000011096427E90
C 54
= 0000011096427E70
R
P 0000011092FFE630
C 392
R
P 0000011092FFE630
P 0000011096427E70
C 298
R
P 0000011092FFE630
C 392
R
P 0000011092FFE630
P 0000011096427E70
C 295
= 0000011096427E90
R
P 0000011092FFE630
C 392
R
P 0000011092FFE630
P 0000011096427E90
C 249
R
P 0000011092FFE630
C 392
R
P 0000011092FFE630
P 0000011096427E70
C 301
R
P 0000011092FFE630
C 392
R
P 0000011092FFE630
P 0000011096427E70
C 300
R
P 0000011092FFE630
C 392
R
P 0000011092FFE630
P 0000011096427E70
C 299
R
P 0000011092FFE630
C 392
R
P 0000011092FFE630
P 0000011096427E70
C 9
R
P 0000011092FFE630
C 392
R
P 0000011092FFE630
S "array_1"
C 32
R
P 0000011092FFE630
C 392
R
P 0000011092FFE630
$ |array_1|
C 242
R
P 0000011092FFE630
C 392
R
P 0000011092FFE630
$ |array_1|
P 0000011096427E90
C 54
= 0000011096427E50
R
P 0000011092FFE630
C 392
R
P 0000011092FFE630
P 0000011096427E50
C 298
R
P 0000011092FFE630
C 392
R
P 0000011092FFE630
P 0000011096427E50
C 295
= 0000011096427E90
R
P 0000011092FFE630
C 392
R
P 0000011092FFE630
P 0000011096427E90
C 249
R
P 0000011092FFE630
C 392
R
P 0000011092FFE630
P 0000011096427E50
C 301
R
P 0000011092FFE630
C 392
R
P 0000011092FFE630
P 0000011096427E50
C 300
R
P 0000011092FFE630
C 392
R
P 0000011092FFE630
P 0000011096427E50
C 299
R
P 0000011092FFE630
C 392
R
P 0000011092FFE630
P 0000011096427E50
C 9
R
P 0000011092FFE630
C 392
R
P 0000011092FFE630
U 2
P 0000011096427E70
P 0000011096427E50
p 2
C 62
= 0000011096147928
R
P 0000011092FFE630
C 392
R
P 0000011092FFE630
P 0000011096147928
C 299
R
P 0000011092FFE630
C 392
R
P 0000011092FFE630
P 0000011096147928
C 9
R
P 0000011092FFE630
C 392
R
P 0000011092FFE630
P 0000011096147928
C 377
R
P 0000011092FFE630
C 392
R
P 0000011092FFE630
C 473
= 0000011096314BF0
R
P 0000011092FFE630
C 392
R
P 0000011092FFE630
P 0000011096314BF0
C 482
R
P 0000011092FFE630
C 392
R
P 0000011092FFE630
P 0000011096314BF0
P 0000011096147928
C 489
R
P 0000011092FFE630
C 392
R
P 0000011092FFE630
P 0000011096314BF0
C 513
R
P 0000011092FFE630
C 392
R
P 0000011092FFE630
P 0000011096314BF0
C 518
= 00000110974481D0
R
P 0000011092FFE630
C 392
R
P 0000011092FFE630
P 00000110974481D0
C 344
R
P 0000011092FFE630
C 392
R
P 0000011092FFE630
P 0000011096427E70
C 377
R
P 0000011092FFE630
C 392
R
P 0000011092FFE630
P 00000110974481D0
P 0000011096427E70
I 0
P 0000000000000000
C 346
* 0000011093075BD0 4
R
P 0000011092FFE630
C 392
R
P 0000011092FFE630
P 0000011093075BD0
C 298
R
P 0000011092FFE630
C 392
R
P 0000011092FFE630
P 0000011093075BD0
C 295
= 0000011096427E90
R
P 0000011092FFE630
C 392
R
P 0000011092FFE630
P 0000011096427E90
C 249
R
P 0000011092FFE630
C 392
R
P 0000011092FFE630
P 0000011093075BD0
C 301
R
P 0000011092FFE630
C 392
R
P 0000011092FFE630
P 0000011093075BD0
C 300
R
P 0000011092FFE630
C 392
R
P 0000011092FFE630
P 0000011093075BD0
C 299
R
P 0000011092FFE630
C 392
R
P 0000011092FFE630
P 0000011093075BD0
C 9
R
P 0000011092FFE630
C 392
R
P 0000011092FFE630
P 0000011093075BD0
C 377
R
P 0000011092FFE630
C 392
R
P 0000011092FFE630
P 0000011096427E50
C 377
R
P 0000011092FFE630
C 392
R
P 0000011092FFE630
P 00000110974481D0
P 0000011096427E50
I 0
P 0000000000000000
C 346
* 0000011096156970 4
R
P 0000011092FFE630
C 392
R
P 0000011092FFE630
P 0000011096156970
C 298
R
P 0000011092FFE630
C 392
R
P 0000011092FFE630
P 0000011096156970
C 295
= 0000011096427E90
R
P 0000011092FFE630
C 392
R
P 0000011092FFE630
P 0000011096427E90
C 249
R
P 0000011092FFE630
C 392
R
P 0000011092FFE630
P 0000011096156970
C 301
R
P 0000011092FFE630
C 392
R
P 0000011092FFE630
P 0000011096156970
C 300
R
P 0000011092FFE630
C 392
R
P 0000011092FFE630
P 0000011096156970
C 299
R
P 0000011092FFE630
C 392
R
P 0000011092FFE630
P 0000011096156970
C 9
R
P 0000011092FFE630
C 392
R
P 0000011092FFE630
P 0000011096156970
C 377
R
P 0000011092FFE630
C 392
R
P 0000011092FFE630
C 34
= 0000011093060D30
R
P 0000011092FFE630
C 392
R
P 0000011092FFE630
P 0000011093060D30
C 298
R
P 0000011092FFE630
C 392
R
P 0000011092FFE630
P 0000011093060D30
C 9
R
P 0000011092FFE630
C 392
R
P 0000011092FFE630
P 0000011093060D30
P 0000011093060D30
C 39
= 0000011096427E90
R
P 0000011092FFE630
C 392
R
P 0000011092FFE630
P 0000011096427E90
C 298
R
P 0000011092FFE630
C 392
R
P 0000011092FFE630
P 0000011096427E90
C 9
R
P 0000011092FFE630
C 392
R
P 0000011092FFE630
S "array_0"
C 32
R
P 0000011092FFE630
C 392
R
P 0000011092FFE630
$ |array_0|
C 242
R
P 0000011092FFE630
C 392
R
P 0000011092FFE630
$ |array_0|
P 0000011096427E90
C 54
= 0000011096427E70
R
P 0000011092FFE630
C 392
R
P 0000011092FFE630
P 0000011096427E70
C 298
R
P 0000011092FFE630
C 392
R
P 0000011092FFE630
P 0000011096427E70
C 295
= 0000011096427E90
R
P 0000011092FFE630
C 392
R
P 0000011092FFE630
P 0000011096427E90
C 249
R
P 0000011092FFE630
C 392
R
P 0000011092FFE630
P 0000011096427E70
C 301
R
P 0000011092FFE630
C 392
R
P 0000011092FFE630
P 0000011096427E70
C 300
R
P 0000011092FFE630
C 392
R
P 0000011092FFE630
P 0000011096427E70
C 299
R
P 0000011092FFE630
C 392
R
P 0000011092FFE630
P 0000011096427E70
C 9
R
P 0000011092FFE630
C 392
R
P 0000011092FFE630
S "array_1"
C 32
R
P 0000011092FFE630
C 392
R
P 0000011092FFE630
$ |array_1|
C 242
R
P 0000011092FFE630
C 392
R
P 0000011092FFE630
$ |array_1|
P 0000011096427E90
C 54
= 0000011096427E50
R
P 0000011092FFE630
C 392
R
P 0000011092FFE630
P 0000011096427E50
C 298
R
P 0000011092FFE630
C 392
R
P 0000011092FFE630
P 0000011096427E50
C 295
= 0000011096427E90
R
P 0000011092FFE630
C 392
R
P 0000011092FFE630
P 0000011096427E90
C 249
R
P 0000011092FFE630
C 392
R
P 0000011092FFE630
P 0000011096427E50
C 301
R
P 0000011092FFE630
C 392
R
P 0000011092FFE630
P 0000011096427E50
C 300
R
P 0000011092FFE630
C 392
R
P 0000011092FFE630
P 0000011096427E50
C 299
R
P 0000011092FFE630
C 392
R
P 0000011092FFE630
P 0000011096427E50
C 9
R
P 0000011092FFE630
C 392
R
P 0000011092FFE630
S "array_2"
C 32
R
P 0000011092FFE630
C 392
R
P 0000011092FFE630
$ |array_2|
C 242
R
P 0000011092FFE630
C 392
R
P 0000011092FFE630
$ |array_2|
P 0000011096427E90
C 54
= 0000011096427DF0
R
P 0000011092FFE630
C 392
R
P 0000011092FFE630
P 0000011096427DF0
C 298
R
P 0000011092FFE630
C 392
R
P 0000011092FFE630
P 0000011096427DF0
C 295
= 0000011096427E90
R
P 0000011092FFE630
C 392
R
P 0000011092FFE630
P 0000011096427E90
C 249
R
P 0000011092FFE630
C 392
R
P 0000011092FFE630
P 0000011096427DF0
C 301
R
P 0000011092FFE630
C 392
R
P 0000011092FFE630
P 0000011096427DF0
C 300
R
P 0000011092FFE630
C 392
R
P 0000011092FFE630
P 0000011096427DF0
C 299
R
P 0000011092FFE630
C 392
R
P 0000011092FFE630
P 0000011096427DF0
C 9
R
P 0000011092FFE630
C 392
R
P 0000011092FFE630
U 3
P 0000011096427E70
P 0000011096427E50
P 0000011096427DF0
p 3
C 62
= 0000011093075C10
R
P 0000011092FFE630
C 392
R
P 0000011092FFE630
P 0000011093075C10
C 299
R
P 0000011092FFE630
C 392
R
P 0000011092FFE630
P 0000011093075C10
C 9
R
P 0000011092FFE630
C 392
R
P 0000011092FFE630
P 0000011093075C10
C 377
R
P 0000011092FFE630
C 392
R
P 0000011092FFE630
C 473
= 000001109678C400
R
P 0000011092FFE630
C 392
R
P 0000011092FFE630
P 000001109678C400
C 482
R
P 0000011092FFE630
C 392
R
P 0000011092FFE630
P 000001109678C400
P 0000011093075C10
C 489
R
P 0000011092FFE630
C 392
R
P 0000011092FFE630
P 000001109678C400
C 513
R
P 0000011092FFE630
C 392
R
P 0000011092FFE630
P 000001109678C400
C 518
= 0000011097F8E8F0
R
P 0000011092FFE630
C 392
R
P 0000011092FFE630
P 0000011097F8E8F0
C 344
R
P 0000011092FFE630
C 392
R
P 0000011092FFE630
P 0000011096427E70
C 377
R
P 0000011092FFE630
C 392
R
P 0000011092FFE630
P 0000011097F8E8F0
P 0000011096427E70
I 0
P 0000000000000000
C 346
* 00000110958994E0 4
R
P 0000011092FFE630
C 392
R
P 0000011092FFE630
P 00000110958994E0
C 298
R
P 0000011092FFE630
C 392
R
P 0000011092FFE630
P 00000110958994E0
C 295
= 0000011096427E90
R
P 0000011092FFE630
C 392
R
P 0000011092FFE630
P 0000011096427E90
C 249
R
P 0000011092FFE630
C 392
R
P 0000011092FFE630
P 00000110958994E0
C 301
R
P 0000011092FFE630
C 392
R
P 0000011092FFE630
P 00000110958994E0
C 300
R
P 0000011092FFE630
C 392
R
P 0000011092FFE630
P 00000110958994E0
C 299
R
P 0000011092FFE630
C 392
R
P 0000011092FFE630
P 00000110958994E0
C 9
R
P 0000011092FFE630
C 392
R
P 0000011092FFE630
P 00000110958994E0
C 377
R
P 0000011092FFE630
C 392
R
P 0000011092FFE630
P 0000011096427E50
C 377
R
P 0000011092FFE630
C 392
R
P 0000011092FFE630
P 0000011097F8E8F0
P 0000011096427E50
I 0
P 0000000000000000
C 346
* 0000011093075C50 4
R
P 0000011092FFE630
C 392
R
P 0000011092FFE630
P 0000011093075C50
C 298
R
P 0000011092FFE630
C 392
R
P 0000011092FFE630
P 0000011093075C50
C 295
= 0000011096427E90
R
P 0000011092FFE630
C 392
R
P 0000011092FFE630
P 0000011096427E90
C 249
R
P 0000011092FFE630
C 392
R
P 0000011092FFE630
P 0000011093075C50
C 301
R
P 0000011092FFE630
C 392
R
P 0000011092FFE630
P 0000011093075C50
C 300
R
P 0000011092FFE630
C 392
R
P 0000011092FFE630
P 0000011093075C50
C 299
R
P 0000011092FFE630
C 392
R
P 0000011092FFE630
P 0000011093075C50
C 9
R
P 0000011092FFE630
C 392
R
P 0000011092FFE630
P 0000011093075C50
C 377
R
P 0000011092FFE630
C 392
R
P 0000011092FFE630
P 0000011096427DF0
C 377
R
P 0000011092FFE630
C 392
R
P 0000011092FFE630
P 0000011097F8E8F0
P 0000011096427DF0
I 0
P 0000000000000000
C 346
* 0000011096156970 4
R
P 0000011092FFE630
C 392
R
P 0000011092FFE630
P 0000011096156970
C 298
R
P 0000011092FFE630
C 392
R
P 0000011092FFE630
P 0000011096156970
C 295
= 0000011096427E90
R
P 0000011092FFE630
C 392
R
P 0000011092FFE630
P 0000011096427E90
C 249
R
P 0000011092FFE630
C 392
R
P 0000011092FFE630
P 0000011096156970
C 301
R
P 0000011092FFE630
C 392
R
P 0000011092FFE630
P 0000011096156970
C 300
R
P 0000011092FFE630
C 392
R
P 0000011092FFE630
P 0000011096156970
C 299
R
P 0000011092FFE630
C 392
R
P 0000011092FFE630
P 0000011096156970
C 9
R
P 0000011092FFE630
C 392
R
P 0000011092FFE630
P 0000011096156970
C 377
R
P 0000011092FFE630
C 392
R
P 0000011092FFE630
C 34
= 0000011093060D30
R
P 0000011092FFE630
C 392
R
P 0000011092FFE630
P 0000011093060D30
C 298
R
P 0000011092FFE630
C 392
R
P 0000011092FFE630
P 0000011093060D30
C 9
R
P 0000011092FFE630
C 392
R
P 0000011092FFE630
P 0000011093060D30
P 0000011093060D30
C 39
= 0000011096427E90
R
P 0000011092FFE630
C 392
R
P 0000011092FFE630
P 0000011096427E90
C 298
R
P 0000011092FFE630
C 392
R
P 0000011092FFE630
P 0000011096427E90
C 9
R
P 0000011092FFE630
C 392
R
P 0000011092FFE630
S "array_0"
C 32
R
P 0000011092FFE630
C 392
R
P 0000011092FFE630
$ |array_0|
C 242
R
P 0000011092FFE630
C 392
R
P 0000011092FFE630
$ |array_0|
P 0000011096427E90
C 54
= 0000011096427E70
R
P 0000011092FFE630
C 392
R
P 0000011092FFE630
P 0000011096427E70
C 298
R
P 0000011092FFE630
C 392
R
P 0000011092FFE630
P 0000011096427E70
C 295
= 0000011096427E90
R
P 0000011092FFE630
C 392
R
P 0000011092FFE630
P 0000011096427E90
C 249
R
P 0000011092FFE630
C 392
R
P 0000011092FFE630
P 0000011096427E70
C 301
R
P 0000011092FFE630
C 392
R
P 0000011092FFE630
P 0000011096427E70
C 300
R
P 0000011092FFE630
C 392
R
P 0000011092FFE630
P 0000011096427E70
C 299
R
P 0000011092FFE630
C 392
R
P 0000011092FFE630
P 0000011096427E70
C 9
R
P 0000011092FFE630
C 392
R
P 0000011092FFE630
S "array_1"
C 32
R
P 0000011092FFE630
C 392
R
P 0000011092FFE630
$ |array_1|
C 242
R
P 0000011092FFE630
C 392
R
P 0000011092FFE630
$ |array_1|
P 0000011096427E90
C 54
= 0000011096427E50
R
P 0000011092FFE630
C 392
R
P 0000011092FFE630
P 0000011096427E50
C 298
R
P 0000011092FFE630
C 392
R
P 0000011092FFE630
P 0000011096427E50
C 295
= 0000011096427E90
R
P 0000011092FFE630
C 392
R
P 0000011092FFE630
P 0000011096427E90
C 249
R
P 0000011092FFE630
C 392
R
P 0000011092FFE630
P 0000011096427E50
C 301
R
P 0000011092FFE630
C 392
R
P 0000011092FFE630
P 0000011096427E50
C 300
R
P 0000011092FFE630
C 392
R
P 0000011092FFE630
P 0000011096427E50
C 299
R
P 0000011092FFE630
C 392
R
P 0000011092FFE630
P 0000011096427E50
C 9
R
P 0000011092FFE630
C 392
R
P 0000011092FFE630
S "array_2"
C 32
R
P 0000011092FFE630
C 392
R
P 0000011092FFE630
$ |array_2|
C 242
R
P 0000011092FFE630
C 392
R
P 0000011092FFE630
$ |array_2|
P 0000011096427E90
C 54
= 0000011096427DF0
R
P 0000011092FFE630
C 392
R
P 0000011092FFE630
P 0000011096427DF0
C 298
R
P 0000011092FFE630
C 392
R
P 0000011092FFE630
P 0000011096427DF0
C 295
= 0000011096427E90
R
P 0000011092FFE630
C 392
R
P 0000011092FFE630
P 0000011096427E90
C 249
R
P 0000011092FFE630
C 392
R
P 0000011092FFE630
P 0000011096427DF0
C 301
R
P 0000011092FFE630
C 392
R
P 0000011092FFE630
P 0000011096427DF0
C 300
R
P 0000011092FFE630
C 392
R
P 0000011092FFE630
P 0000011096427DF0
C 299
R
P 0000011092FFE630
C 392
R
P 0000011092FFE630
P 0000011096427DF0
C 9
R
P 0000011092FFE630
C 392
R
P 0000011092FFE630
S "array_3"
C 32
R
P 0000011092FFE630
C 392
R
P 0000011092FFE630
$ |array_3|
C 242
R
P 0000011092FFE630
C 392
R
P 0000011092FFE630
$ |array_3|
P 0000011096427E90
C 54
= 0000011096427D70
R
P 0000011092FFE630
C 392
R
P 0000011092FFE630
P 0000011096427D70
C 298
R
P 0000011092FFE630
C 392
R
P 0000011092FFE630
P 0000011096427D70
C 295
= 0000011096427E90
R
P 0000011092FFE630
C 392
R
P 0000011092FFE630
P 0000011096427E90
C 249
R
P 0000011092FFE630
C 392
R
P 0000011092FFE630
P 0000011096427D70
C 301
R
P 0000011092FFE630
C 392
R
P 0000011092FFE630
P 0000011096427D70
C 300
R
P 0000011092FFE630
C 392
R
P 0000011092FFE630
P 0000011096427D70
C 299
R
P 0000011092FFE630
C 392
R
P 0000011092FFE630
P 0000011096427D70
C 9
R
P 0000011092FFE630
C 392
R
P 0000011092FFE630
U 4
P 0000011096427E70
P 0000011096427E50
P 0000011096427DF0
P 0000011096427D70
p 4
C 62
= 0000011093077020
R
P 0000011092FFE630
C 392
R
P 0000011092FFE630
P 0000011093077020
C 299
R
P 0000011092FFE630
C 392
R
P 0000011092FFE630
P 0000011093077020
C 9
R
P 0000011092FFE630
C 392
R
P 0000011092FFE630
P 0000011093077020
C 377
R
P 0000011092FFE630
C 392
R
P 0000011092FFE630
C 473
= 000001109678BDD0
R
P 0000011092FFE630
C 392
R
P 0000011092FFE630
P 000001109678BDD0
C 482
R
P 0000011092FFE630
C 392
R
P 0000011092FFE630
P 000001109678BDD0
P 0000011093077020
C 489
R
P 0000011092FFE630
C 392
R
P 0000011092FFE630
P 000001109678BDD0
C 513
R
P 0000011092FFE630
C 392
R
P 0000011092FFE630
P 000001109678BDD0
C 518
= 00000110982F3F10
R
P 0000011092FFE630
C 392
R
P 0000011092FFE630
P 00000110982F3F10
C 344
R
P 0000011092FFE630
C 392
R
P 0000011092FFE630
P 0000011096427E70
C 377
R
P 0000011092FFE630
C 392
R
P 0000011092FFE630
P 00000110982F3F10
P 0000011096427E70
I 0
P 0000000000000000
C 346
* 0000011093075C50 4
R
P 0000011092FFE630
C 392
R
P 0000011092FFE630
P 0000011093075C50
C 298
R
P 0000011092FFE630
C 392
R
P 0000011092FFE630
P 0000011093075C50
C 295
= 0000011096427E90
R
P 0000011092FFE630
C 392
R
P 0000011092FFE630
P 0000011096427E90
C 249
R
P 0000011092FFE630
C 392
R
P 0000011092FFE630
P 0000011093075C50
C 301
R
P 0000011092FFE630
C 392
R
P 0000011092FFE630
P 0000011093075C50
C 300
R
P 0000011092FFE630
C 392
R
P 0000011092FFE630
P 0000011093075C50
C 299
R
P 0000011092FFE630
C 392
R
P 0000011092FFE630
P 0000011093075C50
C 9
R
P 0000011092FFE630
C 392
R
P 0000011092FFE630
P 0000011093075C50
C 377
R
P 0000011092FFE630
C 392
R
P 0000011092FFE630
P 0000011096427E50
C 377
R
P 0000011092FFE630
C 392
R
P 0000011092FFE630
P 00000110982F3F10
P 0000011096427E50
I 0
P 0000000000000000
C 346
* 00000110960181F0 4
R
P 0000011092FFE630
C 392
R
P 0000011092FFE630
P 00000110960181F0
C 298
R
P 0000011092FFE630
C 392
R
P 0000011092FFE630
P 00000110960181F0
C 298
R
P 0000011092FFE630
C 392
R
P 0000011092FFE630
P 00000110960181F0
C 299
R
P 0000011092FFE630
C 392
R
P 0000011092FFE630
P 00000110960181F0
C 298
R
P 0000011092FFE630
C 392
R
P 0000011092FFE630
P 00000110960181F0
C 298
R
P 0000011092FFE630
C 392
R
P 0000011092FFE630
P 00000110960181F0
C 9
R
P 0000011092FFE630
C 392
R
P 0000011092FFE630
P 00000110960181F0
C 377
R
P 0000011092FFE630
C 392
R
P 0000011092FFE630
P 0000011096427DF0
C 377
R
P 0000011092FFE630
C 392
R
P 0000011092FFE630
P 00000110982F3F10
P 0000011096427DF0
I 0
P 0000000000000000
C 346
* 00000110958994E0 4
R
P 0000011092FFE630
C 392
R
P 0000011092FFE630
P 00000110958994E0
C 298
R
P 0000011092FFE630
C 392
R
P 0000011092FFE630
P 00000110958994E0
C 295
= 0000011096427E90
R
P 0000011092FFE630
C 392
R
P 0000011092FFE630
P 0000011096427E90
C 249
R
P 0000011092FFE630
C 392
R
P 0000011092FFE630
P 00000110958994E0
C 301
R
P 0000011092FFE630
C 392
R
P 0000011092FFE630
P 00000110958994E0
C 300
R
P 0000011092FFE630
C 392
R
P 0000011092FFE630
P 00000110958994E0
C 299
R
P 0000011092FFE630
C 392
R
P 0000011092FFE630
P 00000110958994E0
C 9
R
P 0000011092FFE630
C 392
R
P 0000011092FFE630
P 00000110958994E0
C 377
R
P 0000011092FFE630
C 392
R
P 0000011092FFE630
P 0000011096427D70
C 377
R
P 0000011092FFE630
C 392
R
P 0000011092FFE630
P 00000110982F3F10
P 0000011096427D70
I 0
P 0000000000000000
C 346
* 0000011096156970 4
R
P 0000011092FFE630
C 392
R
P 0000011092FFE630
P 0000011096156970
C 298
R
P 0000011092FFE630
C 392
R
P 0000011092FFE630
P 0000011096156970
C 295
= 0000011096427E90
R
P 0000011092FFE630
C 392
R
P 0000011092FFE630
P 0000011096427E90
C 249
R
P 0000011092FFE630
C 392
R
P 0000011092FFE630
P 0000011096156970
C 301
R
P 0000011092FFE630
C 392
R
P 0000011092FFE630
P 0000011096156970
C 300
R
P 0000011092FFE630
C 392
R
P 0000011092FFE630
P 0000011096156970
C 299
R
P 0000011092FFE630
C 392
R
P 0000011092FFE630
P 0000011096156970
C 9
R
P 0000011092FFE630
C 392
R
P 0000011092FFE630
P 0000011096156970
C 377
R
P 0000011092FFE630
C 392
R
P 0000011092FFE630
C 34
= 0000011093060D30
R
P 0000011092FFE630
C 392
R
P 0000011092FFE630
P 0000011093060D30
C 298
R
P 0000011092FFE630
C 392
R
P 0000011092FFE630
P 0000011093060D30
C 9
R
P 0000011092FFE630
C 392
R
P 0000011092FFE630
P 0000011093060D30
P 0000011093060D30
C 39
= 0000011096427E90
R
P 0000011092FFE630
C 392
R
P 0000011092FFE630
P 0000011096427E90
C 298
R
P 0000011092FFE630
C 392
R
P 0000011092FFE630
P 0000011096427E90
C 9
R
P 0000011092FFE630
C 392
R
P 0000011092FFE630
S "array_0"
C 32
R
P 0000011092FFE630
C 392
R
P 0000011092FFE630
$ |array_0|
C 242
R
P 0000011092FFE630
C 392
R
P 0000011092FFE630
$ |array_0|
P 0000011096427E90
C 54
= 0000011096427E70
R
P 0000011092FFE630
C 392
R
P 0000011092FFE630
P 0000011096427E70
C 298
R
P 0000011092FFE630
C 392
R
P 0000011092FFE630
P 0000011096427E70
C 295
= 0000011096427E90
R
P 0000011092FFE630
C 392
R
P 0000011092FFE630
P 0000011096427E90
C 249
R
P 0000011092FFE630
C 392
R
P 0000011092FFE630
P 0000011096427E70
C 301
R
P 0000011092FFE630
C 392
R
P 0000011092FFE630
P 0000011096427E70
C 300
R
P 0000011092FFE630
C 392
R
P 0000011092FFE630
P 0000011096427E70
C 299
R
P 0000011092FFE630
C 392
R
P 0000011092FFE630
P 0000011096427E70
C 9
R
P 0000011092FFE630
C 392
R
P 0000011092FFE630
S "array_1"
C 32
R
P 0000011092FFE630
C 392
R
P 0000011092FFE630
$ |array_1|
C 242
R
P 0000011092FFE630
C 392
R
P 0000011092FFE630
$ |array_1|
P 0000011096427E90
C 54
= 0000011096427E50
R
P 0000011092FFE630
C 392
R
P 0000011092FFE630
P 0000011096427E50
C 298
R
P 0000011092FFE630
C 392
R
P 0000011092FFE630
P 0000011096427E50
C 295
= 0000011096427E90
R
P 0000011092FFE630
C 392
R
P 0000011092FFE630
P 0000011096427E90
C 249
R
P 0000011092FFE630
C 392
R
P 0000011092FFE630
P 0000011096427E50
C 301
R
P 0000011092FFE630
C 392
R
P 0000011092FFE630
P 0000011096427E50
C 300
R
P 0000011092FFE630
C 392
R
P 0000011092FFE630
P 0000011096427E50
C 299
R
P 0000011092FFE630
C 392
R
P 0000011092FFE630
P 0000011096427E50
C 9
R
P 0000011092FFE630
C 392
R
P 0000011092FFE630
S "array_2"
C 32
R
P 0000011092FFE630
C 392
R
P 0000011092FFE630
$ |array_2|
C 242
R
P 0000011092FFE630
C 392
R
P 0000011092FFE630
$ |array_2|
P 0000011096427E90
C 54
= 0000011096427DF0
R
P 0000011092FFE630
C 392
R
P 0000011092FFE630
P 0000011096427DF0
C 298
R
P 0000011092FFE630
C 392
R
P 0000011092FFE630
P 0000011096427DF0
C 295
= 0000011096427E90
R
P 0000011092FFE630
C 392
R
P 0000011092FFE630
P 0000011096427E90
C 249
R
P 0000011092FFE630
C 392
R
P 0000011092FFE630
P 0000011096427DF0
C 301
R
P 0000011092FFE630
C 392
R
P 0000011092FFE630
P 0000011096427DF0
C 300
R
P 0000011092FFE630
C 392
R
P 0000011092FFE630
P 0000011096427DF0
C 299
R
P 0000011092FFE630
C 392
R
P 0000011092FFE630
P 0000011096427DF0
C 9
R
P 0000011092FFE630
C 392
R
P 0000011092FFE630
S "array_3"
C 32
R
P 0000011092FFE630
C 392
R
P 0000011092FFE630
$ |array_3|
C 242
R
P 0000011092FFE630
C 392
R
P 0000011092FFE630
$ |array_3|
P 0000011096427E90
C 54
= 0000011096427D70
R
P 0000011092FFE630
C 392
R
P 0000011092FFE630
P 0000011096427D70
C 298
R
P 0000011092FFE630
C 392
R
P 0000011092FFE630
P 0000011096427D70
C 295
= 0000011096427E90
R
P 0000011092FFE630
C 392
R
P 0000011092FFE630
P 0000011096427E90
C 249
R
P 0000011092FFE630
C 392
R
P 0000011092FFE630
P 0000011096427D70
C 301
R
P 0000011092FFE630
C 392
R
P 0000011092FFE630
P 0000011096427D70
C 300
R
P 0000011092FFE630
C 392
R
P 0000011092FFE630
P 0000011096427D70
C 299
R
P 0000011092FFE630
C 392
R
P 0000011092FFE630
P 0000011096427D70
C 9
R
P 0000011092FFE630
C 392
R
P 0000011092FFE630
S "array_4"
C 32
R
P 0000011092FFE630
C 392
R
P 0000011092FFE630
$ |array_4|
C 242
R
P 0000011092FFE630
C 392
R
P 0000011092FFE630
$ |array_4|
P 0000011096427E90
C 54
= 0000011096427A10
R
P 0000011092FFE630
C 392
R
P 0000011092FFE630
P 0000011096427A10
C 298
R
P 0000011092FFE630
C 392
R
P 0000011092FFE630
P 0000011096427A10
C 295
= 0000011096427E90
R
P 0000011092FFE630
C 392
R
P 0000011092FFE630
P 0000011096427E90
C 249
R
P 0000011092FFE630
C 392
R
P 0000011092FFE630
P 0000011096427A10
C 301
R
P 0000011092FFE630
C 392
R
P 0000011092FFE630
P 0000011096427A10
C 300
R
P 0000011092FFE630
C 392
R
P 0000011092FFE630
P 0000011096427A10
C 299
R
P 0000011092FFE630
C 392
R
P 0000011092FFE630
P 0000011096427A10
C 9
R
P 0000011092FFE630
C 392
R
P 0000011092FFE630
U 5
P 0000011096427E70
P 0000011096427E50
P 0000011096427DF0
P 0000011096427D70
P 0000011096427A10
p 5
C 62
= 00000110960081B0
R
P 0000011092FFE630
C 392
R
P 0000011092FFE630
P 00000110960081B0
C 299
R
P 0000011092FFE630
C 392
R
P 0000011092FFE630
P 00000110960081B0
C 9
R
P 0000011092FFE630
C 392
R
P 0000011092FFE630
P 00000110960081B0
C 377
R
P 0000011092FFE630
C 392
R
P 0000011092FFE630
C 473
= 000001109678CF00
R
P 0000011092FFE630
C 392
R
P 0000011092FFE630
P 000001109678CF00
C 482
R
P 0000011092FFE630
C 392
R
P 0000011092FFE630
P 000001109678CF00
P 00000110960081B0
C 489
R
P 0000011092FFE630
C 392
R
P 0000011092FFE630
P 000001109678CF00
C 513
R
P 0000011092FFE630
C 392
M "BitvectorExample1"
R
P 0000011092FFE630
U 32
C 37
= 0000011093061230
R
P 0000011092FFE630
C 392
R
P 0000011092FFE630
P 0000011093061230
C 298
R
P 0000011092FFE630
C 392
R
P 0000011092FFE630
P 0000011093061230
C 9
R
P 0000011092FFE630
C 392
R
P 0000011092FFE630
S "x"
C 32
R
P 0000011092FFE630
C 392
R
P 0000011092FFE630
$ |x|
C 242
R
P 0000011092FFE630
C 392
R
P 0000011092FFE630
$ |x|
P 0000011093061230
C 54
= 000001109642E0B0
R
P 0000011092FFE630
C 392
R
P 0000011092FFE630
P 000001109642E0B0
C 298
R
P 0000011092FFE630
C 392
R
P 0000011092FFE630
P 000001109642E0B0
C 295
= 0000011093061230
R
P 0000011092FFE630
C 392
R
P 0000011092FFE630
P 0000011093061230
C 249
R
P 0000011092FFE630
C 392
R
P 0000011092FFE630
P 000001109642E0B0
C 301
R
P 0000011092FFE630
C 392
R
P 0000011092FFE630
P 000001109642E0B0
C 300
R
P 0000011092FFE630
C 392
R
P 0000011092FFE630
P 000001109642E0B0
C 299
R
P 0000011092FFE630
C 392
R
P 0000011092FFE630
P 000001109642E0B0
C 9
R
P 0000011092FFE630
C 392
R
P 0000011092FFE630
S "0"
P 0000011093061230
C 156
= 000001109642E070
R
P 0000011092FFE630
C 392
R
P 0000011092FFE630
P 000001109642E070
C 298
R
P 0000011092FFE630
C 392
R
P 0000011092FFE630
P 000001109642E070
C 295
= 0000011093061230
R
P 0000011092FFE630
C 392
R
P 0000011092FFE630
P 0000011093061230
C 249
R
P 0000011092FFE630
C 392
R
P 0000011092FFE630
P 000001109642E070
C 301
R
P 0000011092FFE630
C 392
R
P 0000011092FFE630
P 000001109642E070
C 300
R
P 0000011092FFE630
C 392
R
P 0000011092FFE630
P 000001109642E070
C 299
R
P 0000011092FFE630
C 392
R
P 0000011092FFE630
P 000001109642E070
C 9
R
P 0000011092FFE630
C 392
R
P 0000011092FFE630
U 32
C 37
= 0000011093061230
R
P 0000011092FFE630
C 392
R
P 0000011092FFE630
P 0000011093061230
C 298
R
P 0000011092FFE630
C 392
R
P 0000011092FFE630
P 0000011093061230
C 9
R
P 0000011092FFE630
C 392
R
P 0000011092FFE630
I 10
P 0000011093061230
C 159
= 0000011096427B50
R
P 0000011092FFE630
C 392
R
P 0000011092FFE630
P 0000011096427B50
C 298
R
P 0000011092FFE630
C 392
R
P 0000011092FFE630
P 0000011096427B50
C 295
= 0000011093061230
R
P 0000011092FFE630
C 392
R
P 0000011092FFE630
P 0000011093061230
C 249
R
P 0000011092FFE630
C 392
R
P 0000011092FFE630
P 0000011096427B50
C 301
R
P 0000011092FFE630
C 392
R
P 0000011092FFE630
P 0000011096427B50
C 300
R
P 0000011092FFE630
C 392
R
P 0000011092FFE630
P 0000011096427B50
C 299
R
P 0000011092FFE630
C 392
R
P 0000011092FFE630
P 0000011096427B50
C 9
R
P 0000011092FFE630
C 392
R
P 0000011092FFE630
P 000001109642E0B0
P 0000011096427B50
C 97
= 0000011096147730
R
P 0000011092FFE630
C 392
R
P 0000011092FFE630
P 0000011096147730
C 299
R
P 0000011092FFE630
C 392
R
P 0000011092FFE630
P 0000011096147730
C 9
R
P 0000011092FFE630
C 392
R
P 0000011092FFE630
P 000001109642E0B0
P 0000011096427B50
C 107
= 0000011096147768
R
P 0000011092FFE630
C 392
R
P 0000011092FFE630
P 0000011096147768
C 299
R
P 0000011092FFE630
C 392
R
P 0000011092FFE630
P 0000011096147768
C 9
R
P 0000011092FFE630
C 392
R
P 0000011092FFE630
P 0000011096147730
P 000001109642E070
C 107
= 00000110961527B0
R
P 0000011092FFE630
C 392
R
P 0000011092FFE630
P 00000110961527B0
C 299
R
P 0000011092FFE630
C 392
R
P 0000011092FFE630
P 00000110961527B0
C 9
R
P 0000011092FFE630
C 392
R
P 0000011092FFE630
P 0000011096147768
P 00000110961527B0
C 65
= 000001109614D0E8
R
P 0000011092FFE630
C 392
R
P 0000011092FFE630
P 000001109614D0E8
C 299
R
P 0000011092FFE630
C 392
R
P 0000011092FFE630
P 000001109614D0E8
C 9
R
P 0000011092FFE630
C 392
R
P 0000011092FFE630
P 000001109614D0E8
C 377
R
P 0000011092FFE630
C 392
R
P 0000011092FFE630
C 473
= 00000110982A97E0
R
P 0000011092FFE630
C 392
R
P 0000011092FFE630
P 00000110982A97E0
C 482
R
P 0000011092FFE630
C 392
R
P 0000011092FFE630
C 15
= 000001109871D990
R
P 0000011092FFE630
C 392
R
P 0000011092FFE630
P 000001109871D990
C 16
R
P 0000011092FFE630
C 392
R
P 0000011092FFE630
S "mbqi"
C 32
R
P 0000011092FFE630
C 392
R
P 0000011092FFE630
$ |mbqi|
C 242
R
P 0000011092FFE630
C 392
R
P 0000011092FFE630
P 000001109871D990
$ |mbqi|
I 0
C 18
R
P 0000011092FFE630
C 392
R
P 0000011092FFE630
P 00000110982A97E0
P 000001109871D990
C 481
R
P 0000011092FFE630
C 392
R
P 0000011092FFE630
P 000001109614D0E8
C 63
= 0000011096156700
R
P 0000011092FFE630
C 392
R
P 0000011092FFE630
P 0000011096156700
C 299
R
P 0000011092FFE630
C 392
R
P 0000011092FFE630
P 0000011096156700
C 9
R
P 0000011092FFE630
C 392
R
P 0000011092FFE630
P 00000110982A97E0
P 0000011096156700
C 489
R
P 0000011092FFE630
C 392
R
P 0000011092FFE630
P 00000110982A97E0
C 513
R
P 0000011092FFE630
C 392
R
P 0000011092FFE630
P 00000110982A97E0
C 518
= 0000011098BD3CB0
R
P 0000011092FFE630
C 392
R
P 0000011092FFE630
P 0000011098BD3CB0
C 344
R
P 0000011092FFE630
C 392
R
P 0000011092FFE630
P 0000011098BD3CB0
C 381
R
P 0000011092FFE630
C 392
M "BitvectorExample2"
R
P 0000011092FFE630
U 32
C 37
= 0000011093061230
R
P 0000011092FFE630
C 392
R
P 0000011092FFE630
P 0000011093061230
C 298
R
P 0000011092FFE630
C 392
R
P 0000011092FFE630
P 0000011093061230
C 9
R
P 0000011092FFE630
C 392
R
P 0000011092FFE630
U 32
C 37
= 0000011093061230
R
P 0000011092FFE630
C 392
R
P 0000011092FFE630
P 0000011093061230
C 298
R
P 0000011092FFE630
C 392
R
P 0000011092FFE630
P 0000011093061230
C 9
R
P 0000011092FFE630
C 392
R
P 0000011092FFE630
S "x"
C 32
R
P 0000011092FFE630
C 392
R
P 0000011092FFE630
$ |x|
C 242
R
P 0000011092FFE630
C 392
R
P 0000011092FFE630
$ |x|
P 0000011093061230
C 54
= 000001109642E0B0
R
P 0000011092FFE630
C 392
R
P 0000011092FFE630
P 000001109642E0B0
C 298
R
P 0000011092FFE630
C 392
R
P 0000011092FFE630
P 000001109642E0B0
C 295
= 0000011093061230
R
P 0000011092FFE630
C 392
R
P 0000011092FFE630
P 0000011093061230
C 249
R
P 0000011092FFE630
C 392
R
P 0000011092FFE630
P 000001109642E0B0
C 301
R
P 0000011092FFE630
C 392
R
P 0000011092FFE630
P 000001109642E0B0
C 300
R
P 0000011092FFE630
C 392
R
P 0000011092FFE630
P 000001109642E0B0
C 299
R
P 0000011092FFE630
C 392
R
P 0000011092FFE630
P 000001109642E0B0
C 9
R
P 0000011092FFE630
C 392
R
P 0000011092FFE630
U 32
C 37
= 0000011093061230
R
P 0000011092FFE630
C 392
R
P 0000011092FFE630
P 0000011093061230
C 298
R
P 0000011092FFE630
C 392
R
P 0000011092FFE630
P 0000011093061230
C 9
R
P 0000011092FFE630
C 392
R
P 0000011092FFE630
S "y"
C 32
R
P 0000011092FFE630
C 392
R
P 0000011092FFE630
$ |y|
C 242
R
P 0000011092FFE630
C 392
R
P 0000011092FFE630
$ |y|
P 0000011093061230
C 54
= 000001109642E090
R
P 0000011092FFE630
C 392
R
P 0000011092FFE630
P 000001109642E090
C 298
R
P 0000011092FFE630
C 392
R
P 0000011092FFE630
P 000001109642E090
C 295
= 0000011093061230
R
P 0000011092FFE630
C 392
R
P 0000011092FFE630
P 0000011093061230
C 249
R
P 0000011092FFE630
C 392
R
P 0000011092FFE630
P 000001109642E090
C 301
R
P 0000011092FFE630
C 392
R
P 0000011092FFE630
P 000001109642E090
C 300
R
P 0000011092FFE630
C 392
R
P 0000011092FFE630
P 000001109642E090
C 299
R
P 0000011092FFE630
C 392
R
P 0000011092FFE630
P 000001109642E090
C 9
R
P 0000011092FFE630
C 392
R
P 0000011092FFE630
P 000001109642E0B0
P 000001109642E090
C 91
= 000001109614C240
R
P 0000011092FFE630
C 392
R
P 0000011092FFE630
P 000001109614C240
C 299
R
P 0000011092FFE630
C 392
R
P 0000011092FFE630
P 000001109614C240
C 9
R
P 0000011092FFE630
C 392
R
P 0000011092FFE630
S "103"
P 0000011093061230
C 156
= 0000011096427B70
R
P 0000011092FFE630
C 392
R
P 0000011092FFE630
P 0000011096427B70
C 298
R
P 0000011092FFE630
C 392
R
P 0000011092FFE630
P 0000011096427B70
C 295
= 0000011093061230
R
P 0000011092FFE630
C 392
R
P 0000011092FFE630
P 0000011093061230
C 249
R
P 0000011092FFE630
C 392
R
P 0000011092FFE630
P 0000011096427B70
C 301
R
P 0000011092FFE630
C 392
R
P 0000011092FFE630
P 0000011096427B70
C 300
R
P 0000011092FFE630
C 392
R
P 0000011092FFE630
P 0000011096427B70
C 299
R
P 0000011092FFE630
C 392
R
P 0000011092FFE630
P 0000011096427B70
C 9
R
P 0000011092FFE630
C 392
R
P 0000011092FFE630
P 000001109614C240
P 0000011096427B70
C 97
= 000001109614C1D0
R
P 0000011092FFE630
C 392
R
P 0000011092FFE630
P 000001109614C1D0
C 299
R
P 0000011092FFE630
C 392
R
P 0000011092FFE630
P 000001109614C1D0
C 9
R
P 0000011092FFE630
C 392
R
P 0000011092FFE630
P 000001109642E0B0
P 000001109642E090
C 98
= 000001109589E528
R
P 0000011092FFE630
C 392
R
P 0000011092FFE630
P 000001109589E528
C 299
R
P 0000011092FFE630
C 392
R
P 0000011092FFE630
P 000001109589E528
C 9
R
P 0000011092FFE630
C 392
R
P 0000011092FFE630
P 000001109614C1D0
P 000001109589E528
C 61
= 00000110961477A0
R
P 0000011092FFE630
C 392
R
P 0000011092FFE630
P 00000110961477A0
C 299
R
P 0000011092FFE630
C 392
R
P 0000011092FFE630
P 00000110961477A0
C 9
R
P 0000011092FFE630
C 392
R
P 0000011092FFE630
C 473
= 00000110982A9AA0
R
P 0000011092FFE630
C 392
R
P 0000011092FFE630
P 00000110982A9AA0
C 482
R
P 0000011092FFE630
C 392
R
P 0000011092FFE630
P 00000110982A9AA0
P 00000110961477A0
C 489
R
P 0000011092FFE630
C 392
R
P 0000011092FFE630
P 00000110982A9AA0
C 513
R
P 0000011092FFE630
C 392
R
P 0000011092FFE630
P 00000110982A9AA0
C 518
= 000001109A03DDC0
R
P 0000011092FFE630
C 392
R
P 0000011092FFE630
P 000001109A03DDC0
C 344
R
P 0000011092FFE630
C 392
R
P 0000011092FFE630
P 000001109A03DDC0
C 381
R
P 0000011092FFE630
C 392
M "ParserExample1"
R
P 0000011092FFE630
S "\040declare-const x Int\041 \040declare-const y Int\041 \040assert \040and \040> x y\041 \040> x 0\041\041\041"
U 0
s 0
p 0
U 0
s 0
p 0
C 383
= 000001109A03EEA0
R
P 0000011092FFE630
C 392
R
P 0000011092FFE630
P 000001109A03EEA0
C 536
R
P 0000011092FFE630
C 392
R
P 0000011092FFE630
P 000001109A03EEA0
C 538
R
P 0000011092FFE630
C 392
R
P 0000011092FFE630
P 000001109A03EEA0
U 0
C 539
= 0000011099580718
R
P 0000011092FFE630
C 392
R
P 0000011092FFE630
P 0000011099580718
C 9
R
P 0000011092FFE630
C 392
R
P 0000011092FFE630
P 0000011099580718
C 298
R
P 0000011092FFE630
C 392
R
P 0000011092FFE630
P 0000011099580718
C 295
= 0000011093060D30
R
P 0000011092FFE630
C 392
R
P 0000011092FFE630
P 0000011093060D30
C 249
R
P 0000011092FFE630
C 392
R
P 0000011092FFE630
P 0000011099580718
C 301
R
P 0000011092FFE630
C 392
R
P 0000011092FFE630
P 0000011099580718
C 300
R
P 0000011092FFE630
C 392
R
P 0000011092FFE630
P 0000011099580718
C 299
R
P 0000011092FFE630
C 392
R
P 0000011092FFE630
P 0000011099580718
C 9
R
P 0000011092FFE630
C 392
R
P 0000011092FFE630
P 0000011099580718
C 377
R
P 0000011092FFE630
C 392
R
P 0000011092FFE630
C 473
= 00000110982AA9C0
R
P 0000011092FFE630
C 392
R
P 0000011092FFE630
P 00000110982AA9C0
C 482
R
P 0000011092FFE630
C 392
R
P 0000011092FFE630
P 00000110982AA9C0
P 0000011099580718
C 489
R
P 0000011092FFE630
C 392
R
P 0000011092FFE630
P 00000110982AA9C0
C 513
R
P 0000011092FFE630
C 392
R
P 0000011092FFE630
P 00000110982AA9C0
C 518
= 00000110992AAC30
R
P 0000011092FFE630
C 392
R
P 0000011092FFE630
P 00000110992AAC30
C 344
R
P 0000011092FFE630
C 392
M "ParserExample2"
R
P 0000011092FFE630
S "a"
C 32
R
P 0000011092FFE630
C 392
R
P 0000011092FFE630
$ |a|
C 242
R
P 0000011092FFE630
C 392
R
P 0000011092FFE630
S "b"
C 32
R
P 0000011092FFE630
C 392
R
P 0000011092FFE630
$ |b|
C 242
R
P 0000011092FFE630
C 392
R
P 0000011092FFE630
C 35
= 0000011093060DF0
R
P 0000011092FFE630
C 392
R
P 0000011092FFE630
P 0000011093060DF0
C 298
R
P 0000011092FFE630
C 392
R
P 0000011092FFE630
P 0000011093060DF0
C 9
R
P 0000011092FFE630
C 392
R
P 0000011092FFE630
$ |a|
U 0
p 0
P 0000011093060DF0
C 52
= 00000110961561F0
R
P 0000011092FFE630
C 392
R
P 0000011092FFE630
P 00000110961561F0
C 298
R
P 0000011092FFE630
C 392
R
P 0000011092FFE630
P 00000110961561F0
C 9
R
P 0000011092FFE630
C 392
R
P 0000011092FFE630
C 35
= 0000011093060DF0
R
P 0000011092FFE630
C 392
R
P 0000011092FFE630
P 0000011093060DF0
C 298
R
P 0000011092FFE630
C 392
R
P 0000011092FFE630
P 0000011093060DF0
C 9
R
P 0000011092FFE630
C 392
R
P 0000011092FFE630
$ |b|
U 0
p 0
P 0000011093060DF0
C 52
= 00000110961562B0
R
P 0000011092FFE630
C 392
R
P 0000011092FFE630
P 00000110961562B0
C 298
R
P 0000011092FFE630
C 392
R
P 0000011092FFE630
P 00000110961562B0
C 9
R
P 0000011092FFE630
C 392
R
P 0000011092FFE630
S "\040assert \040> a b\041\041"
U 0
s 0
p 0
U 2
$ |a|
$ |b|
s 2
P 00000110961561F0
P 00000110961562B0
p 2
C 383
= 00000110992AE6B0
R
P 0000011092FFE630
C 392
R
P 0000011092FFE630
P 00000110992AE6B0
C 536
R
P 0000011092FFE630
C 392
R
P 0000011092FFE630
P 00000110992AE6B0
C 538
R
P 0000011092FFE630
C 392
R
P 0000011092FFE630
P 00000110992AE6B0
U 0
C 539
= 0000011099582BC0
R
P 0000011092FFE630
C 392
R
P 0000011092FFE630
P 0000011099582BC0
C 9
R
P 0000011092FFE630
C 392
R
P 0000011092FFE630
P 0000011099582BC0
C 298
R
P 0000011092FFE630
C 392
R
P 0000011092FFE630
P 0000011099582BC0
C 295
= 0000011093060D30
R
P 0000011092FFE630
C 392
R
P 0000011092FFE630
P 0000011093060D30
C 249
R
P 0000011092FFE630
C 392
R
P 0000011092FFE630
P 0000011099582BC0
C 301
R
P 0000011092FFE630
C 392
R
P 0000011092FFE630
P 0000011099582BC0
C 300
R
P 0000011092FFE630
C 392
R
P 0000011092FFE630
P 0000011099582BC0
C 299
R
P 0000011092FFE630
C 392
R
P 0000011092FFE630
P 0000011099582BC0
C 9
R
P 0000011092FFE630
C 392
R
P 0000011092FFE630
P 0000011099582BC0
C 377
R
P 0000011092FFE630
C 392
R
P 0000011092FFE630
C 473
= 0000011099639B60
R
P 0000011092FFE630
C 392
R
P 0000011092FFE630
P 0000011099639B60
C 482
R
P 0000011092FFE630
C 392
R
P 0000011092FFE630
P 0000011099639B60
P 0000011099582BC0
C 489
R
P 0000011092FFE630
C 392
R
P 0000011092FFE630
P 0000011099639B60
C 513
R
P 0000011092FFE630
C 392
R
P 0000011092FFE630
P 0000011099639B60
C 518
= 00000110996A95A0
R
P 0000011092FFE630
C 392
R
P 0000011092FFE630
P 00000110996A95A0
C 344
R
P 0000011092FFE630
C 392
R
P 0000011092FFE630
S "\040declare-const x Int \040declare-const y Int\041\041 \040assert \040> x y\041\041"
U 0
s 0
p 0
U 0
s 0
p 0
C 383
= 00000110996AA1A0
R
P 0000011092FFE630
C 392
R
P 0000011092FFE630
U 4
C 394
M "ITEExample"
R
P 0000011092FFE630
C 60
= 0000011093060DB0
R
P 0000011092FFE630
C 392
R
P 0000011092FFE630
P 0000011093060DB0
C 299
R
P 0000011092FFE630
C 392
R
P 0000011092FFE630
P 0000011093060DB0
C 9
R
P 0000011092FFE630
C 392
R
P 0000011092FFE630
I 1
P 0000011093060DF0
C 159
= 0000011093061950
R
P 0000011092FFE630
C 392
R
P 0000011092FFE630
P 0000011093061950
C 299
R
P 0000011092FFE630
C 392
R
P 0000011092FFE630
P 0000011093061950
C 9
R
P 0000011092FFE630
C 392
R
P 0000011092FFE630
I 0
P 0000011093060DF0
C 159
= 00000110930616F0
R
P 0000011092FFE630
C 392
R
P 0000011092FFE630
P 00000110930616F0
C 299
R
P 0000011092FFE630
C 392
R
P 0000011092FFE630
P 00000110930616F0
C 9
R
P 0000011092FFE630
C 392
R
P 0000011092FFE630
P 0000011093060DB0
P 0000011093061950
P 00000110930616F0
C 64
= 0000011099515040
R
P 0000011092FFE630
C 392
R
P 0000011092FFE630
P 0000011099515040
C 298
R
P 0000011092FFE630
C 392
R
P 0000011092FFE630
P 0000011099515040
C 295
= 0000011093060DF0
R
P 0000011092FFE630
C 392
R
P 0000011092FFE630
P 0000011093060DF0
C 249
R
P 0000011092FFE630
C 392
R
P 0000011092FFE630
P 0000011099515040
C 301
R
P 0000011092FFE630
C 392
R
P 0000011092FFE630
P 0000011099515040
C 300
R
P 0000011092FFE630
C 392
R
P 0000011092FFE630
P 0000011099515040
C 299
R
P 0000011092FFE630
C 392
R
P 0000011092FFE630
P 0000011099515040
C 9
R
P 0000011092FFE630
C 392
R
P 0000011092FFE630
P 0000011099515040
C 377
R
P 0000011092FFE630
C 392
M "EvalExample1"
R
P 0000011092FFE630
S "x"
C 32
R
P 0000011092FFE630
C 392
R
P 0000011092FFE630
$ |x|
C 242
R
P 0000011092FFE630
C 392
R
P 0000011092FFE630
$ |x|
P 0000011093060DF0
C 54
= 0000011093061690
R
P 0000011092FFE630
C 392
R
P 0000011092FFE630
P 0000011093061690
C 298
R
P 0000011092FFE630
C 392
R
P 0000011092FFE630
P 0000011093061690
C 295
= 0000011093060DF0
R
P 0000011092FFE630
C 392
R
P 0000011092FFE630
P 0000011093060DF0
C 249
R
P 0000011092FFE630
C 392
R
P 0000011092FFE630
P 0000011093061690
C 301
R
P 0000011092FFE630
C 392
R
P 0000011092FFE630
P 0000011093061690
C 300
R
P 0000011092FFE630
C 392
R
P 0000011092FFE630
P 0000011093061690
C 299
R
P 0000011092FFE630
C 392
R
P 0000011092FFE630
P 0000011093061690
C 9
R
P 0000011092FFE630
C 392
R
P 0000011092FFE630
S "y"
C 32
R
P 0000011092FFE630
C 392
R
P 0000011092FFE630
$ |y|
C 242
R
P 0000011092FFE630
C 392
R
P 0000011092FFE630
$ |y|
P 0000011093060DF0
C 54
= 00000110930616B0
R
P 0000011092FFE630
C 392
R
P 0000011092FFE630
P 00000110930616B0
C 298
R
P 0000011092FFE630
C 392
R
P 0000011092FFE630
P 00000110930616B0
C 295
= 0000011093060DF0
R
P 0000011092FFE630
C 392
R
P 0000011092FFE630
P 0000011093060DF0
C 249
R
P 0000011092FFE630
C 392
R
P 0000011092FFE630
P 00000110930616B0
C 301
R
P 0000011092FFE630
C 392
R
P 0000011092FFE630
P 00000110930616B0
C 300
R
P 0000011092FFE630
C 392
R
P 0000011092FFE630
P 00000110930616B0
C 299
R
P 0000011092FFE630
C 392
R
P 0000011092FFE630
P 00000110930616B0
C 9
R
P 0000011092FFE630
C 392
R
P 0000011092FFE630
I 2
P 0000011093060DF0
C 159
= 0000011093061BD0
R
P 0000011092FFE630
C 392
R
P 0000011092FFE630
P 0000011093061BD0
C 299
R
P 0000011092FFE630
C 392
R
P 0000011092FFE630
P 0000011093061BD0
C 9
R
P 0000011092FFE630
C 392
R
P 0000011092FFE630
C 473
= 000001109963ADF0
R
P 0000011092FFE630
C 392
R
P 0000011092FFE630
P 000001109963ADF0
C 482
R
P 0000011092FFE630
C 392
R
P 0000011092FFE630
P 0000011093061690
P 00000110930616B0
C 78
= 0000011099582A70
R
P 0000011092FFE630
C 392
R
P 0000011092FFE630
P 0000011099582A70
C 299
R
P 0000011092FFE630
C 392
R
P 0000011092FFE630
P 0000011099582A70
C 9
R
P 0000011092FFE630
C 392
R
P 0000011092FFE630
P 000001109963ADF0
P 0000011099582A70
C 489
R
P 0000011092FFE630
C 392
R
P 0000011092FFE630
P 0000011093061690
P 0000011093061BD0
C 80
= 0000011096147C70
R
P 0000011092FFE630
C 392
R
P 0000011092FFE630
P 0000011096147C70
C 299
R
P 0000011092FFE630
C 392
R
P 0000011092FFE630
P 0000011096147C70
C 9
R
P 0000011092FFE630
C 392
R
P 0000011092FFE630
P 000001109963ADF0
P 0000011096147C70
C 489
R
P 0000011092FFE630
C 392
R
P 0000011092FFE630
P 000001109963ADF0
C 513
R
P 0000011092FFE630
C 392
R
P 0000011092FFE630
P 000001109963ADF0
C 518
= 000001109A8585F0
R
P 0000011092FFE630
C 392
R
P 0000011092FFE630
P 000001109A8585F0
C 344
R
P 0000011092FFE630
C 392
R
P 0000011092FFE630
P 000001109A8585F0
C 381
R
P 0000011092FFE630
C 392
R
P 0000011092FFE630
U 2
P 0000011093061690
P 00000110930616B0
p 2
C 70
= 000001109307B2D0
R
P 0000011092FFE630
C 392
R
P 0000011092FFE630
P 000001109307B2D0
C 298
R
P 0000011092FFE630
C 392
R
P 0000011092FFE630
P 000001109307B2D0
C 295
= 0000011093060DF0
R
P 0000011092FFE630
C 392
R
P 0000011092FFE630
P 0000011093060DF0
C 249
R
P 0000011092FFE630
C 392
R
P 0000011092FFE630
P 000001109307B2D0
C 301
R
P 0000011092FFE630
C 392
R
P 0000011092FFE630
P 000001109307B2D0
C 300
R
P 0000011092FFE630
C 392
R
P 0000011092FFE630
P 000001109307B2D0
C 299
R
P 0000011092FFE630
C 392
R
P 0000011092FFE630
P 000001109307B2D0
C 9
R
P 0000011092FFE630
C 392
R
P 0000011092FFE630
P 000001109A8585F0
P 000001109307B2D0
I 0
P 0000000000000000
C 346
* 00000110930629B0 4
R
P 0000011092FFE630
C 392
R
P 0000011092FFE630
P 00000110930629B0
C 298
R
P 0000011092FFE630
C 392
R
P 0000011092FFE630
P 00000110930629B0
C 295
= 0000011093060DF0
R
P 0000011092FFE630
C 392
R
P 0000011092FFE630
P 0000011093060DF0
C 249
R
P 0000011092FFE630
C 392
R
P 0000011092FFE630
P 00000110930629B0
C 301
R
P 0000011092FFE630
C 392
R
P 0000011092FFE630
P 00000110930629B0
C 300
R
P 0000011092FFE630
C 392
R
P 0000011092FFE630
P 00000110930629B0
C 299
R
P 0000011092FFE630
C 392
R
P 0000011092FFE630
P 00000110930629B0
C 9
R
P 0000011092FFE630
C 392
R
P 0000011092FFE630
P 00000110930629B0
C 304
R
P 0000011092FFE630
C 392
M "EvalExample2"
R
P 0000011092FFE630
S "mk_tuple"
C 32
R
P 0000011092FFE630
C 392
R
P 0000011092FFE630
$ |mk_tuple|
C 242
R
P 0000011092FFE630
C 392
R
P 0000011092FFE630
S "first"
C 32
R
P 0000011092FFE630
C 392
R
P 0000011092FFE630
$ |first|
C 242
R
P 0000011092FFE630
C 392
R
P 0000011092FFE630
S "second"
C 32
R
P 0000011092FFE630
C 392
R
P 0000011092FFE630
$ |second|
C 242
R
P 0000011092FFE630
C 392
R
P 0000011092FFE630
$ |mk_tuple|
U 2
$ |first|
$ |second|
s 2
P 0000011093060DF0
P 0000011093060DF0
p 2
P 0000000000000000
P 0000000000000000
P 0000000000000000
p 2
C 41
= 00000110964102C0
* 0000011099514A00 5
@ 000001109589E838 6 0
@ 000001109589E640 6 1
R
P 0000011092FFE630
C 392
R
P 0000011092FFE630
P 00000110964102C0
C 298
R
P 0000011092FFE630
C 392
R
P 0000011092FFE630
P 00000110964102C0
C 9
R
P 0000011092FFE630
C 392
R
P 0000011092FFE630
P 00000110964102C0
C 256
R
P 0000011092FFE630
C 392
R
P 0000011092FFE630
P 00000110964102C0
U 0
C 257
= 000001109589E838
R
P 0000011092FFE630
C 392
R
P 0000011092FFE630
P 000001109589E838
C 298
R
P 0000011092FFE630
C 392
R
P 0000011092FFE630
P 000001109589E838
C 9
R
P 0000011092FFE630
C 392
R
P 0000011092FFE630
P 00000110964102C0
U 1
C 257
= 000001109589E640
R
P 0000011092FFE630
C 392
R
P 0000011092FFE630
P 000001109589E640
C 298
R
P 0000011092FFE630
C 392
R
P 0000011092FFE630
P 000001109589E640
C 9
R
P 0000011092FFE630
C 392
R
P 0000011092FFE630
P 00000110964102C0
C 256
R
P 0000011092FFE630
C 392
R
P 0000011092FFE630
P 00000110964102C0
U 0
C 257
= 000001109589E838
R
P 0000011092FFE630
C 392
R
P 0000011092FFE630
P 000001109589E838
C 298
R
P 0000011092FFE630
C 392
R
P 0000011092FFE630
P 000001109589E838
C 9
R
P 0000011092FFE630
C 392
R
P 0000011092FFE630
P 00000110964102C0
U 1
C 257
= 000001109589E640
R
P 0000011092FFE630
C 392
R
P 0000011092FFE630
P 000001109589E640
C 298
R
P 0000011092FFE630
C 392
R
P 0000011092FFE630
P 000001109589E640
C 9
R
P 0000011092FFE630
C 392
R
P 0000011092FFE630
S "t1"
C 32
R
P 0000011092FFE630
C 392
R
P 0000011092FFE630
$ |t1|
C 242
R
P 0000011092FFE630
C 392
R
P 0000011092FFE630
$ |t1|
P 00000110964102C0
C 54
= 00000110964103A0
R
P 0000011092FFE630
C 392
R
P 0000011092FFE630
P 00000110964103A0
C 298
R
P 0000011092FFE630
C 392
R
P 0000011092FFE630
P 00000110964103A0
C 295
= 00000110964102C0
R
P 0000011092FFE630
C 392
R
P 0000011092FFE630
P 00000110964102C0
C 249
R
P 0000011092FFE630
C 392
R
P 0000011092FFE630
P 00000110964103A0
C 301
R
P 0000011092FFE630
C 392
R
P 0000011092FFE630
P 00000110964103A0
C 300
R
P 0000011092FFE630
C 392
R
P 0000011092FFE630
P 00000110964103A0
C 299
R
P 0000011092FFE630
C 392
R
P 0000011092FFE630
P 00000110964103A0
C 9
R
P 0000011092FFE630
C 392
R
P 0000011092FFE630
S "t2"
C 32
R
P 0000011092FFE630
C 392
R
P 0000011092FFE630
$ |t2|
C 242
R
P 0000011092FFE630
C 392
R
P 0000011092FFE630
$ |t2|
P 00000110964102C0
C 54
= 00000110964103C0
R
P 0000011092FFE630
C 392
R
P 0000011092FFE630
P 00000110964103C0
C 298
R
P 0000011092FFE630
C 392
R
P 0000011092FFE630
P 00000110964103C0
C 295
= 00000110964102C0
R
P 0000011092FFE630
C 392
R
P 0000011092FFE630
P 00000110964102C0
C 249
R
P 0000011092FFE630
C 392
R
P 0000011092FFE630
P 00000110964103C0
C 301
R
P 0000011092FFE630
C 392
R
P 0000011092FFE630
P 00000110964103C0
C 300
R
P 0000011092FFE630
C 392
R
P 0000011092FFE630
P 00000110964103C0
C 299
R
P 0000011092FFE630
C 392
R
P 0000011092FFE630
P 00000110964103C0
C 9
R
P 0000011092FFE630
C 392
R
P 0000011092FFE630
C 473
= 00000110982A9EC0
R
P 0000011092FFE630
C 392
R
P 0000011092FFE630
P 00000110982A9EC0
C 482
R
P 0000011092FFE630
C 392
R
P 0000011092FFE630
P 00000110964103A0
P 00000110964103C0
C 61
= 0000011099577520
R
P 0000011092FFE630
C 392
R
P 0000011092FFE630
P 0000011099577520
C 299
R
P 0000011092FFE630
C 392
R
P 0000011092FFE630
P 0000011099577520
C 9
R
P 0000011092FFE630
C 392
R
P 0000011092FFE630
P 0000011099577520
C 63
= 0000011096155E60
R
P 0000011092FFE630
C 392
R
P 0000011092FFE630
P 0000011096155E60
C 299
R
P 0000011092FFE630
C 392
R
P 0000011092FFE630
P 0000011096155E60
C 9
R
P 0000011092FFE630
C 392
R
P 0000011092FFE630
P 00000110982A9EC0
P 0000011096155E60
C 489
R
P 0000011092FFE630
C 392
R
P 0000011092FFE630
P 000001109589E838
U 1
P 00000110964103A0
p 1
C 53
= 0000011096155E30
R
P 0000011092FFE630
C 392
R
P 0000011092FFE630
P 0000011096155E30
C 298
R
P 0000011092FFE630
C 392
R
P 0000011092FFE630
P 0000011096155E30
C 295
= 0000011093060DF0
R
P 0000011092FFE630
C 392
R
P 0000011092FFE630
P 0000011093060DF0
C 249
R
P 0000011092FFE630
C 392
R
P 0000011092FFE630
P 0000011096155E30
C 301
R
P 0000011092FFE630
C 392
R
P 0000011092FFE630
P 0000011096155E30
C 300
R
P 0000011092FFE630
C 392
R
P 0000011092FFE630
P 0000011096155E30
C 299
R
P 0000011092FFE630
C 392
R
P 0000011092FFE630
P 0000011096155E30
C 9
R
P 0000011092FFE630
C 392
R
P 0000011092FFE630
P 000001109589E838
U 1
P 00000110964103C0
p 1
C 53
= 000001109589AC80
R
P 0000011092FFE630
C 392
R
P 0000011092FFE630
P 000001109589AC80
C 298
R
P 0000011092FFE630
C 392
R
P 0000011092FFE630
P 000001109589AC80
C 295
= 0000011093060DF0
R
P 0000011092FFE630
C 392
R
P 0000011092FFE630
P 0000011093060DF0
C 249
R
P 0000011092FFE630
C 392
R
P 0000011092FFE630
P 000001109589AC80
C 301
R
P 0000011092FFE630
C 392
R
P 0000011092FFE630
P 000001109589AC80
C 300
R
P 0000011092FFE630
C 392
R
P 0000011092FFE630
P 000001109589AC80
C 299
R
P 0000011092FFE630
C 392
R
P 0000011092FFE630
P 000001109589AC80
C 9
R
P 0000011092FFE630
C 392
R
P 0000011092FFE630
P 0000011096155E30
P 000001109589AC80
C 61
= 0000011096152858
R
P 0000011092FFE630
C 392
R
P 0000011092FFE630
P 0000011096152858
C 299
R
P 0000011092FFE630
C 392
R
P 0000011092FFE630
P 0000011096152858
C 9
R
P 0000011092FFE630
C 392
R
P 0000011092FFE630
P 00000110982A9EC0
P 0000011096152858
C 489
R
P 0000011092FFE630
C 392
R
P 0000011092FFE630
P 00000110982A9EC0
C 513
R
P 0000011092FFE630
C 392
R
P 0000011092FFE630
P 00000110982A9EC0
C 518
= 000001109AE9C8F0
R
P 0000011092FFE630
C 392
R
P 0000011092FFE630
P 000001109AE9C8F0
C 344
R
P 0000011092FFE630
C 392
R
P 0000011092FFE630
P 000001109AE9C8F0
C 381
R
P 0000011092FFE630
C 392
R
P 0000011092FFE630
P 000001109AE9C8F0
P 00000110964103A0
I 0
P 0000000000000000
C 346
* 00000110961495D0 4
R
P 0000011092FFE630
C 392
R
P 0000011092FFE630
P 00000110961495D0
C 298
R
P 0000011092FFE630
C 392
R
P 0000011092FFE630
P 00000110961495D0
C 295
= 00000110964102C0
R
P 0000011092FFE630
C 392
R
P 0000011092FFE630
P 00000110964102C0
C 249
R
P 0000011092FFE630
C 392
R
P 0000011092FFE630
P 00000110961495D0
C 301
R
P 0000011092FFE630
C 392
R
P 0000011092FFE630
P 00000110961495D0
C 300
R
P 0000011092FFE630
C 392
R
P 0000011092FFE630
P 00000110961495D0
C 299
R
P 0000011092FFE630
C 392
R
P 0000011092FFE630
P 00000110961495D0
C 9
R
P 0000011092FFE630
C 392
R
P 0000011092FFE630
P 00000110961495D0
C 377
R
P 0000011092FFE630
C 392
R
P 0000011092FFE630
P 000001109AE9C8F0
P 00000110964103C0
I 0
P 0000000000000000
C 346
* 000001109589E330 4
R
P 0000011092FFE630
C 392
R
P 0000011092FFE630
P 000001109589E330
C 298
R
P 0000011092FFE630
C 392
R
P 0000011092FFE630
P 000001109589E330
C 295
= 00000110964102C0
R
P 0000011092FFE630
C 392
R
P 0000011092FFE630
P 00000110964102C0
C 249
R
P 0000011092FFE630
C 392
R
P 0000011092FFE630
P 000001109589E330
C 301
R
P 0000011092FFE630
C 392
R
P 0000011092FFE630
P 000001109589E330
C 300
R
P 0000011092FFE630
C 392
R
P 0000011092FFE630
P 000001109589E330
C 299
R
P 0000011092FFE630
C 392
R
P 0000011092FFE630
P 000001109589E330
C 9
R
P 0000011092FFE630
C 392
R
P 0000011092FFE630
P 000001109589E330
C 377
R
P 0000011092FFE630
C 392
R
P 0000011092FFE630
P 000001109589E640
U 1
P 00000110964103C0
p 1
C 53
= 000001109589AC50
R
P 0000011092FFE630
C 392
R
P 0000011092FFE630
P 000001109589AC50
C 298
R
P 0000011092FFE630
C 392
R
P 0000011092FFE630
P 000001109589AC50
C 295
= 0000011093060DF0
R
P 0000011092FFE630
C 392
R
P 0000011092FFE630
P 0000011093060DF0
C 249
R
P 0000011092FFE630
C 392
R
P 0000011092FFE630
P 000001109589AC50
C 301
R
P 0000011092FFE630
C 392
R
P 0000011092FFE630
P 000001109589AC50
C 300
R
P 0000011092FFE630
C 392
R
P 0000011092FFE630
P 000001109589AC50
C 299
R
P 0000011092FFE630
C 392
R
P 0000011092FFE630
P 000001109589AC50
C 9
R
P 0000011092FFE630
C 392
R
P 0000011092FFE630
P 000001109AE9C8F0
P 000001109589AC50
I 0
P 0000000000000000
C 346
* 0000011093062950 4
R
P 0000011092FFE630
C 392
R
P 0000011092FFE630
P 0000011093062950
C 298
R
P 0000011092FFE630
C 392
R
P 0000011092FFE630
P 0000011093062950
C 295
= 0000011093060DF0
R
P 0000011092FFE630
C 392
R
P 0000011092FFE630
P 0000011093060DF0
C 249
R
P 0000011092FFE630
C 392
R
P 0000011092FFE630
P 0000011093062950
C 301
R
P 0000011092FFE630
C 392
R
P 0000011092FFE630
P 0000011093062950
C 300
R
P 0000011092FFE630
C 392
R
P 0000011092FFE630
P 0000011093062950
C 299
R
P 0000011092FFE630
C 392
R
P 0000011092FFE630
P 0000011093062950
C 9
R
P 0000011092FFE630
C 392
R
P 0000011092FFE630
P 0000011093062950
C 304
R
P 0000011092FFE630
C 392
M "FindSmallModelExample"
R
P 0000011092FFE630
U 32
C 37
= 0000011093061230
R
P 0000011092FFE630
C 392
R
P 0000011092FFE630
P 0000011093061230
C 298
R
P 0000011092FFE630
C 392
R
P 0000011092FFE630
P 0000011093061230
C 9
R
P 0000011092FFE630
C 392
R
P 0000011092FFE630
S "x"
C 32
R
P 0000011092FFE630
C 392
R
P 0000011092FFE630
$ |x|
C 242
R
P 0000011092FFE630
C 392
R
P 0000011092FFE630
$ |x|
P 0000011093061230
C 54
= 000001109642E0B0
R
P 0000011092FFE630
C 392
R
P 0000011092FFE630
P 000001109642E0B0
C 298
R
P 0000011092FFE630
C 392
R
P 0000011092FFE630
P 000001109642E0B0
C 295
= 0000011093061230
R
P 0000011092FFE630
C 392
R
P 0000011092FFE630
P 0000011093061230
C 249
R
P 0000011092FFE630
C 392
R
P 0000011092FFE630
P 000001109642E0B0
C 301
R
P 0000011092FFE630
C 392
R
P 0000011092FFE630
P 000001109642E0B0
C 300
R
P 0000011092FFE630
C 392
R
P 0000011092FFE630
P 000001109642E0B0
C 299
R
P 0000011092FFE630
C 392
R
P 0000011092FFE630
P 000001109642E0B0
C 9
R
P 0000011092FFE630
C 392
R
P 0000011092FFE630
U 32
C 37
= 0000011093061230
R
P 0000011092FFE630
C 392
R
P 0000011092FFE630
P 0000011093061230
C 298
R
P 0000011092FFE630
C 392
R
P 0000011092FFE630
P 0000011093061230
C 9
R
P 0000011092FFE630
C 392
R
P 0000011092FFE630
S "y"
C 32
R
P 0000011092FFE630
C 392
R
P 0000011092FFE630
$ |y|
C 242
R
P 0000011092FFE630
C 392
R
P 0000011092FFE630
$ |y|
P 0000011093061230
C 54
= 000001109642E090
R
P 0000011092FFE630
C 392
R
P 0000011092FFE630
P 000001109642E090
C 298
R
P 0000011092FFE630
C 392
R
P 0000011092FFE630
P 000001109642E090
C 295
= 0000011093061230
R
P 0000011092FFE630
C 392
R
P 0000011092FFE630
P 0000011093061230
C 249
R
P 0000011092FFE630
C 392
R
P 0000011092FFE630
P 000001109642E090
C 301
R
P 0000011092FFE630
C 392
R
P 0000011092FFE630
P 000001109642E090
C 300
R
P 0000011092FFE630
C 392
R
P 0000011092FFE630
P 000001109642E090
C 299
R
P 0000011092FFE630
C 392
R
P 0000011092FFE630
P 000001109642E090
C 9
R
P 0000011092FFE630
C 392
R
P 0000011092FFE630
U 32
C 37
= 0000011093061230
R
P 0000011092FFE630
C 392
R
P 0000011092FFE630
P 0000011093061230
C 298
R
P 0000011092FFE630
C 392
R
P 0000011092FFE630
P 0000011093061230
C 9
R
P 0000011092FFE630
C 392
R
P 0000011092FFE630
S "z"
C 32
R
P 0000011092FFE630
C 392
R
P 0000011092FFE630
$ |z|
C 242
R
P 0000011092FFE630
C 392
R
P 0000011092FFE630
$ |z|
P 0000011093061230
C 54
= 00000110964103E0
R
P 0000011092FFE630
C 392
R
P 0000011092FFE630
P 00000110964103E0
C 298
R
P 0000011092FFE630
C 392
R
P 0000011092FFE630
P 00000110964103E0
C 295
= 0000011093061230
R
P 0000011092FFE630
C 392
R
P 0000011092FFE630
P 0000011093061230
C 249
R
P 0000011092FFE630
C 392
R
P 0000011092FFE630
P 00000110964103E0
C 301
R
P 0000011092FFE630
C 392
R
P 0000011092FFE630
P 00000110964103E0
C 300
R
P 0000011092FFE630
C 392
R
P 0000011092FFE630
P 00000110964103E0
C 299
R
P 0000011092FFE630
C 392
R
P 0000011092FFE630
P 00000110964103E0
C 9
R
P 0000011092FFE630
C 392
R
P 0000011092FFE630
C 473
= 0000011099638210
R
P 0000011092FFE630
C 392
R
P 0000011092FFE630
P 0000011099638210
C 482
R
P 0000011092FFE630
C 392
R
P 0000011092FFE630
P 000001109642E090
P 00000110964103E0
C 96
= 00000110995807C0
R
P 0000011092FFE630
C 392
R
P 0000011092FFE630
P 00000110995807C0
C 299
R
P 0000011092FFE630
C 392
R
P 0000011092FFE630
P 00000110995807C0
C 9
R
P 0000011092FFE630
C 392
R
P 0000011092FFE630
P 000001109642E0B0
P 00000110995807C0
C 106
= 0000011099580788
R
P 0000011092FFE630
C 392
R
P 0000011092FFE630
P 0000011099580788
C 299
R
P 0000011092FFE630
C 392
R
P 0000011092FFE630
P 0000011099580788
C 9
R
P 0000011092FFE630
C 392
R
P 0000011092FFE630
P 0000011099638210
P 0000011099580788
C 489
R
P 0000011092FFE630
C 392
R
P 0000011092FFE630
P 0000011099638210
C 485
R
P 0000011092FFE630
C 392
R
P 0000011092FFE630
U 32
C 37
= 0000011093061230
R
P 0000011092FFE630
C 392
R
P 0000011092FFE630
P 0000011093061230
C 298
R
P 0000011092FFE630
C 392
R
P 0000011092FFE630
P 0000011093061230
C 9
R
P 0000011092FFE630
C 392
R
P 0000011092FFE630
I 2147483647
P 0000011093061230
C 159
= 0000011096410460
R
P 0000011092FFE630
C 392
R
P 0000011092FFE630
P 0000011096410460
C 298
R
P 0000011092FFE630
C 392
R
P 0000011092FFE630
P 0000011096410460
C 295
= 0000011093061230
R
P 0000011092FFE630
C 392
R
P 0000011092FFE630
P 0000011093061230
C 249
R
P 0000011092FFE630
C 392
R
P 0000011092FFE630
P 0000011096410460
C 301
R
P 0000011092FFE630
C 392
R
P 0000011092FFE630
P 0000011096410460
C 300
R
P 0000011092FFE630
C 392
R
P 0000011092FFE630
P 0000011096410460
C 299
R
P 0000011092FFE630
C 392
R
P 0000011092FFE630
P 0000011096410460
C 9
R
P 0000011092FFE630
C 392
R
P 0000011092FFE630
P 000001109642E0B0
P 0000011096410460
C 106
= 0000011099511958
R
P 0000011092FFE630
C 392
R
P 0000011092FFE630
P 0000011099511958
C 299
R
P 0000011092FFE630
C 392
R
P 0000011092FFE630
P 0000011099511958
C 9
R
P 0000011092FFE630
C 392
R
P 0000011092FFE630
P 0000011099638210
P 0000011099511958
C 489
R
P 0000011092FFE630
C 392
R
P 0000011092FFE630
U 32
C 37
= 0000011093061230
R
P 0000011092FFE630
C 392
R
P 0000011092FFE630
P 0000011093061230
C 298
R
P 0000011092FFE630
C 392
R
P 0000011092FFE630
P 0000011093061230
C 9
R
P 0000011092FFE630
C 392
R
P 0000011092FFE630
I 2147483647
P 0000011093061230
C 159
= 0000011096410460
R
P 0000011092FFE630
C 392
R
P 0000011092FFE630
P 0000011096410460
C 298
R
P 0000011092FFE630
C 392
R
P 0000011092FFE630
P 0000011096410460
C 295
= 0000011093061230
R
P 0000011092FFE630
C 392
R
P 0000011092FFE630
P 0000011093061230
C 249
R
P 0000011092FFE630
C 392
R
P 0000011092FFE630
P 0000011096410460
C 301
R
P 0000011092FFE630
C 392
R
P 0000011092FFE630
P 0000011096410460
C 300
R
P 0000011092FFE630
C 392
R
P 0000011092FFE630
P 0000011096410460
C 299
R
P 0000011092FFE630
C 392
R
P 0000011092FFE630
P 0000011096410460
C 9
R
P 0000011092FFE630
C 392
R
P 0000011092FFE630
P 000001109642E090
P 0000011096410460
C 106
= 000001109951B3C0
R
P 0000011092FFE630
C 392
R
P 0000011092FFE630
P 000001109951B3C0
C 299
R
P 0000011092FFE630
C 392
R
P 0000011092FFE630
P 000001109951B3C0
C 9
R
P 0000011092FFE630
C 392
R
P 0000011092FFE630
P 0000011099638210
P 000001109951B3C0
C 489
R
P 0000011092FFE630
C 392
R
P 0000011092FFE630
U 32
C 37
= 0000011093061230
R
P 0000011092FFE630
C 392
R
P 0000011092FFE630
P 0000011093061230
C 298
R
P 0000011092FFE630
C 392
R
P 0000011092FFE630
P 0000011093061230
C 9
R
P 0000011092FFE630
C 392
R
P 0000011092FFE630
I 2147483647
P 0000011093061230
C 159
= 0000011096410460
R
P 0000011092FFE630
C 392
R
P 0000011092FFE630
P 0000011096410460
C 298
R
P 0000011092FFE630
C 392
R
P 0000011092FFE630
P 0000011096410460
C 295
= 0000011093061230
R
P 0000011092FFE630
C 392
R
P 0000011092FFE630
P 0000011093061230
C 249
R
P 0000011092FFE630
C 392
R
P 0000011092FFE630
P 0000011096410460
C 301
R
P 0000011092FFE630
C 392
R
P 0000011092FFE630
P 0000011096410460
C 300
R
P 0000011092FFE630
C 392
R
P 0000011092FFE630
P 0000011096410460
C 299
R
P 0000011092FFE630
C 392
R
P 0000011092FFE630
P 0000011096410460
C 9
R
P 0000011092FFE630
C 392
R
P 0000011092FFE630
P 00000110964103E0
P 0000011096410460
C 106
= 000001109951B350
R
P 0000011092FFE630
C 392
R
P 0000011092FFE630
P 000001109951B350
C 299
R
P 0000011092FFE630
C 392
R
P 0000011092FFE630
P 000001109951B350
C 9
R
P 0000011092FFE630
C 392
R
P 0000011092FFE630
P 0000011099638210
P 000001109951B350
C 489
R
P 0000011092FFE630
C 392
R
P 0000011092FFE630
P 0000011099638210
C 513
R
P 0000011092FFE630
C 392
R
P 0000011092FFE630
P 0000011099638210
C 518
= 000001109B07D830
R
P 0000011092FFE630
C 392
R
P 0000011092FFE630
P 000001109B07D830
C 344
R
P 0000011092FFE630
C 392
R
P 0000011092FFE630
P 000001109B07D830
C 381
R
P 0000011092FFE630
C 392
R
P 0000011092FFE630
P 0000011099638210
C 518
= 000001109B07D470
R
P 0000011092FFE630
C 392
R
P 0000011092FFE630
P 000001109B07D470
C 344
R
P 0000011092FFE630
C 392
R
P 0000011092FFE630
P 000001109B07D470
P 000001109642E0B0
I 0
P 0000000000000000
C 346
* 0000011096427B90 4
R
P 0000011092FFE630
C 392
R
P 0000011092FFE630
P 0000011096427B90
C 298
R
P 0000011092FFE630
C 392
R
P 0000011092FFE630
P 0000011096427B90
C 295
= 0000011093061230
R
P 0000011092FFE630
C 392
R
P 0000011092FFE630
P 0000011093061230
C 249
R
P 0000011092FFE630
C 392
R
P 0000011092FFE630
P 0000011096427B90
C 301
R
P 0000011092FFE630
C 392
R
P 0000011092FFE630
P 0000011096427B90
C 300
R
P 0000011092FFE630
C 392
R
P 0000011092FFE630
P 0000011096427B90
C 299
R
P 0000011092FFE630
C 392
R
P 0000011092FFE630
P 0000011096427B90
C 9
R
P 0000011092FFE630
C 392
R
P 0000011092FFE630
P 0000011096427B90
I 0
C 311
R
P 0000011092FFE630
C 392
R
P 0000011092FFE630
P 0000011099638210
C 518
= 000001109B07D0E0
R
P 0000011092FFE630
C 392
R
P 0000011092FFE630
P 000001109B07D0E0
C 344
R
P 0000011092FFE630
C 392
R
P 0000011092FFE630
P 000001109B07D0E0
P 000001109642E090
I 0
P 0000000000000000
C 346
* 0000011096427A50 4
R
P 0000011092FFE630
C 392
R
P 0000011092FFE630
P 0000011096427A50
C 298
R
P 0000011092FFE630
C 392
R
P 0000011092FFE630
P 0000011096427A50
C 295
= 0000011093061230
R
P 0000011092FFE630
C 392
R
P 0000011092FFE630
P 0000011093061230
C 249
R
P 0000011092FFE630
C 392
R
P 0000011092FFE630
P 0000011096427A50
C 301
R
P 0000011092FFE630
C 392
R
P 0000011092FFE630
P 0000011096427A50
C 300
R
P 0000011092FFE630
C 392
R
P 0000011092FFE630
P 0000011096427A50
C 299
R
P 0000011092FFE630
C 392
R
P 0000011092FFE630
P 0000011096427A50
C 9
R
P 0000011092FFE630
C 392
R
P 0000011092FFE630
P 0000011096427A50
I 0
C 311
R
P 0000011092FFE630
C 392
R
P 0000011092FFE630
P 0000011099638210
C 518
= 000001109B07D710
R
P 0000011092FFE630
C 392
R
P 0000011092FFE630
P 000001109B07D710
C 344
R
P 0000011092FFE630
C 392
R
P 0000011092FFE630
P 000001109B07D710
P 00000110964103E0
I 0
P 0000000000000000
C 346
* 0000011096427A70 4
R
P 0000011092FFE630
C 392
R
P 0000011092FFE630
P 0000011096427A70
C 298
R
P 0000011092FFE630
C 392
R
P 0000011092FFE630
P 0000011096427A70
C 295
= 0000011093061230
R
P 0000011092FFE630
C 392
R
P 0000011092FFE630
P 0000011093061230
C 249
R
P 0000011092FFE630
C 392
R
P 0000011092FFE630
P 0000011096427A70
C 301
R
P 0000011092FFE630
C 392
R
P 0000011092FFE630
P 0000011096427A70
C 300
R
P 0000011092FFE630
C 392
R
P 0000011092FFE630
P 0000011096427A70
C 299
R
P 0000011092FFE630
C 392
R
P 0000011092FFE630
P 0000011096427A70
C 9
R
P 0000011092FFE630
C 392
R
P 0000011092FFE630
P 0000011096427A70
I 0
C 311
R
P 0000011092FFE630
C 392
R
P 0000011092FFE630
U 32
C 37
= 0000011093061230
R
P 0000011092FFE630
C 392
R
P 0000011092FFE630
P 0000011093061230
C 298
R
P 0000011092FFE630
C 392
R
P 0000011092FFE630
P 0000011093061230
C 9
R
P 0000011092FFE630
C 392
R
P 0000011092FFE630
I 2367552
P 0000011093061230
C 159
= 00000110964279D0
R
P 0000011092FFE630
C 392
R
P 0000011092FFE630
P 00000110964279D0
C 298
R
P 0000011092FFE630
C 392
R
P 0000011092FFE630
P 00000110964279D0
C 295
= 0000011093061230
R
P 0000011092FFE630
C 392
R
P 0000011092FFE630
P 0000011093061230
C 249
R
P 0000011092FFE630
C 392
R
P 0000011092FFE630
P 00000110964279D0
C 301
R
P 0000011092FFE630
C 392
R
P 0000011092FFE630
P 00000110964279D0
C 300
R
P 0000011092FFE630
C 392
R
P 0000011092FFE630
P 00000110964279D0
C 299
R
P 0000011092FFE630
C 392
R
P 0000011092FFE630
P 00000110964279D0
C 9
R
P 0000011092FFE630
C 392
R
P 0000011092FFE630
P 000001109642E0B0
P 00000110964279D0
C 106
= 0000011099517C98
R
P 0000011092FFE630
C 392
R
P 0000011092FFE630
P 0000011099517C98
C 299
R
P 0000011092FFE630
C 392
R
P 0000011092FFE630
P 0000011099517C98
C 9
R
P 0000011092FFE630
C 392
R
P 0000011092FFE630
P 0000011099638210
P 0000011099517C98
C 489
R
P 0000011092FFE630
C 392
R
P 0000011092FFE630
U 32
C 37
= 0000011093061230
R
P 0000011092FFE630
C 392
R
P 0000011092FFE630
P 0000011093061230
C 298
R
P 0000011092FFE630
C 392
R
P 0000011092FFE630
P 0000011093061230
C 9
R
P 0000011092FFE630
C 392
R
P 0000011092FFE630
I 4735105
P 0000011093061230
C 159
= 0000011096427B90
R
P 0000011092FFE630
C 392
R
P 0000011092FFE630
P 0000011096427B90
C 298
R
P 0000011092FFE630
C 392
R
P 0000011092FFE630
P 0000011096427B90
C 295
= 0000011093061230
R
P 0000011092FFE630
C 392
R
P 0000011092FFE630
P 0000011093061230
C 249
R
P 0000011092FFE630
C 392
R
P 0000011092FFE630
P 0000011096427B90
C 301
R
P 0000011092FFE630
C 392
R
P 0000011092FFE630
P 0000011096427B90
C 300
R
P 0000011092FFE630
C 392
R
P 0000011092FFE630
P 0000011096427B90
C 299
R
P 0000011092FFE630
C 392
R
P 0000011092FFE630
P 0000011096427B90
C 9
R
P 0000011092FFE630
C 392
R
P 0000011092FFE630
P 000001109642E0B0
P 0000011096427B90
C 106
= 0000011099580210
R
P 0000011092FFE630
C 392
R
P 0000011092FFE630
P 0000011099580210
C 299
R
P 0000011092FFE630
C 392
R
P 0000011092FFE630
P 0000011099580210
C 9
R
P 0000011092FFE630
C 392
R
P 0000011092FFE630
P 0000011099638210
P 0000011099580210
C 489
R
P 0000011092FFE630
C 392
R
P 0000011092FFE630
U 32
C 37
= 0000011093061230
R
P 0000011092FFE630
C 392
R
P 0000011092FFE630
P 0000011093061230
C 298
R
P 0000011092FFE630
C 392
R
P 0000011092FFE630
P 0000011093061230
C 9
R
P 0000011092FFE630
C 392
R
P 0000011092FFE630
I 1010843648
P 0000011093061230
C 159
= 0000011096427A50
R
P 0000011092FFE630
C 392
R
P 0000011092FFE630
P 0000011096427A50
C 298
R
P 0000011092FFE630
C 392
R
P 0000011092FFE630
P 0000011096427A50
C 295
= 0000011093061230
R
P 0000011092FFE630
C 392
R
P 0000011092FFE630
P 0000011093061230
C 249
R
P 0000011092FFE630
C 392
R
P 0000011092FFE630
P 0000011096427A50
C 301
R
P 0000011092FFE630
C 392
R
P 0000011092FFE630
P 0000011096427A50
C 300
R
P 0000011092FFE630
C 392
R
P 0000011092FFE630
P 0000011096427A50
C 299
R
P 0000011092FFE630
C 392
R
P 0000011092FFE630
P 0000011096427A50
C 9
R
P 0000011092FFE630
C 392
R
P 0000011092FFE630
P 000001109642E090
P 0000011096427A50
C 106
= 0000011099580B08
R
P 0000011092FFE630
C 392
R
P 0000011092FFE630
P 0000011099580B08
C 299
R
P 0000011092FFE630
C 392
R
P 0000011092FFE630
P 0000011099580B08
C 9
R
P 0000011092FFE630
C 392
R
P 0000011092FFE630
P 0000011099638210
P 0000011099580B08
C 489
R
P 0000011092FFE630
C 392
R
P 0000011092FFE630
U 32
C 37
= 0000011093061230
R
P 0000011092FFE630
C 392
R
P 0000011092FFE630
P 0000011093061230
C 298
R
P 0000011092FFE630
C 392
R
P 0000011092FFE630
P 0000011093061230
C 9
R
P 0000011092FFE630
C 392
R
P 0000011092FFE630
I 1141375104
P 0000011093061230
C 159
= 0000011096427A70
R
P 0000011092FFE630
C 392
R
P 0000011092FFE630
P 0000011096427A70
C 298
R
P 0000011092FFE630
C 392
R
P 0000011092FFE630
P 0000011096427A70
C 295
= 0000011093061230
R
P 0000011092FFE630
C 392
R
P 0000011092FFE630
P 0000011093061230
C 249
R
P 0000011092FFE630
C 392
R
P 0000011092FFE630
P 0000011096427A70
C 301
R
P 0000011092FFE630
C 392
R
P 0000011092FFE630
P 0000011096427A70
C 300
R
P 0000011092FFE630
C 392
R
P 0000011092FFE630
P 0000011096427A70
C 299
R
P 0000011092FFE630
C 392
R
P 0000011092FFE630
P 0000011096427A70
C 9
R
P 0000011092FFE630
C 392
R
P 0000011092FFE630
P 00000110964103E0
P 0000011096427A70
C 106
= 0000011099511DF0
R
P 0000011092FFE630
C 392
R
P 0000011092FFE630
P 0000011099511DF0
C 299
R
P 0000011092FFE630
C 392
R
P 0000011092FFE630
P 0000011099511DF0
C 9
R
P 0000011092FFE630
C 392
R
P 0000011092FFE630
P 0000011099638210
P 0000011099511DF0
C 489
R
P 0000011092FFE630
C 392
R
P 0000011092FFE630
P 0000011099638210
C 513
R
P 0000011092FFE630
C 392
R
P 0000011092FFE630
P 0000011099638210
C 518
= 000001109B07E1C0
R
P 0000011092FFE630
C 392
R
P 0000011092FFE630
P 000001109B07E1C0
C 344
R
P 0000011092FFE630
C 392
R
P 0000011092FFE630
P 000001109B07E1C0
C 381
R
P 0000011092FFE630
C 392
R
P 0000011092FFE630
P 0000011099638210
C 518
= 000001109B07E520
R
P 0000011092FFE630
C 392
R
P 0000011092FFE630
P 000001109B07E520
C 344
R
P 0000011092FFE630
C 392
R
P 0000011092FFE630
P 000001109B07E520
P 000001109642E0B0
I 0
P 0000000000000000
C 346
* 00000110964279F0 4
R
P 0000011092FFE630
C 392
R
P 0000011092FFE630
P 00000110964279F0
C 298
R
P 0000011092FFE630
C 392
R
P 0000011092FFE630
P 00000110964279F0
C 295
= 0000011093061230
R
P 0000011092FFE630
C 392
R
P 0000011092FFE630
P 0000011093061230
C 249
R
P 0000011092FFE630
C 392
R
P 0000011092FFE630
P 00000110964279F0
C 301
R
P 0000011092FFE630
C 392
R
P 0000011092FFE630
P 00000110964279F0
C 300
R
P 0000011092FFE630
C 392
R
P 0000011092FFE630
P 00000110964279F0
C 299
R
P 0000011092FFE630
C 392
R
P 0000011092FFE630
P 00000110964279F0
C 9
R
P 0000011092FFE630
C 392
R
P 0000011092FFE630
P 00000110964279F0
I 0
C 311
R
P 0000011092FFE630
C 392
R
P 0000011092FFE630
P 0000011099638210
C 518
= 000001109B07DE30
R
P 0000011092FFE630
C 392
R
P 0000011092FFE630
P 000001109B07DE30
C 344
R
P 0000011092FFE630
C 392
R
P 0000011092FFE630
P 000001109B07DE30
P 000001109642E090
I 0
P 0000000000000000
C 346
* 00000110964278B0 4
R
P 0000011092FFE630
C 392
R
P 0000011092FFE630
P 00000110964278B0
C 298
R
P 0000011092FFE630
C 392
R
P 0000011092FFE630
P 00000110964278B0
C 295
= 0000011093061230
R
P 0000011092FFE630
C 392
R
P 0000011092FFE630
P 0000011093061230
C 249
R
P 0000011092FFE630
C 392
R
P 0000011092FFE630
P 00000110964278B0
C 301
R
P 0000011092FFE630
C 392
R
P 0000011092FFE630
P 00000110964278B0
C 300
R
P 0000011092FFE630
C 392
R
P 0000011092FFE630
P 00000110964278B0
C 299
R
P 0000011092FFE630
C 392
R
P 0000011092FFE630
P 00000110964278B0
C 9
R
P 0000011092FFE630
C 392
R
P 0000011092FFE630
P 00000110964278B0
I 0
C 311
R
P 0000011092FFE630
C 392
R
P 0000011092FFE630
P 0000011099638210
C 518
= 000001109B07DE00
R
P 0000011092FFE630
C 392
R
P 0000011092FFE630
P 000001109B07DE00
C 344
R
P 0000011092FFE630
C 392
R
P 0000011092FFE630
P 000001109B07DE00
P 00000110964103E0
I 0
P 0000000000000000
C 346
* 00000110964278D0 4
R
P 0000011092FFE630
C 392
R
P 0000011092FFE630
P 00000110964278D0
C 298
R
P 0000011092FFE630
C 392
R
P 0000011092FFE630
P 00000110964278D0
C 295
= 0000011093061230
R
P 0000011092FFE630
C 392
R
P 0000011092FFE630
P 0000011093061230
C 249
R
P 0000011092FFE630
C 392
R
P 0000011092FFE630
P 00000110964278D0
C 301
R
P 0000011092FFE630
C 392
R
P 0000011092FFE630
P 00000110964278D0
C 300
R
P 0000011092FFE630
C 392
R
P 0000011092FFE630
P 00000110964278D0
C 299
R
P 0000011092FFE630
C 392
R
P 0000011092FFE630
P 00000110964278D0
C 9
R
P 0000011092FFE630
C 392
R
P 0000011092FFE630
P 00000110964278D0
I 0
C 311
R
P 0000011092FFE630
C 392
R
P 0000011092FFE630
U 32
C 37
= 0000011093061230
R
P 0000011092FFE630
C 392
R
P 0000011092FFE630
P 0000011093061230
C 298
R
P 0000011092FFE630
C 392
R
P 0000011092FFE630
P 0000011093061230
C 9
R
P 0000011092FFE630
C 392
R
P 0000011092FFE630
I 274530
P 0000011093061230
C 159
= 00000110964277F0
R
P 0000011092FFE630
C 392
R
P 0000011092FFE630
P 00000110964277F0
C 298
R
P 0000011092FFE630
C 392
R
P 0000011092FFE630
P 00000110964277F0
C 295
= 0000011093061230
R
P 0000011092FFE630
C 392
R
P 0000011092FFE630
P 0000011093061230
C 249
R
P 0000011092FFE630
C 392
R
P 0000011092FFE630
P 00000110964277F0
C 301
R
P 0000011092FFE630
C 392
R
P 0000011092FFE630
P 00000110964277F0
C 300
R
P 0000011092FFE630
C 392
R
P 0000011092FFE630
P 00000110964277F0
C 299
R
P 0000011092FFE630
C 392
R
P 0000011092FFE630
P 00000110964277F0
C 9
R
P 0000011092FFE630
C 392
R
P 0000011092FFE630
P 000001109642E0B0
P 00000110964277F0
C 106
= 000001109950DE40
R
P 0000011092FFE630
C 392
R
P 0000011092FFE630
P 000001109950DE40
C 299
R
P 0000011092FFE630
C 392
R
P 0000011092FFE630
P 000001109950DE40
C 9
R
P 0000011092FFE630
C 392
R
P 0000011092FFE630
P 0000011099638210
P 000001109950DE40
C 489
R
P 0000011092FFE630
C 392
R
P 0000011092FFE630
U 32
C 37
= 0000011093061230
R
P 0000011092FFE630
C 392
R
P 0000011092FFE630
P 0000011093061230
C 298
R
P 0000011092FFE630
C 392
R
P 0000011092FFE630
P 0000011093061230
C 9
R
P 0000011092FFE630
C 392
R
P 0000011092FFE630
I 549061
P 0000011093061230
C 159
= 00000110964279F0
R
P 0000011092FFE630
C 392
R
P 0000011092FFE630
P 00000110964279F0
C 298
R
P 0000011092FFE630
C 392
R
P 0000011092FFE630
P 00000110964279F0
C 295
= 0000011093061230
R
P 0000011092FFE630
C 392
R
P 0000011092FFE630
P 0000011093061230
C 249
R
P 0000011092FFE630
C 392
R
P 0000011092FFE630
P 00000110964279F0
C 301
R
P 0000011092FFE630
C 392
R
P 0000011092FFE630
P 00000110964279F0
C 300
R
P 0000011092FFE630
C 392
R
P 0000011092FFE630
P 00000110964279F0
C 299
R
P 0000011092FFE630
C 392
R
P 0000011092FFE630
P 00000110964279F0
C 9
R
P 0000011092FFE630
C 392
R
P 0000011092FFE630
P 000001109642E0B0
P 00000110964279F0
C 106
= 0000011096158000
R
P 0000011092FFE630
C 392
R
P 0000011092FFE630
P 0000011096158000
C 299
R
P 0000011092FFE630
C 392
R
P 0000011092FFE630
P 0000011096158000
C 9
R
P 0000011092FFE630
C 392
R
P 0000011092FFE630
P 0000011099638210
P 0000011096158000
C 489
R
P 0000011092FFE630
C 392
R
P 0000011092FFE630
U 32
C 37
= 0000011093061230
R
P 0000011092FFE630
C 392
R
P 0000011092FFE630
P 0000011093061230
C 298
R
P 0000011092FFE630
C 392
R
P 0000011092FFE630
P 0000011093061230
C 9
R
P 0000011092FFE630
C 392
R
P 0000011092FFE630
I 1006653440
P 0000011093061230
C 159
= 00000110964278B0
R
P 0000011092FFE630
C 392
R
P 0000011092FFE630
P 00000110964278B0
C 298
R
P 0000011092FFE630
C 392
R
P 0000011092FFE630
P 00000110964278B0
C 295
= 0000011093061230
R
P 0000011092FFE630
C 392
R
P 0000011092FFE630
P 0000011093061230
C 249
R
P 0000011092FFE630
C 392
R
P 0000011092FFE630
P 00000110964278B0
C 301
R
P 0000011092FFE630
C 392
R
P 0000011092FFE630
P 00000110964278B0
C 300
R
P 0000011092FFE630
C 392
R
P 0000011092FFE630
P 00000110964278B0
C 299
R
P 0000011092FFE630
C 392
R
P 0000011092FFE630
P 00000110964278B0
C 9
R
P 0000011092FFE630
C 392
R
P 0000011092FFE630
P 000001109642E090
P 00000110964278B0
C 106
= 000001109957E2A8
R
P 0000011092FFE630
C 392
R
P 0000011092FFE630
P 000001109957E2A8
C 299
R
P 0000011092FFE630
C 392
R
P 0000011092FFE630
P 000001109957E2A8
C 9
R
P 0000011092FFE630
C 392
R
P 0000011092FFE630
P 0000011099638210
P 000001109957E2A8
C 489
R
P 0000011092FFE630
C 392
R
P 0000011092FFE630
U 32
C 37
= 0000011093061230
R
P 0000011092FFE630
C 392
R
P 0000011092FFE630
P 0000011093061230
C 298
R
P 0000011092FFE630
C 392
R
P 0000011092FFE630
P 0000011093061230
C 9
R
P 0000011092FFE630
C 392
R
P 0000011092FFE630
I 1140854916
P 0000011093061230
C 159
= 00000110964278D0
R
P 0000011092FFE630
C 392
R
P 0000011092FFE630
P 00000110964278D0
C 298
R
P 0000011092FFE630
C 392
R
P 0000011092FFE630
P 00000110964278D0
C 295
= 0000011093061230
R
P 0000011092FFE630
C 392
R
P 0000011092FFE630
P 0000011093061230
C 249
R
P 0000011092FFE630
C 392
R
P 0000011092FFE630
P 00000110964278D0
C 301
R
P 0000011092FFE630
C 392
R
P 0000011092FFE630
P 00000110964278D0
C 300
R
P 0000011092FFE630
C 392
R
P 0000011092FFE630
P 00000110964278D0
C 299
R
P 0000011092FFE630
C 392
R
P 0000011092FFE630
P 00000110964278D0
C 9
R
P 0000011092FFE630
C 392
R
P 0000011092FFE630
P 00000110964103E0
P 00000110964278D0
C 106
= 00000110995800F8
R
P 0000011092FFE630
C 392
R
P 0000011092FFE630
P 00000110995800F8
C 299
R
P 0000011092FFE630
C 392
R
P 0000011092FFE630
P 00000110995800F8
C 9
R
P 0000011092FFE630
C 392
R
P 0000011092FFE630
P 0000011099638210
P 00000110995800F8
C 489
R
P 0000011092FFE630
C 392
R
P 0000011092FFE630
P 0000011099638210
C 513
R
P 0000011092FFE630
C 392
R
P 0000011092FFE630
P 0000011099638210
C 518
= 000001109B07F390
R
P 0000011092FFE630
C 392
R
P 0000011092FFE630
P 000001109B07F390
C 344
R
P 0000011092FFE630
C 392
R
P 0000011092FFE630
P 000001109B07F390
C 381
R
P 0000011092FFE630
C 392
R
P 0000011092FFE630
P 0000011099638210
C 518
= 000001109B07F180
R
P 0000011092FFE630
C 392
R
P 0000011092FFE630
P 000001109B07F180
C 344
R
P 0000011092FFE630
C 392
R
P 0000011092FFE630
P 000001109B07F180
P 000001109642E0B0
I 0
P 0000000000000000
C 346
* 0000011096427850 4
R
P 0000011092FFE630
C 392
R
P 0000011092FFE630
P 0000011096427850
C 298
R
P 0000011092FFE630
C 392
R
P 0000011092FFE630
P 0000011096427850
C 295
= 0000011093061230
R
P 0000011092FFE630
C 392
R
P 0000011092FFE630
P 0000011093061230
C 249
R
P 0000011092FFE630
C 392
R
P 0000011092FFE630
P 0000011096427850
C 301
R
P 0000011092FFE630
C 392
R
P 0000011092FFE630
P 0000011096427850
C 300
R
P 0000011092FFE630
C 392
R
P 0000011092FFE630
P 0000011096427850
C 299
R
P 0000011092FFE630
C 392
R
P 0000011092FFE630
P 0000011096427850
C 9
R
P 0000011092FFE630
C 392
R
P 0000011092FFE630
P 0000011096427850
I 0
C 311
R
P 0000011092FFE630
C 392
R
P 0000011092FFE630
P 0000011099638210
C 518
= 000001109B07EC10
R
P 0000011092FFE630
C 392
R
P 0000011092FFE630
P 000001109B07EC10
C 344
R
P 0000011092FFE630
C 392
R
P 0000011092FFE630
P 000001109B07EC10
P 000001109642E090
I 0
P 0000000000000000
C 346
* 0000011096427890 4
R
P 0000011092FFE630
C 392
R
P 0000011092FFE630
P 0000011096427890
C 298
R
P 0000011092FFE630
C 392
R
P 0000011092FFE630
P 0000011096427890
C 295
= 0000011093061230
R
P 0000011092FFE630
C 392
R
P 0000011092FFE630
P 0000011093061230
C 249
R
P 0000011092FFE630
C 392
R
P 0000011092FFE630
P 0000011096427890
C 301
R
P 0000011092FFE630
C 392
R
P 0000011092FFE630
P 0000011096427890
C 300
R
P 0000011092FFE630
C 392
R
P 0000011092FFE630
P 0000011096427890
C 299
R
P 0000011092FFE630
C 392
R
P 0000011092FFE630
P 0000011096427890
C 9
R
P 0000011092FFE630
C 392
R
P 0000011092FFE630
P 0000011096427890
I 0
C 311
R
P 0000011092FFE630
C 392
R
P 0000011092FFE630
P 0000011099638210
C 518
= 000001109B07EDF0
R
P 0000011092FFE630
C 392
R
P 0000011092FFE630
P 000001109B07EDF0
C 344
R
P 0000011092FFE630
C 392
R
P 0000011092FFE630
P 000001109B07EDF0
P 00000110964103E0
I 0
P 0000000000000000
C 346
* 0000011096427870 4
R
P 0000011092FFE630
C 392
R
P 0000011092FFE630
P 0000011096427870
C 298
R
P 0000011092FFE630
C 392
R
P 0000011092FFE630
P 0000011096427870
C 295
= 0000011093061230
R
P 0000011092FFE630
C 392
R
P 0000011092FFE630
P 0000011093061230
C 249
R
P 0000011092FFE630
C 392
R
P 0000011092FFE630
P 0000011096427870
C 301
R
P 0000011092FFE630
C 392
R
P 0000011092FFE630
P 0000011096427870
C 300
R
P 0000011092FFE630
C 392
R
P 0000011092FFE630
P 0000011096427870
C 299
R
P 0000011092FFE630
C 392
R
P 0000011092FFE630
P 0000011096427870
C 9
R
P 0000011092FFE630
C 392
R
P 0000011092FFE630
P 0000011096427870
I 0
C 311
R
P 0000011092FFE630
C 392
R
P 0000011092FFE630
U 32
C 37
= 0000011093061230
R
P 0000011092FFE630
C 392
R
P 0000011092FFE630
P 0000011093061230
C 298
R
P 0000011092FFE630
C 392
R
P 0000011092FFE630
P 0000011093061230
C 9
R
P 0000011092FFE630
C 392
R
P 0000011092FFE630
I 14450
P 0000011093061230
C 159
= 0000011096427630
R
P 0000011092FFE630
C 392
R
P 0000011092FFE630
P 0000011096427630
C 298
R
P 0000011092FFE630
C 392
R
P 0000011092FFE630
P 0000011096427630
C 295
= 0000011093061230
R
P 0000011092FFE630
C 392
R
P 0000011092FFE630
P 0000011093061230
C 249
R
P 0000011092FFE630
C 392
R
P 0000011092FFE630
P 0000011096427630
C 301
R
P 0000011092FFE630
C 392
R
P 0000011092FFE630
P 0000011096427630
C 300
R
P 0000011092FFE630
C 392
R
P 0000011092FFE630
P 0000011096427630
C 299
R
P 0000011092FFE630
C 392
R
P 0000011092FFE630
P 0000011096427630
C 9
R
P 0000011092FFE630
C 392
R
P 0000011092FFE630
P 000001109642E0B0
P 0000011096427630
C 106
= 000001109614AEE0
R
P 0000011092FFE630
C 392
R
P 0000011092FFE630
P 000001109614AEE0
C 299
R
P 0000011092FFE630
C 392
R
P 0000011092FFE630
P 000001109614AEE0
C 9
R
P 0000011092FFE630
C 392
R
P 0000011092FFE630
P 0000011099638210
P 000001109614AEE0
C 489
R
P 0000011092FFE630
C 392
R
P 0000011092FFE630
U 32
C 37
= 0000011093061230
R
P 0000011092FFE630
C 392
R
P 0000011092FFE630
P 0000011093061230
C 298
R
P 0000011092FFE630
C 392
R
P 0000011092FFE630
P 0000011093061230
C 9
R
P 0000011092FFE630
C 392
R
P 0000011092FFE630
I 28901
P 0000011093061230
C 159
= 0000011096427850
R
P 0000011092FFE630
C 392
R
P 0000011092FFE630
P 0000011096427850
C 298
R
P 0000011092FFE630
C 392
R
P 0000011092FFE630
P 0000011096427850
C 295
= 0000011093061230
R
P 0000011092FFE630
C 392
R
P 0000011092FFE630
P 0000011093061230
C 249
R
P 0000011092FFE630
C 392
R
P 0000011092FFE630
P 0000011096427850
C 301
R
P 0000011092FFE630
C 392
R
P 0000011092FFE630
P 0000011096427850
C 300
R
P 0000011092FFE630
C 392
R
P 0000011092FFE630
P 0000011096427850
C 299
R
P 0000011092FFE630
C 392
R
P 0000011092FFE630
P 0000011096427850
C 9
R
P 0000011092FFE630
C 392
R
P 0000011092FFE630
P 000001109642E0B0
P 0000011096427850
C 106
= 00000110995822C8
R
P 0000011092FFE630
C 392
R
P 0000011092FFE630
P 00000110995822C8
C 299
R
P 0000011092FFE630
C 392
R
P 0000011092FFE630
P 00000110995822C8
C 9
R
P 0000011092FFE630
C 392
R
P 0000011092FFE630
P 0000011099638210
P 00000110995822C8
C 489
R
P 0000011092FFE630
C 392
R
P 0000011092FFE630
U 32
C 37
= 0000011093061230
R
P 0000011092FFE630
C 392
R
P 0000011092FFE630
P 0000011093061230
C 298
R
P 0000011092FFE630
C 392
R
P 0000011092FFE630
P 0000011093061230
C 9
R
P 0000011092FFE630
C 392
R
P 0000011092FFE630
I 469784576
P 0000011093061230
C 159
= 0000011096427890
R
P 0000011092FFE630
C 392
R
P 0000011092FFE630
P 0000011096427890
C 298
R
P 0000011092FFE630
C 392
R
P 0000011092FFE630
P 0000011096427890
C 295
= 0000011093061230
R
P 0000011092FFE630
C 392
R
P 0000011092FFE630
P 0000011093061230
C 249
R
P 0000011092FFE630
C 392
R
P 0000011092FFE630
P 0000011096427890
C 301
R
P 0000011092FFE630
C 392
R
P 0000011092FFE630
P 0000011096427890
C 300
R
P 0000011092FFE630
C 392
R
P 0000011092FFE630
P 0000011096427890
C 299
R
P 0000011092FFE630
C 392
R
P 0000011092FFE630
P 0000011096427890
C 9
R
P 0000011092FFE630
C 392
R
P 0000011092FFE630
P 000001109642E090
P 0000011096427890
C 106
= 0000011099511F40
R
P 0000011092FFE630
C 392
R
P 0000011092FFE630
P 0000011099511F40
C 299
R
P 0000011092FFE630
C 392
R
P 0000011092FFE630
P 0000011099511F40
C 9
R
P 0000011092FFE630
C 392
R
P 0000011092FFE630
P 0000011099638210
P 0000011099511F40
C 489
R
P 0000011092FFE630
C 392
R
P 0000011092FFE630
U 32
C 37
= 0000011093061230
R
P 0000011092FFE630
C 392
R
P 0000011092FFE630
P 0000011093061230
C 298
R
P 0000011092FFE630
C 392
R
P 0000011092FFE630
P 0000011093061230
C 9
R
P 0000011092FFE630
C 392
R
P 0000011092FFE630
I 603986052
P 0000011093061230
C 159
= 0000011096427870
R
P 0000011092FFE630
C 392
R
P 0000011092FFE630
P 0000011096427870
C 298
R
P 0000011092FFE630
C 392
R
P 0000011092FFE630
P 0000011096427870
C 295
= 0000011093061230
R
P 0000011092FFE630
C 392
R
P 0000011092FFE630
P 0000011093061230
C 249
R
P 0000011092FFE630
C 392
R
P 0000011092FFE630
P 0000011096427870
C 301
R
P 0000011092FFE630
C 392
R
P 0000011092FFE630
P 0000011096427870
C 300
R
P 0000011092FFE630
C 392
R
P 0000011092FFE630
P 0000011096427870
C 299
R
P 0000011092FFE630
C 392
R
P 0000011092FFE630
P 0000011096427870
C 9
R
P 0000011092FFE630
C 392
R
P 0000011092FFE630
P 00000110964103E0
P 0000011096427870
C 106
= 000001109623C288
R
P 0000011092FFE630
C 392
R
P 0000011092FFE630
P 000001109623C288
C 299
R
P 0000011092FFE630
C 392
R
P 0000011092FFE630
P 000001109623C288
C 9
R
P 0000011092FFE630
C 392
R
P 0000011092FFE630
P 0000011099638210
P 000001109623C288
C 489
R
P 0000011092FFE630
C 392
R
P 0000011092FFE630
P 0000011099638210
C 513
R
P 0000011092FFE630
C 392
R
P 0000011092FFE630
P 0000011099638210
C 518
= 000001109B07F870
R
P 0000011092FFE630
C 392
R
P 0000011092FFE630
P 000001109B07F870
C 344
R
P 0000011092FFE630
C 392
R
P 0000011092FFE630
P 000001109B07F870
C 381
R
P 0000011092FFE630
C 392
R
P 0000011092FFE630
P 0000011099638210
C 518
= 000001109B080B90
R
P 0000011092FFE630
C 392
R
P 0000011092FFE630
P 000001109B080B90
C 344
R
P 0000011092FFE630
C 392
R
P 0000011092FFE630
P 000001109B080B90
P 000001109642E0B0
I 0
P 0000000000000000
C 346
* 0000011096427650 4
R
P 0000011092FFE630
C 392
R
P 0000011092FFE630
P 0000011096427650
C 298
R
P 0000011092FFE630
C 392
R
P 0000011092FFE630
P 0000011096427650
C 295
= 0000011093061230
R
P 0000011092FFE630
C 392
R
P 0000011092FFE630
P 0000011093061230
C 249
R
P 0000011092FFE630
C 392
R
P 0000011092FFE630
P 0000011096427650
C 301
R
P 0000011092FFE630
C 392
R
P 0000011092FFE630
P 0000011096427650
C 300
R
P 0000011092FFE630
C 392
R
P 0000011092FFE630
P 0000011096427650
C 299
R
P 0000011092FFE630
C 392
R
P 0000011092FFE630
P 0000011096427650
C 9
R
P 0000011092FFE630
C 392
R
P 0000011092FFE630
P 0000011096427650
I 0
C 311
R
P 0000011092FFE630
C 392
R
P 0000011092FFE630
P 0000011099638210
C 518
= 000001109B080860
R
P 0000011092FFE630
C 392
R
P 0000011092FFE630
P 000001109B080860
C 344
R
P 0000011092FFE630
C 392
R
P 0000011092FFE630
P 000001109B080860
P 000001109642E090
I 0
P 0000000000000000
C 346
* 0000011096427690 4
R
P 0000011092FFE630
C 392
R
P 0000011092FFE630
P 0000011096427690
C 298
R
P 0000011092FFE630
C 392
R
P 0000011092FFE630
P 0000011096427690
C 295
= 0000011093061230
R
P 0000011092FFE630
C 392
R
P 0000011092FFE630
P 0000011093061230
C 249
R
P 0000011092FFE630
C 392
R
P 0000011092FFE630
P 0000011096427690
C 301
R
P 0000011092FFE630
C 392
R
P 0000011092FFE630
P 0000011096427690
C 300
R
P 0000011092FFE630
C 392
R
P 0000011092FFE630
P 0000011096427690
C 299
R
P 0000011092FFE630
C 392
R
P 0000011092FFE630
P 0000011096427690
C 9
R
P 0000011092FFE630
C 392
R
P 0000011092FFE630
P 0000011096427690
I 0
C 311
R
P 0000011092FFE630
C 392
R
P 0000011092FFE630
P 0000011099638210
C 518
= 000001109B080890
R
P 0000011092FFE630
C 392
R
P 0000011092FFE630
P 000001109B080890
C 344
R
P 0000011092FFE630
C 392
R
P 0000011092FFE630
P 000001109B080890
P 00000110964103E0
I 0
P 0000000000000000
C 346
* 0000011096427670 4
R
P 0000011092FFE630
C 392
R
P 0000011092FFE630
P 0000011096427670
C 298
R
P 0000011092FFE630
C 392
R
P 0000011092FFE630
P 0000011096427670
C 295
= 0000011093061230
R
P 0000011092FFE630
C 392
R
P 0000011092FFE630
P 0000011093061230
C 249
R
P 0000011092FFE630
C 392
R
P 0000011092FFE630
P 0000011096427670
C 301
R
P 0000011092FFE630
C 392
R
P 0000011092FFE630
P 0000011096427670
C 300
R
P 0000011092FFE630
C 392
R
P 0000011092FFE630
P 0000011096427670
C 299
R
P 0000011092FFE630
C 392
R
P 0000011092FFE630
P 0000011096427670
C 9
R
P 0000011092FFE630
C 392
R
P 0000011092FFE630
P 0000011096427670
I 0
C 311
R
P 0000011092FFE630
C 392
R
P 0000011092FFE630
U 32
C 37
= 0000011093061230
R
P 0000011092FFE630
C 392
R
P 0000011092FFE630
P 0000011093061230
C 298
R
P 0000011092FFE630
C 392
R
P 0000011092FFE630
P 0000011093061230
C 9
R
P 0000011092FFE630
C 392
R
P 0000011092FFE630
I 6770
P 0000011093061230
C 159
= 0000011096427430
R
P 0000011092FFE630
C 392
R
P 0000011092FFE630
P 0000011096427430
C 298
R
P 0000011092FFE630
C 392
R
P 0000011092FFE630
P 0000011096427430
C 295
= 0000011093061230
R
P 0000011092FFE630
C 392
R
P 0000011092FFE630
P 0000011093061230
C 249
R
P 0000011092FFE630
C 392
R
P 0000011092FFE630
P 0000011096427430
C 301
R
P 0000011092FFE630
C 392
R
P 0000011092FFE630
P 0000011096427430
C 300
R
P 0000011092FFE630
C 392
R
P 0000011092FFE630
P 0000011096427430
C 299
R
P 0000011092FFE630
C 392
R
P 0000011092FFE630
P 0000011096427430
C 9
R
P 0000011092FFE630
C 392
R
P 0000011092FFE630
P 000001109642E0B0
P 0000011096427430
C 106
= 000001109957E158
R
P 0000011092FFE630
C 392
R
P 0000011092FFE630
P 000001109957E158
C 299
R
P 0000011092FFE630
C 392
R
P 0000011092FFE630
P 000001109957E158
C 9
R
P 0000011092FFE630
C 392
R
P 0000011092FFE630
P 0000011099638210
P 000001109957E158
C 489
R
P 0000011092FFE630
C 392
R
P 0000011092FFE630
U 32
C 37
= 0000011093061230
R
P 0000011092FFE630
C 392
R
P 0000011092FFE630
P 0000011093061230
C 298
R
P 0000011092FFE630
C 392
R
P 0000011092FFE630
P 0000011093061230
C 9
R
P 0000011092FFE630
C 392
R
P 0000011092FFE630
I 13541
P 0000011093061230
C 159
= 0000011096427650
R
P 0000011092FFE630
C 392
R
P 0000011092FFE630
P 0000011096427650
C 298
R
P 0000011092FFE630
C 392
R
P 0000011092FFE630
P 0000011096427650
C 295
= 0000011093061230
R
P 0000011092FFE630
C 392
R
P 0000011092FFE630
P 0000011093061230
C 249
R
P 0000011092FFE630
C 392
R
P 0000011092FFE630
P 0000011096427650
C 301
R
P 0000011092FFE630
C 392
R
P 0000011092FFE630
P 0000011096427650
C 300
R
P 0000011092FFE630
C 392
R
P 0000011092FFE630
P 0000011096427650
C 299
R
P 0000011092FFE630
C 392
R
P 0000011092FFE630
P 0000011096427650
C 9
R
P 0000011092FFE630
C 392
R
P 0000011092FFE630
P 000001109642E0B0
P 0000011096427650
C 106
= 000001109957FF38
R
P 0000011092FFE630
C 392
R
P 0000011092FFE630
P 000001109957FF38
C 299
R
P 0000011092FFE630
C 392
R
P 0000011092FFE630
P 000001109957FF38
C 9
R
P 0000011092FFE630
C 392
R
P 0000011092FFE630
P 0000011099638210
P 000001109957FF38
C 489
R
P 0000011092FFE630
C 392
R
P 0000011092FFE630
U 32
C 37
= 0000011093061230
R
P 0000011092FFE630
C 392
R
P 0000011092FFE630
P 0000011093061230
C 298
R
P 0000011092FFE630
C 392
R
P 0000011092FFE630
P 0000011093061230
C 9
R
P 0000011092FFE630
C 392
R
P 0000011092FFE630
I 71321600
P 0000011093061230
C 159
= 0000011096427690
R
P 0000011092FFE630
C 392
R
P 0000011092FFE630
P 0000011096427690
C 298
R
P 0000011092FFE630
C 392
R
P 0000011092FFE630
P 0000011096427690
C 295
= 0000011093061230
R
P 0000011092FFE630
C 392
R
P 0000011092FFE630
P 0000011093061230
C 249
R
P 0000011092FFE630
C 392
R
P 0000011092FFE630
P 0000011096427690
C 301
R
P 0000011092FFE630
C 392
R
P 0000011092FFE630
P 0000011096427690
C 300
R
P 0000011092FFE630
C 392
R
P 0000011092FFE630
P 0000011096427690
C 299
R
P 0000011092FFE630
C 392
R
P 0000011092FFE630
P 0000011096427690
C 9
R
P 0000011092FFE630
C 392
R
P 0000011092FFE630
P 000001109642E090
P 0000011096427690
C 106
= 0000011099582220
R
P 0000011092FFE630
C 392
R
P 0000011092FFE630
P 0000011099582220
C 299
R
P 0000011092FFE630
C 392
R
P 0000011092FFE630
P 0000011099582220
C 9
R
P 0000011092FFE630
C 392
R
P 0000011092FFE630
P 0000011099638210
P 0000011099582220
C 489
R
P 0000011092FFE630
C 392
R
P 0000011092FFE630
U 32
C 37
= 0000011093061230
R
P 0000011092FFE630
C 392
R
P 0000011092FFE630
P 0000011093061230
C 298
R
P 0000011092FFE630
C 392
R
P 0000011092FFE630
P 0000011093061230
C 9
R
P 0000011092FFE630
C 392
R
P 0000011092FFE630
I 201336964
P 0000011093061230
C 159
= 0000011096427670
R
P 0000011092FFE630
C 392
R
P 0000011092FFE630
P 0000011096427670
C 298
R
P 0000011092FFE630
C 392
R
P 0000011092FFE630
P 0000011096427670
C 295
= 0000011093061230
R
P 0000011092FFE630
C 392
R
P 0000011092FFE630
P 0000011093061230
C 249
R
P 0000011092FFE630
C 392
R
P 0000011092FFE630
P 0000011096427670
C 301
R
P 0000011092FFE630
C 392
R
P 0000011092FFE630
P 0000011096427670
C 300
R
P 0000011092FFE630
C 392
R
P 0000011092FFE630
P 0000011096427670
C 299
R
P 0000011092FFE630
C 392
R
P 0000011092FFE630
P 0000011096427670
C 9
R
P 0000011092FFE630
C 392
R
P 0000011092FFE630
P 00000110964103E0
P 0000011096427670
C 106
= 000001109951BC48
R
P 0000011092FFE630
C 392
R
P 0000011092FFE630
P 000001109951BC48
C 299
R
P 0000011092FFE630
C 392
R
P 0000011092FFE630
P 000001109951BC48
C 9
R
P 0000011092FFE630
C 392
R
P 0000011092FFE630
P 0000011099638210
P 000001109951BC48
C 489
R
P 0000011092FFE630
C 392
R
P 0000011092FFE630
P 0000011099638210
C 513
R
P 0000011092FFE630
C 392
R
P 0000011092FFE630
P 0000011099638210
C 518
= 000001109B080620
R
P 0000011092FFE630
C 392
R
P 0000011092FFE630
P 000001109B080620
C 344
R
P 0000011092FFE630
C 392
R
P 0000011092FFE630
P 000001109B080620
C 381
R
P 0000011092FFE630
C 392
R
P 0000011092FFE630
P 0000011099638210
C 518
= 000001109B080CB0
R
P 0000011092FFE630
C 392
R
P 0000011092FFE630
P 000001109B080CB0
C 344
R
P 0000011092FFE630
C 392
R
P 0000011092FFE630
P 000001109B080CB0
P 000001109642E0B0
I 0
P 0000000000000000
C 346
* 0000011096427450 4
R
P 0000011092FFE630
C 392
R
P 0000011092FFE630
P 0000011096427450
C 298
R
P 0000011092FFE630
C 392
R
P 0000011092FFE630
P 0000011096427450
C 295
= 0000011093061230
R
P 0000011092FFE630
C 392
R
P 0000011092FFE630
P 0000011093061230
C 249
R
P 0000011092FFE630
C 392
R
P 0000011092FFE630
P 0000011096427450
C 301
R
P 0000011092FFE630
C 392
R
P 0000011092FFE630
P 0000011096427450
C 300
R
P 0000011092FFE630
C 392
R
P 0000011092FFE630
P 0000011096427450
C 299
R
P 0000011092FFE630
C 392
R
P 0000011092FFE630
P 0000011096427450
C 9
R
P 0000011092FFE630
C 392
R
P 0000011092FFE630
P 0000011096427450
I 0
C 311
R
P 0000011092FFE630
C 392
R
P 0000011092FFE630
P 0000011099638210
C 518
= 000001109B080D10
R
P 0000011092FFE630
C 392
R
P 0000011092FFE630
P 000001109B080D10
C 344
R
P 0000011092FFE630
C 392
R
P 0000011092FFE630
P 000001109B080D10
P 000001109642E090
I 0
P 0000000000000000
C 346
* 0000011096427690 4
R
P 0000011092FFE630
C 392
R
P 0000011092FFE630
P 0000011096427690
C 298
R
P 0000011092FFE630
C 392
R
P 0000011092FFE630
P 0000011096427690
C 295
= 0000011093061230
R
P 0000011092FFE630
C 392
R
P 0000011092FFE630
P 0000011093061230
C 249
R
P 0000011092FFE630
C 392
R
P 0000011092FFE630
P 0000011096427690
C 301
R
P 0000011092FFE630
C 392
R
P 0000011092FFE630
P 0000011096427690
C 300
R
P 0000011092FFE630
C 392
R
P 0000011092FFE630
P 0000011096427690
C 299
R
P 0000011092FFE630
C 392
R
P 0000011092FFE630
P 0000011096427690
C 9
R
P 0000011092FFE630
C 392
R
P 0000011092FFE630
P 0000011096427690
I 0
C 311
R
P 0000011092FFE630
C 392
R
P 0000011092FFE630
P 0000011099638210
C 518
= 000001109B080C80
R
P 0000011092FFE630
C 392
R
P 0000011092FFE630
P 000001109B080C80
C 344
R
P 0000011092FFE630
C 392
R
P 0000011092FFE630
P 000001109B080C80
P 00000110964103E0
I 0
P 0000000000000000
C 346
* 0000011096427470 4
R
P 0000011092FFE630
C 392
R
P 0000011092FFE630
P 0000011096427470
C 298
R
P 0000011092FFE630
C 392
R
P 0000011092FFE630
P 0000011096427470
C 295
= 0000011093061230
R
P 0000011092FFE630
C 392
R
P 0000011092FFE630
P 0000011093061230
C 249
R
P 0000011092FFE630
C 392
R
P 0000011092FFE630
P 0000011096427470
C 301
R
P 0000011092FFE630
C 392
R
P 0000011092FFE630
P 0000011096427470
C 300
R
P 0000011092FFE630
C 392
R
P 0000011092FFE630
P 0000011096427470
C 299
R
P 0000011092FFE630
C 392
R
P 0000011092FFE630
P 0000011096427470
C 9
R
P 0000011092FFE630
C 392
R
P 0000011092FFE630
P 0000011096427470
I 0
C 311
R
P 0000011092FFE630
C 392
R
P 0000011092FFE630
U 32
C 37
= 0000011093061230
R
P 0000011092FFE630
C 392
R
P 0000011092FFE630
P 0000011093061230
C 298
R
P 0000011092FFE630
C 392
R
P 0000011092FFE630
P 0000011093061230
C 9
R
P 0000011092FFE630
C 392
R
P 0000011092FFE630
I 2674
P 0000011093061230
C 159
= 00000110964272B0
R
P 0000011092FFE630
C 392
R
P 0000011092FFE630
P 00000110964272B0
C 298
R
P 0000011092FFE630
C 392
R
P 0000011092FFE630
P 00000110964272B0
C 295
= 0000011093061230
R
P 0000011092FFE630
C 392
R
P 0000011092FFE630
P 0000011093061230
C 249
R
P 0000011092FFE630
C 392
R
P 0000011092FFE630
P 00000110964272B0
C 301
R
P 0000011092FFE630
C 392
R
P 0000011092FFE630
P 00000110964272B0
C 300
R
P 0000011092FFE630
C 392
R
P 0000011092FFE630
P 00000110964272B0
C 299
R
P 0000011092FFE630
C 392
R
P 0000011092FFE630
P 00000110964272B0
C 9
R
P 0000011092FFE630
C 392
R
P 0000011092FFE630
P 000001109642E0B0
P 00000110964272B0
C 106
= 0000011099501BB0
R
P 0000011092FFE630
C 392
R
P 0000011092FFE630
P 0000011099501BB0
C 299
R
P 0000011092FFE630
C 392
R
P 0000011092FFE630
P 0000011099501BB0
C 9
R
P 0000011092FFE630
C 392
R
P 0000011092FFE630
P 0000011099638210
P 0000011099501BB0
C 489
R
P 0000011092FFE630
C 392
R
P 0000011092FFE630
U 32
C 37
= 0000011093061230
R
P 0000011092FFE630
C 392
R
P 0000011092FFE630
P 0000011093061230
C 298
R
P 0000011092FFE630
C 392
R
P 0000011092FFE630
P 0000011093061230
C 9
R
P 0000011092FFE630
C 392
R
P 0000011092FFE630
I 5349
P 0000011093061230
C 159
= 0000011096427450
R
P 0000011092FFE630
C 392
R
P 0000011092FFE630
P 0000011096427450
C 298
R
P 0000011092FFE630
C 392
R
P 0000011092FFE630
P 0000011096427450
C 295
= 0000011093061230
R
P 0000011092FFE630
C 392
R
P 0000011092FFE630
P 0000011093061230
C 249
R
P 0000011092FFE630
C 392
R
P 0000011092FFE630
P 0000011096427450
C 301
R
P 0000011092FFE630
C 392
R
P 0000011092FFE630
P 0000011096427450
C 300
R
P 0000011092FFE630
C 392
R
P 0000011092FFE630
P 0000011096427450
C 299
R
P 0000011092FFE630
C 392
R
P 0000011092FFE630
P 0000011096427450
C 9
R
P 0000011092FFE630
C 392
R
P 0000011092FFE630
P 000001109642E0B0
P 0000011096427450
C 106
= 00000110995069F0
R
P 0000011092FFE630
C 392
R
P 0000011092FFE630
P 00000110995069F0
C 299
R
P 0000011092FFE630
C 392
R
P 0000011092FFE630
P 00000110995069F0
C 9
R
P 0000011092FFE630
C 392
R
P 0000011092FFE630
P 0000011099638210
P 00000110995069F0
C 489
R
P 0000011092FFE630
C 392
R
P 0000011092FFE630
U 32
C 37
= 0000011093061230
R
P 0000011092FFE630
C 392
R
P 0000011092FFE630
P 0000011093061230
C 298
R
P 0000011092FFE630
C 392
R
P 0000011092FFE630
P 0000011093061230
C 9
R
P 0000011092FFE630
C 392
R
P 0000011092FFE630
I 71321600
P 0000011093061230
C 159
= 0000011096427690
R
P 0000011092FFE630
C 392
R
P 0000011092FFE630
P 0000011096427690
C 298
R
P 0000011092FFE630
C 392
R
P 0000011092FFE630
P 0000011096427690
C 295
= 0000011093061230
R
P 0000011092FFE630
C 392
R
P 0000011092FFE630
P 0000011093061230
C 249
R
P 0000011092FFE630
C 392
R
P 0000011092FFE630
P 0000011096427690
C 301
R
P 0000011092FFE630
C 392
R
P 0000011092FFE630
P 0000011096427690
C 300
R
P 0000011092FFE630
C 392
R
P 0000011092FFE630
P 0000011096427690
C 299
R
P 0000011092FFE630
C 392
R
P 0000011092FFE630
P 0000011096427690
C 9
R
P 0000011092FFE630
C 392
R
P 0000011092FFE630
P 000001109642E090
P 0000011096427690
C 106
= 0000011099582220
R
P 0000011092FFE630
C 392
R
P 0000011092FFE630
P 0000011099582220
C 299
R
P 0000011092FFE630
C 392
R
P 0000011092FFE630
P 0000011099582220
C 9
R
P 0000011092FFE630
C 392
R
P 0000011092FFE630
P 0000011099638210
P 0000011099582220
C 489
R
P 0000011092FFE630
C 392
R
P 0000011092FFE630
U 32
C 37
= 0000011093061230
R
P 0000011092FFE630
C 392
R
P 0000011092FFE630
P 0000011093061230
C 298
R
P 0000011092FFE630
C 392
R
P 0000011092FFE630
P 0000011093061230
C 9
R
P 0000011092FFE630
C 392
R
P 0000011092FFE630
I 67119268
P 0000011093061230
C 159
= 0000011096427470
R
P 0000011092FFE630
C 392
R
P 0000011092FFE630
P 0000011096427470
C 298
R
P 0000011092FFE630
C 392
R
P 0000011092FFE630
P 0000011096427470
C 295
= 0000011093061230
R
P 0000011092FFE630
C 392
R
P 0000011092FFE630
P 0000011093061230
C 249
R
P 0000011092FFE630
C 392
R
P 0000011092FFE630
P 0000011096427470
C 301
R
P 0000011092FFE630
C 392
R
P 0000011092FFE630
P 0000011096427470
C 300
R
P 0000011092FFE630
C 392
R
P 0000011092FFE630
P 0000011096427470
C 299
R
P 0000011092FFE630
C 392
R
P 0000011092FFE630
P 0000011096427470
C 9
R
P 0000011092FFE630
C 392
R
P 0000011092FFE630
P 00000110964103E0
P 0000011096427470
C 106
= 000001109950DC80
R
P 0000011092FFE630
C 392
R
P 0000011092FFE630
P 000001109950DC80
C 299
R
P 0000011092FFE630
C 392
R
P 0000011092FFE630
P 000001109950DC80
C 9
R
P 0000011092FFE630
C 392
R
P 0000011092FFE630
P 0000011099638210
P 000001109950DC80
C 489
R
P 0000011092FFE630
C 392
R
P 0000011092FFE630
P 0000011099638210
C 513
R
P 0000011092FFE630
C 392
R
P 0000011092FFE630
P 0000011099638210
C 518
= 000001109B07B9A0
R
P 0000011092FFE630
C 392
R
P 0000011092FFE630
P 000001109B07B9A0
C 344
R
P 0000011092FFE630
C 392
R
P 0000011092FFE630
P 000001109B07B9A0
C 381
R
P 0000011092FFE630
C 392
R
P 0000011092FFE630
P 0000011099638210
C 518
= 000001109B07BFA0
R
P 0000011092FFE630
C 392
R
P 0000011092FFE630
P 000001109B07BFA0
C 344
R
P 0000011092FFE630
C 392
R
P 0000011092FFE630
P 000001109B07BFA0
P 000001109642E0B0
I 0
P 0000000000000000
C 346
* 00000110964272D0 4
R
P 0000011092FFE630
C 392
R
P 0000011092FFE630
P 00000110964272D0
C 298
R
P 0000011092FFE630
C 392
R
P 0000011092FFE630
P 00000110964272D0
C 295
= 0000011093061230
R
P 0000011092FFE630
C 392
R
P 0000011092FFE630
P 0000011093061230
C 249
R
P 0000011092FFE630
C 392
R
P 0000011092FFE630
P 00000110964272D0
C 301
R
P 0000011092FFE630
C 392
R
P 0000011092FFE630
P 00000110964272D0
C 300
R
P 0000011092FFE630
C 392
R
P 0000011092FFE630
P 00000110964272D0
C 299
R
P 0000011092FFE630
C 392
R
P 0000011092FFE630
P 00000110964272D0
C 9
R
P 0000011092FFE630
C 392
R
P 0000011092FFE630
P 00000110964272D0
I 0
C 311
R
P 0000011092FFE630
C 392
R
P 0000011092FFE630
P 0000011099638210
C 518
= 000001109B07C0F0
R
P 0000011092FFE630
C 392
R
P 0000011092FFE630
P 000001109B07C0F0
C 344
R
P 0000011092FFE630
C 392
R
P 0000011092FFE630
P 000001109B07C0F0
P 000001109642E090
I 0
P 0000000000000000
C 346
* 0000011096427690 4
R
P 0000011092FFE630
C 392
R
P 0000011092FFE630
P 0000011096427690
C 298
R
P 0000011092FFE630
C 392
R
P 0000011092FFE630
P 0000011096427690
C 295
= 0000011093061230
R
P 0000011092FFE630
C 392
R
P 0000011092FFE630
P 0000011093061230
C 249
R
P 0000011092FFE630
C 392
R
P 0000011092FFE630
P 0000011096427690
C 301
R
P 0000011092FFE630
C 392
R
P 0000011092FFE630
P 0000011096427690
C 300
R
P 0000011092FFE630
C 392
R
P 0000011092FFE630
P 0000011096427690
C 299
R
P 0000011092FFE630
C 392
R
P 0000011092FFE630
P 0000011096427690
C 9
R
P 0000011092FFE630
C 392
R
P 0000011092FFE630
P 0000011096427690
I 0
C 311
R
P 0000011092FFE630
C 392
R
P 0000011092FFE630
P 0000011099638210
C 518
= 000001109B07C3C0
R
P 0000011092FFE630
C 392
R
P 0000011092FFE630
P 000001109B07C3C0
C 344
R
P 0000011092FFE630
C 392
R
P 0000011092FFE630
P 000001109B07C3C0
P 00000110964103E0
I 0
P 0000000000000000
C 346
* 0000011096427310 4
R
P 0000011092FFE630
C 392
R
P 0000011092FFE630
P 0000011096427310
C 298
R
P 0000011092FFE630
C 392
R
P 0000011092FFE630
P 0000011096427310
C 295
= 0000011093061230
R
P 0000011092FFE630
C 392
R
P 0000011092FFE630
P 0000011093061230
C 249
R
P 0000011092FFE630
C 392
R
P 0000011092FFE630
P 0000011096427310
C 301
R
P 0000011092FFE630
C 392
R
P 0000011092FFE630
P 0000011096427310
C 300
R
P 0000011092FFE630
C 392
R
P 0000011092FFE630
P 0000011096427310
C 299
R
P 0000011092FFE630
C 392
R
P 0000011092FFE630
P 0000011096427310
C 9
R
P 0000011092FFE630
C 392
R
P 0000011092FFE630
P 0000011096427310
I 0
C 311
R
P 0000011092FFE630
C 392
R
P 0000011092FFE630
U 32
C 37
= 0000011093061230
R
P 0000011092FFE630
C 392
R
P 0000011092FFE630
P 0000011093061230
C 298
R
P 0000011092FFE630
C 392
R
P 0000011092FFE630
P 0000011093061230
C 9
R
P 0000011092FFE630
C 392
R
P 0000011092FFE630
I 626
P 0000011093061230
C 159
= 0000011096427190
R
P 0000011092FFE630
C 392
R
P 0000011092FFE630
P 0000011096427190
C 298
R
P 0000011092FFE630
C 392
R
P 0000011092FFE630
P 0000011096427190
C 295
= 0000011093061230
R
P 0000011092FFE630
C 392
R
P 0000011092FFE630
P 0000011093061230
C 249
R
P 0000011092FFE630
C 392
R
P 0000011092FFE630
P 0000011096427190
C 301
R
P 0000011092FFE630
C 392
R
P 0000011092FFE630
P 0000011096427190
C 300
R
P 0000011092FFE630
C 392
R
P 0000011092FFE630
P 0000011096427190
C 299
R
P 0000011092FFE630
C 392
R
P 0000011092FFE630
P 0000011096427190
C 9
R
P 0000011092FFE630
C 392
R
P 0000011092FFE630
P 000001109642E0B0
P 0000011096427190
C 106
= 000001109957E040
R
P 0000011092FFE630
C 392
R
P 0000011092FFE630
P 000001109957E040
C 299
R
P 0000011092FFE630
C 392
R
P 0000011092FFE630
P 000001109957E040
C 9
R
P 0000011092FFE630
C 392
R
P 0000011092FFE630
P 0000011099638210
P 000001109957E040
C 489
R
P 0000011092FFE630
C 392
R
P 0000011092FFE630
U 32
C 37
= 0000011093061230
R
P 0000011092FFE630
C 392
R
P 0000011092FFE630
P 0000011093061230
C 298
R
P 0000011092FFE630
C 392
R
P 0000011092FFE630
P 0000011093061230
C 9
R
P 0000011092FFE630
C 392
R
P 0000011092FFE630
I 1253
P 0000011093061230
C 159
= 00000110964272D0
R
P 0000011092FFE630
C 392
R
P 0000011092FFE630
P 00000110964272D0
C 298
R
P 0000011092FFE630
C 392
R
P 0000011092FFE630
P 00000110964272D0
C 295
= 0000011093061230
R
P 0000011092FFE630
C 392
R
P 0000011092FFE630
P 0000011093061230
C 249
R
P 0000011092FFE630
C 392
R
P 0000011092FFE630
P 00000110964272D0
C 301
R
P 0000011092FFE630
C 392
R
P 0000011092FFE630
P 00000110964272D0
C 300
R
P 0000011092FFE630
C 392
R
P 0000011092FFE630
P 00000110964272D0
C 299
R
P 0000011092FFE630
C 392
R
P 0000011092FFE630
P 00000110964272D0
C 9
R
P 0000011092FFE630
C 392
R
P 0000011092FFE630
P 000001109642E0B0
P 00000110964272D0
C 106
= 0000011099582178
R
P 0000011092FFE630
C 392
R
P 0000011092FFE630
P 0000011099582178
C 299
R
P 0000011092FFE630
C 392
R
P 0000011092FFE630
P 0000011099582178
C 9
R
P 0000011092FFE630
C 392
R
P 0000011092FFE630
P 0000011099638210
P 0000011099582178
C 489
R
P 0000011092FFE630
C 392
R
P 0000011092FFE630
U 32
C 37
= 0000011093061230
R
P 0000011092FFE630
C 392
R
P 0000011092FFE630
P 0000011093061230
C 298
R
P 0000011092FFE630
C 392
R
P 0000011092FFE630
P 0000011093061230
C 9
R
P 0000011092FFE630
C 392
R
P 0000011092FFE630
I 71321600
P 0000011093061230
C 159
= 0000011096427690
R
P 0000011092FFE630
C 392
R
P 0000011092FFE630
P 0000011096427690
C 298
R
P 0000011092FFE630
C 392
R
P 0000011092FFE630
P 0000011096427690
C 295
= 0000011093061230
R
P 0000011092FFE630
C 392
R
P 0000011092FFE630
P 0000011093061230
C 249
R
P 0000011092FFE630
C 392
R
P 0000011092FFE630
P 0000011096427690
C 301
R
P 0000011092FFE630
C 392
R
P 0000011092FFE630
P 0000011096427690
C 300
R
P 0000011092FFE630
C 392
R
P 0000011092FFE630
P 0000011096427690
C 299
R
P 0000011092FFE630
C 392
R
P 0000011092FFE630
P 0000011096427690
C 9
R
P 0000011092FFE630
C 392
R
P 0000011092FFE630
P 000001109642E090
P 0000011096427690
C 106
= 0000011099582220
R
P 0000011092FFE630
C 392
R
P 0000011092FFE630
P 0000011099582220
C 299
R
P 0000011092FFE630
C 392
R
P 0000011092FFE630
P 0000011099582220
C 9
R
P 0000011092FFE630
C 392
R
P 0000011092FFE630
P 0000011099638210
P 0000011099582220
C 489
R
P 0000011092FFE630
C 392
R
P 0000011092FFE630
U 32
C 37
= 0000011093061230
R
P 0000011092FFE630
C 392
R
P 0000011092FFE630
P 0000011093061230
C 298
R
P 0000011092FFE630
C 392
R
P 0000011092FFE630
P 0000011093061230
C 9
R
P 0000011092FFE630
C 392
R
P 0000011092FFE630
I 10412
P 0000011093061230
C 159
= 0000011096427310
R
P 0000011092FFE630
C 392
R
P 0000011092FFE630
P 0000011096427310
C 298
R
P 0000011092FFE630
C 392
R
P 0000011092FFE630
P 0000011096427310
C 295
= 0000011093061230
R
P 0000011092FFE630
C 392
R
P 0000011092FFE630
P 0000011093061230
C 249
R
P 0000011092FFE630
C 392
R
P 0000011092FFE630
P 0000011096427310
C 301
R
P 0000011092FFE630
C 392
R
P 0000011092FFE630
P 0000011096427310
C 300
R
P 0000011092FFE630
C 392
R
P 0000011092FFE630
P 0000011096427310
C 299
R
P 0000011092FFE630
C 392
R
P 0000011092FFE630
P 0000011096427310
C 9
R
P 0000011092FFE630
C 392
R
P 0000011092FFE630
P 00000110964103E0
P 0000011096427310
C 106
= 0000011099512020
R
P 0000011092FFE630
C 392
R
P 0000011092FFE630
P 0000011099512020
C 299
R
P 0000011092FFE630
C 392
R
P 0000011092FFE630
P 0000011099512020
C 9
R
P 0000011092FFE630
C 392
R
P 0000011092FFE630
P 0000011099638210
P 0000011099512020
C 489
R
P 0000011092FFE630
C 392
R
P 0000011092FFE630
P 0000011099638210
C 513
R
P 0000011092FFE630
C 392
R
P 0000011092FFE630
P 0000011099638210
C 518
= 000001109B5B3850
R
P 0000011092FFE630
C 392
R
P 0000011092FFE630
P 000001109B5B3850
C 344
R
P 0000011092FFE630
C 392
R
P 0000011092FFE630
P 000001109B5B3850
C 381
R
P 0000011092FFE630
C 392
R
P 0000011092FFE630
P 0000011099638210
C 518
= 000001109B5B3C70
R
P 0000011092FFE630
C 392
R
P 0000011092FFE630
P 000001109B5B3C70
C 344
R
P 0000011092FFE630
C 392
R
P 0000011092FFE630
P 000001109B5B3C70
P 000001109642E0B0
I 0
P 0000000000000000
C 346
* 00000110964271B0 4
R
P 0000011092FFE630
C 392
R
P 0000011092FFE630
P 00000110964271B0
C 298
R
P 0000011092FFE630
C 392
R
P 0000011092FFE630
P 00000110964271B0
C 295
= 0000011093061230
R
P 0000011092FFE630
C 392
R
P 0000011092FFE630
P 0000011093061230
C 249
R
P 0000011092FFE630
C 392
R
P 0000011092FFE630
P 00000110964271B0
C 301
R
P 0000011092FFE630
C 392
R
P 0000011092FFE630
P 00000110964271B0
C 300
R
P 0000011092FFE630
C 392
R
P 0000011092FFE630
P 00000110964271B0
C 299
R
P 0000011092FFE630
C 392
R
P 0000011092FFE630
P 00000110964271B0
C 9
R
P 0000011092FFE630
C 392
R
P 0000011092FFE630
P 00000110964271B0
I 0
C 311
R
P 0000011092FFE630
C 392
R
P 0000011092FFE630
P 0000011099638210
C 518
= 000001109B5B3D00
R
P 0000011092FFE630
C 392
R
P 0000011092FFE630
P 000001109B5B3D00
C 344
R
P 0000011092FFE630
C 392
R
P 0000011092FFE630
P 000001109B5B3D00
P 000001109642E090
I 0
P 0000000000000000
C 346
* 0000011096427690 4
R
P 0000011092FFE630
C 392
R
P 0000011092FFE630
P 0000011096427690
C 298
R
P 0000011092FFE630
C 392
R
P 0000011092FFE630
P 0000011096427690
C 295
= 0000011093061230
R
P 0000011092FFE630
C 392
R
P 0000011092FFE630
P 0000011093061230
C 249
R
P 0000011092FFE630
C 392
R
P 0000011092FFE630
P 0000011096427690
C 301
R
P 0000011092FFE630
C 392
R
P 0000011092FFE630
P 0000011096427690
C 300
R
P 0000011092FFE630
C 392
R
P 0000011092FFE630
P 0000011096427690
C 299
R
P 0000011092FFE630
C 392
R
P 0000011092FFE630
P 0000011096427690
C 9
R
P 0000011092FFE630
C 392
R
P 0000011092FFE630
P 0000011096427690
I 0
C 311
R
P 0000011092FFE630
C 392
R
P 0000011092FFE630
P 0000011099638210
C 518
= 000001109B5B43C0
R
P 0000011092FFE630
C 392
R
P 0000011092FFE630
P 000001109B5B43C0
C 344
R
P 0000011092FFE630
C 392
R
P 0000011092FFE630
P 000001109B5B43C0
P 00000110964103E0
I 0
P 0000000000000000
C 346
* 0000011096427310 4
R
P 0000011092FFE630
C 392
R
P 0000011092FFE630
P 0000011096427310
C 298
R
P 0000011092FFE630
C 392
R
P 0000011092FFE630
P 0000011096427310
C 295
= 0000011093061230
R
P 0000011092FFE630
C 392
R
P 0000011092FFE630
P 0000011093061230
C 249
R
P 0000011092FFE630
C 392
R
P 0000011092FFE630
P 0000011096427310
C 301
R
P 0000011092FFE630
C 392
R
P 0000011092FFE630
P 0000011096427310
C 300
R
P 0000011092FFE630
C 392
R
P 0000011092FFE630
P 0000011096427310
C 299
R
P 0000011092FFE630
C 392
R
P 0000011092FFE630
P 0000011096427310
C 9
R
P 0000011092FFE630
C 392
R
P 0000011092FFE630
P 0000011096427310
I 0
C 311
R
P 0000011092FFE630
C 392
R
P 0000011092FFE630
U 32
C 37
= 0000011093061230
R
P 0000011092FFE630
C 392
R
P 0000011092FFE630
P 0000011093061230
C 298
R
P 0000011092FFE630
C 392
R
P 0000011092FFE630
P 0000011093061230
C 9
R
P 0000011092FFE630
C 392
R
P 0000011092FFE630
I 122
P 0000011093061230
C 159
= 0000011096427070
R
P 0000011092FFE630
C 392
R
P 0000011092FFE630
P 0000011096427070
C 298
R
P 0000011092FFE630
C 392
R
P 0000011092FFE630
P 0000011096427070
C 295
= 0000011093061230
R
P 0000011092FFE630
C 392
R
P 0000011092FFE630
P 0000011093061230
C 249
R
P 0000011092FFE630
C 392
R
P 0000011092FFE630
P 0000011096427070
C 301
R
P 0000011092FFE630
C 392
R
P 0000011092FFE630
P 0000011096427070
C 300
R
P 0000011092FFE630
C 392
R
P 0000011092FFE630
P 0000011096427070
C 299
R
P 0000011092FFE630
C 392
R
P 0000011092FFE630
P 0000011096427070
C 9
R
P 0000011092FFE630
C 392
R
P 0000011092FFE630
P 000001109642E0B0
P 0000011096427070
C 106
= 00000110994FB678
R
P 0000011092FFE630
C 392
R
P 0000011092FFE630
P 00000110994FB678
C 299
R
P 0000011092FFE630
C 392
R
P 0000011092FFE630
P 00000110994FB678
C 9
R
P 0000011092FFE630
C 392
R
P 0000011092FFE630
P 0000011099638210
P 00000110994FB678
C 489
R
P 0000011092FFE630
C 392
R
P 0000011092FFE630
U 32
C 37
= 0000011093061230
R
P 0000011092FFE630
C 392
R
P 0000011092FFE630
P 0000011093061230
C 298
R
P 0000011092FFE630
C 392
R
P 0000011092FFE630
P 0000011093061230
C 9
R
P 0000011092FFE630
C 392
R
P 0000011092FFE630
I 245
P 0000011093061230
C 159
= 00000110964271B0
R
P 0000011092FFE630
C 392
R
P 0000011092FFE630
P 00000110964271B0
C 298
R
P 0000011092FFE630
C 392
R
P 0000011092FFE630
P 00000110964271B0
C 295
= 0000011093061230
R
P 0000011092FFE630
C 392
R
P 0000011092FFE630
P 0000011093061230
C 249
R
P 0000011092FFE630
C 392
R
P 0000011092FFE630
P 00000110964271B0
C 301
R
P 0000011092FFE630
C 392
R
P 0000011092FFE630
P 00000110964271B0
C 300
R
P 0000011092FFE630
C 392
R
P 0000011092FFE630
P 00000110964271B0
C 299
R
P 0000011092FFE630
C 392
R
P 0000011092FFE630
P 00000110964271B0
C 9
R
P 0000011092FFE630
C 392
R
P 0000011092FFE630
P 000001109642E0B0
P 00000110964271B0
C 106
= 0000011096330A98
R
P 0000011092FFE630
C 392
R
P 0000011092FFE630
P 0000011096330A98
C 299
R
P 0000011092FFE630
C 392
R
P 0000011092FFE630
P 0000011096330A98
C 9
R
P 0000011092FFE630
C 392
R
P 0000011092FFE630
P 0000011099638210
P 0000011096330A98
C 489
R
P 0000011092FFE630
C 392
R
P 0000011092FFE630
U 32
C 37
= 0000011093061230
R
P 0000011092FFE630
C 392
R
P 0000011092FFE630
P 0000011093061230
C 298
R
P 0000011092FFE630
C 392
R
P 0000011092FFE630
P 0000011093061230
C 9
R
P 0000011092FFE630
C 392
R
P 0000011092FFE630
I 71321600
P 0000011093061230
C 159
= 0000011096427690
R
P 0000011092FFE630
C 392
R
P 0000011092FFE630
P 0000011096427690
C 298
R
P 0000011092FFE630
C 392
R
P 0000011092FFE630
P 0000011096427690
C 295
= 0000011093061230
R
P 0000011092FFE630
C 392
R
P 0000011092FFE630
P 0000011093061230
C 249
R
P 0000011092FFE630
C 392
R
P 0000011092FFE630
P 0000011096427690
C 301
R
P 0000011092FFE630
C 392
R
P 0000011092FFE630
P 0000011096427690
C 300
R
P 0000011092FFE630
C 392
R
P 0000011092FFE630
P 0000011096427690
C 299
R
P 0000011092FFE630
C 392
R
P 0000011092FFE630
P 0000011096427690
C 9
R
P 0000011092FFE630
C 392
R
P 0000011092FFE630
P 000001109642E090
P 0000011096427690
C 106
= 0000011099582220
R
P 0000011092FFE630
C 392
R
P 0000011092FFE630
P 0000011099582220
C 299
R
P 0000011092FFE630
C 392
R
P 0000011092FFE630
P 0000011099582220
C 9
R
P 0000011092FFE630
C 392
R
P 0000011092FFE630
P 0000011099638210
P 0000011099582220
C 489
R
P 0000011092FFE630
C 392
R
P 0000011092FFE630
U 32
C 37
= 0000011093061230
R
P 0000011092FFE630
C 392
R
P 0000011092FFE630
P 0000011093061230
C 298
R
P 0000011092FFE630
C 392
R
P 0000011092FFE630
P 0000011093061230
C 9
R
P 0000011092FFE630
C 392
R
P 0000011092FFE630
I 10412
P 0000011093061230
C 159
= 0000011096427310
R
P 0000011092FFE630
C 392
R
P 0000011092FFE630
P 0000011096427310
C 298
R
P 0000011092FFE630
C 392
R
P 0000011092FFE630
P 0000011096427310
C 295
= 0000011093061230
R
P 0000011092FFE630
C 392
R
P 0000011092FFE630
P 0000011093061230
C 249
R
P 0000011092FFE630
C 392
R
P 0000011092FFE630
P 0000011096427310
C 301
R
P 0000011092FFE630
C 392
R
P 0000011092FFE630
P 0000011096427310
C 300
R
P 0000011092FFE630
C 392
R
P 0000011092FFE630
P 0000011096427310
C 299
R
P 0000011092FFE630
C 392
R
P 0000011092FFE630
P 0000011096427310
C 9
R
P 0000011092FFE630
C 392
R
P 0000011092FFE630
P 00000110964103E0
P 0000011096427310
C 106
= 0000011099512020
R
P 0000011092FFE630
C 392
R
P 0000011092FFE630
P 0000011099512020
C 299
R
P 0000011092FFE630
C 392
R
P 0000011092FFE630
P 0000011099512020
C 9
R
P 0000011092FFE630
C 392
R
P 0000011092FFE630
P 0000011099638210
P 0000011099512020
C 489
R
P 0000011092FFE630
C 392
R
P 0000011092FFE630
P 0000011099638210
C 513
R
P 0000011092FFE630
C 392
R
P 0000011092FFE630
P 0000011099638210
C 518
= 000001109B5B4420
R
P 0000011092FFE630
C 392
R
P 0000011092FFE630
P 000001109B5B4420
C 344
R
P 0000011092FFE630
C 392
R
P 0000011092FFE630
P 000001109B5B4420
C 381
R
P 0000011092FFE630
C 392
R
P 0000011092FFE630
P 0000011099638210
C 518
= 000001109B5B4E70
R
P 0000011092FFE630
C 392
R
P 0000011092FFE630
P 000001109B5B4E70
C 344
R
P 0000011092FFE630
C 392
R
P 0000011092FFE630
P 000001109B5B4E70
P 000001109642E0B0
I 0
P 0000000000000000
C 346
* 0000011096427090 4
R
P 0000011092FFE630
C 392
R
P 0000011092FFE630
P 0000011096427090
C 298
R
P 0000011092FFE630
C 392
R
P 0000011092FFE630
P 0000011096427090
C 295
= 0000011093061230
R
P 0000011092FFE630
C 392
R
P 0000011092FFE630
P 0000011093061230
C 249
R
P 0000011092FFE630
C 392
R
P 0000011092FFE630
P 0000011096427090
C 301
R
P 0000011092FFE630
C 392
R
P 0000011092FFE630
P 0000011096427090
C 300
R
P 0000011092FFE630
C 392
R
P 0000011092FFE630
P 0000011096427090
C 299
R
P 0000011092FFE630
C 392
R
P 0000011092FFE630
P 0000011096427090
C 9
R
P 0000011092FFE630
C 392
R
P 0000011092FFE630
P 0000011096427090
I 0
C 311
R
P 0000011092FFE630
C 392
R
P 0000011092FFE630
P 0000011099638210
C 518
= 000001109B5B4D80
R
P 0000011092FFE630
C 392
R
P 0000011092FFE630
P 000001109B5B4D80
C 344
R
P 0000011092FFE630
C 392
R
P 0000011092FFE630
P 000001109B5B4D80
P 000001109642E090
I 0
P 0000000000000000
C 346
* 0000011096427690 4
R
P 0000011092FFE630
C 392
R
P 0000011092FFE630
P 0000011096427690
C 298
R
P 0000011092FFE630
C 392
R
P 0000011092FFE630
P 0000011096427690
C 295
= 0000011093061230
R
P 0000011092FFE630
C 392
R
P 0000011092FFE630
P 0000011093061230
C 249
R
P 0000011092FFE630
C 392
R
P 0000011092FFE630
P 0000011096427690
C 301
R
P 0000011092FFE630
C 392
R
P 0000011092FFE630
P 0000011096427690
C 300
R
P 0000011092FFE630
C 392
R
P 0000011092FFE630
P 0000011096427690
C 299
R
P 0000011092FFE630
C 392
R
P 0000011092FFE630
P 0000011096427690
C 9
R
P 0000011092FFE630
C 392
R
P 0000011092FFE630
P 0000011096427690
I 0
C 311
R
P 0000011092FFE630
C 392
R
P 0000011092FFE630
P 0000011099638210
C 518
= 000001109B5B4810
R
P 0000011092FFE630
C 392
R
P 0000011092FFE630
P 000001109B5B4810
C 344
R
P 0000011092FFE630
C 392
R
P 0000011092FFE630
P 000001109B5B4810
P 00000110964103E0
I 0
P 0000000000000000
C 346
* 0000011096427310 4
R
P 0000011092FFE630
C 392
R
P 0000011092FFE630
P 0000011096427310
C 298
R
P 0000011092FFE630
C 392
R
P 0000011092FFE630
P 0000011096427310
C 295
= 0000011093061230
R
P 0000011092FFE630
C 392
R
P 0000011092FFE630
P 0000011093061230
C 249
R
P 0000011092FFE630
C 392
R
P 0000011092FFE630
P 0000011096427310
C 301
R
P 0000011092FFE630
C 392
R
P 0000011092FFE630
P 0000011096427310
C 300
R
P 0000011092FFE630
C 392
R
P 0000011092FFE630
P 0000011096427310
C 299
R
P 0000011092FFE630
C 392
R
P 0000011092FFE630
P 0000011096427310
C 9
R
P 0000011092FFE630
C 392
R
P 0000011092FFE630
P 0000011096427310
I 0
C 311
R
P 0000011092FFE630
C 392
R
P 0000011092FFE630
U 32
C 37
= 0000011093061230
R
P 0000011092FFE630
C 392
R
P 0000011092FFE630
P 0000011093061230
C 298
R
P 0000011092FFE630
C 392
R
P 0000011092FFE630
P 0000011093061230
C 9
R
P 0000011092FFE630
C 392
R
P 0000011092FFE630
I 58
P 0000011093061230
C 159
= 0000011096426F70
R
P 0000011092FFE630
C 392
R
P 0000011092FFE630
P 0000011096426F70
C 298
R
P 0000011092FFE630
C 392
R
P 0000011092FFE630
P 0000011096426F70
C 295
= 0000011093061230
R
P 0000011092FFE630
C 392
R
P 0000011092FFE630
P 0000011093061230
C 249
R
P 0000011092FFE630
C 392
R
P 0000011092FFE630
P 0000011096426F70
C 301
R
P 0000011092FFE630
C 392
R
P 0000011092FFE630
P 0000011096426F70
C 300
R
P 0000011092FFE630
C 392
R
P 0000011092FFE630
P 0000011096426F70
C 299
R
P 0000011092FFE630
C 392
R
P 0000011092FFE630
P 0000011096426F70
C 9
R
P 0000011092FFE630
C 392
R
P 0000011092FFE630
P 000001109642E0B0
P 0000011096426F70
C 106
= 0000011096324530
R
P 0000011092FFE630
C 392
R
P 0000011092FFE630
P 0000011096324530
C 299
R
P 0000011092FFE630
C 392
R
P 0000011092FFE630
P 0000011096324530
C 9
R
P 0000011092FFE630
C 392
R
P 0000011092FFE630
P 0000011099638210
P 0000011096324530
C 489
R
P 0000011092FFE630
C 392
R
P 0000011092FFE630
U 32
C 37
= 0000011093061230
R
P 0000011092FFE630
C 392
R
P 0000011092FFE630
P 0000011093061230
C 298
R
P 0000011092FFE630
C 392
R
P 0000011092FFE630
P 0000011093061230
C 9
R
P 0000011092FFE630
C 392
R
P 0000011092FFE630
I 117
P 0000011093061230
C 159
= 0000011096427090
R
P 0000011092FFE630
C 392
R
P 0000011092FFE630
P 0000011096427090
C 298
R
P 0000011092FFE630
C 392
R
P 0000011092FFE630
P 0000011096427090
C 295
= 0000011093061230
R
P 0000011092FFE630
C 392
R
P 0000011092FFE630
P 0000011093061230
C 249
R
P 0000011092FFE630
C 392
R
P 0000011092FFE630
P 0000011096427090
C 301
R
P 0000011092FFE630
C 392
R
P 0000011092FFE630
P 0000011096427090
C 300
R
P 0000011092FFE630
C 392
R
P 0000011092FFE630
P 0000011096427090
C 299
R
P 0000011092FFE630
C 392
R
P 0000011092FFE630
P 0000011096427090
C 9
R
P 0000011092FFE630
C 392
R
P 0000011092FFE630
P 000001109642E0B0
P 0000011096427090
C 106
= 00000110994EF500
R
P 0000011092FFE630
C 392
R
P 0000011092FFE630
P 00000110994EF500
C 299
R
P 0000011092FFE630
C 392
R
P 0000011092FFE630
P 00000110994EF500
C 9
R
P 0000011092FFE630
C 392
R
P 0000011092FFE630
P 0000011099638210
P 00000110994EF500
C 489
R
P 0000011092FFE630
C 392
R
P 0000011092FFE630
U 32
C 37
= 0000011093061230
R
P 0000011092FFE630
C 392
R
P 0000011092FFE630
P 0000011093061230
C 298
R
P 0000011092FFE630
C 392
R
P 0000011092FFE630
P 0000011093061230
C 9
R
P 0000011092FFE630
C 392
R
P 0000011092FFE630
I 71321600
P 0000011093061230
C 159
= 0000011096427690
R
P 0000011092FFE630
C 392
R
P 0000011092FFE630
P 0000011096427690
C 298
R
P 0000011092FFE630
C 392
R
P 0000011092FFE630
P 0000011096427690
C 295
= 0000011093061230
R
P 0000011092FFE630
C 392
R
P 0000011092FFE630
P 0000011093061230
C 249
R
P 0000011092FFE630
C 392
R
P 0000011092FFE630
P 0000011096427690
C 301
R
P 0000011092FFE630
C 392
R
P 0000011092FFE630
P 0000011096427690
C 300
R
P 0000011092FFE630
C 392
R
P 0000011092FFE630
P 0000011096427690
C 299
R
P 0000011092FFE630
C 392
R
P 0000011092FFE630
P 0000011096427690
C 9
R
P 0000011092FFE630
C 392
R
P 0000011092FFE630
P 000001109642E090
P 0000011096427690
C 106
= 0000011099582220
R
P 0000011092FFE630
C 392
R
P 0000011092FFE630
P 0000011099582220
C 299
R
P 0000011092FFE630
C 392
R
P 0000011092FFE630
P 0000011099582220
C 9
R
P 0000011092FFE630
C 392
R
P 0000011092FFE630
P 0000011099638210
P 0000011099582220
C 489
R
P 0000011092FFE630
C 392
R
P 0000011092FFE630
U 32
C 37
= 0000011093061230
R
P 0000011092FFE630
C 392
R
P 0000011092FFE630
P 0000011093061230
C 298
R
P 0000011092FFE630
C 392
R
P 0000011092FFE630
P 0000011093061230
C 9
R
P 0000011092FFE630
C 392
R
P 0000011092FFE630
I 10412
P 0000011093061230
C 159
= 0000011096427310
R
P 0000011092FFE630
C 392
R
P 0000011092FFE630
P 0000011096427310
C 298
R
P 0000011092FFE630
C 392
R
P 0000011092FFE630
P 0000011096427310
C 295
= 0000011093061230
R
P 0000011092FFE630
C 392
R
P 0000011092FFE630
P 0000011093061230
C 249
R
P 0000011092FFE630
C 392
R
P 0000011092FFE630
P 0000011096427310
C 301
R
P 0000011092FFE630
C 392
R
P 0000011092FFE630
P 0000011096427310
C 300
R
P 0000011092FFE630
C 392
R
P 0000011092FFE630
P 0000011096427310
C 299
R
P 0000011092FFE630
C 392
R
P 0000011092FFE630
P 0000011096427310
C 9
R
P 0000011092FFE630
C 392
R
P 0000011092FFE630
P 00000110964103E0
P 0000011096427310
C 106
= 0000011099512020
R
P 0000011092FFE630
C 392
R
P 0000011092FFE630
P 0000011099512020
C 299
R
P 0000011092FFE630
C 392
R
P 0000011092FFE630
P 0000011099512020
C 9
R
P 0000011092FFE630
C 392
R
P 0000011092FFE630
P 0000011099638210
P 0000011099512020
C 489
R
P 0000011092FFE630
C 392
R
P 0000011092FFE630
P 0000011099638210
C 513
R
P 0000011092FFE630
C 392
R
P 0000011092FFE630
P 0000011099638210
C 518
= 000001109B5B4F90
R
P 0000011092FFE630
C 392
R
P 0000011092FFE630
P 000001109B5B4F90
C 344
R
P 0000011092FFE630
C 392
R
P 0000011092FFE630
P 000001109B5B4F90
C 381
R
P 0000011092FFE630
C 392
R
P 0000011092FFE630
P 0000011099638210
C 518
= 000001109B5B5650
R
P 0000011092FFE630
C 392
R
P 0000011092FFE630
P 000001109B5B5650
C 344
R
P 0000011092FFE630
C 392
R
P 0000011092FFE630
P 000001109B5B5650
P 000001109642E0B0
I 0
P 0000000000000000
C 346
* 0000011096426F90 4
R
P 0000011092FFE630
C 392
R
P 0000011092FFE630
P 0000011096426F90
C 298
R
P 0000011092FFE630
C 392
R
P 0000011092FFE630
P 0000011096426F90
C 295
= 0000011093061230
R
P 0000011092FFE630
C 392
R
P 0000011092FFE630
P 0000011093061230
C 249
R
P 0000011092FFE630
C 392
R
P 0000011092FFE630
P 0000011096426F90
C 301
R
P 0000011092FFE630
C 392
R
P 0000011092FFE630
P 0000011096426F90
C 300
R
P 0000011092FFE630
C 392
R
P 0000011092FFE630
P 0000011096426F90
C 299
R
P 0000011092FFE630
C 392
R
P 0000011092FFE630
P 0000011096426F90
C 9
R
P 0000011092FFE630
C 392
R
P 0000011092FFE630
P 0000011096426F90
I 0
C 311
R
P 0000011092FFE630
C 392
R
P 0000011092FFE630
P 0000011099638210
C 518
= 000001109B5B5860
R
P 0000011092FFE630
C 392
R
P 0000011092FFE630
P 000001109B5B5860
C 344
R
P 0000011092FFE630
C 392
R
P 0000011092FFE630
P 000001109B5B5860
P 000001109642E090
I 0
P 0000000000000000
C 346
* 0000011096427690 4
R
P 0000011092FFE630
C 392
R
P 0000011092FFE630
P 0000011096427690
C 298
R
P 0000011092FFE630
C 392
R
P 0000011092FFE630
P 0000011096427690
C 295
= 0000011093061230
R
P 0000011092FFE630
C 392
R
P 0000011092FFE630
P 0000011093061230
C 249
R
P 0000011092FFE630
C 392
R
P 0000011092FFE630
P 0000011096427690
C 301
R
P 0000011092FFE630
C 392
R
P 0000011092FFE630
P 0000011096427690
C 300
R
P 0000011092FFE630
C 392
R
P 0000011092FFE630
P 0000011096427690
C 299
R
P 0000011092FFE630
C 392
R
P 0000011092FFE630
P 0000011096427690
C 9
R
P 0000011092FFE630
C 392
R
P 0000011092FFE630
P 0000011096427690
I 0
C 311
R
P 0000011092FFE630
C 392
R
P 0000011092FFE630
P 0000011099638210
C 518
= 000001109B5B5260
R
P 0000011092FFE630
C 392
R
P 0000011092FFE630
P 000001109B5B5260
C 344
R
P 0000011092FFE630
C 392
R
P 0000011092FFE630
P 000001109B5B5260
P 00000110964103E0
I 0
P 0000000000000000
C 346
* 0000011096427310 4
R
P 0000011092FFE630
C 392
R
P 0000011092FFE630
P 0000011096427310
C 298
R
P 0000011092FFE630
C 392
R
P 0000011092FFE630
P 0000011096427310
C 295
= 0000011093061230
R
P 0000011092FFE630
C 392
R
P 0000011092FFE630
P 0000011093061230
C 249
R
P 0000011092FFE630
C 392
R
P 0000011092FFE630
P 0000011096427310
C 301
R
P 0000011092FFE630
C 392
R
P 0000011092FFE630
P 0000011096427310
C 300
R
P 0000011092FFE630
C 392
R
P 0000011092FFE630
P 0000011096427310
C 299
R
P 0000011092FFE630
C 392
R
P 0000011092FFE630
P 0000011096427310
C 9
R
P 0000011092FFE630
C 392
R
P 0000011092FFE630
P 0000011096427310
I 0
C 311
R
P 0000011092FFE630
C 392
R
P 0000011092FFE630
U 32
C 37
= 0000011093061230
R
P 0000011092FFE630
C 392
R
P 0000011092FFE630
P 0000011093061230
C 298
R
P 0000011092FFE630
C 392
R
P 0000011092FFE630
P 0000011093061230
C 9
R
P 0000011092FFE630
C 392
R
P 0000011092FFE630
I 26
P 0000011093061230
C 159
= 0000011096426EB0
R
P 0000011092FFE630
C 392
R
P 0000011092FFE630
P 0000011096426EB0
C 298
R
P 0000011092FFE630
C 392
R
P 0000011092FFE630
P 0000011096426EB0
C 295
= 0000011093061230
R
P 0000011092FFE630
C 392
R
P 0000011092FFE630
P 0000011093061230
C 249
R
P 0000011092FFE630
C 392
R
P 0000011092FFE630
P 0000011096426EB0
C 301
R
P 0000011092FFE630
C 392
R
P 0000011092FFE630
P 0000011096426EB0
C 300
R
P 0000011092FFE630
C 392
R
P 0000011092FFE630
P 0000011096426EB0
C 299
R
P 0000011092FFE630
C 392
R
P 0000011092FFE630
P 0000011096426EB0
C 9
R
P 0000011092FFE630
C 392
R
P 0000011092FFE630
P 000001109642E0B0
P 0000011096426EB0
C 106
= 0000011099501B08
R
P 0000011092FFE630
C 392
R
P 0000011092FFE630
P 0000011099501B08
C 299
R
P 0000011092FFE630
C 392
R
P 0000011092FFE630
P 0000011099501B08
C 9
R
P 0000011092FFE630
C 392
R
P 0000011092FFE630
P 0000011099638210
P 0000011099501B08
C 489
R
P 0000011092FFE630
C 392
R
P 0000011092FFE630
U 32
C 37
= 0000011093061230
R
P 0000011092FFE630
C 392
R
P 0000011092FFE630
P 0000011093061230
C 298
R
P 0000011092FFE630
C 392
R
P 0000011092FFE630
P 0000011093061230
C 9
R
P 0000011092FFE630
C 392
R
P 0000011092FFE630
I 53
P 0000011093061230
C 159
= 0000011096426F90
R
P 0000011092FFE630
C 392
R
P 0000011092FFE630
P 0000011096426F90
C 298
R
P 0000011092FFE630
C 392
R
P 0000011092FFE630
P 0000011096426F90
C 295
= 0000011093061230
R
P 0000011092FFE630
C 392
R
P 0000011092FFE630
P 0000011093061230
C 249
R
P 0000011092FFE630
C 392
R
P 0000011092FFE630
P 0000011096426F90
C 301
R
P 0000011092FFE630
C 392
R
P 0000011092FFE630
P 0000011096426F90
C 300
R
P 0000011092FFE630
C 392
R
P 0000011092FFE630
P 0000011096426F90
C 299
R
P 0000011092FFE630
C 392
R
P 0000011092FFE630
P 0000011096426F90
C 9
R
P 0000011092FFE630
C 392
R
P 0000011092FFE630
P 000001109642E0B0
P 0000011096426F90
C 106
= 00000110994FA028
R
P 0000011092FFE630
C 392
R
P 0000011092FFE630
P 00000110994FA028
C 299
R
P 0000011092FFE630
C 392
R
P 0000011092FFE630
P 00000110994FA028
C 9
R
P 0000011092FFE630
C 392
R
P 0000011092FFE630
P 0000011099638210
P 00000110994FA028
C 489
R
P 0000011092FFE630
C 392
R
P 0000011092FFE630
U 32
C 37
= 0000011093061230
R
P 0000011092FFE630
C 392
R
P 0000011092FFE630
P 0000011093061230
C 298
R
P 0000011092FFE630
C 392
R
P 0000011092FFE630
P 0000011093061230
C 9
R
P 0000011092FFE630
C 392
R
P 0000011092FFE630
I 71321600
P 0000011093061230
C 159
= 0000011096427690
R
P 0000011092FFE630
C 392
R
P 0000011092FFE630
P 0000011096427690
C 298
R
P 0000011092FFE630
C 392
R
P 0000011092FFE630
P 0000011096427690
C 295
= 0000011093061230
R
P 0000011092FFE630
C 392
R
P 0000011092FFE630
P 0000011093061230
C 249
R
P 0000011092FFE630
C 392
R
P 0000011092FFE630
P 0000011096427690
C 301
R
P 0000011092FFE630
C 392
R
P 0000011092FFE630
P 0000011096427690
C 300
R
P 0000011092FFE630
C 392
R
P 0000011092FFE630
P 0000011096427690
C 299
R
P 0000011092FFE630
C 392
R
P 0000011092FFE630
P 0000011096427690
C 9
R
P 0000011092FFE630
C 392
R
P 0000011092FFE630
P 000001109642E090
P 0000011096427690
C 106
= 0000011099582220
R
P 0000011092FFE630
C 392
R
P 0000011092FFE630
P 0000011099582220
C 299
R
P 0000011092FFE630
C 392
R
P 0000011092FFE630
P 0000011099582220
C 9
R
P 0000011092FFE630
C 392
R
P 0000011092FFE630
P 0000011099638210
P 0000011099582220
C 489
R
P 0000011092FFE630
C 392
R
P 0000011092FFE630
U 32
C 37
= 0000011093061230
R
P 0000011092FFE630
C 392
R
P 0000011092FFE630
P 0000011093061230
C 298
R
P 0000011092FFE630
C 392
R
P 0000011092FFE630
P 0000011093061230
C 9
R
P 0000011092FFE630
C 392
R
P 0000011092FFE630
I 10412
P 0000011093061230
C 159
= 0000011096427310
R
P 0000011092FFE630
C 392
R
P 0000011092FFE630
P 0000011096427310
C 298
R
P 0000011092FFE630
C 392
R
P 0000011092FFE630
P 0000011096427310
C 295
= 0000011093061230
R
P 0000011092FFE630
C 392
R
P 0000011092FFE630
P 0000011093061230
C 249
R
P 0000011092FFE630
C 392
R
P 0000011092FFE630
P 0000011096427310
C 301
R
P 0000011092FFE630
C 392
R
P 0000011092FFE630
P 0000011096427310
C 300
R
P 0000011092FFE630
C 392
R
P 0000011092FFE630
P 0000011096427310
C 299
R
P 0000011092FFE630
C 392
R
P 0000011092FFE630
P 0000011096427310
C 9
R
P 0000011092FFE630
C 392
R
P 0000011092FFE630
P 00000110964103E0
P 0000011096427310
C 106
= 0000011099512020
R
P 0000011092FFE630
C 392
R
P 0000011092FFE630
P 0000011099512020
C 299
R
P 0000011092FFE630
C 392
R
P 0000011092FFE630
P 0000011099512020
C 9
R
P 0000011092FFE630
C 392
R
P 0000011092FFE630
P 0000011099638210
P 0000011099512020
C 489
R
P 0000011092FFE630
C 392
R
P 0000011092FFE630
P 0000011099638210
C 513
R
P 0000011092FFE630
C 392
R
P 0000011092FFE630
P 0000011099638210
C 518
= 000001109B5B5440
R
P 0000011092FFE630
C 392
R
P 0000011092FFE630
P 000001109B5B5440
C 344
R
P 0000011092FFE630
C 392
R
P 0000011092FFE630
P 000001109B5B5440
C 381
R
P 0000011092FFE630
C 392
R
P 0000011092FFE630
P 0000011099638210
C 518
= 000001109B5B5470
R
P 0000011092FFE630
C 392
R
P 0000011092FFE630
P 000001109B5B5470
C 344
R
P 0000011092FFE630
C 392
R
P 0000011092FFE630
P 000001109B5B5470
P 000001109642E0B0
I 0
P 0000000000000000
C 346
* 0000011096426EF0 4
R
P 0000011092FFE630
C 392
R
P 0000011092FFE630
P 0000011096426EF0
C 298
R
P 0000011092FFE630
C 392
R
P 0000011092FFE630
P 0000011096426EF0
C 295
= 0000011093061230
R
P 0000011092FFE630
C 392
R
P 0000011092FFE630
P 0000011093061230
C 249
R
P 0000011092FFE630
C 392
R
P 0000011092FFE630
P 0000011096426EF0
C 301
R
P 0000011092FFE630
C 392
R
P 0000011092FFE630
P 0000011096426EF0
C 300
R
P 0000011092FFE630
C 392
R
P 0000011092FFE630
P 0000011096426EF0
C 299
R
P 0000011092FFE630
C 392
R
P 0000011092FFE630
P 0000011096426EF0
C 9
R
P 0000011092FFE630
C 392
R
P 0000011092FFE630
P 0000011096426EF0
I 0
C 311
R
P 0000011092FFE630
C 392
R
P 0000011092FFE630
P 0000011099638210
C 518
= 000001109B5B5830
R
P 0000011092FFE630
C 392
R
P 0000011092FFE630
P 000001109B5B5830
C 344
R
P 0000011092FFE630
C 392
R
P 0000011092FFE630
P 000001109B5B5830
P 000001109642E090
I 0
P 0000000000000000
C 346
* 0000011096427690 4
R
P 0000011092FFE630
C 392
R
P 0000011092FFE630
P 0000011096427690
C 298
R
P 0000011092FFE630
C 392
R
P 0000011092FFE630
P 0000011096427690
C 295
= 0000011093061230
R
P 0000011092FFE630
C 392
R
P 0000011092FFE630
P 0000011093061230
C 249
R
P 0000011092FFE630
C 392
R
P 0000011092FFE630
P 0000011096427690
C 301
R
P 0000011092FFE630
C 392
R
P 0000011092FFE630
P 0000011096427690
C 300
R
P 0000011092FFE630
C 392
R
P 0000011092FFE630
P 0000011096427690
C 299
R
P 0000011092FFE630
C 392
R
P 0000011092FFE630
P 0000011096427690
C 9
R
P 0000011092FFE630
C 392
R
P 0000011092FFE630
P 0000011096427690
I 0
C 311
R
P 0000011092FFE630
C 392
R
P 0000011092FFE630
P 0000011099638210
C 518
= 000001109B5B52C0
R
P 0000011092FFE630
C 392
R
P 0000011092FFE630
P 000001109B5B52C0
C 344
R
P 0000011092FFE630
C 392
R
P 0000011092FFE630
P 000001109B5B52C0
P 00000110964103E0
I 0
P 0000000000000000
C 346
* 0000011096427310 4
R
P 0000011092FFE630
C 392
R
P 0000011092FFE630
P 0000011096427310
C 298
R
P 0000011092FFE630
C 392
R
P 0000011092FFE630
P 0000011096427310
C 295
= 0000011093061230
R
P 0000011092FFE630
C 392
R
P 0000011092FFE630
P 0000011093061230
C 249
R
P 0000011092FFE630
C 392
R
P 0000011092FFE630
P 0000011096427310
C 301
R
P 0000011092FFE630
C 392
R
P 0000011092FFE630
P 0000011096427310
C 300
R
P 0000011092FFE630
C 392
R
P 0000011092FFE630
P 0000011096427310
C 299
R
P 0000011092FFE630
C 392
R
P 0000011092FFE630
P 0000011096427310
C 9
R
P 0000011092FFE630
C 392
R
P 0000011092FFE630
P 0000011096427310
I 0
C 311
R
P 0000011092FFE630
C 392
R
P 0000011092FFE630
U 32
C 37
= 0000011093061230
R
P 0000011092FFE630
C 392
R
P 0000011092FFE630
P 0000011093061230
C 298
R
P 0000011092FFE630
C 392
R
P 0000011092FFE630
P 0000011093061230
C 9
R
P 0000011092FFE630
C 392
R
P 0000011092FFE630
I 10
P 0000011093061230
C 159
= 0000011096427B50
R
P 0000011092FFE630
C 392
R
P 0000011092FFE630
P 0000011096427B50
C 298
R
P 0000011092FFE630
C 392
R
P 0000011092FFE630
P 0000011096427B50
C 295
= 0000011093061230
R
P 0000011092FFE630
C 392
R
P 0000011092FFE630
P 0000011093061230
C 249
R
P 0000011092FFE630
C 392
R
P 0000011092FFE630
P 0000011096427B50
C 301
R
P 0000011092FFE630
C 392
R
P 0000011092FFE630
P 0000011096427B50
C 300
R
P 0000011092FFE630
C 392
R
P 0000011092FFE630
P 0000011096427B50
C 299
R
P 0000011092FFE630
C 392
R
P 0000011092FFE630
P 0000011096427B50
C 9
R
P 0000011092FFE630
C 392
R
P 0000011092FFE630
P 000001109642E0B0
P 0000011096427B50
C 106
= 00000110994FA060
R
P 0000011092FFE630
C 392
R
P 0000011092FFE630
P 00000110994FA060
C 299
R
P 0000011092FFE630
C 392
R
P 0000011092FFE630
P 00000110994FA060
C 9
R
P 0000011092FFE630
C 392
R
P 0000011092FFE630
P 0000011099638210
P 00000110994FA060
C 489
R
P 0000011092FFE630
C 392
R
P 0000011092FFE630
U 32
C 37
= 0000011093061230
R
P 0000011092FFE630
C 392
R
P 0000011092FFE630
P 0000011093061230
C 298
R
P 0000011092FFE630
C 392
R
P 0000011092FFE630
P 0000011093061230
C 9
R
P 0000011092FFE630
C 392
R
P 0000011092FFE630
I 21
P 0000011093061230
C 159
= 0000011096426EF0
R
P 0000011092FFE630
C 392
R
P 0000011092FFE630
P 0000011096426EF0
C 298
R
P 0000011092FFE630
C 392
R
P 0000011092FFE630
P 0000011096426EF0
C 295
= 0000011093061230
R
P 0000011092FFE630
C 392
R
P 0000011092FFE630
P 0000011093061230
C 249
R
P 0000011092FFE630
C 392
R
P 0000011092FFE630
P 0000011096426EF0
C 301
R
P 0000011092FFE630
C 392
R
P 0000011092FFE630
P 0000011096426EF0
C 300
R
P 0000011092FFE630
C 392
R
P 0000011092FFE630
P 0000011096426EF0
C 299
R
P 0000011092FFE630
C 392
R
P 0000011092FFE630
P 0000011096426EF0
C 9
R
P 0000011092FFE630
C 392
R
P 0000011092FFE630
P 000001109642E0B0
P 0000011096426EF0
C 106
= 00000110994EF1B8
R
P 0000011092FFE630
C 392
R
P 0000011092FFE630
P 00000110994EF1B8
C 299
R
P 0000011092FFE630
C 392
R
P 0000011092FFE630
P 00000110994EF1B8
C 9
R
P 0000011092FFE630
C 392
R
P 0000011092FFE630
P 0000011099638210
P 00000110994EF1B8
C 489
R
P 0000011092FFE630
C 392
R
P 0000011092FFE630
U 32
C 37
= 0000011093061230
R
P 0000011092FFE630
C 392
R
P 0000011092FFE630
P 0000011093061230
C 298
R
P 0000011092FFE630
C 392
R
P 0000011092FFE630
P 0000011093061230
C 9
R
P 0000011092FFE630
C 392
R
P 0000011092FFE630
I 71321600
P 0000011093061230
C 159
= 0000011096427690
R
P 0000011092FFE630
C 392
R
P 0000011092FFE630
P 0000011096427690
C 298
R
P 0000011092FFE630
C 392
R
P 0000011092FFE630
P 0000011096427690
C 295
= 0000011093061230
R
P 0000011092FFE630
C 392
R
P 0000011092FFE630
P 0000011093061230
C 249
R
P 0000011092FFE630
C 392
R
P 0000011092FFE630
P 0000011096427690
C 301
R
P 0000011092FFE630
C 392
R
P 0000011092FFE630
P 0000011096427690
C 300
R
P 0000011092FFE630
C 392
R
P 0000011092FFE630
P 0000011096427690
C 299
R
P 0000011092FFE630
C 392
R
P 0000011092FFE630
P 0000011096427690
C 9
R
P 0000011092FFE630
C 392
R
P 0000011092FFE630
P 000001109642E090
P 0000011096427690
C 106
= 0000011099582220
R
P 0000011092FFE630
C 392
R
P 0000011092FFE630
P 0000011099582220
C 299
R
P 0000011092FFE630
C 392
R
P 0000011092FFE630
P 0000011099582220
C 9
R
P 0000011092FFE630
C 392
R
P 0000011092FFE630
P 0000011099638210
P 0000011099582220
C 489
R
P 0000011092FFE630
C 392
R
P 0000011092FFE630
U 32
C 37
= 0000011093061230
R
P 0000011092FFE630
C 392
R
P 0000011092FFE630
P 0000011093061230
C 298
R
P 0000011092FFE630
C 392
R
P 0000011092FFE630
P 0000011093061230
C 9
R
P 0000011092FFE630
C 392
R
P 0000011092FFE630
I 10412
P 0000011093061230
C 159
= 0000011096427310
R
P 0000011092FFE630
C 392
R
P 0000011092FFE630
P 0000011096427310
C 298
R
P 0000011092FFE630
C 392
R
P 0000011092FFE630
P 0000011096427310
C 295
= 0000011093061230
R
P 0000011092FFE630
C 392
R
P 0000011092FFE630
P 0000011093061230
C 249
R
P 0000011092FFE630
C 392
R
P 0000011092FFE630
P 0000011096427310
C 301
R
P 0000011092FFE630
C 392
R
P 0000011092FFE630
P 0000011096427310
C 300
R
P 0000011092FFE630
C 392
R
P 0000011092FFE630
P 0000011096427310
C 299
R
P 0000011092FFE630
C 392
R
P 0000011092FFE630
P 0000011096427310
C 9
R
P 0000011092FFE630
C 392
R
P 0000011092FFE630
P 00000110964103E0
P 0000011096427310
C 106
= 0000011099512020
R
P 0000011092FFE630
C 392
R
P 0000011092FFE630
P 0000011099512020
C 299
R
P 0000011092FFE630
C 392
R
P 0000011092FFE630
P 0000011099512020
C 9
R
P 0000011092FFE630
C 392
R
P 0000011092FFE630
P 0000011099638210
P 0000011099512020
C 489
R
P 0000011092FFE630
C 392
R
P 0000011092FFE630
P 0000011099638210
C 513
R
P 0000011092FFE630
C 392
R
P 0000011092FFE630
P 0000011099638210
C 518
= 000001109B5B6490
R
P 0000011092FFE630
C 392
R
P 0000011092FFE630
P 000001109B5B6490
C 344
R
P 0000011092FFE630
C 392
R
P 0000011092FFE630
P 000001109B5B6490
C 381
R
P 0000011092FFE630
C 392
R
P 0000011092FFE630
P 0000011099638210
C 518
= 000001109B5B6070
R
P 0000011092FFE630
C 392
R
P 0000011092FFE630
P 000001109B5B6070
C 344
R
P 0000011092FFE630
C 392
R
P 0000011092FFE630
P 000001109B5B6070
P 000001109642E0B0
I 0
P 0000000000000000
C 346
* 0000011096426E30 4
R
P 0000011092FFE630
C 392
R
P 0000011092FFE630
P 0000011096426E30
C 298
R
P 0000011092FFE630
C 392
R
P 0000011092FFE630
P 0000011096426E30
C 295
= 0000011093061230
R
P 0000011092FFE630
C 392
R
P 0000011092FFE630
P 0000011093061230
C 249
R
P 0000011092FFE630
C 392
R
P 0000011092FFE630
P 0000011096426E30
C 301
R
P 0000011092FFE630
C 392
R
P 0000011092FFE630
P 0000011096426E30
C 300
R
P 0000011092FFE630
C 392
R
P 0000011092FFE630
P 0000011096426E30
C 299
R
P 0000011092FFE630
C 392
R
P 0000011092FFE630
P 0000011096426E30
C 9
R
P 0000011092FFE630
C 392
R
P 0000011092FFE630
P 0000011096426E30
I 0
C 311
R
P 0000011092FFE630
C 392
R
P 0000011092FFE630
P 0000011099638210
C 518
= 000001109B5B5F80
R
P 0000011092FFE630
C 392
R
P 0000011092FFE630
P 000001109B5B5F80
C 344
R
P 0000011092FFE630
C 392
R
P 0000011092FFE630
P 000001109B5B5F80
P 000001109642E090
I 0
P 0000000000000000
C 346
* 0000011096427690 4
R
P 0000011092FFE630
C 392
R
P 0000011092FFE630
P 0000011096427690
C 298
R
P 0000011092FFE630
C 392
R
P 0000011092FFE630
P 0000011096427690
C 295
= 0000011093061230
R
P 0000011092FFE630
C 392
R
P 0000011092FFE630
P 0000011093061230
C 249
R
P 0000011092FFE630
C 392
R
P 0000011092FFE630
P 0000011096427690
C 301
R
P 0000011092FFE630
C 392
R
P 0000011092FFE630
P 0000011096427690
C 300
R
P 0000011092FFE630
C 392
R
P 0000011092FFE630
P 0000011096427690
C 299
R
P 0000011092FFE630
C 392
R
P 0000011092FFE630
P 0000011096427690
C 9
R
P 0000011092FFE630
C 392
R
P 0000011092FFE630
P 0000011096427690
I 0
C 311
R
P 0000011092FFE630
C 392
R
P 0000011092FFE630
P 0000011099638210
C 518
= 000001109B5B6580
R
P 0000011092FFE630
C 392
R
P 0000011092FFE630
P 000001109B5B6580
C 344
R
P 0000011092FFE630
C 392
R
P 0000011092FFE630
P 000001109B5B6580
P 00000110964103E0
I 0
P 0000000000000000
C 346
* 0000011096426E50 4
R
P 0000011092FFE630
C 392
R
P 0000011092FFE630
P 0000011096426E50
C 298
R
P 0000011092FFE630
C 392
R
P 0000011092FFE630
P 0000011096426E50
C 295
= 0000011093061230
R
P 0000011092FFE630
C 392
R
P 0000011092FFE630
P 0000011093061230
C 249
R
P 0000011092FFE630
C 392
R
P 0000011092FFE630
P 0000011096426E50
C 301
R
P 0000011092FFE630
C 392
R
P 0000011092FFE630
P 0000011096426E50
C 300
R
P 0000011092FFE630
C 392
R
P 0000011092FFE630
P 0000011096426E50
C 299
R
P 0000011092FFE630
C 392
R
P 0000011092FFE630
P 0000011096426E50
C 9
R
P 0000011092FFE630
C 392
R
P 0000011092FFE630
P 0000011096426E50
I 0
C 311
R
P 0000011092FFE630
C 392
R
P 0000011092FFE630
U 32
C 37
= 0000011093061230
R
P 0000011092FFE630
C 392
R
P 0000011092FFE630
P 0000011093061230
C 298
R
P 0000011092FFE630
C 392
R
P 0000011092FFE630
P 0000011093061230
C 9
R
P 0000011092FFE630
C 392
R
P 0000011092FFE630
I 4
P 0000011093061230
C 159
= 0000011096426D10
R
P 0000011092FFE630
C 392
R
P 0000011092FFE630
P 0000011096426D10
C 298
R
P 0000011092FFE630
C 392
R
P 0000011092FFE630
P 0000011096426D10
C 295
= 0000011093061230
R
P 0000011092FFE630
C 392
R
P 0000011092FFE630
P 0000011093061230
C 249
R
P 0000011092FFE630
C 392
R
P 0000011092FFE630
P 0000011096426D10
C 301
R
P 0000011092FFE630
C 392
R
P 0000011092FFE630
P 0000011096426D10
C 300
R
P 0000011092FFE630
C 392
R
P 0000011092FFE630
P 0000011096426D10
C 299
R
P 0000011092FFE630
C 392
R
P 0000011092FFE630
P 0000011096426D10
C 9
R
P 0000011092FFE630
C 392
R
P 0000011092FFE630
P 000001109642E0B0
P 0000011096426D10
C 106
= 000001109950C080
R
P 0000011092FFE630
C 392
R
P 0000011092FFE630
P 000001109950C080
C 299
R
P 0000011092FFE630
C 392
R
P 0000011092FFE630
P 000001109950C080
C 9
R
P 0000011092FFE630
C 392
R
P 0000011092FFE630
P 0000011099638210
P 000001109950C080
C 489
R
P 0000011092FFE630
C 392
R
P 0000011092FFE630
U 32
C 37
= 0000011093061230
R
P 0000011092FFE630
C 392
R
P 0000011092FFE630
P 0000011093061230
C 298
R
P 0000011092FFE630
C 392
R
P 0000011092FFE630
P 0000011093061230
C 9
R
P 0000011092FFE630
C 392
R
P 0000011092FFE630
I 9
P 0000011093061230
C 159
= 0000011096426E30
R
P 0000011092FFE630
C 392
R
P 0000011092FFE630
P 0000011096426E30
C 298
R
P 0000011092FFE630
C 392
R
P 0000011092FFE630
P 0000011096426E30
C 295
= 0000011093061230
R
P 0000011092FFE630
C 392
R
P 0000011092FFE630
P 0000011093061230
C 249
R
P 0000011092FFE630
C 392
R
P 0000011092FFE630
P 0000011096426E30
C 301
R
P 0000011092FFE630
C 392
R
P 0000011092FFE630
P 0000011096426E30
C 300
R
P 0000011092FFE630
C 392
R
P 0000011092FFE630
P 0000011096426E30
C 299
R
P 0000011092FFE630
C 392
R
P 0000011092FFE630
P 0000011096426E30
C 9
R
P 0000011092FFE630
C 392
R
P 0000011092FFE630
P 000001109642E0B0
P 0000011096426E30
C 106
= 000001109950DBA0
R
P 0000011092FFE630
C 392
R
P 0000011092FFE630
P 000001109950DBA0
C 299
R
P 0000011092FFE630
C 392
R
P 0000011092FFE630
P 000001109950DBA0
C 9
R
P 0000011092FFE630
C 392
R
P 0000011092FFE630
P 0000011099638210
P 000001109950DBA0
C 489
R
P 0000011092FFE630
C 392
R
P 0000011092FFE630
U 32
C 37
= 0000011093061230
R
P 0000011092FFE630
C 392
R
P 0000011092FFE630
P 0000011093061230
C 298
R
P 0000011092FFE630
C 392
R
P 0000011092FFE630
P 0000011093061230
C 9
R
P 0000011092FFE630
C 392
R
P 0000011092FFE630
I 71321600
P 0000011093061230
C 159
= 0000011096427690
R
P 0000011092FFE630
C 392
R
P 0000011092FFE630
P 0000011096427690
C 298
R
P 0000011092FFE630
C 392
R
P 0000011092FFE630
P 0000011096427690
C 295
= 0000011093061230
R
P 0000011092FFE630
C 392
R
P 0000011092FFE630
P 0000011093061230
C 249
R
P 0000011092FFE630
C 392
R
P 0000011092FFE630
P 0000011096427690
C 301
R
P 0000011092FFE630
C 392
R
P 0000011092FFE630
P 0000011096427690
C 300
R
P 0000011092FFE630
C 392
R
P 0000011092FFE630
P 0000011096427690
C 299
R
P 0000011092FFE630
C 392
R
P 0000011092FFE630
P 0000011096427690
C 9
R
P 0000011092FFE630
C 392
R
P 0000011092FFE630
P 000001109642E090
P 0000011096427690
C 106
= 0000011099582220
R
P 0000011092FFE630
C 392
R
P 0000011092FFE630
P 0000011099582220
C 299
R
P 0000011092FFE630
C 392
R
P 0000011092FFE630
P 0000011099582220
C 9
R
P 0000011092FFE630
C 392
R
P 0000011092FFE630
P 0000011099638210
P 0000011099582220
C 489
R
P 0000011092FFE630
C 392
R
P 0000011092FFE630
U 32
C 37
= 0000011093061230
R
P 0000011092FFE630
C 392
R
P 0000011092FFE630
P 0000011093061230
C 298
R
P 0000011092FFE630
C 392
R
P 0000011092FFE630
P 0000011093061230
C 9
R
P 0000011092FFE630
C 392
R
P 0000011092FFE630
I 10408
P 0000011093061230
C 159
= 0000011096426E50
R
P 0000011092FFE630
C 392
R
P 0000011092FFE630
P 0000011096426E50
C 298
R
P 0000011092FFE630
C 392
R
P 0000011092FFE630
P 0000011096426E50
C 295
= 0000011093061230
R
P 0000011092FFE630
C 392
R
P 0000011092FFE630
P 0000011093061230
C 249
R
P 0000011092FFE630
C 392
R
P 0000011092FFE630
P 0000011096426E50
C 301
R
P 0000011092FFE630
C 392
R
P 0000011092FFE630
P 0000011096426E50
C 300
R
P 0000011092FFE630
C 392
R
P 0000011092FFE630
P 0000011096426E50
C 299
R
P 0000011092FFE630
C 392
R
P 0000011092FFE630
P 0000011096426E50
C 9
R
P 0000011092FFE630
C 392
R
P 0000011092FFE630
P 00000110964103E0
P 0000011096426E50
C 106
= 0000011099511530
R
P 0000011092FFE630
C 392
R
P 0000011092FFE630
P 0000011099511530
C 299
R
P 0000011092FFE630
C 392
R
P 0000011092FFE630
P 0000011099511530
C 9
R
P 0000011092FFE630
C 392
R
P 0000011092FFE630
P 0000011099638210
P 0000011099511530
C 489
R
P 0000011092FFE630
C 392
R
P 0000011092FFE630
P 0000011099638210
C 513
R
P 0000011092FFE630
C 392
R
P 0000011092FFE630
P 0000011099638210
C 518
= 000001109B5B6460
R
P 0000011092FFE630
C 392
R
P 0000011092FFE630
P 000001109B5B6460
C 344
R
P 0000011092FFE630
C 392
R
P 0000011092FFE630
P 000001109B5B6460
C 381
R
P 0000011092FFE630
C 392
R
P 0000011092FFE630
P 0000011099638210
C 518
= 000001109B5B6970
R
P 0000011092FFE630
C 392
R
P 0000011092FFE630
P 000001109B5B6970
C 344
R
P 0000011092FFE630
C 392
R
P 0000011092FFE630
P 000001109B5B6970
P 000001109642E0B0
I 0
P 0000000000000000
C 346
* 0000011096426D50 4
R
P 0000011092FFE630
C 392
R
P 0000011092FFE630
P 0000011096426D50
C 298
R
P 0000011092FFE630
C 392
R
P 0000011092FFE630
P 0000011096426D50
C 295
= 0000011093061230
R
P 0000011092FFE630
C 392
R
P 0000011092FFE630
P 0000011093061230
C 249
R
P 0000011092FFE630
C 392
R
P 0000011092FFE630
P 0000011096426D50
C 301
R
P 0000011092FFE630
C 392
R
P 0000011092FFE630
P 0000011096426D50
C 300
R
P 0000011092FFE630
C 392
R
P 0000011092FFE630
P 0000011096426D50
C 299
R
P 0000011092FFE630
C 392
R
P 0000011092FFE630
P 0000011096426D50
C 9
R
P 0000011092FFE630
C 392
R
P 0000011092FFE630
P 0000011096426D50
I 0
C 311
R
P 0000011092FFE630
C 392
R
P 0000011092FFE630
P 0000011099638210
C 518
= 000001109B5B6CD0
R
P 0000011092FFE630
C 392
R
P 0000011092FFE630
P 000001109B5B6CD0
C 344
R
P 0000011092FFE630
C 392
R
P 0000011092FFE630
P 000001109B5B6CD0
P 000001109642E090
I 0
P 0000000000000000
C 346
* 0000011096427690 4
R
P 0000011092FFE630
C 392
R
P 0000011092FFE630
P 0000011096427690
C 298
R
P 0000011092FFE630
C 392
R
P 0000011092FFE630
P 0000011096427690
C 295
= 0000011093061230
R
P 0000011092FFE630
C 392
R
P 0000011092FFE630
P 0000011093061230
C 249
R
P 0000011092FFE630
C 392
R
P 0000011092FFE630
P 0000011096427690
C 301
R
P 0000011092FFE630
C 392
R
P 0000011092FFE630
P 0000011096427690
C 300
R
P 0000011092FFE630
C 392
R
P 0000011092FFE630
P 0000011096427690
C 299
R
P 0000011092FFE630
C 392
R
P 0000011092FFE630
P 0000011096427690
C 9
R
P 0000011092FFE630
C 392
R
P 0000011092FFE630
P 0000011096427690
I 0
C 311
R
P 0000011092FFE630
C 392
R
P 0000011092FFE630
P 0000011099638210
C 518
= 000001109B5B7240
R
P 0000011092FFE630
C 392
R
P 0000011092FFE630
P 000001109B5B7240
C 344
R
P 0000011092FFE630
C 392
R
P 0000011092FFE630
P 000001109B5B7240
P 00000110964103E0
I 0
P 0000000000000000
C 346
* 0000011096426D70 4
R
P 0000011092FFE630
C 392
R
P 0000011092FFE630
P 0000011096426D70
C 298
R
P 0000011092FFE630
C 392
R
P 0000011092FFE630
P 0000011096426D70
C 295
= 0000011093061230
R
P 0000011092FFE630
C 392
R
P 0000011092FFE630
P 0000011093061230
C 249
R
P 0000011092FFE630
C 392
R
P 0000011092FFE630
P 0000011096426D70
C 301
R
P 0000011092FFE630
C 392
R
P 0000011092FFE630
P 0000011096426D70
C 300
R
P 0000011092FFE630
C 392
R
P 0000011092FFE630
P 0000011096426D70
C 299
R
P 0000011092FFE630
C 392
R
P 0000011092FFE630
P 0000011096426D70
C 9
R
P 0000011092FFE630
C 392
R
P 0000011092FFE630
P 0000011096426D70
I 0
C 311
R
P 0000011092FFE630
C 392
R
P 0000011092FFE630
U 32
C 37
= 0000011093061230
R
P 0000011092FFE630
C 392
R
P 0000011092FFE630
P 0000011093061230
C 298
R
P 0000011092FFE630
C 392
R
P 0000011092FFE630
P 0000011093061230
C 9
R
P 0000011092FFE630
C 392
R
P 0000011092FFE630
I 1
P 0000011093061230
C 159
= 0000011093061B50
R
P 0000011092FFE630
C 392
R
P 0000011092FFE630
P 0000011093061B50
C 298
R
P 0000011092FFE630
C 392
R
P 0000011092FFE630
P 0000011093061B50
C 295
= 0000011093061230
R
P 0000011092FFE630
C 392
R
P 0000011092FFE630
P 0000011093061230
C 249
R
P 0000011092FFE630
C 392
R
P 0000011092FFE630
P 0000011093061B50
C 301
R
P 0000011092FFE630
C 392
R
P 0000011092FFE630
P 0000011093061B50
C 300
R
P 0000011092FFE630
C 392
R
P 0000011092FFE630
P 0000011093061B50
C 299
R
P 0000011092FFE630
C 392
R
P 0000011092FFE630
P 0000011093061B50
C 9
R
P 0000011092FFE630
C 392
R
P 0000011092FFE630
P 000001109642E0B0
P 0000011093061B50
C 106
= 000001109951AF98
R
P 0000011092FFE630
C 392
R
P 0000011092FFE630
P 000001109951AF98
C 299
R
P 0000011092FFE630
C 392
R
P 0000011092FFE630
P 000001109951AF98
C 9
R
P 0000011092FFE630
C 392
R
P 0000011092FFE630
P 0000011099638210
P 000001109951AF98
C 489
R
P 0000011092FFE630
C 392
R
P 0000011092FFE630
U 32
C 37
= 0000011093061230
R
P 0000011092FFE630
C 392
R
P 0000011092FFE630
P 0000011093061230
C 298
R
P 0000011092FFE630
C 392
R
P 0000011092FFE630
P 0000011093061230
C 9
R
P 0000011092FFE630
C 392
R
P 0000011092FFE630
I 3
P 0000011093061230
C 159
= 0000011096426D50
R
P 0000011092FFE630
C 392
R
P 0000011092FFE630
P 0000011096426D50
C 298
R
P 0000011092FFE630
C 392
R
P 0000011092FFE630
P 0000011096426D50
C 295
= 0000011093061230
R
P 0000011092FFE630
C 392
R
P 0000011092FFE630
P 0000011093061230
C 249
R
P 0000011092FFE630
C 392
R
P 0000011092FFE630
P 0000011096426D50
C 301
R
P 0000011092FFE630
C 392
R
P 0000011092FFE630
P 0000011096426D50
C 300
R
P 0000011092FFE630
C 392
R
P 0000011092FFE630
P 0000011096426D50
C 299
R
P 0000011092FFE630
C 392
R
P 0000011092FFE630
P 0000011096426D50
C 9
R
P 0000011092FFE630
C 392
R
P 0000011092FFE630
P 000001109642E0B0
P 0000011096426D50
C 106
= 000001109957FE58
R
P 0000011092FFE630
C 392
R
P 0000011092FFE630
P 000001109957FE58
C 299
R
P 0000011092FFE630
C 392
R
P 0000011092FFE630
P 000001109957FE58
C 9
R
P 0000011092FFE630
C 392
R
P 0000011092FFE630
P 0000011099638210
P 000001109957FE58
C 489
R
P 0000011092FFE630
C 392
R
P 0000011092FFE630
U 32
C 37
= 0000011093061230
R
P 0000011092FFE630
C 392
R
P 0000011092FFE630
P 0000011093061230
C 298
R
P 0000011092FFE630
C 392
R
P 0000011092FFE630
P 0000011093061230
C 9
R
P 0000011092FFE630
C 392
R
P 0000011092FFE630
I 71321600
P 0000011093061230
C 159
= 0000011096427690
R
P 0000011092FFE630
C 392
R
P 0000011092FFE630
P 0000011096427690
C 298
R
P 0000011092FFE630
C 392
R
P 0000011092FFE630
P 0000011096427690
C 295
= 0000011093061230
R
P 0000011092FFE630
C 392
R
P 0000011092FFE630
P 0000011093061230
C 249
R
P 0000011092FFE630
C 392
R
P 0000011092FFE630
P 0000011096427690
C 301
R
P 0000011092FFE630
C 392
R
P 0000011092FFE630
P 0000011096427690
C 300
R
P 0000011092FFE630
C 392
R
P 0000011092FFE630
P 0000011096427690
C 299
R
P 0000011092FFE630
C 392
R
P 0000011092FFE630
P 0000011096427690
C 9
R
P 0000011092FFE630
C 392
R
P 0000011092FFE630
P 000001109642E090
P 0000011096427690
C 106
= 0000011099582220
R
P 0000011092FFE630
C 392
R
P 0000011092FFE630
P 0000011099582220
C 299
R
P 0000011092FFE630
C 392
R
P 0000011092FFE630
P 0000011099582220
C 9
R
P 0000011092FFE630
C 392
R
P 0000011092FFE630
P 0000011099638210
P 0000011099582220
C 489
R
P 0000011092FFE630
C 392
R
P 0000011092FFE630
U 32
C 37
= 0000011093061230
R
P 0000011092FFE630
C 392
R
P 0000011092FFE630
P 0000011093061230
C 298
R
P 0000011092FFE630
C 392
R
P 0000011092FFE630
P 0000011093061230
C 9
R
P 0000011092FFE630
C 392
R
P 0000011092FFE630
I 10368
P 0000011093061230
C 159
= 0000011096426D70
R
P 0000011092FFE630
C 392
R
P 0000011092FFE630
P 0000011096426D70
C 298
R
P 0000011092FFE630
C 392
R
P 0000011092FFE630
P 0000011096426D70
C 295
= 0000011093061230
R
P 0000011092FFE630
C 392
R
P 0000011092FFE630
P 0000011093061230
C 249
R
P 0000011092FFE630
C 392
R
P 0000011092FFE630
P 0000011096426D70
C 301
R
P 0000011092FFE630
C 392
R
P 0000011092FFE630
P 0000011096426D70
C 300
R
P 0000011092FFE630
C 392
R
P 0000011092FFE630
P 0000011096426D70
C 299
R
P 0000011092FFE630
C 392
R
P 0000011092FFE630
P 0000011096426D70
C 9
R
P 0000011092FFE630
C 392
R
P 0000011092FFE630
P 00000110964103E0
P 0000011096426D70
C 106
= 0000011099582098
R
P 0000011092FFE630
C 392
R
P 0000011092FFE630
P 0000011099582098
C 299
R
P 0000011092FFE630
C 392
R
P 0000011092FFE630
P 0000011099582098
C 9
R
P 0000011092FFE630
C 392
R
P 0000011092FFE630
P 0000011099638210
P 0000011099582098
C 489
R
P 0000011092FFE630
C 392
R
P 0000011092FFE630
P 0000011099638210
C 513
R
P 0000011092FFE630
C 392
R
P 0000011092FFE630
P 0000011099638210
C 518
= 000001109B5B6040
R
P 0000011092FFE630
C 392
R
P 0000011092FFE630
P 000001109B5B6040
C 344
R
P 0000011092FFE630
C 392
R
P 0000011092FFE630
P 000001109B5B6040
C 381
R
P 0000011092FFE630
C 392
R
P 0000011092FFE630
P 0000011099638210
C 518
= 000001109B5B6850
R
P 0000011092FFE630
C 392
R
P 0000011092FFE630
P 000001109B5B6850
C 344
R
P 0000011092FFE630
C 392
R
P 0000011092FFE630
P 000001109B5B6850
P 000001109642E0B0
I 0
P 0000000000000000
C 346
* 0000011093061B50 4
R
P 0000011092FFE630
C 392
R
P 0000011092FFE630
P 0000011093061B50
C 298
R
P 0000011092FFE630
C 392
R
P 0000011092FFE630
P 0000011093061B50
C 295
= 0000011093061230
R
P 0000011092FFE630
C 392
R
P 0000011092FFE630
P 0000011093061230
C 249
R
P 0000011092FFE630
C 392
R
P 0000011092FFE630
P 0000011093061B50
C 301
R
P 0000011092FFE630
C 392
R
P 0000011092FFE630
P 0000011093061B50
C 300
R
P 0000011092FFE630
C 392
R
P 0000011092FFE630
P 0000011093061B50
C 299
R
P 0000011092FFE630
C 392
R
P 0000011092FFE630
P 0000011093061B50
C 9
R
P 0000011092FFE630
C 392
R
P 0000011092FFE630
P 0000011093061B50
I 0
C 311
R
P 0000011092FFE630
C 392
R
P 0000011092FFE630
P 0000011099638210
C 518
= 000001109B5B70F0
R
P 0000011092FFE630
C 392
R
P 0000011092FFE630
P 000001109B5B70F0
C 344
R
P 0000011092FFE630
C 392
R
P 0000011092FFE630
P 000001109B5B70F0
P 000001109642E090
I 0
P 0000000000000000
C 346
* 0000011096427690 4
R
P 0000011092FFE630
C 392
R
P 0000011092FFE630
P 0000011096427690
C 298
R
P 0000011092FFE630
C 392
R
P 0000011092FFE630
P 0000011096427690
C 295
= 0000011093061230
R
P 0000011092FFE630
C 392
R
P 0000011092FFE630
P 0000011093061230
C 249
R
P 0000011092FFE630
C 392
R
P 0000011092FFE630
P 0000011096427690
C 301
R
P 0000011092FFE630
C 392
R
P 0000011092FFE630
P 0000011096427690
C 300
R
P 0000011092FFE630
C 392
R
P 0000011092FFE630
P 0000011096427690
C 299
R
P 0000011092FFE630
C 392
R
P 0000011092FFE630
P 0000011096427690
C 9
R
P 0000011092FFE630
C 392
R
P 0000011092FFE630
P 0000011096427690
I 0
C 311
R
P 0000011092FFE630
C 392
R
P 0000011092FFE630
P 0000011099638210
C 518
= 000001109B5B7270
R
P 0000011092FFE630
C 392
R
P 0000011092FFE630
P 000001109B5B7270
C 344
R
P 0000011092FFE630
C 392
R
P 0000011092FFE630
P 000001109B5B7270
P 00000110964103E0
I 0
P 0000000000000000
C 346
* 0000011096426D70 4
R
P 0000011092FFE630
C 392
R
P 0000011092FFE630
P 0000011096426D70
C 298
R
P 0000011092FFE630
C 392
R
P 0000011092FFE630
P 0000011096426D70
C 295
= 0000011093061230
R
P 0000011092FFE630
C 392
R
P 0000011092FFE630
P 0000011093061230
C 249
R
P 0000011092FFE630
C 392
R
P 0000011092FFE630
P 0000011096426D70
C 301
R
P 0000011092FFE630
C 392
R
P 0000011092FFE630
P 0000011096426D70
C 300
R
P 0000011092FFE630
C 392
R
P 0000011092FFE630
P 0000011096426D70
C 299
R
P 0000011092FFE630
C 392
R
P 0000011092FFE630
P 0000011096426D70
C 9
R
P 0000011092FFE630
C 392
R
P 0000011092FFE630
P 0000011096426D70
I 0
C 311
R
P 0000011092FFE630
C 392
R
P 0000011092FFE630
U 32
C 37
= 0000011093061230
R
P 0000011092FFE630
C 392
R
P 0000011092FFE630
P 0000011093061230
C 298
R
P 0000011092FFE630
C 392
R
P 0000011092FFE630
P 0000011093061230
C 9
R
P 0000011092FFE630
C 392
R
P 0000011092FFE630
I 0
P 0000011093061230
C 159
= 000001109642E070
R
P 0000011092FFE630
C 392
R
P 0000011092FFE630
P 000001109642E070
C 298
R
P 0000011092FFE630
C 392
R
P 0000011092FFE630
P 000001109642E070
C 295
= 0000011093061230
R
P 0000011092FFE630
C 392
R
P 0000011092FFE630
P 0000011093061230
C 249
R
P 0000011092FFE630
C 392
R
P 0000011092FFE630
P 000001109642E070
C 301
R
P 0000011092FFE630
C 392
R
P 0000011092FFE630
P 000001109642E070
C 300
R
P 0000011092FFE630
C 392
R
P 0000011092FFE630
P 000001109642E070
C 299
R
P 0000011092FFE630
C 392
R
P 0000011092FFE630
P 000001109642E070
C 9
R
P 0000011092FFE630
C 392
R
P 0000011092FFE630
P 000001109642E0B0
P 000001109642E070
C 106
= 0000011099580E50
R
P 0000011092FFE630
C 392
R
P 0000011092FFE630
P 0000011099580E50
C 299
R
P 0000011092FFE630
C 392
R
P 0000011092FFE630
P 0000011099580E50
C 9
R
P 0000011092FFE630
C 392
R
P 0000011092FFE630
P 0000011099638210
P 0000011099580E50
C 489
R
P 0000011092FFE630
C 392
R
P 0000011092FFE630
U 32
C 37
= 0000011093061230
R
P 0000011092FFE630
C 392
R
P 0000011092FFE630
P 0000011093061230
C 298
R
P 0000011092FFE630
C 392
R
P 0000011092FFE630
P 0000011093061230
C 9
R
P 0000011092FFE630
C 392
R
P 0000011092FFE630
I 1
P 0000011093061230
C 159
= 0000011093061B50
R
P 0000011092FFE630
C 392
R
P 0000011092FFE630
P 0000011093061B50
C 298
R
P 0000011092FFE630
C 392
R
P 0000011092FFE630
P 0000011093061B50
C 295
= 0000011093061230
R
P 0000011092FFE630
C 392
R
P 0000011092FFE630
P 0000011093061230
C 249
R
P 0000011092FFE630
C 392
R
P 0000011092FFE630
P 0000011093061B50
C 301
R
P 0000011092FFE630
C 392
R
P 0000011092FFE630
P 0000011093061B50
C 300
R
P 0000011092FFE630
C 392
R
P 0000011092FFE630
P 0000011093061B50
C 299
R
P 0000011092FFE630
C 392
R
P 0000011092FFE630
P 0000011093061B50
C 9
R
P 0000011092FFE630
C 392
R
P 0000011092FFE630
P 000001109642E0B0
P 0000011093061B50
C 106
= 000001109951AF98
R
P 0000011092FFE630
C 392
R
P 0000011092FFE630
P 000001109951AF98
C 299
R
P 0000011092FFE630
C 392
R
P 0000011092FFE630
P 000001109951AF98
C 9
R
P 0000011092FFE630
C 392
R
P 0000011092FFE630
P 0000011099638210
P 000001109951AF98
C 489
R
P 0000011092FFE630
C 392
R
P 0000011092FFE630
U 32
C 37
= 0000011093061230
R
P 0000011092FFE630
C 392
R
P 0000011092FFE630
P 0000011093061230
C 298
R
P 0000011092FFE630
C 392
R
P 0000011092FFE630
P 0000011093061230
C 9
R
P 0000011092FFE630
C 392
R
P 0000011092FFE630
I 71321600
P 0000011093061230
C 159
= 0000011096427690
R
P 0000011092FFE630
C 392
R
P 0000011092FFE630
P 0000011096427690
C 298
R
P 0000011092FFE630
C 392
R
P 0000011092FFE630
P 0000011096427690
C 295
= 0000011093061230
R
P 0000011092FFE630
C 392
R
P 0000011092FFE630
P 0000011093061230
C 249
R
P 0000011092FFE630
C 392
R
P 0000011092FFE630
P 0000011096427690
C 301
R
P 0000011092FFE630
C 392
R
P 0000011092FFE630
P 0000011096427690
C 300
R
P 0000011092FFE630
C 392
R
P 0000011092FFE630
P 0000011096427690
C 299
R
P 0000011092FFE630
C 392
R
P 0000011092FFE630
P 0000011096427690
C 9
R
P 0000011092FFE630
C 392
R
P 0000011092FFE630
P 000001109642E090
P 0000011096427690
C 106
= 0000011099582220
R
P 0000011092FFE630
C 392
R
P 0000011092FFE630
P 0000011099582220
C 299
R
P 0000011092FFE630
C 392
R
P 0000011092FFE630
P 0000011099582220
C 9
R
P 0000011092FFE630
C 392
R
P 0000011092FFE630
P 0000011099638210
P 0000011099582220
C 489
R
P 0000011092FFE630
C 392
R
P 0000011092FFE630
U 32
C 37
= 0000011093061230
R
P 0000011092FFE630
C 392
R
P 0000011092FFE630
P 0000011093061230
C 298
R
P 0000011092FFE630
C 392
R
P 0000011092FFE630
P 0000011093061230
C 9
R
P 0000011092FFE630
C 392
R
P 0000011092FFE630
I 10368
P 0000011093061230
C 159
= 0000011096426D70
R
P 0000011092FFE630
C 392
R
P 0000011092FFE630
P 0000011096426D70
C 298
R
P 0000011092FFE630
C 392
R
P 0000011092FFE630
P 0000011096426D70
C 295
= 0000011093061230
R
P 0000011092FFE630
C 392
R
P 0000011092FFE630
P 0000011093061230
C 249
R
P 0000011092FFE630
C 392
R
P 0000011092FFE630
P 0000011096426D70
C 301
R
P 0000011092FFE630
C 392
R
P 0000011092FFE630
P 0000011096426D70
C 300
R
P 0000011092FFE630
C 392
R
P 0000011092FFE630
P 0000011096426D70
C 299
R
P 0000011092FFE630
C 392
R
P 0000011092FFE630
P 0000011096426D70
C 9
R
P 0000011092FFE630
C 392
R
P 0000011092FFE630
P 00000110964103E0
P 0000011096426D70
C 106
= 0000011099582098
R
P 0000011092FFE630
C 392
R
P 0000011092FFE630
P 0000011099582098
C 299
R
P 0000011092FFE630
C 392
R
P 0000011092FFE630
P 0000011099582098
C 9
R
P 0000011092FFE630
C 392
R
P 0000011092FFE630
P 0000011099638210
P 0000011099582098
C 489
R
P 0000011092FFE630
C 392
R
P 0000011092FFE630
P 0000011099638210
C 513
R
P 0000011092FFE630
C 392
R
P 0000011092FFE630
P 0000011099638210
C 518
= 000001109B5B5F20
R
P 0000011092FFE630
C 392
R
P 0000011092FFE630
P 000001109B5B5F20
C 344
R
P 0000011092FFE630
C 392
R
P 0000011092FFE630
P 000001109B5B5F20
C 381
R
P 0000011092FFE630
C 392
R
P 0000011092FFE630
P 0000011099638210
C 518
= 000001109B5B5DA0
R
P 0000011092FFE630
C 392
R
P 0000011092FFE630
P 000001109B5B5DA0
C 344
R
P 0000011092FFE630
C 392
R
P 0000011092FFE630
P 000001109B5B5DA0
P 000001109642E0B0
I 0
P 0000000000000000
C 346
* 000001109642E070 4
R
P 0000011092FFE630
C 392
R
P 0000011092FFE630
P 000001109642E070
C 298
R
P 0000011092FFE630
C 392
R
P 0000011092FFE630
P 000001109642E070
C 295
= 0000011093061230
R
P 0000011092FFE630
C 392
R
P 0000011092FFE630
P 0000011093061230
C 249
R
P 0000011092FFE630
C 392
R
P 0000011092FFE630
P 000001109642E070
C 301
R
P 0000011092FFE630
C 392
R
P 0000011092FFE630
P 000001109642E070
C 300
R
P 0000011092FFE630
C 392
R
P 0000011092FFE630
P 000001109642E070
C 299
R
P 0000011092FFE630
C 392
R
P 0000011092FFE630
P 000001109642E070
C 9
R
P 0000011092FFE630
C 392
R
P 0000011092FFE630
P 000001109642E070
I 0
C 311
R
P 0000011092FFE630
C 392
R
P 0000011092FFE630
P 0000011099638210
C 518
= 000001109B5B6160
R
P 0000011092FFE630
C 392
R
P 0000011092FFE630
P 000001109B5B6160
C 344
R
P 0000011092FFE630
C 392
R
P 0000011092FFE630
P 000001109B5B6160
P 000001109642E090
I 0
P 0000000000000000
C 346
* 0000011096427690 4
R
P 0000011092FFE630
C 392
R
P 0000011092FFE630
P 0000011096427690
C 298
R
P 0000011092FFE630
C 392
R
P 0000011092FFE630
P 0000011096427690
C 295
= 0000011093061230
R
P 0000011092FFE630
C 392
R
P 0000011092FFE630
P 0000011093061230
C 249
R
P 0000011092FFE630
C 392
R
P 0000011092FFE630
P 0000011096427690
C 301
R
P 0000011092FFE630
C 392
R
P 0000011092FFE630
P 0000011096427690
C 300
R
P 0000011092FFE630
C 392
R
P 0000011092FFE630
P 0000011096427690
C 299
R
P 0000011092FFE630
C 392
R
P 0000011092FFE630
P 0000011096427690
C 9
R
P 0000011092FFE630
C 392
R
P 0000011092FFE630
P 0000011096427690
I 0
C 311
R
P 0000011092FFE630
C 392
R
P 0000011092FFE630
P 0000011099638210
C 518
= 000001109B5B62E0
R
P 0000011092FFE630
C 392
R
P 0000011092FFE630
P 000001109B5B62E0
C 344
R
P 0000011092FFE630
C 392
R
P 0000011092FFE630
P 000001109B5B62E0
P 00000110964103E0
I 0
P 0000000000000000
C 346
* 0000011096426D70 4
R
P 0000011092FFE630
C 392
R
P 0000011092FFE630
P 0000011096426D70
C 298
R
P 0000011092FFE630
C 392
R
P 0000011092FFE630
P 0000011096426D70
C 295
= 0000011093061230
R
P 0000011092FFE630
C 392
R
P 0000011092FFE630
P 0000011093061230
C 249
R
P 0000011092FFE630
C 392
R
P 0000011092FFE630
P 0000011096426D70
C 301
R
P 0000011092FFE630
C 392
R
P 0000011092FFE630
P 0000011096426D70
C 300
R
P 0000011092FFE630
C 392
R
P 0000011092FFE630
P 0000011096426D70
C 299
R
P 0000011092FFE630
C 392
R
P 0000011092FFE630
P 0000011096426D70
C 9
R
P 0000011092FFE630
C 392
R
P 0000011092FFE630
P 0000011096426D70
I 0
C 311
R
P 0000011092FFE630
C 392
R
P 0000011092FFE630
U 32
C 37
= 0000011093061230
R
P 0000011092FFE630
C 392
R
P 0000011092FFE630
P 0000011093061230
C 298
R
P 0000011092FFE630
C 392
R
P 0000011092FFE630
P 0000011093061230
C 9
R
P 0000011092FFE630
C 392
R
P 0000011092FFE630
I 35660800
P 0000011093061230
C 159
= 0000011096427230
R
P 0000011092FFE630
C 392
R
P 0000011092FFE630
P 0000011096427230
C 298
R
P 0000011092FFE630
C 392
R
P 0000011092FFE630
P 0000011096427230
C 295
= 0000011093061230
R
P 0000011092FFE630
C 392
R
P 0000011092FFE630
P 0000011093061230
C 249
R
P 0000011092FFE630
C 392
R
P 0000011092FFE630
P 0000011096427230
C 301
R
P 0000011092FFE630
C 392
R
P 0000011092FFE630
P 0000011096427230
C 300
R
P 0000011092FFE630
C 392
R
P 0000011092FFE630
P 0000011096427230
C 299
R
P 0000011092FFE630
C 392
R
P 0000011092FFE630
P 0000011096427230
C 9
R
P 0000011092FFE630
C 392
R
P 0000011092FFE630
P 000001109642E090
P 0000011096427230
C 106
= 0000011099577210
R
P 0000011092FFE630
C 392
R
P 0000011092FFE630
P 0000011099577210
C 299
R
P 0000011092FFE630
C 392
R
P 0000011092FFE630
P 0000011099577210
C 9
R
P 0000011092FFE630
C 392
R
P 0000011092FFE630
P 0000011099638210
P 0000011099577210
C 489
R
P 0000011092FFE630
C 392
R
P 0000011092FFE630
U 32
C 37
= 0000011093061230
R
P 0000011092FFE630
C 392
R
P 0000011092FFE630
P 0000011093061230
C 298
R
P 0000011092FFE630
C 392
R
P 0000011092FFE630
P 0000011093061230
C 9
R
P 0000011092FFE630
C 392
R
P 0000011092FFE630
I 0
P 0000011093061230
C 159
= 000001109642E070
R
P 0000011092FFE630
C 392
R
P 0000011092FFE630
P 000001109642E070
C 298
R
P 0000011092FFE630
C 392
R
P 0000011092FFE630
P 000001109642E070
C 295
= 0000011093061230
R
P 0000011092FFE630
C 392
R
P 0000011092FFE630
P 0000011093061230
C 249
R
P 0000011092FFE630
C 392
R
P 0000011092FFE630
P 000001109642E070
C 301
R
P 0000011092FFE630
C 392
R
P 0000011092FFE630
P 000001109642E070
C 300
R
P 0000011092FFE630
C 392
R
P 0000011092FFE630
P 000001109642E070
C 299
R
P 0000011092FFE630
C 392
R
P 0000011092FFE630
P 000001109642E070
C 9
R
P 0000011092FFE630
C 392
R
P 0000011092FFE630
P 000001109642E0B0
P 000001109642E070
C 106
= 0000011099580E50
R
P 0000011092FFE630
C 392
R
P 0000011092FFE630
P 0000011099580E50
C 299
R
P 0000011092FFE630
C 392
R
P 0000011092FFE630
P 0000011099580E50
C 9
R
P 0000011092FFE630
C 392
R
P 0000011092FFE630
P 0000011099638210
P 0000011099580E50
C 489
R
P 0000011092FFE630
C 392
R
P 0000011092FFE630
U 32
C 37
= 0000011093061230
R
P 0000011092FFE630
C 392
R
P 0000011092FFE630
P 0000011093061230
C 298
R
P 0000011092FFE630
C 392
R
P 0000011092FFE630
P 0000011093061230
C 9
R
P 0000011092FFE630
C 392
R
P 0000011092FFE630
I 71321600
P 0000011093061230
C 159
= 0000011096427690
R
P 0000011092FFE630
C 392
R
P 0000011092FFE630
P 0000011096427690
C 298
R
P 0000011092FFE630
C 392
R
P 0000011092FFE630
P 0000011096427690
C 295
= 0000011093061230
R
P 0000011092FFE630
C 392
R
P 0000011092FFE630
P 0000011093061230
C 249
R
P 0000011092FFE630
C 392
R
P 0000011092FFE630
P 0000011096427690
C 301
R
P 0000011092FFE630
C 392
R
P 0000011092FFE630
P 0000011096427690
C 300
R
P 0000011092FFE630
C 392
R
P 0000011092FFE630
P 0000011096427690
C 299
R
P 0000011092FFE630
C 392
R
P 0000011092FFE630
P 0000011096427690
C 9
R
P 0000011092FFE630
C 392
R
P 0000011092FFE630
P 000001109642E090
P 0000011096427690
C 106
= 0000011099582220
R
P 0000011092FFE630
C 392
R
P 0000011092FFE630
P 0000011099582220
C 299
R
P 0000011092FFE630
C 392
R
P 0000011092FFE630
P 0000011099582220
C 9
R
P 0000011092FFE630
C 392
R
P 0000011092FFE630
P 0000011099638210
P 0000011099582220
C 489
R
P 0000011092FFE630
C 392
R
P 0000011092FFE630
U 32
C 37
= 0000011093061230
R
P 0000011092FFE630
C 392
R
P 0000011092FFE630
P 0000011093061230
C 298
R
P 0000011092FFE630
C 392
R
P 0000011092FFE630
P 0000011093061230
C 9
R
P 0000011092FFE630
C 392
R
P 0000011092FFE630
I 10368
P 0000011093061230
C 159
= 0000011096426D70
R
P 0000011092FFE630
C 392
R
P 0000011092FFE630
P 0000011096426D70
C 298
R
P 0000011092FFE630
C 392
R
P 0000011092FFE630
P 0000011096426D70
C 295
= 0000011093061230
R
P 0000011092FFE630
C 392
R
P 0000011092FFE630
P 0000011093061230
C 249
R
P 0000011092FFE630
C 392
R
P 0000011092FFE630
P 0000011096426D70
C 301
R
P 0000011092FFE630
C 392
R
P 0000011092FFE630
P 0000011096426D70
C 300
R
P 0000011092FFE630
C 392
R
P 0000011092FFE630
P 0000011096426D70
C 299
R
P 0000011092FFE630
C 392
R
P 0000011092FFE630
P 0000011096426D70
C 9
R
P 0000011092FFE630
C 392
R
P 0000011092FFE630
P 00000110964103E0
P 0000011096426D70
C 106
= 0000011099582098
R
P 0000011092FFE630
C 392
R
P 0000011092FFE630
P 0000011099582098
C 299
R
P 0000011092FFE630
C 392
R
P 0000011092FFE630
P 0000011099582098
C 9
R
P 0000011092FFE630
C 392
R
P 0000011092FFE630
P 0000011099638210
P 0000011099582098
C 489
R
P 0000011092FFE630
C 392
R
P 0000011092FFE630
P 0000011099638210
C 513
R
P 0000011092FFE630
C 392
R
P 0000011092FFE630
P 0000011099638210
C 518
= 000001109B5B6B50
R
P 0000011092FFE630
C 392
R
P 0000011092FFE630
P 000001109B5B6B50
C 344
R
P 0000011092FFE630
C 392
R
P 0000011092FFE630
P 000001109B5B6B50
C 381
R
P 0000011092FFE630
C 392
R
P 0000011092FFE630
P 0000011099638210
C 518
= 000001109B5B6880
R
P 0000011092FFE630
C 392
R
P 0000011092FFE630
P 000001109B5B6880
C 344
R
P 0000011092FFE630
C 392
R
P 0000011092FFE630
P 000001109B5B6880
P 000001109642E0B0
I 0
P 0000000000000000
C 346
* 000001109642E070 4
R
P 0000011092FFE630
C 392
R
P 0000011092FFE630
P 000001109642E070
C 298
R
P 0000011092FFE630
C 392
R
P 0000011092FFE630
P 000001109642E070
C 295
= 0000011093061230
R
P 0000011092FFE630
C 392
R
P 0000011092FFE630
P 0000011093061230
C 249
R
P 0000011092FFE630
C 392
R
P 0000011092FFE630
P 000001109642E070
C 301
R
P 0000011092FFE630
C 392
R
P 0000011092FFE630
P 000001109642E070
C 300
R
P 0000011092FFE630
C 392
R
P 0000011092FFE630
P 000001109642E070
C 299
R
P 0000011092FFE630
C 392
R
P 0000011092FFE630
P 000001109642E070
C 9
R
P 0000011092FFE630
C 392
R
P 0000011092FFE630
P 000001109642E070
I 0
C 311
R
P 0000011092FFE630
C 392
R
P 0000011092FFE630
P 0000011099638210
C 518
= 000001109B5B6AF0
R
P 0000011092FFE630
C 392
R
P 0000011092FFE630
P 000001109B5B6AF0
C 344
R
P 0000011092FFE630
C 392
R
P 0000011092FFE630
P 000001109B5B6AF0
P 000001109642E090
I 0
P 0000000000000000
C 346
* 00000110964274D0 4
R
P 0000011092FFE630
C 392
R
P 0000011092FFE630
P 00000110964274D0
C 298
R
P 0000011092FFE630
C 392
R
P 0000011092FFE630
P 00000110964274D0
C 295
= 0000011093061230
R
P 0000011092FFE630
C 392
R
P 0000011092FFE630
P 0000011093061230
C 249
R
P 0000011092FFE630
C 392
R
P 0000011092FFE630
P 00000110964274D0
C 301
R
P 0000011092FFE630
C 392
R
P 0000011092FFE630
P 00000110964274D0
C 300
R
P 0000011092FFE630
C 392
R
P 0000011092FFE630
P 00000110964274D0
C 299
R
P 0000011092FFE630
C 392
R
P 0000011092FFE630
P 00000110964274D0
C 9
R
P 0000011092FFE630
C 392
R
P 0000011092FFE630
P 00000110964274D0
I 0
C 311
R
P 0000011092FFE630
C 392
R
P 0000011092FFE630
P 0000011099638210
C 518
= 000001109B5B6DF0
R
P 0000011092FFE630
C 392
R
P 0000011092FFE630
P 000001109B5B6DF0
C 344
R
P 0000011092FFE630
C 392
R
P 0000011092FFE630
P 000001109B5B6DF0
P 00000110964103E0
I 0
P 0000000000000000
C 346
* 0000011096426D70 4
R
P 0000011092FFE630
C 392
R
P 0000011092FFE630
P 0000011096426D70
C 298
R
P 0000011092FFE630
C 392
R
P 0000011092FFE630
P 0000011096426D70
C 295
= 0000011093061230
R
P 0000011092FFE630
C 392
R
P 0000011092FFE630
P 0000011093061230
C 249
R
P 0000011092FFE630
C 392
R
P 0000011092FFE630
P 0000011096426D70
C 301
R
P 0000011092FFE630
C 392
R
P 0000011092FFE630
P 0000011096426D70
C 300
R
P 0000011092FFE630
C 392
R
P 0000011092FFE630
P 0000011096426D70
C 299
R
P 0000011092FFE630
C 392
R
P 0000011092FFE630
P 0000011096426D70
C 9
R
P 0000011092FFE630
C 392
R
P 0000011092FFE630
P 0000011096426D70
I 0
C 311
R
P 0000011092FFE630
C 392
R
P 0000011092FFE630
U 32
C 37
= 0000011093061230
R
P 0000011092FFE630
C 392
R
P 0000011092FFE630
P 0000011093061230
C 298
R
P 0000011092FFE630
C 392
R
P 0000011092FFE630
P 0000011093061230
C 9
R
P 0000011092FFE630
C 392
R
P 0000011092FFE630
I 2106368
P 0000011093061230
C 159
= 0000011096426C30
R
P 0000011092FFE630
C 392
R
P 0000011092FFE630
P 0000011096426C30
C 298
R
P 0000011092FFE630
C 392
R
P 0000011092FFE630
P 0000011096426C30
C 295
= 0000011093061230
R
P 0000011092FFE630
C 392
R
P 0000011092FFE630
P 0000011093061230
C 249
R
P 0000011092FFE630
C 392
R
P 0000011092FFE630
P 0000011096426C30
C 301
R
P 0000011092FFE630
C 392
R
P 0000011092FFE630
P 0000011096426C30
C 300
R
P 0000011092FFE630
C 392
R
P 0000011092FFE630
P 0000011096426C30
C 299
R
P 0000011092FFE630
C 392
R
P 0000011092FFE630
P 0000011096426C30
C 9
R
P 0000011092FFE630
C 392
R
P 0000011092FFE630
P 000001109642E090
P 0000011096426C30
C 106
= 00000110994FA098
R
P 0000011092FFE630
C 392
R
P 0000011092FFE630
P 00000110994FA098
C 299
R
P 0000011092FFE630
C 392
R
P 0000011092FFE630
P 00000110994FA098
C 9
R
P 0000011092FFE630
C 392
R
P 0000011092FFE630
P 0000011099638210
P 00000110994FA098
C 489
R
P 0000011092FFE630
C 392
R
P 0000011092FFE630
U 32
C 37
= 0000011093061230
R
P 0000011092FFE630
C 392
R
P 0000011092FFE630
P 0000011093061230
C 298
R
P 0000011092FFE630
C 392
R
P 0000011092FFE630
P 0000011093061230
C 9
R
P 0000011092FFE630
C 392
R
P 0000011092FFE630
I 0
P 0000011093061230
C 159
= 000001109642E070
R
P 0000011092FFE630
C 392
R
P 0000011092FFE630
P 000001109642E070
C 298
R
P 0000011092FFE630
C 392
R
P 0000011092FFE630
P 000001109642E070
C 295
= 0000011093061230
R
P 0000011092FFE630
C 392
R
P 0000011092FFE630
P 0000011093061230
C 249
R
P 0000011092FFE630
C 392
R
P 0000011092FFE630
P 000001109642E070
C 301
R
P 0000011092FFE630
C 392
R
P 0000011092FFE630
P 000001109642E070
C 300
R
P 0000011092FFE630
C 392
R
P 0000011092FFE630
P 000001109642E070
C 299
R
P 0000011092FFE630
C 392
R
P 0000011092FFE630
P 000001109642E070
C 9
R
P 0000011092FFE630
C 392
R
P 0000011092FFE630
P 000001109642E0B0
P 000001109642E070
C 106
= 0000011099580E50
R
P 0000011092FFE630
C 392
R
P 0000011092FFE630
P 0000011099580E50
C 299
R
P 0000011092FFE630
C 392
R
P 0000011092FFE630
P 0000011099580E50
C 9
R
P 0000011092FFE630
C 392
R
P 0000011092FFE630
P 0000011099638210
P 0000011099580E50
C 489
R
P 0000011092FFE630
C 392
R
P 0000011092FFE630
U 32
C 37
= 0000011093061230
R
P 0000011092FFE630
C 392
R
P 0000011092FFE630
P 0000011093061230
C 298
R
P 0000011092FFE630
C 392
R
P 0000011092FFE630
P 0000011093061230
C 9
R
P 0000011092FFE630
C 392
R
P 0000011092FFE630
I 4212736
P 0000011093061230
C 159
= 00000110964274D0
R
P 0000011092FFE630
C 392
R
P 0000011092FFE630
P 00000110964274D0
C 298
R
P 0000011092FFE630
C 392
R
P 0000011092FFE630
P 00000110964274D0
C 295
= 0000011093061230
R
P 0000011092FFE630
C 392
R
P 0000011092FFE630
P 0000011093061230
C 249
R
P 0000011092FFE630
C 392
R
P 0000011092FFE630
P 00000110964274D0
C 301
R
P 0000011092FFE630
C 392
R
P 0000011092FFE630
P 00000110964274D0
C 300
R
P 0000011092FFE630
C 392
R
P 0000011092FFE630
P 00000110964274D0
C 299
R
P 0000011092FFE630
C 392
R
P 0000011092FFE630
P 00000110964274D0
C 9
R
P 0000011092FFE630
C 392
R
P 0000011092FFE630
P 000001109642E090
P 00000110964274D0
C 106
= 00000110994EE000
R
P 0000011092FFE630
C 392
R
P 0000011092FFE630
P 00000110994EE000
C 299
R
P 0000011092FFE630
C 392
R
P 0000011092FFE630
P 00000110994EE000
C 9
R
P 0000011092FFE630
C 392
R
P 0000011092FFE630
P 0000011099638210
P 00000110994EE000
C 489
R
P 0000011092FFE630
C 392
R
P 0000011092FFE630
U 32
C 37
= 0000011093061230
R
P 0000011092FFE630
C 392
R
P 0000011092FFE630
P 0000011093061230
C 298
R
P 0000011092FFE630
C 392
R
P 0000011092FFE630
P 0000011093061230
C 9
R
P 0000011092FFE630
C 392
R
P 0000011092FFE630
I 10368
P 0000011093061230
C 159
= 0000011096426D70
R
P 0000011092FFE630
C 392
R
P 0000011092FFE630
P 0000011096426D70
C 298
R
P 0000011092FFE630
C 392
R
P 0000011092FFE630
P 0000011096426D70
C 295
= 0000011093061230
R
P 0000011092FFE630
C 392
R
P 0000011092FFE630
P 0000011093061230
C 249
R
P 0000011092FFE630
C 392
R
P 0000011092FFE630
P 0000011096426D70
C 301
R
P 0000011092FFE630
C 392
R
P 0000011092FFE630
P 0000011096426D70
C 300
R
P 0000011092FFE630
C 392
R
P 0000011092FFE630
P 0000011096426D70
C 299
R
P 0000011092FFE630
C 392
R
P 0000011092FFE630
P 0000011096426D70
C 9
R
P 0000011092FFE630
C 392
R
P 0000011092FFE630
P 00000110964103E0
P 0000011096426D70
C 106
= 0000011099582098
R
P 0000011092FFE630
C 392
R
P 0000011092FFE630
P 0000011099582098
C 299
R
P 0000011092FFE630
C 392
R
P 0000011092FFE630
P 0000011099582098
C 9
R
P 0000011092FFE630
C 392
R
P 0000011092FFE630
P 0000011099638210
P 0000011099582098
C 489
R
P 0000011092FFE630
C 392
R
P 0000011092FFE630
P 0000011099638210
C 513
R
P 0000011092FFE630
C 392
R
P 0000011092FFE630
P 0000011099638210
C 518
= 000001109B5B71E0
R
P 0000011092FFE630
C 392
R
P 0000011092FFE630
P 000001109B5B71E0
C 344
R
P 0000011092FFE630
C 392
R
P 0000011092FFE630
P 000001109B5B71E0
C 381
R
P 0000011092FFE630
C 392
R
P 0000011092FFE630
P 0000011099638210
C 518
= 000001109B5B7A80
R
P 0000011092FFE630
C 392
R
P 0000011092FFE630
P 000001109B5B7A80
C 344
R
P 0000011092FFE630
C 392
R
P 0000011092FFE630
P 000001109B5B7A80
P 000001109642E0B0
I 0
P 0000000000000000
C 346
* 000001109642E070 4
R
P 0000011092FFE630
C 392
R
P 0000011092FFE630
P 000001109642E070
C 298
R
P 0000011092FFE630
C 392
R
P 0000011092FFE630
P 000001109642E070
C 295
= 0000011093061230
R
P 0000011092FFE630
C 392
R
P 0000011092FFE630
P 0000011093061230
C 249
R
P 0000011092FFE630
C 392
R
P 0000011092FFE630
P 000001109642E070
C 301
R
P 0000011092FFE630
C 392
R
P 0000011092FFE630
P 000001109642E070
C 300
R
P 0000011092FFE630
C 392
R
P 0000011092FFE630
P 000001109642E070
C 299
R
P 0000011092FFE630
C 392
R
P 0000011092FFE630
P 000001109642E070
C 9
R
P 0000011092FFE630
C 392
R
P 0000011092FFE630
P 000001109642E070
I 0
C 311
R
P 0000011092FFE630
C 392
R
P 0000011092FFE630
P 0000011099638210
C 518
= 000001109B5B7C90
R
P 0000011092FFE630
C 392
R
P 0000011092FFE630
P 000001109B5B7C90
C 344
R
P 0000011092FFE630
C 392
R
P 0000011092FFE630
P 000001109B5B7C90
P 000001109642E090
I 0
P 0000000000000000
C 346
* 0000011096426C50 4
R
P 0000011092FFE630
C 392
R
P 0000011092FFE630
P 0000011096426C50
C 298
R
P 0000011092FFE630
C 392
R
P 0000011092FFE630
P 0000011096426C50
C 295
= 0000011093061230
R
P 0000011092FFE630
C 392
R
P 0000011092FFE630
P 0000011093061230
C 249
R
P 0000011092FFE630
C 392
R
P 0000011092FFE630
P 0000011096426C50
C 301
R
P 0000011092FFE630
C 392
R
P 0000011092FFE630
P 0000011096426C50
C 300
R
P 0000011092FFE630
C 392
R
P 0000011092FFE630
P 0000011096426C50
C 299
R
P 0000011092FFE630
C 392
R
P 0000011092FFE630
P 0000011096426C50
C 9
R
P 0000011092FFE630
C 392
R
P 0000011092FFE630
P 0000011096426C50
I 0
C 311
R
P 0000011092FFE630
C 392
R
P 0000011092FFE630
P 0000011099638210
C 518
= 000001109B5B7DB0
R
P 0000011092FFE630
C 392
R
P 0000011092FFE630
P 000001109B5B7DB0
C 344
R
P 0000011092FFE630
C 392
R
P 0000011092FFE630
P 000001109B5B7DB0
P 00000110964103E0
I 0
P 0000000000000000
C 346
* 0000011096426D70 4
R
P 0000011092FFE630
C 392
R
P 0000011092FFE630
P 0000011096426D70
C 298
R
P 0000011092FFE630
C 392
R
P 0000011092FFE630
P 0000011096426D70
C 295
= 0000011093061230
R
P 0000011092FFE630
C 392
R
P 0000011092FFE630
P 0000011093061230
C 249
R
P 0000011092FFE630
C 392
R
P 0000011092FFE630
P 0000011096426D70
C 301
R
P 0000011092FFE630
C 392
R
P 0000011092FFE630
P 0000011096426D70
C 300
R
P 0000011092FFE630
C 392
R
P 0000011092FFE630
P 0000011096426D70
C 299
R
P 0000011092FFE630
C 392
R
P 0000011092FFE630
P 0000011096426D70
C 9
R
P 0000011092FFE630
C 392
R
P 0000011092FFE630
P 0000011096426D70
I 0
C 311
R
P 0000011092FFE630
C 392
R
P 0000011092FFE630
U 32
C 37
= 0000011093061230
R
P 0000011092FFE630
C 392
R
P 0000011092FFE630
P 0000011093061230
C 298
R
P 0000011092FFE630
C 392
R
P 0000011092FFE630
P 0000011093061230
C 9
R
P 0000011092FFE630
C 392
R
P 0000011092FFE630
I 271360
P 0000011093061230
C 159
= 0000011096426BD0
R
P 0000011092FFE630
C 392
R
P 0000011092FFE630
P 0000011096426BD0
C 298
R
P 0000011092FFE630
C 392
R
P 0000011092FFE630
P 0000011096426BD0
C 295
= 0000011093061230
R
P 0000011092FFE630
C 392
R
P 0000011092FFE630
P 0000011093061230
C 249
R
P 0000011092FFE630
C 392
R
P 0000011092FFE630
P 0000011096426BD0
C 301
R
P 0000011092FFE630
C 392
R
P 0000011092FFE630
P 0000011096426BD0
C 300
R
P 0000011092FFE630
C 392
R
P 0000011092FFE630
P 0000011096426BD0
C 299
R
P 0000011092FFE630
C 392
R
P 0000011092FFE630
P 0000011096426BD0
C 9
R
P 0000011092FFE630
C 392
R
P 0000011092FFE630
P 000001109642E090
P 0000011096426BD0
C 106
= 00000110994EF570
R
P 0000011092FFE630
C 392
R
P 0000011092FFE630
P 00000110994EF570
C 299
R
P 0000011092FFE630
C 392
R
P 0000011092FFE630
P 00000110994EF570
C 9
R
P 0000011092FFE630
C 392
R
P 0000011092FFE630
P 0000011099638210
P 00000110994EF570
C 489
R
P 0000011092FFE630
C 392
R
P 0000011092FFE630
U 32
C 37
= 0000011093061230
R
P 0000011092FFE630
C 392
R
P 0000011092FFE630
P 0000011093061230
C 298
R
P 0000011092FFE630
C 392
R
P 0000011092FFE630
P 0000011093061230
C 9
R
P 0000011092FFE630
C 392
R
P 0000011092FFE630
I 0
P 0000011093061230
C 159
= 000001109642E070
R
P 0000011092FFE630
C 392
R
P 0000011092FFE630
P 000001109642E070
C 298
R
P 0000011092FFE630
C 392
R
P 0000011092FFE630
P 000001109642E070
C 295
= 0000011093061230
R
P 0000011092FFE630
C 392
R
P 0000011092FFE630
P 0000011093061230
C 249
R
P 0000011092FFE630
C 392
R
P 0000011092FFE630
P 000001109642E070
C 301
R
P 0000011092FFE630
C 392
R
P 0000011092FFE630
P 000001109642E070
C 300
R
P 0000011092FFE630
C 392
R
P 0000011092FFE630
P 000001109642E070
C 299
R
P 0000011092FFE630
C 392
R
P 0000011092FFE630
P 000001109642E070
C 9
R
P 0000011092FFE630
C 392
R
P 0000011092FFE630
P 000001109642E0B0
P 000001109642E070
C 106
= 0000011099580E50
R
P 0000011092FFE630
C 392
R
P 0000011092FFE630
P 0000011099580E50
C 299
R
P 0000011092FFE630
C 392
R
P 0000011092FFE630
P 0000011099580E50
C 9
R
P 0000011092FFE630
C 392
R
P 0000011092FFE630
P 0000011099638210
P 0000011099580E50
C 489
R
P 0000011092FFE630
C 392
R
P 0000011092FFE630
U 32
C 37
= 0000011093061230
R
P 0000011092FFE630
C 392
R
P 0000011092FFE630
P 0000011093061230
C 298
R
P 0000011092FFE630
C 392
R
P 0000011092FFE630
P 0000011093061230
C 9
R
P 0000011092FFE630
C 392
R
P 0000011092FFE630
I 542720
P 0000011093061230
C 159
= 0000011096426C50
R
P 0000011092FFE630
C 392
R
P 0000011092FFE630
P 0000011096426C50
C 298
R
P 0000011092FFE630
C 392
R
P 0000011092FFE630
P 0000011096426C50
C 295
= 0000011093061230
R
P 0000011092FFE630
C 392
R
P 0000011092FFE630
P 0000011093061230
C 249
R
P 0000011092FFE630
C 392
R
P 0000011092FFE630
P 0000011096426C50
C 301
R
P 0000011092FFE630
C 392
R
P 0000011092FFE630
P 0000011096426C50
C 300
R
P 0000011092FFE630
C 392
R
P 0000011092FFE630
P 0000011096426C50
C 299
R
P 0000011092FFE630
C 392
R
P 0000011092FFE630
P 0000011096426C50
C 9
R
P 0000011092FFE630
C 392
R
P 0000011092FFE630
P 000001109642E090
P 0000011096426C50
C 106
= 00000110994EE038
R
P 0000011092FFE630
C 392
R
P 0000011092FFE630
P 00000110994EE038
C 299
R
P 0000011092FFE630
C 392
R
P 0000011092FFE630
P 00000110994EE038
C 9
R
P 0000011092FFE630
C 392
R
P 0000011092FFE630
P 0000011099638210
P 00000110994EE038
C 489
R
P 0000011092FFE630
C 392
R
P 0000011092FFE630
U 32
C 37
= 0000011093061230
R
P 0000011092FFE630
C 392
R
P 0000011092FFE630
P 0000011093061230
C 298
R
P 0000011092FFE630
C 392
R
P 0000011092FFE630
P 0000011093061230
C 9
R
P 0000011092FFE630
C 392
R
P 0000011092FFE630
I 10368
P 0000011093061230
C 159
= 0000011096426D70
R
P 0000011092FFE630
C 392
R
P 0000011092FFE630
P 0000011096426D70
C 298
R
P 0000011092FFE630
C 392
R
P 0000011092FFE630
P 0000011096426D70
C 295
= 0000011093061230
R
P 0000011092FFE630
C 392
R
P 0000011092FFE630
P 0000011093061230
C 249
R
P 0000011092FFE630
C 392
R
P 0000011092FFE630
P 0000011096426D70
C 301
R
P 0000011092FFE630
C 392
R
P 0000011092FFE630
P 0000011096426D70
C 300
R
P 0000011092FFE630
C 392
R
P 0000011092FFE630
P 0000011096426D70
C 299
R
P 0000011092FFE630
C 392
R
P 0000011092FFE630
P 0000011096426D70
C 9
R
P 0000011092FFE630
C 392
R
P 0000011092FFE630
P 00000110964103E0
P 0000011096426D70
C 106
= 0000011099582098
R
P 0000011092FFE630
C 392
R
P 0000011092FFE630
P 0000011099582098
C 299
R
P 0000011092FFE630
C 392
R
P 0000011092FFE630
P 0000011099582098
C 9
R
P 0000011092FFE630
C 392
R
P 0000011092FFE630
P 0000011099638210
P 0000011099582098
C 489
R
P 0000011092FFE630
C 392
R
P 0000011092FFE630
P 0000011099638210
C 513
R
P 0000011092FFE630
C 392
R
P 0000011092FFE630
P 0000011099638210
C 518
= 000001109B5B78A0
R
P 0000011092FFE630
C 392
R
P 0000011092FFE630
P 000001109B5B78A0
C 344
R
P 0000011092FFE630
C 392
R
P 0000011092FFE630
P 000001109B5B78A0
C 381
R
P 0000011092FFE630
C 392
R
P 0000011092FFE630
P 0000011099638210
C 518
= 000001109B5B7600
R
P 0000011092FFE630
C 392
R
P 0000011092FFE630
P 000001109B5B7600
C 344
R
P 0000011092FFE630
C 392
R
P 0000011092FFE630
P 000001109B5B7600
P 000001109642E0B0
I 0
P 0000000000000000
C 346
* 000001109642E070 4
R
P 0000011092FFE630
C 392
R
P 0000011092FFE630
P 000001109642E070
C 298
R
P 0000011092FFE630
C 392
R
P 0000011092FFE630
P 000001109642E070
C 295
= 0000011093061230
R
P 0000011092FFE630
C 392
R
P 0000011092FFE630
P 0000011093061230
C 249
R
P 0000011092FFE630
C 392
R
P 0000011092FFE630
P 000001109642E070
C 301
R
P 0000011092FFE630
C 392
R
P 0000011092FFE630
P 000001109642E070
C 300
R
P 0000011092FFE630
C 392
R
P 0000011092FFE630
P 000001109642E070
C 299
R
P 0000011092FFE630
C 392
R
P 0000011092FFE630
P 000001109642E070
C 9
R
P 0000011092FFE630
C 392
R
P 0000011092FFE630
P 000001109642E070
I 0
C 311
R
P 0000011092FFE630
C 392
R
P 0000011092FFE630
P 0000011099638210
C 518
= 000001109B5B7630
R
P 0000011092FFE630
C 392
R
P 0000011092FFE630
P 000001109B5B7630
C 344
R
P 0000011092FFE630
C 392
R
P 0000011092FFE630
P 000001109B5B7630
P 000001109642E090
I 0
P 0000000000000000
C 346
* 00000110964104C0 4
R
P 0000011092FFE630
C 392
R
P 0000011092FFE630
P 00000110964104C0
C 298
R
P 0000011092FFE630
C 392
R
P 0000011092FFE630
P 00000110964104C0
C 295
= 0000011093061230
R
P 0000011092FFE630
C 392
R
P 0000011092FFE630
P 0000011093061230
C 249
R
P 0000011092FFE630
C 392
R
P 0000011092FFE630
P 00000110964104C0
C 301
R
P 0000011092FFE630
C 392
R
P 0000011092FFE630
P 00000110964104C0
C 300
R
P 0000011092FFE630
C 392
R
P 0000011092FFE630
P 00000110964104C0
C 299
R
P 0000011092FFE630
C 392
R
P 0000011092FFE630
P 00000110964104C0
C 9
R
P 0000011092FFE630
C 392
R
P 0000011092FFE630
P 00000110964104C0
I 0
C 311
R
P 0000011092FFE630
C 392
R
P 0000011092FFE630
P 0000011099638210
C 518
= 000001109B5B7780
R
P 0000011092FFE630
C 392
R
P 0000011092FFE630
P 000001109B5B7780
C 344
R
P 0000011092FFE630
C 392
R
P 0000011092FFE630
P 000001109B5B7780
P 00000110964103E0
I 0
P 0000000000000000
C 346
* 0000011096426D70 4
R
P 0000011092FFE630
C 392
R
P 0000011092FFE630
P 0000011096426D70
C 298
R
P 0000011092FFE630
C 392
R
P 0000011092FFE630
P 0000011096426D70
C 295
= 0000011093061230
R
P 0000011092FFE630
C 392
R
P 0000011092FFE630
P 0000011093061230
C 249
R
P 0000011092FFE630
C 392
R
P 0000011092FFE630
P 0000011096426D70
C 301
R
P 0000011092FFE630
C 392
R
P 0000011092FFE630
P 0000011096426D70
C 300
R
P 0000011092FFE630
C 392
R
P 0000011092FFE630
P 0000011096426D70
C 299
R
P 0000011092FFE630
C 392
R
P 0000011092FFE630
P 0000011096426D70
C 9
R
P 0000011092FFE630
C 392
R
P 0000011092FFE630
P 0000011096426D70
I 0
C 311
R
P 0000011092FFE630
C 392
R
P 0000011092FFE630
U 32
C 37
= 0000011093061230
R
P 0000011092FFE630
C 392
R
P 0000011092FFE630
P 0000011093061230
C 298
R
P 0000011092FFE630
C 392
R
P 0000011092FFE630
P 0000011093061230
C 9
R
P 0000011092FFE630
C 392
R
P 0000011092FFE630
I 9216
P 0000011093061230
C 159
= 0000011096426AD0
R
P 0000011092FFE630
C 392
R
P 0000011092FFE630
P 0000011096426AD0
C 298
R
P 0000011092FFE630
C 392
R
P 0000011092FFE630
P 0000011096426AD0
C 295
= 0000011093061230
R
P 0000011092FFE630
C 392
R
P 0000011092FFE630
P 0000011093061230
C 249
R
P 0000011092FFE630
C 392
R
P 0000011092FFE630
P 0000011096426AD0
C 301
R
P 0000011092FFE630
C 392
R
P 0000011092FFE630
P 0000011096426AD0
C 300
R
P 0000011092FFE630
C 392
R
P 0000011092FFE630
P 0000011096426AD0
C 299
R
P 0000011092FFE630
C 392
R
P 0000011092FFE630
P 0000011096426AD0
C 9
R
P 0000011092FFE630
C 392
R
P 0000011092FFE630
P 000001109642E090
P 0000011096426AD0
C 106
= 00000110994FDBC8
R
P 0000011092FFE630
C 392
R
P 0000011092FFE630
P 00000110994FDBC8
C 299
R
P 0000011092FFE630
C 392
R
P 0000011092FFE630
P 00000110994FDBC8
C 9
R
P 0000011092FFE630
C 392
R
P 0000011092FFE630
P 0000011099638210
P 00000110994FDBC8
C 489
R
P 0000011092FFE630
C 392
R
P 0000011092FFE630
U 32
C 37
= 0000011093061230
R
P 0000011092FFE630
C 392
R
P 0000011092FFE630
P 0000011093061230
C 298
R
P 0000011092FFE630
C 392
R
P 0000011092FFE630
P 0000011093061230
C 9
R
P 0000011092FFE630
C 392
R
P 0000011092FFE630
I 0
P 0000011093061230
C 159
= 000001109642E070
R
P 0000011092FFE630
C 392
R
P 0000011092FFE630
P 000001109642E070
C 298
R
P 0000011092FFE630
C 392
R
P 0000011092FFE630
P 000001109642E070
C 295
= 0000011093061230
R
P 0000011092FFE630
C 392
R
P 0000011092FFE630
P 0000011093061230
C 249
R
P 0000011092FFE630
C 392
R
P 0000011092FFE630
P 000001109642E070
C 301
R
P 0000011092FFE630
C 392
R
P 0000011092FFE630
P 000001109642E070
C 300
R
P 0000011092FFE630
C 392
R
P 0000011092FFE630
P 000001109642E070
C 299
R
P 0000011092FFE630
C 392
R
P 0000011092FFE630
P 000001109642E070
C 9
R
P 0000011092FFE630
C 392
R
P 0000011092FFE630
P 000001109642E0B0
P 000001109642E070
C 106
= 0000011099580E50
R
P 0000011092FFE630
C 392
R
P 0000011092FFE630
P 0000011099580E50
C 299
R
P 0000011092FFE630
C 392
R
P 0000011092FFE630
P 0000011099580E50
C 9
R
P 0000011092FFE630
C 392
R
P 0000011092FFE630
P 0000011099638210
P 0000011099580E50
C 489
R
P 0000011092FFE630
C 392
R
P 0000011092FFE630
U 32
C 37
= 0000011093061230
R
P 0000011092FFE630
C 392
R
P 0000011092FFE630
P 0000011093061230
C 298
R
P 0000011092FFE630
C 392
R
P 0000011092FFE630
P 0000011093061230
C 9
R
P 0000011092FFE630
C 392
R
P 0000011092FFE630
I 18432
P 0000011093061230
C 159
= 00000110964104C0
R
P 0000011092FFE630
C 392
R
P 0000011092FFE630
P 00000110964104C0
C 298
R
P 0000011092FFE630
C 392
R
P 0000011092FFE630
P 00000110964104C0
C 295
= 0000011093061230
R
P 0000011092FFE630
C 392
R
P 0000011092FFE630
P 0000011093061230
C 249
R
P 0000011092FFE630
C 392
R
P 0000011092FFE630
P 00000110964104C0
C 301
R
P 0000011092FFE630
C 392
R
P 0000011092FFE630
P 00000110964104C0
C 300
R
P 0000011092FFE630
C 392
R
P 0000011092FFE630
P 00000110964104C0
C 299
R
P 0000011092FFE630
C 392
R
P 0000011092FFE630
P 00000110964104C0
C 9
R
P 0000011092FFE630
C 392
R
P 0000011092FFE630
P 000001109642E090
P 00000110964104C0
C 106
= 00000110994FDB58
R
P 0000011092FFE630
C 392
R
P 0000011092FFE630
P 00000110994FDB58
C 299
R
P 0000011092FFE630
C 392
R
P 0000011092FFE630
P 00000110994FDB58
C 9
R
P 0000011092FFE630
C 392
R
P 0000011092FFE630
P 0000011099638210
P 00000110994FDB58
C 489
R
P 0000011092FFE630
C 392
R
P 0000011092FFE630
U 32
C 37
= 0000011093061230
R
P 0000011092FFE630
C 392
R
P 0000011092FFE630
P 0000011093061230
C 298
R
P 0000011092FFE630
C 392
R
P 0000011092FFE630
P 0000011093061230
C 9
R
P 0000011092FFE630
C 392
R
P 0000011092FFE630
I 10368
P 0000011093061230
C 159
= 0000011096426D70
R
P 0000011092FFE630
C 392
R
P 0000011092FFE630
P 0000011096426D70
C 298
R
P 0000011092FFE630
C 392
R
P 0000011092FFE630
P 0000011096426D70
C 295
= 0000011093061230
R
P 0000011092FFE630
C 392
R
P 0000011092FFE630
P 0000011093061230
C 249
R
P 0000011092FFE630
C 392
R
P 0000011092FFE630
P 0000011096426D70
C 301
R
P 0000011092FFE630
C 392
R
P 0000011092FFE630
P 0000011096426D70
C 300
R
P 0000011092FFE630
C 392
R
P 0000011092FFE630
P 0000011096426D70
C 299
R
P 0000011092FFE630
C 392
R
P 0000011092FFE630
P 0000011096426D70
C 9
R
P 0000011092FFE630
C 392
R
P 0000011092FFE630
P 00000110964103E0
P 0000011096426D70
C 106
= 0000011099582098
R
P 0000011092FFE630
C 392
R
P 0000011092FFE630
P 0000011099582098
C 299
R
P 0000011092FFE630
C 392
R
P 0000011092FFE630
P 0000011099582098
C 9
R
P 0000011092FFE630
C 392
R
P 0000011092FFE630
P 0000011099638210
P 0000011099582098
C 489
R
P 0000011092FFE630
C 392
R
P 0000011092FFE630
P 0000011099638210
C 513
R
P 0000011092FFE630
C 392
R
P 0000011092FFE630
P 0000011099638210
C 518
= 000001109B5B7960
R
P 0000011092FFE630
C 392
R
P 0000011092FFE630
P 000001109B5B7960
C 344
R
P 0000011092FFE630
C 392
R
P 0000011092FFE630
P 000001109B5B7960
C 381
R
P 0000011092FFE630
C 392
R
P 0000011092FFE630
P 0000011099638210
C 518
= 000001109B5B8980
R
P 0000011092FFE630
C 392
R
P 0000011092FFE630
P 000001109B5B8980
C 344
R
P 0000011092FFE630
C 392
R
P 0000011092FFE630
P 000001109B5B8980
P 000001109642E0B0
I 0
P 0000000000000000
C 346
* 000001109642E070 4
R
P 0000011092FFE630
C 392
R
P 0000011092FFE630
P 000001109642E070
C 298
R
P 0000011092FFE630
C 392
R
P 0000011092FFE630
P 000001109642E070
C 295
= 0000011093061230
R
P 0000011092FFE630
C 392
R
P 0000011092FFE630
P 0000011093061230
C 249
R
P 0000011092FFE630
C 392
R
P 0000011092FFE630
P 000001109642E070
C 301
R
P 0000011092FFE630
C 392
R
P 0000011092FFE630
P 000001109642E070
C 300
R
P 0000011092FFE630
C 392
R
P 0000011092FFE630
P 000001109642E070
C 299
R
P 0000011092FFE630
C 392
R
P 0000011092FFE630
P 000001109642E070
C 9
R
P 0000011092FFE630
C 392
R
P 0000011092FFE630
P 000001109642E070
I 0
C 311
R
P 0000011092FFE630
C 392
R
P 0000011092FFE630
P 0000011099638210
C 518
= 000001109B5B81D0
R
P 0000011092FFE630
C 392
R
P 0000011092FFE630
P 000001109B5B81D0
C 344
R
P 0000011092FFE630
C 392
R
P 0000011092FFE630
P 000001109B5B81D0
P 000001109642E090
I 0
P 0000000000000000
C 346
* 0000011096426AF0 4
R
P 0000011092FFE630
C 392
R
P 0000011092FFE630
P 0000011096426AF0
C 298
R
P 0000011092FFE630
C 392
R
P 0000011092FFE630
P 0000011096426AF0
C 295
= 0000011093061230
R
P 0000011092FFE630
C 392
R
P 0000011092FFE630
P 0000011093061230
C 249
R
P 0000011092FFE630
C 392
R
P 0000011092FFE630
P 0000011096426AF0
C 301
R
P 0000011092FFE630
C 392
R
P 0000011092FFE630
P 0000011096426AF0
C 300
R
P 0000011092FFE630
C 392
R
P 0000011092FFE630
P 0000011096426AF0
C 299
R
P 0000011092FFE630
C 392
R
P 0000011092FFE630
P 0000011096426AF0
C 9
R
P 0000011092FFE630
C 392
R
P 0000011092FFE630
P 0000011096426AF0
I 0
C 311
R
P 0000011092FFE630
C 392
R
P 0000011092FFE630
P 0000011099638210
C 518
= 000001109B5B8830
R
P 0000011092FFE630
C 392
R
P 0000011092FFE630
P 000001109B5B8830
C 344
R
P 0000011092FFE630
C 392
R
P 0000011092FFE630
P 000001109B5B8830
P 00000110964103E0
I 0
P 0000000000000000
C 346
* 0000011096426D70 4
R
P 0000011092FFE630
C 392
R
P 0000011092FFE630
P 0000011096426D70
C 298
R
P 0000011092FFE630
C 392
R
P 0000011092FFE630
P 0000011096426D70
C 295
= 0000011093061230
R
P 0000011092FFE630
C 392
R
P 0000011092FFE630
P 0000011093061230
C 249
R
P 0000011092FFE630
C 392
R
P 0000011092FFE630
P 0000011096426D70
C 301
R
P 0000011092FFE630
C 392
R
P 0000011092FFE630
P 0000011096426D70
C 300
R
P 0000011092FFE630
C 392
R
P 0000011092FFE630
P 0000011096426D70
C 299
R
P 0000011092FFE630
C 392
R
P 0000011092FFE630
P 0000011096426D70
C 9
R
P 0000011092FFE630
C 392
R
P 0000011092FFE630
P 0000011096426D70
I 0
C 311
R
P 0000011092FFE630
C 392
R
P 0000011092FFE630
U 32
C 37
= 0000011093061230
R
P 0000011092FFE630
C 392
R
P 0000011092FFE630
P 0000011093061230
C 298
R
P 0000011092FFE630
C 392
R
P 0000011092FFE630
P 0000011093061230
C 9
R
P 0000011092FFE630
C 392
R
P 0000011092FFE630
I 1024
P 0000011093061230
C 159
= 0000011096426A10
R
P 0000011092FFE630
C 392
R
P 0000011092FFE630
P 0000011096426A10
C 298
R
P 0000011092FFE630
C 392
R
P 0000011092FFE630
P 0000011096426A10
C 295
= 0000011093061230
R
P 0000011092FFE630
C 392
R
P 0000011092FFE630
P 0000011093061230
C 249
R
P 0000011092FFE630
C 392
R
P 0000011092FFE630
P 0000011096426A10
C 301
R
P 0000011092FFE630
C 392
R
P 0000011092FFE630
P 0000011096426A10
C 300
R
P 0000011092FFE630
C 392
R
P 0000011092FFE630
P 0000011096426A10
C 299
R
P 0000011092FFE630
C 392
R
P 0000011092FFE630
P 0000011096426A10
C 9
R
P 0000011092FFE630
C 392
R
P 0000011092FFE630
P 000001109642E090
P 0000011096426A10
C 106
= 00000110994EF180
R
P 0000011092FFE630
C 392
R
P 0000011092FFE630
P 00000110994EF180
C 299
R
P 0000011092FFE630
C 392
R
P 0000011092FFE630
P 00000110994EF180
C 9
R
P 0000011092FFE630
C 392
R
P 0000011092FFE630
P 0000011099638210
P 00000110994EF180
C 489
R
P 0000011092FFE630
C 392
R
P 0000011092FFE630
U 32
C 37
= 0000011093061230
R
P 0000011092FFE630
C 392
R
P 0000011092FFE630
P 0000011093061230
C 298
R
P 0000011092FFE630
C 392
R
P 0000011092FFE630
P 0000011093061230
C 9
R
P 0000011092FFE630
C 392
R
P 0000011092FFE630
I 0
P 0000011093061230
C 159
= 000001109642E070
R
P 0000011092FFE630
C 392
R
P 0000011092FFE630
P 000001109642E070
C 298
R
P 0000011092FFE630
C 392
R
P 0000011092FFE630
P 000001109642E070
C 295
= 0000011093061230
R
P 0000011092FFE630
C 392
R
P 0000011092FFE630
P 0000011093061230
C 249
R
P 0000011092FFE630
C 392
R
P 0000011092FFE630
P 000001109642E070
C 301
R
P 0000011092FFE630
C 392
R
P 0000011092FFE630
P 000001109642E070
C 300
R
P 0000011092FFE630
C 392
R
P 0000011092FFE630
P 000001109642E070
C 299
R
P 0000011092FFE630
C 392
R
P 0000011092FFE630
P 000001109642E070
C 9
R
P 0000011092FFE630
C 392
R
P 0000011092FFE630
P 000001109642E0B0
P 000001109642E070
C 106
= 0000011099580E50
R
P 0000011092FFE630
C 392
R
P 0000011092FFE630
P 0000011099580E50
C 299
R
P 0000011092FFE630
C 392
R
P 0000011092FFE630
P 0000011099580E50
C 9
R
P 0000011092FFE630
C 392
R
P 0000011092FFE630
P 0000011099638210
P 0000011099580E50
C 489
R
P 0000011092FFE630
C 392
R
P 0000011092FFE630
U 32
C 37
= 0000011093061230
R
P 0000011092FFE630
C 392
R
P 0000011092FFE630
P 0000011093061230
C 298
R
P 0000011092FFE630
C 392
R
P 0000011092FFE630
P 0000011093061230
C 9
R
P 0000011092FFE630
C 392
R
P 0000011092FFE630
I 2048
P 0000011093061230
C 159
= 0000011096426AF0
R
P 0000011092FFE630
C 392
R
P 0000011092FFE630
P 0000011096426AF0
C 298
R
P 0000011092FFE630
C 392
R
P 0000011092FFE630
P 0000011096426AF0
C 295
= 0000011093061230
R
P 0000011092FFE630
C 392
R
P 0000011092FFE630
P 0000011093061230
C 249
R
P 0000011092FFE630
C 392
R
P 0000011092FFE630
P 0000011096426AF0
C 301
R
P 0000011092FFE630
C 392
R
P 0000011092FFE630
P 0000011096426AF0
C 300
R
P 0000011092FFE630
C 392
R
P 0000011092FFE630
P 0000011096426AF0
C 299
R
P 0000011092FFE630
C 392
R
P 0000011092FFE630
P 0000011096426AF0
C 9
R
P 0000011092FFE630
C 392
R
P 0000011092FFE630
P 000001109642E090
P 0000011096426AF0
C 106
= 00000110994FA0D0
R
P 0000011092FFE630
C 392
R
P 0000011092FFE630
P 00000110994FA0D0
C 299
R
P 0000011092FFE630
C 392
R
P 0000011092FFE630
P 00000110994FA0D0
C 9
R
P 0000011092FFE630
C 392
R
P 0000011092FFE630
P 0000011099638210
P 00000110994FA0D0
C 489
R
P 0000011092FFE630
C 392
R
P 0000011092FFE630
U 32
C 37
= 0000011093061230
R
P 0000011092FFE630
C 392
R
P 0000011092FFE630
P 0000011093061230
C 298
R
P 0000011092FFE630
C 392
R
P 0000011092FFE630
P 0000011093061230
C 9
R
P 0000011092FFE630
C 392
R
P 0000011092FFE630
I 10368
P 0000011093061230
C 159
= 0000011096426D70
R
P 0000011092FFE630
C 392
R
P 0000011092FFE630
P 0000011096426D70
C 298
R
P 0000011092FFE630
C 392
R
P 0000011092FFE630
P 0000011096426D70
C 295
= 0000011093061230
R
P 0000011092FFE630
C 392
R
P 0000011092FFE630
P 0000011093061230
C 249
R
P 0000011092FFE630
C 392
R
P 0000011092FFE630
P 0000011096426D70
C 301
R
P 0000011092FFE630
C 392
R
P 0000011092FFE630
P 0000011096426D70
C 300
R
P 0000011092FFE630
C 392
R
P 0000011092FFE630
P 0000011096426D70
C 299
R
P 0000011092FFE630
C 392
R
P 0000011092FFE630
P 0000011096426D70
C 9
R
P 0000011092FFE630
C 392
R
P 0000011092FFE630
P 00000110964103E0
P 0000011096426D70
C 106
= 0000011099582098
R
P 0000011092FFE630
C 392
R
P 0000011092FFE630
P 0000011099582098
C 299
R
P 0000011092FFE630
C 392
R
P 0000011092FFE630
P 0000011099582098
C 9
R
P 0000011092FFE630
C 392
R
P 0000011092FFE630
P 0000011099638210
P 0000011099582098
C 489
R
P 0000011092FFE630
C 392
R
P 0000011092FFE630
P 0000011099638210
C 513
R
P 0000011092FFE630
C 392
R
P 0000011092FFE630
P 0000011099638210
C 518
= 000001109B5B8620
R
P 0000011092FFE630
C 392
R
P 0000011092FFE630
P 000001109B5B8620
C 344
R
P 0000011092FFE630
C 392
R
P 0000011092FFE630
P 000001109B5B8620
C 381
R
P 0000011092FFE630
C 392
R
P 0000011092FFE630
P 0000011099638210
C 518
= 000001109B5B8320
R
P 0000011092FFE630
C 392
R
P 0000011092FFE630
P 000001109B5B8320
C 344
R
P 0000011092FFE630
C 392
R
P 0000011092FFE630
P 000001109B5B8320
P 000001109642E0B0
I 0
P 0000000000000000
C 346
* 000001109642E070 4
R
P 0000011092FFE630
C 392
R
P 0000011092FFE630
P 000001109642E070
C 298
R
P 0000011092FFE630
C 392
R
P 0000011092FFE630
P 000001109642E070
C 295
= 0000011093061230
R
P 0000011092FFE630
C 392
R
P 0000011092FFE630
P 0000011093061230
C 249
R
P 0000011092FFE630
C 392
R
P 0000011092FFE630
P 000001109642E070
C 301
R
P 0000011092FFE630
C 392
R
P 0000011092FFE630
P 000001109642E070
C 300
R
P 0000011092FFE630
C 392
R
P 0000011092FFE630
P 000001109642E070
C 299
R
P 0000011092FFE630
C 392
R
P 0000011092FFE630
P 000001109642E070
C 9
R
P 0000011092FFE630
C 392
R
P 0000011092FFE630
P 000001109642E070
I 0
C 311
R
P 0000011092FFE630
C 392
R
P 0000011092FFE630
P 0000011099638210
C 518
= 000001109B5B84D0
R
P 0000011092FFE630
C 392
R
P 0000011092FFE630
P 000001109B5B84D0
C 344
R
P 0000011092FFE630
C 392
R
P 0000011092FFE630
P 000001109B5B84D0
P 000001109642E090
I 0
P 0000000000000000
C 346
* 0000011096426A10 4
R
P 0000011092FFE630
C 392
R
P 0000011092FFE630
P 0000011096426A10
C 298
R
P 0000011092FFE630
C 392
R
P 0000011092FFE630
P 0000011096426A10
C 295
= 0000011093061230
R
P 0000011092FFE630
C 392
R
P 0000011092FFE630
P 0000011093061230
C 249
R
P 0000011092FFE630
C 392
R
P 0000011092FFE630
P 0000011096426A10
C 301
R
P 0000011092FFE630
C 392
R
P 0000011092FFE630
P 0000011096426A10
C 300
R
P 0000011092FFE630
C 392
R
P 0000011092FFE630
P 0000011096426A10
C 299
R
P 0000011092FFE630
C 392
R
P 0000011092FFE630
P 0000011096426A10
C 9
R
P 0000011092FFE630
C 392
R
P 0000011092FFE630
P 0000011096426A10
I 0
C 311
R
P 0000011092FFE630
C 392
R
P 0000011092FFE630
P 0000011099638210
C 518
= 000001109B5B8680
R
P 0000011092FFE630
C 392
R
P 0000011092FFE630
P 000001109B5B8680
C 344
R
P 0000011092FFE630
C 392
R
P 0000011092FFE630
P 000001109B5B8680
P 00000110964103E0
I 0
P 0000000000000000
C 346
* 0000011096426A30 4
R
P 0000011092FFE630
C 392
R
P 0000011092FFE630
P 0000011096426A30
C 298
R
P 0000011092FFE630
C 392
R
P 0000011092FFE630
P 0000011096426A30
C 295
= 0000011093061230
R
P 0000011092FFE630
C 392
R
P 0000011092FFE630
P 0000011093061230
C 249
R
P 0000011092FFE630
C 392
R
P 0000011092FFE630
P 0000011096426A30
C 301
R
P 0000011092FFE630
C 392
R
P 0000011092FFE630
P 0000011096426A30
C 300
R
P 0000011092FFE630
C 392
R
P 0000011092FFE630
P 0000011096426A30
C 299
R
P 0000011092FFE630
C 392
R
P 0000011092FFE630
P 0000011096426A30
C 9
R
P 0000011092FFE630
C 392
R
P 0000011092FFE630
P 0000011096426A30
I 0
C 311
R
P 0000011092FFE630
C 392
R
P 0000011092FFE630
U 32
C 37
= 0000011093061230
R
P 0000011092FFE630
C 392
R
P 0000011092FFE630
P 0000011093061230
C 298
R
P 0000011092FFE630
C 392
R
P 0000011092FFE630
P 0000011093061230
C 9
R
P 0000011092FFE630
C 392
R
P 0000011092FFE630
I 512
P 0000011093061230
C 159
= 0000011096426950
R
P 0000011092FFE630
C 392
R
P 0000011092FFE630
P 0000011096426950
C 298
R
P 0000011092FFE630
C 392
R
P 0000011092FFE630
P 0000011096426950
C 295
= 0000011093061230
R
P 0000011092FFE630
C 392
R
P 0000011092FFE630
P 0000011093061230
C 249
R
P 0000011092FFE630
C 392
R
P 0000011092FFE630
P 0000011096426950
C 301
R
P 0000011092FFE630
C 392
R
P 0000011092FFE630
P 0000011096426950
C 300
R
P 0000011092FFE630
C 392
R
P 0000011092FFE630
P 0000011096426950
C 299
R
P 0000011092FFE630
C 392
R
P 0000011092FFE630
P 0000011096426950
C 9
R
P 0000011092FFE630
C 392
R
P 0000011092FFE630
P 000001109642E090
P 0000011096426950
C 106
= 0000011099500448
R
P 0000011092FFE630
C 392
R
P 0000011092FFE630
P 0000011099500448
C 299
R
P 0000011092FFE630
C 392
R
P 0000011092FFE630
P 0000011099500448
C 9
R
P 0000011092FFE630
C 392
R
P 0000011092FFE630
P 0000011099638210
P 0000011099500448
C 489
R
P 0000011092FFE630
C 392
R
P 0000011092FFE630
U 32
C 37
= 0000011093061230
R
P 0000011092FFE630
C 392
R
P 0000011092FFE630
P 0000011093061230
C 298
R
P 0000011092FFE630
C 392
R
P 0000011092FFE630
P 0000011093061230
C 9
R
P 0000011092FFE630
C 392
R
P 0000011092FFE630
I 0
P 0000011093061230
C 159
= 000001109642E070
R
P 0000011092FFE630
C 392
R
P 0000011092FFE630
P 000001109642E070
C 298
R
P 0000011092FFE630
C 392
R
P 0000011092FFE630
P 000001109642E070
C 295
= 0000011093061230
R
P 0000011092FFE630
C 392
R
P 0000011092FFE630
P 0000011093061230
C 249
R
P 0000011092FFE630
C 392
R
P 0000011092FFE630
P 000001109642E070
C 301
R
P 0000011092FFE630
C 392
R
P 0000011092FFE630
P 000001109642E070
C 300
R
P 0000011092FFE630
C 392
R
P 0000011092FFE630
P 000001109642E070
C 299
R
P 0000011092FFE630
C 392
R
P 0000011092FFE630
P 000001109642E070
C 9
R
P 0000011092FFE630
C 392
R
P 0000011092FFE630
P 000001109642E0B0
P 000001109642E070
C 106
= 0000011099580E50
R
P 0000011092FFE630
C 392
R
P 0000011092FFE630
P 0000011099580E50
C 299
R
P 0000011092FFE630
C 392
R
P 0000011092FFE630
P 0000011099580E50
C 9
R
P 0000011092FFE630
C 392
R
P 0000011092FFE630
P 0000011099638210
P 0000011099580E50
C 489
R
P 0000011092FFE630
C 392
R
P 0000011092FFE630
U 32
C 37
= 0000011093061230
R
P 0000011092FFE630
C 392
R
P 0000011092FFE630
P 0000011093061230
C 298
R
P 0000011092FFE630
C 392
R
P 0000011092FFE630
P 0000011093061230
C 9
R
P 0000011092FFE630
C 392
R
P 0000011092FFE630
I 1024
P 0000011093061230
C 159
= 0000011096426A10
R
P 0000011092FFE630
C 392
R
P 0000011092FFE630
P 0000011096426A10
C 298
R
P 0000011092FFE630
C 392
R
P 0000011092FFE630
P 0000011096426A10
C 295
= 0000011093061230
R
P 0000011092FFE630
C 392
R
P 0000011092FFE630
P 0000011093061230
C 249
R
P 0000011092FFE630
C 392
R
P 0000011092FFE630
P 0000011096426A10
C 301
R
P 0000011092FFE630
C 392
R
P 0000011092FFE630
P 0000011096426A10
C 300
R
P 0000011092FFE630
C 392
R
P 0000011092FFE630
P 0000011096426A10
C 299
R
P 0000011092FFE630
C 392
R
P 0000011092FFE630
P 0000011096426A10
C 9
R
P 0000011092FFE630
C 392
R
P 0000011092FFE630
P 000001109642E090
P 0000011096426A10
C 106
= 00000110994EF180
R
P 0000011092FFE630
C 392
R
P 0000011092FFE630
P 00000110994EF180
C 299
R
P 0000011092FFE630
C 392
R
P 0000011092FFE630
P 00000110994EF180
C 9
R
P 0000011092FFE630
C 392
R
P 0000011092FFE630
P 0000011099638210
P 00000110994EF180
C 489
R
P 0000011092FFE630
C 392
R
P 0000011092FFE630
U 32
C 37
= 0000011093061230
R
P 0000011092FFE630
C 392
R
P 0000011092FFE630
P 0000011093061230
C 298
R
P 0000011092FFE630
C 392
R
P 0000011092FFE630
P 0000011093061230
C 9
R
P 0000011092FFE630
C 392
R
P 0000011092FFE630
I 7552
P 0000011093061230
C 159
= 0000011096426A30
R
P 0000011092FFE630
C 392
R
P 0000011092FFE630
P 0000011096426A30
C 298
R
P 0000011092FFE630
C 392
R
P 0000011092FFE630
P 0000011096426A30
C 295
= 0000011093061230
R
P 0000011092FFE630
C 392
R
P 0000011092FFE630
P 0000011093061230
C 249
R
P 0000011092FFE630
C 392
R
P 0000011092FFE630
P 0000011096426A30
C 301
R
P 0000011092FFE630
C 392
R
P 0000011092FFE630
P 0000011096426A30
C 300
R
P 0000011092FFE630
C 392
R
P 0000011092FFE630
P 0000011096426A30
C 299
R
P 0000011092FFE630
C 392
R
P 0000011092FFE630
P 0000011096426A30
C 9
R
P 0000011092FFE630
C 392
R
P 0000011092FFE630
P 00000110964103E0
P 0000011096426A30
C 106
= 000001109625F880
R
P 0000011092FFE630
C 392
R
P 0000011092FFE630
P 000001109625F880
C 299
R
P 0000011092FFE630
C 392
R
P 0000011092FFE630
P 000001109625F880
C 9
R
P 0000011092FFE630
C 392
R
P 0000011092FFE630
P 0000011099638210
P 000001109625F880
C 489
R
P 0000011092FFE630
C 392
R
P 0000011092FFE630
P 0000011099638210
C 513
R
P 0000011092FFE630
C 392
R
P 0000011092FFE630
P 0000011099638210
C 518
= 000001109B5B7180
R
P 0000011092FFE630
C 392
R
P 0000011092FFE630
P 000001109B5B7180
C 344
R
P 0000011092FFE630
C 392
R
P 0000011092FFE630
P 000001109B5B7180
C 381
R
P 0000011092FFE630
C 392
R
P 0000011092FFE630
P 0000011099638210
C 518
= 000001109B5B8350
R
P 0000011092FFE630
C 392
R
P 0000011092FFE630
P 000001109B5B8350
C 344
R
P 0000011092FFE630
C 392
R
P 0000011092FFE630
P 000001109B5B8350
P 000001109642E0B0
I 0
P 0000000000000000
C 346
* 000001109642E070 4
R
P 0000011092FFE630
C 392
R
P 0000011092FFE630
P 000001109642E070
C 298
R
P 0000011092FFE630
C 392
R
P 0000011092FFE630
P 000001109642E070
C 295
= 0000011093061230
R
P 0000011092FFE630
C 392
R
P 0000011092FFE630
P 0000011093061230
C 249
R
P 0000011092FFE630
C 392
R
P 0000011092FFE630
P 000001109642E070
C 301
R
P 0000011092FFE630
C 392
R
P 0000011092FFE630
P 000001109642E070
C 300
R
P 0000011092FFE630
C 392
R
P 0000011092FFE630
P 000001109642E070
C 299
R
P 0000011092FFE630
C 392
R
P 0000011092FFE630
P 000001109642E070
C 9
R
P 0000011092FFE630
C 392
R
P 0000011092FFE630
P 000001109642E070
I 0
C 311
R
P 0000011092FFE630
C 392
R
P 0000011092FFE630
P 0000011099638210
C 518
= 000001109B5B80B0
R
P 0000011092FFE630
C 392
R
P 0000011092FFE630
P 000001109B5B80B0
C 344
R
P 0000011092FFE630
C 392
R
P 0000011092FFE630
P 000001109B5B80B0
P 000001109642E090
I 0
P 0000000000000000
C 346
* 000001109642E070 4
R
P 0000011092FFE630
C 392
R
P 0000011092FFE630
P 000001109642E070
C 298
R
P 0000011092FFE630
C 392
R
P 0000011092FFE630
P 000001109642E070
C 295
= 0000011093061230
R
P 0000011092FFE630
C 392
R
P 0000011092FFE630
P 0000011093061230
C 249
R
P 0000011092FFE630
C 392
R
P 0000011092FFE630
P 000001109642E070
C 301
R
P 0000011092FFE630
C 392
R
P 0000011092FFE630
P 000001109642E070
C 300
R
P 0000011092FFE630
C 392
R
P 0000011092FFE630
P 000001109642E070
C 299
R
P 0000011092FFE630
C 392
R
P 0000011092FFE630
P 000001109642E070
C 9
R
P 0000011092FFE630
C 392
R
P 0000011092FFE630
P 000001109642E070
I 0
C 311
R
P 0000011092FFE630
C 392
R
P 0000011092FFE630
P 0000011099638210
C 518
= 000001109B5B8590
R
P 0000011092FFE630
C 392
R
P 0000011092FFE630
P 000001109B5B8590
C 344
R
P 0000011092FFE630
C 392
R
P 0000011092FFE630
P 000001109B5B8590
P 00000110964103E0
I 0
P 0000000000000000
C 346
* 0000011096426A30 4
R
P 0000011092FFE630
C 392
R
P 0000011092FFE630
P 0000011096426A30
C 298
R
P 0000011092FFE630
C 392
R
P 0000011092FFE630
P 0000011096426A30
C 295
= 0000011093061230
R
P 0000011092FFE630
C 392
R
P 0000011092FFE630
P 0000011093061230
C 249
R
P 0000011092FFE630
C 392
R
P 0000011092FFE630
P 0000011096426A30
C 301
R
P 0000011092FFE630
C 392
R
P 0000011092FFE630
P 0000011096426A30
C 300
R
P 0000011092FFE630
C 392
R
P 0000011092FFE630
P 0000011096426A30
C 299
R
P 0000011092FFE630
C 392
R
P 0000011092FFE630
P 0000011096426A30
C 9
R
P 0000011092FFE630
C 392
R
P 0000011092FFE630
P 0000011096426A30
I 0
C 311
R
P 0000011092FFE630
C 392
R
P 0000011092FFE630
U 32
C 37
= 0000011093061230
R
P 0000011092FFE630
C 392
R
P 0000011092FFE630
P 0000011093061230
C 298
R
P 0000011092FFE630
C 392
R
P 0000011092FFE630
P 0000011093061230
C 9
R
P 0000011092FFE630
C 392
R
P 0000011092FFE630
I 3776
P 0000011093061230
C 159
= 0000011096427330
R
P 0000011092FFE630
C 392
R
P 0000011092FFE630
P 0000011096427330
C 298
R
P 0000011092FFE630
C 392
R
P 0000011092FFE630
P 0000011096427330
C 295
= 0000011093061230
R
P 0000011092FFE630
C 392
R
P 0000011092FFE630
P 0000011093061230
C 249
R
P 0000011092FFE630
C 392
R
P 0000011092FFE630
P 0000011096427330
C 301
R
P 0000011092FFE630
C 392
R
P 0000011092FFE630
P 0000011096427330
C 300
R
P 0000011092FFE630
C 392
R
P 0000011092FFE630
P 0000011096427330
C 299
R
P 0000011092FFE630
C 392
R
P 0000011092FFE630
P 0000011096427330
C 9
R
P 0000011092FFE630
C 392
R
P 0000011092FFE630
P 00000110964103E0
P 0000011096427330
C 106
= 00000110963309B8
R
P 0000011092FFE630
C 392
R
P 0000011092FFE630
P 00000110963309B8
C 299
R
P 0000011092FFE630
C 392
R
P 0000011092FFE630
P 00000110963309B8
C 9
R
P 0000011092FFE630
C 392
R
P 0000011092FFE630
P 0000011099638210
P 00000110963309B8
C 489
R
P 0000011092FFE630
C 392
R
P 0000011092FFE630
U 32
C 37
= 0000011093061230
R
P 0000011092FFE630
C 392
R
P 0000011092FFE630
P 0000011093061230
C 298
R
P 0000011092FFE630
C 392
R
P 0000011092FFE630
P 0000011093061230
C 9
R
P 0000011092FFE630
C 392
R
P 0000011092FFE630
I 0
P 0000011093061230
C 159
= 000001109642E070
R
P 0000011092FFE630
C 392
R
P 0000011092FFE630
P 000001109642E070
C 298
R
P 0000011092FFE630
C 392
R
P 0000011092FFE630
P 000001109642E070
C 295
= 0000011093061230
R
P 0000011092FFE630
C 392
R
P 0000011092FFE630
P 0000011093061230
C 249
R
P 0000011092FFE630
C 392
R
P 0000011092FFE630
P 000001109642E070
C 301
R
P 0000011092FFE630
C 392
R
P 0000011092FFE630
P 000001109642E070
C 300
R
P 0000011092FFE630
C 392
R
P 0000011092FFE630
P 000001109642E070
C 299
R
P 0000011092FFE630
C 392
R
P 0000011092FFE630
P 000001109642E070
C 9
R
P 0000011092FFE630
C 392
R
P 0000011092FFE630
P 000001109642E0B0
P 000001109642E070
C 106
= 0000011099580E50
R
P 0000011092FFE630
C 392
R
P 0000011092FFE630
P 0000011099580E50
C 299
R
P 0000011092FFE630
C 392
R
P 0000011092FFE630
P 0000011099580E50
C 9
R
P 0000011092FFE630
C 392
R
P 0000011092FFE630
P 0000011099638210
P 0000011099580E50
C 489
R
P 0000011092FFE630
C 392
R
P 0000011092FFE630
U 32
C 37
= 0000011093061230
R
P 0000011092FFE630
C 392
R
P 0000011092FFE630
P 0000011093061230
C 298
R
P 0000011092FFE630
C 392
R
P 0000011092FFE630
P 0000011093061230
C 9
R
P 0000011092FFE630
C 392
R
P 0000011092FFE630
I 0
P 0000011093061230
C 159
= 000001109642E070
R
P 0000011092FFE630
C 392
R
P 0000011092FFE630
P 000001109642E070
C 298
R
P 0000011092FFE630
C 392
R
P 0000011092FFE630
P 000001109642E070
C 295
= 0000011093061230
R
P 0000011092FFE630
C 392
R
P 0000011092FFE630
P 0000011093061230
C 249
R
P 0000011092FFE630
C 392
R
P 0000011092FFE630
P 000001109642E070
C 301
R
P 0000011092FFE630
C 392
R
P 0000011092FFE630
P 000001109642E070
C 300
R
P 0000011092FFE630
C 392
R
P 0000011092FFE630
P 000001109642E070
C 299
R
P 0000011092FFE630
C 392
R
P 0000011092FFE630
P 000001109642E070
C 9
R
P 0000011092FFE630
C 392
R
P 0000011092FFE630
P 000001109642E090
P 000001109642E070
C 106
= 0000011099506868
R
P 0000011092FFE630
C 392
R
P 0000011092FFE630
P 0000011099506868
C 299
R
P 0000011092FFE630
C 392
R
P 0000011092FFE630
P 0000011099506868
C 9
R
P 0000011092FFE630
C 392
R
P 0000011092FFE630
P 0000011099638210
P 0000011099506868
C 489
R
P 0000011092FFE630
C 392
R
P 0000011092FFE630
U 32
C 37
= 0000011093061230
R
P 0000011092FFE630
C 392
R
P 0000011092FFE630
P 0000011093061230
C 298
R
P 0000011092FFE630
C 392
R
P 0000011092FFE630
P 0000011093061230
C 9
R
P 0000011092FFE630
C 392
R
P 0000011092FFE630
I 7552
P 0000011093061230
C 159
= 0000011096426A30
R
P 0000011092FFE630
C 392
R
P 0000011092FFE630
P 0000011096426A30
C 298
R
P 0000011092FFE630
C 392
R
P 0000011092FFE630
P 0000011096426A30
C 295
= 0000011093061230
R
P 0000011092FFE630
C 392
R
P 0000011092FFE630
P 0000011093061230
C 249
R
P 0000011092FFE630
C 392
R
P 0000011092FFE630
P 0000011096426A30
C 301
R
P 0000011092FFE630
C 392
R
P 0000011092FFE630
P 0000011096426A30
C 300
R
P 0000011092FFE630
C 392
R
P 0000011092FFE630
P 0000011096426A30
C 299
R
P 0000011092FFE630
C 392
R
P 0000011092FFE630
P 0000011096426A30
C 9
R
P 0000011092FFE630
C 392
R
P 0000011092FFE630
P 00000110964103E0
P 0000011096426A30
C 106
= 000001109625F880
R
P 0000011092FFE630
C 392
R
P 0000011092FFE630
P 000001109625F880
C 299
R
P 0000011092FFE630
C 392
R
P 0000011092FFE630
P 000001109625F880
C 9
R
P 0000011092FFE630
C 392
R
P 0000011092FFE630
P 0000011099638210
P 000001109625F880
C 489
R
P 0000011092FFE630
C 392
R
P 0000011092FFE630
P 0000011099638210
C 513
R
P 0000011092FFE630
C 392
R
P 0000011092FFE630
P 0000011099638210
C 518
= 000001109B5B7D50
R
P 0000011092FFE630
C 392
R
P 0000011092FFE630
P 000001109B5B7D50
C 344
R
P 0000011092FFE630
C 392
R
P 0000011092FFE630
P 000001109B5B7D50
C 381
R
P 0000011092FFE630
C 392
R
P 0000011092FFE630
P 0000011099638210
C 518
= 000001109B5B8440
R
P 0000011092FFE630
C 392
R
P 0000011092FFE630
P 000001109B5B8440
C 344
R
P 0000011092FFE630
C 392
R
P 0000011092FFE630
P 000001109B5B8440
P 000001109642E0B0
I 0
P 0000000000000000
C 346
* 000001109642E070 4
R
P 0000011092FFE630
C 392
R
P 0000011092FFE630
P 000001109642E070
C 298
R
P 0000011092FFE630
C 392
R
P 0000011092FFE630
P 000001109642E070
C 295
= 0000011093061230
R
P 0000011092FFE630
C 392
R
P 0000011092FFE630
P 0000011093061230
C 249
R
P 0000011092FFE630
C 392
R
P 0000011092FFE630
P 000001109642E070
C 301
R
P 0000011092FFE630
C 392
R
P 0000011092FFE630
P 000001109642E070
C 300
R
P 0000011092FFE630
C 392
R
P 0000011092FFE630
P 000001109642E070
C 299
R
P 0000011092FFE630
C 392
R
P 0000011092FFE630
P 000001109642E070
C 9
R
P 0000011092FFE630
C 392
R
P 0000011092FFE630
P 000001109642E070
I 0
C 311
R
P 0000011092FFE630
C 392
R
P 0000011092FFE630
P 0000011099638210
C 518
= 000001109B5B82F0
R
P 0000011092FFE630
C 392
R
P 0000011092FFE630
P 000001109B5B82F0
C 344
R
P 0000011092FFE630
C 392
R
P 0000011092FFE630
P 000001109B5B82F0
P 000001109642E090
I 0
P 0000000000000000
C 346
* 000001109642E070 4
R
P 0000011092FFE630
C 392
R
P 0000011092FFE630
P 000001109642E070
C 298
R
P 0000011092FFE630
C 392
R
P 0000011092FFE630
P 000001109642E070
C 295
= 0000011093061230
R
P 0000011092FFE630
C 392
R
P 0000011092FFE630
P 0000011093061230
C 249
R
P 0000011092FFE630
C 392
R
P 0000011092FFE630
P 000001109642E070
C 301
R
P 0000011092FFE630
C 392
R
P 0000011092FFE630
P 000001109642E070
C 300
R
P 0000011092FFE630
C 392
R
P 0000011092FFE630
P 000001109642E070
C 299
R
P 0000011092FFE630
C 392
R
P 0000011092FFE630
P 000001109642E070
C 9
R
P 0000011092FFE630
C 392
R
P 0000011092FFE630
P 000001109642E070
I 0
C 311
R
P 0000011092FFE630
C 392
R
P 0000011092FFE630
P 0000011099638210
C 518
= 000001109B5B8950
R
P 0000011092FFE630
C 392
R
P 0000011092FFE630
P 000001109B5B8950
C 344
R
P 0000011092FFE630
C 392
R
P 0000011092FFE630
P 000001109B5B8950
P 00000110964103E0
I 0
P 0000000000000000
C 346
* 00000110964270D0 4
R
P 0000011092FFE630
C 392
R
P 0000011092FFE630
P 00000110964270D0
C 298
R
P 0000011092FFE630
C 392
R
P 0000011092FFE630
P 00000110964270D0
C 295
= 0000011093061230
R
P 0000011092FFE630
C 392
R
P 0000011092FFE630
P 0000011093061230
C 249
R
P 0000011092FFE630
C 392
R
P 0000011092FFE630
P 00000110964270D0
C 301
R
P 0000011092FFE630
C 392
R
P 0000011092FFE630
P 00000110964270D0
C 300
R
P 0000011092FFE630
C 392
R
P 0000011092FFE630
P 00000110964270D0
C 299
R
P 0000011092FFE630
C 392
R
P 0000011092FFE630
P 00000110964270D0
C 9
R
P 0000011092FFE630
C 392
R
P 0000011092FFE630
P 00000110964270D0
I 0
C 311
R
P 0000011092FFE630
C 392
R
P 0000011092FFE630
U 32
C 37
= 0000011093061230
R
P 0000011092FFE630
C 392
R
P 0000011092FFE630
P 0000011093061230
C 298
R
P 0000011092FFE630
C 392
R
P 0000011092FFE630
P 0000011093061230
C 9
R
P 0000011092FFE630
C 392
R
P 0000011092FFE630
I 1728
P 0000011093061230
C 159
= 0000011096427750
R
P 0000011092FFE630
C 392
R
P 0000011092FFE630
P 0000011096427750
C 298
R
P 0000011092FFE630
C 392
R
P 0000011092FFE630
P 0000011096427750
C 295
= 0000011093061230
R
P 0000011092FFE630
C 392
R
P 0000011092FFE630
P 0000011093061230
C 249
R
P 0000011092FFE630
C 392
R
P 0000011092FFE630
P 0000011096427750
C 301
R
P 0000011092FFE630
C 392
R
P 0000011092FFE630
P 0000011096427750
C 300
R
P 0000011092FFE630
C 392
R
P 0000011092FFE630
P 0000011096427750
C 299
R
P 0000011092FFE630
C 392
R
P 0000011092FFE630
P 0000011096427750
C 9
R
P 0000011092FFE630
C 392
R
P 0000011092FFE630
P 00000110964103E0
P 0000011096427750
C 106
= 000001109622CC38
R
P 0000011092FFE630
C 392
R
P 0000011092FFE630
P 000001109622CC38
C 299
R
P 0000011092FFE630
C 392
R
P 0000011092FFE630
P 000001109622CC38
C 9
R
P 0000011092FFE630
C 392
R
P 0000011092FFE630
P 0000011099638210
P 000001109622CC38
C 489
R
P 0000011092FFE630
C 392
R
P 0000011092FFE630
U 32
C 37
= 0000011093061230
R
P 0000011092FFE630
C 392
R
P 0000011092FFE630
P 0000011093061230
C 298
R
P 0000011092FFE630
C 392
R
P 0000011092FFE630
P 0000011093061230
C 9
R
P 0000011092FFE630
C 392
R
P 0000011092FFE630
I 0
P 0000011093061230
C 159
= 000001109642E070
R
P 0000011092FFE630
C 392
R
P 0000011092FFE630
P 000001109642E070
C 298
R
P 0000011092FFE630
C 392
R
P 0000011092FFE630
P 000001109642E070
C 295
= 0000011093061230
R
P 0000011092FFE630
C 392
R
P 0000011092FFE630
P 0000011093061230
C 249
R
P 0000011092FFE630
C 392
R
P 0000011092FFE630
P 000001109642E070
C 301
R
P 0000011092FFE630
C 392
R
P 0000011092FFE630
P 000001109642E070
C 300
R
P 0000011092FFE630
C 392
R
P 0000011092FFE630
P 000001109642E070
C 299
R
P 0000011092FFE630
C 392
R
P 0000011092FFE630
P 000001109642E070
C 9
R
P 0000011092FFE630
C 392
R
P 0000011092FFE630
P 000001109642E0B0
P 000001109642E070
C 106
= 0000011099580E50
R
P 0000011092FFE630
C 392
R
P 0000011092FFE630
P 0000011099580E50
C 299
R
P 0000011092FFE630
C 392
R
P 0000011092FFE630
P 0000011099580E50
C 9
R
P 0000011092FFE630
C 392
R
P 0000011092FFE630
P 0000011099638210
P 0000011099580E50
C 489
R
P 0000011092FFE630
C 392
R
P 0000011092FFE630
U 32
C 37
= 0000011093061230
R
P 0000011092FFE630
C 392
R
P 0000011092FFE630
P 0000011093061230
C 298
R
P 0000011092FFE630
C 392
R
P 0000011092FFE630
P 0000011093061230
C 9
R
P 0000011092FFE630
C 392
R
P 0000011092FFE630
I 0
P 0000011093061230
C 159
= 000001109642E070
R
P 0000011092FFE630
C 392
R
P 0000011092FFE630
P 000001109642E070
C 298
R
P 0000011092FFE630
C 392
R
P 0000011092FFE630
P 000001109642E070
C 295
= 0000011093061230
R
P 0000011092FFE630
C 392
R
P 0000011092FFE630
P 0000011093061230
C 249
R
P 0000011092FFE630
C 392
R
P 0000011092FFE630
P 000001109642E070
C 301
R
P 0000011092FFE630
C 392
R
P 0000011092FFE630
P 000001109642E070
C 300
R
P 0000011092FFE630
C 392
R
P 0000011092FFE630
P 000001109642E070
C 299
R
P 0000011092FFE630
C 392
R
P 0000011092FFE630
P 000001109642E070
C 9
R
P 0000011092FFE630
C 392
R
P 0000011092FFE630
P 000001109642E090
P 000001109642E070
C 106
= 0000011099506868
R
P 0000011092FFE630
C 392
R
P 0000011092FFE630
P 0000011099506868
C 299
R
P 0000011092FFE630
C 392
R
P 0000011092FFE630
P 0000011099506868
C 9
R
P 0000011092FFE630
C 392
R
P 0000011092FFE630
P 0000011099638210
P 0000011099506868
C 489
R
P 0000011092FFE630
C 392
R
P 0000011092FFE630
U 32
C 37
= 0000011093061230
R
P 0000011092FFE630
C 392
R
P 0000011092FFE630
P 0000011093061230
C 298
R
P 0000011092FFE630
C 392
R
P 0000011092FFE630
P 0000011093061230
C 9
R
P 0000011092FFE630
C 392
R
P 0000011092FFE630
I 3456
P 0000011093061230
C 159
= 00000110964270D0
R
P 0000011092FFE630
C 392
R
P 0000011092FFE630
P 00000110964270D0
C 298
R
P 0000011092FFE630
C 392
R
P 0000011092FFE630
P 00000110964270D0
C 295
= 0000011093061230
R
P 0000011092FFE630
C 392
R
P 0000011092FFE630
P 0000011093061230
C 249
R
P 0000011092FFE630
C 392
R
P 0000011092FFE630
P 00000110964270D0
C 301
R
P 0000011092FFE630
C 392
R
P 0000011092FFE630
P 00000110964270D0
C 300
R
P 0000011092FFE630
C 392
R
P 0000011092FFE630
P 00000110964270D0
C 299
R
P 0000011092FFE630
C 392
R
P 0000011092FFE630
P 00000110964270D0
C 9
R
P 0000011092FFE630
C 392
R
P 0000011092FFE630
P 00000110964103E0
P 00000110964270D0
C 106
= 0000011099511488
R
P 0000011092FFE630
C 392
R
P 0000011092FFE630
P 0000011099511488
C 299
R
P 0000011092FFE630
C 392
R
P 0000011092FFE630
P 0000011099511488
C 9
R
P 0000011092FFE630
C 392
R
P 0000011092FFE630
P 0000011099638210
P 0000011099511488
C 489
R
P 0000011092FFE630
C 392
R
P 0000011092FFE630
P 0000011099638210
C 513
R
P 0000011092FFE630
C 392
R
P 0000011092FFE630
P 0000011099638210
C 518
= 000001109B5B8290
R
P 0000011092FFE630
C 392
R
P 0000011092FFE630
P 000001109B5B8290
C 344
R
P 0000011092FFE630
C 392
R
P 0000011092FFE630
P 000001109B5B8290
C 381
R
P 0000011092FFE630
C 392
R
P 0000011092FFE630
P 0000011099638210
C 518
= 000001109B5B8D40
R
P 0000011092FFE630
C 392
R
P 0000011092FFE630
P 000001109B5B8D40
C 344
R
P 0000011092FFE630
C 392
R
P 0000011092FFE630
P 000001109B5B8D40
P 000001109642E0B0
I 0
P 0000000000000000
C 346
* 000001109642E070 4
R
P 0000011092FFE630
C 392
R
P 0000011092FFE630
P 000001109642E070
C 298
R
P 0000011092FFE630
C 392
R
P 0000011092FFE630
P 000001109642E070
C 295
= 0000011093061230
R
P 0000011092FFE630
C 392
R
P 0000011092FFE630
P 0000011093061230
C 249
R
P 0000011092FFE630
C 392
R
P 0000011092FFE630
P 000001109642E070
C 301
R
P 0000011092FFE630
C 392
R
P 0000011092FFE630
P 000001109642E070
C 300
R
P 0000011092FFE630
C 392
R
P 0000011092FFE630
P 000001109642E070
C 299
R
P 0000011092FFE630
C 392
R
P 0000011092FFE630
P 000001109642E070
C 9
R
P 0000011092FFE630
C 392
R
P 0000011092FFE630
P 000001109642E070
I 0
C 311
R
P 0000011092FFE630
C 392
R
P 0000011092FFE630
P 0000011099638210
C 518
= 000001109B5B9070
R
P 0000011092FFE630
C 392
R
P 0000011092FFE630
P 000001109B5B9070
C 344
R
P 0000011092FFE630
C 392
R
P 0000011092FFE630
P 000001109B5B9070
P 000001109642E090
I 0
P 0000000000000000
C 346
* 000001109642E070 4
R
P 0000011092FFE630
C 392
R
P 0000011092FFE630
P 000001109642E070
C 298
R
P 0000011092FFE630
C 392
R
P 0000011092FFE630
P 000001109642E070
C 295
= 0000011093061230
R
P 0000011092FFE630
C 392
R
P 0000011092FFE630
P 0000011093061230
C 249
R
P 0000011092FFE630
C 392
R
P 0000011092FFE630
P 000001109642E070
C 301
R
P 0000011092FFE630
C 392
R
P 0000011092FFE630
P 000001109642E070
C 300
R
P 0000011092FFE630
C 392
R
P 0000011092FFE630
P 000001109642E070
C 299
R
P 0000011092FFE630
C 392
R
P 0000011092FFE630
P 000001109642E070
C 9
R
P 0000011092FFE630
C 392
R
P 0000011092FFE630
P 000001109642E070
I 0
C 311
R
P 0000011092FFE630
C 392
R
P 0000011092FFE630
P 0000011099638210
C 518
= 000001109B5B9010
R
P 0000011092FFE630
C 392
R
P 0000011092FFE630
P 000001109B5B9010
C 344
R
P 0000011092FFE630
C 392
R
P 0000011092FFE630
P 000001109B5B9010
P 00000110964103E0
I 0
P 0000000000000000
C 346
* 0000011096427710 4
R
P 0000011092FFE630
C 392
R
P 0000011092FFE630
P 0000011096427710
C 298
R
P 0000011092FFE630
C 392
R
P 0000011092FFE630
P 0000011096427710
C 295
= 0000011093061230
R
P 0000011092FFE630
C 392
R
P 0000011092FFE630
P 0000011093061230
C 249
R
P 0000011092FFE630
C 392
R
P 0000011092FFE630
P 0000011096427710
C 301
R
P 0000011092FFE630
C 392
R
P 0000011092FFE630
P 0000011096427710
C 300
R
P 0000011092FFE630
C 392
R
P 0000011092FFE630
P 0000011096427710
C 299
R
P 0000011092FFE630
C 392
R
P 0000011092FFE630
P 0000011096427710
C 9
R
P 0000011092FFE630
C 392
R
P 0000011092FFE630
P 0000011096427710
I 0
C 311
R
P 0000011092FFE630
C 392
R
P 0000011092FFE630
U 32
C 37
= 0000011093061230
R
P 0000011092FFE630
C 392
R
P 0000011092FFE630
P 0000011093061230
C 298
R
P 0000011092FFE630
C 392
R
P 0000011092FFE630
P 0000011093061230
C 9
R
P 0000011092FFE630
C 392
R
P 0000011092FFE630
I 704
P 0000011093061230
C 159
= 0000011096426A70
R
P 0000011092FFE630
C 392
R
P 0000011092FFE630
P 0000011096426A70
C 298
R
P 0000011092FFE630
C 392
R
P 0000011092FFE630
P 0000011096426A70
C 295
= 0000011093061230
R
P 0000011092FFE630
C 392
R
P 0000011092FFE630
P 0000011093061230
C 249
R
P 0000011092FFE630
C 392
R
P 0000011092FFE630
P 0000011096426A70
C 301
R
P 0000011092FFE630
C 392
R
P 0000011092FFE630
P 0000011096426A70
C 300
R
P 0000011092FFE630
C 392
R
P 0000011092FFE630
P 0000011096426A70
C 299
R
P 0000011092FFE630
C 392
R
P 0000011092FFE630
P 0000011096426A70
C 9
R
P 0000011092FFE630
C 392
R
P 0000011092FFE630
P 00000110964103E0
P 0000011096426A70
C 106
= 00000110995161E8
R
P 0000011092FFE630
C 392
R
P 0000011092FFE630
P 00000110995161E8
C 299
R
P 0000011092FFE630
C 392
R
P 0000011092FFE630
P 00000110995161E8
C 9
R
P 0000011092FFE630
C 392
R
P 0000011092FFE630
P 0000011099638210
P 00000110995161E8
C 489
R
P 0000011092FFE630
C 392
R
P 0000011092FFE630
U 32
C 37
= 0000011093061230
R
P 0000011092FFE630
C 392
R
P 0000011092FFE630
P 0000011093061230
C 298
R
P 0000011092FFE630
C 392
R
P 0000011092FFE630
P 0000011093061230
C 9
R
P 0000011092FFE630
C 392
R
P 0000011092FFE630
I 0
P 0000011093061230
C 159
= 000001109642E070
R
P 0000011092FFE630
C 392
R
P 0000011092FFE630
P 000001109642E070
C 298
R
P 0000011092FFE630
C 392
R
P 0000011092FFE630
P 000001109642E070
C 295
= 0000011093061230
R
P 0000011092FFE630
C 392
R
P 0000011092FFE630
P 0000011093061230
C 249
R
P 0000011092FFE630
C 392
R
P 0000011092FFE630
P 000001109642E070
C 301
R
P 0000011092FFE630
C 392
R
P 0000011092FFE630
P 000001109642E070
C 300
R
P 0000011092FFE630
C 392
R
P 0000011092FFE630
P 000001109642E070
C 299
R
P 0000011092FFE630
C 392
R
P 0000011092FFE630
P 000001109642E070
C 9
R
P 0000011092FFE630
C 392
R
P 0000011092FFE630
P 000001109642E0B0
P 000001109642E070
C 106
= 0000011099580E50
R
P 0000011092FFE630
C 392
R
P 0000011092FFE630
P 0000011099580E50
C 299
R
P 0000011092FFE630
C 392
R
P 0000011092FFE630
P 0000011099580E50
C 9
R
P 0000011092FFE630
C 392
R
P 0000011092FFE630
P 0000011099638210
P 0000011099580E50
C 489
R
P 0000011092FFE630
C 392
R
P 0000011092FFE630
U 32
C 37
= 0000011093061230
R
P 0000011092FFE630
C 392
R
P 0000011092FFE630
P 0000011093061230
C 298
R
P 0000011092FFE630
C 392
R
P 0000011092FFE630
P 0000011093061230
C 9
R
P 0000011092FFE630
C 392
R
P 0000011092FFE630
I 0
P 0000011093061230
C 159
= 000001109642E070
R
P 0000011092FFE630
C 392
R
P 0000011092FFE630
P 000001109642E070
C 298
R
P 0000011092FFE630
C 392
R
P 0000011092FFE630
P 000001109642E070
C 295
= 0000011093061230
R
P 0000011092FFE630
C 392
R
P 0000011092FFE630
P 0000011093061230
C 249
R
P 0000011092FFE630
C 392
R
P 0000011092FFE630
P 000001109642E070
C 301
R
P 0000011092FFE630
C 392
R
P 0000011092FFE630
P 000001109642E070
C 300
R
P 0000011092FFE630
C 392
R
P 0000011092FFE630
P 000001109642E070
C 299
R
P 0000011092FFE630
C 392
R
P 0000011092FFE630
P 000001109642E070
C 9
R
P 0000011092FFE630
C 392
R
P 0000011092FFE630
P 000001109642E090
P 000001109642E070
C 106
= 0000011099506868
R
P 0000011092FFE630
C 392
R
P 0000011092FFE630
P 0000011099506868
C 299
R
P 0000011092FFE630
C 392
R
P 0000011092FFE630
P 0000011099506868
C 9
R
P 0000011092FFE630
C 392
R
P 0000011092FFE630
P 0000011099638210
P 0000011099506868
C 489
R
P 0000011092FFE630
C 392
R
P 0000011092FFE630
U 32
C 37
= 0000011093061230
R
P 0000011092FFE630
C 392
R
P 0000011092FFE630
P 0000011093061230
C 298
R
P 0000011092FFE630
C 392
R
P 0000011092FFE630
P 0000011093061230
C 9
R
P 0000011092FFE630
C 392
R
P 0000011092FFE630
I 1408
P 0000011093061230
C 159
= 0000011096427710
R
P 0000011092FFE630
C 392
R
P 0000011092FFE630
P 0000011096427710
C 298
R
P 0000011092FFE630
C 392
R
P 0000011092FFE630
P 0000011096427710
C 295
= 0000011093061230
R
P 0000011092FFE630
C 392
R
P 0000011092FFE630
P 0000011093061230
C 249
R
P 0000011092FFE630
C 392
R
P 0000011092FFE630
P 0000011096427710
C 301
R
P 0000011092FFE630
C 392
R
P 0000011092FFE630
P 0000011096427710
C 300
R
P 0000011092FFE630
C 392
R
P 0000011092FFE630
P 0000011096427710
C 299
R
P 0000011092FFE630
C 392
R
P 0000011092FFE630
P 0000011096427710
C 9
R
P 0000011092FFE630
C 392
R
P 0000011092FFE630
P 00000110964103E0
P 0000011096427710
C 106
= 0000011099517250
R
P 0000011092FFE630
C 392
R
P 0000011092FFE630
P 0000011099517250
C 299
R
P 0000011092FFE630
C 392
R
P 0000011092FFE630
P 0000011099517250
C 9
R
P 0000011092FFE630
C 392
R
P 0000011092FFE630
P 0000011099638210
P 0000011099517250
C 489
R
P 0000011092FFE630
C 392
R
P 0000011092FFE630
P 0000011099638210
C 513
R
P 0000011092FFE630
C 392
R
P 0000011092FFE630
P 0000011099638210
C 518
= 000001109B5B9460
R
P 0000011092FFE630
C 392
R
P 0000011092FFE630
P 000001109B5B9460
C 344
R
P 0000011092FFE630
C 392
R
P 0000011092FFE630
P 000001109B5B9460
C 381
R
P 0000011092FFE630
C 392
R
P 0000011092FFE630
P 0000011099638210
C 518
= 000001109B5B8DA0
R
P 0000011092FFE630
C 392
R
P 0000011092FFE630
P 000001109B5B8DA0
C 344
R
P 0000011092FFE630
C 392
R
P 0000011092FFE630
P 000001109B5B8DA0
P 000001109642E0B0
I 0
P 0000000000000000
C 346
* 000001109642E070 4
R
P 0000011092FFE630
C 392
R
P 0000011092FFE630
P 000001109642E070
C 298
R
P 0000011092FFE630
C 392
R
P 0000011092FFE630
P 000001109642E070
C 295
= 0000011093061230
R
P 0000011092FFE630
C 392
R
P 0000011092FFE630
P 0000011093061230
C 249
R
P 0000011092FFE630
C 392
R
P 0000011092FFE630
P 000001109642E070
C 301
R
P 0000011092FFE630
C 392
R
P 0000011092FFE630
P 000001109642E070
C 300
R
P 0000011092FFE630
C 392
R
P 0000011092FFE630
P 000001109642E070
C 299
R
P 0000011092FFE630
C 392
R
P 0000011092FFE630
P 000001109642E070
C 9
R
P 0000011092FFE630
C 392
R
P 0000011092FFE630
P 000001109642E070
I 0
C 311
R
P 0000011092FFE630
C 392
R
P 0000011092FFE630
P 0000011099638210
C 518
= 000001109B5B9280
R
P 0000011092FFE630
C 392
R
P 0000011092FFE630
P 000001109B5B9280
C 344
R
P 0000011092FFE630
C 392
R
P 0000011092FFE630
P 000001109B5B9280
P 000001109642E090
I 0
P 0000000000000000
C 346
* 000001109642E070 4
R
P 0000011092FFE630
C 392
R
P 0000011092FFE630
P 000001109642E070
C 298
R
P 0000011092FFE630
C 392
R
P 0000011092FFE630
P 000001109642E070
C 295
= 0000011093061230
R
P 0000011092FFE630
C 392
R
P 0000011092FFE630
P 0000011093061230
C 249
R
P 0000011092FFE630
C 392
R
P 0000011092FFE630
P 000001109642E070
C 301
R
P 0000011092FFE630
C 392
R
P 0000011092FFE630
P 000001109642E070
C 300
R
P 0000011092FFE630
C 392
R
P 0000011092FFE630
P 000001109642E070
C 299
R
P 0000011092FFE630
C 392
R
P 0000011092FFE630
P 000001109642E070
C 9
R
P 0000011092FFE630
C 392
R
P 0000011092FFE630
P 000001109642E070
I 0
C 311
R
P 0000011092FFE630
C 392
R
P 0000011092FFE630
P 0000011099638210
C 518
= 000001109B5B9640
R
P 0000011092FFE630
C 392
R
P 0000011092FFE630
P 000001109B5B9640
C 344
R
P 0000011092FFE630
C 392
R
P 0000011092FFE630
P 000001109B5B9640
P 00000110964103E0
I 0
P 0000000000000000
C 346
* 0000011096410300 4
R
P 0000011092FFE630
C 392
R
P 0000011092FFE630
P 0000011096410300
C 298
R
P 0000011092FFE630
C 392
R
P 0000011092FFE630
P 0000011096410300
C 295
= 0000011093061230
R
P 0000011092FFE630
C 392
R
P 0000011092FFE630
P 0000011093061230
C 249
R
P 0000011092FFE630
C 392
R
P 0000011092FFE630
P 0000011096410300
C 301
R
P 0000011092FFE630
C 392
R
P 0000011092FFE630
P 0000011096410300
C 300
R
P 0000011092FFE630
C 392
R
P 0000011092FFE630
P 0000011096410300
C 299
R
P 0000011092FFE630
C 392
R
P 0000011092FFE630
P 0000011096410300
C 9
R
P 0000011092FFE630
C 392
R
P 0000011092FFE630
P 0000011096410300
I 0
C 311
R
P 0000011092FFE630
C 392
R
P 0000011092FFE630
U 32
C 37
= 0000011093061230
R
P 0000011092FFE630
C 392
R
P 0000011092FFE630
P 0000011093061230
C 298
R
P 0000011092FFE630
C 392
R
P 0000011092FFE630
P 0000011093061230
C 9
R
P 0000011092FFE630
C 392
R
P 0000011092FFE630
I 192
P 0000011093061230
C 159
= 0000011096410280
R
P 0000011092FFE630
C 392
R
P 0000011092FFE630
P 0000011096410280
C 298
R
P 0000011092FFE630
C 392
R
P 0000011092FFE630
P 0000011096410280
C 295
= 0000011093061230
R
P 0000011092FFE630
C 392
R
P 0000011092FFE630
P 0000011093061230
C 249
R
P 0000011092FFE630
C 392
R
P 0000011092FFE630
P 0000011096410280
C 301
R
P 0000011092FFE630
C 392
R
P 0000011092FFE630
P 0000011096410280
C 300
R
P 0000011092FFE630
C 392
R
P 0000011092FFE630
P 0000011096410280
C 299
R
P 0000011092FFE630
C 392
R
P 0000011092FFE630
P 0000011096410280
C 9
R
P 0000011092FFE630
C 392
R
P 0000011092FFE630
P 00000110964103E0
P 0000011096410280
C 106
= 000001109951AF28
R
P 0000011092FFE630
C 392
R
P 0000011092FFE630
P 000001109951AF28
C 299
R
P 0000011092FFE630
C 392
R
P 0000011092FFE630
P 000001109951AF28
C 9
R
P 0000011092FFE630
C 392
R
P 0000011092FFE630
P 0000011099638210
P 000001109951AF28
C 489
R
P 0000011092FFE630
C 392
R
P 0000011092FFE630
U 32
C 37
= 0000011093061230
R
P 0000011092FFE630
C 392
R
P 0000011092FFE630
P 0000011093061230
C 298
R
P 0000011092FFE630
C 392
R
P 0000011092FFE630
P 0000011093061230
C 9
R
P 0000011092FFE630
C 392
R
P 0000011092FFE630
I 0
P 0000011093061230
C 159
= 000001109642E070
R
P 0000011092FFE630
C 392
R
P 0000011092FFE630
P 000001109642E070
C 298
R
P 0000011092FFE630
C 392
R
P 0000011092FFE630
P 000001109642E070
C 295
= 0000011093061230
R
P 0000011092FFE630
C 392
R
P 0000011092FFE630
P 0000011093061230
C 249
R
P 0000011092FFE630
C 392
R
P 0000011092FFE630
P 000001109642E070
C 301
R
P 0000011092FFE630
C 392
R
P 0000011092FFE630
P 000001109642E070
C 300
R
P 0000011092FFE630
C 392
R
P 0000011092FFE630
P 000001109642E070
C 299
R
P 0000011092FFE630
C 392
R
P 0000011092FFE630
P 000001109642E070
C 9
R
P 0000011092FFE630
C 392
R
P 0000011092FFE630
P 000001109642E0B0
P 000001109642E070
C 106
= 0000011099580E50
R
P 0000011092FFE630
C 392
R
P 0000011092FFE630
P 0000011099580E50
C 299
R
P 0000011092FFE630
C 392
R
P 0000011092FFE630
P 0000011099580E50
C 9
R
P 0000011092FFE630
C 392
R
P 0000011092FFE630
P 0000011099638210
P 0000011099580E50
C 489
R
P 0000011092FFE630
C 392
R
P 0000011092FFE630
U 32
C 37
= 0000011093061230
R
P 0000011092FFE630
C 392
R
P 0000011092FFE630
P 0000011093061230
C 298
R
P 0000011092FFE630
C 392
R
P 0000011092FFE630
P 0000011093061230
C 9
R
P 0000011092FFE630
C 392
R
P 0000011092FFE630
I 0
P 0000011093061230
C 159
= 000001109642E070
R
P 0000011092FFE630
C 392
R
P 0000011092FFE630
P 000001109642E070
C 298
R
P 0000011092FFE630
C 392
R
P 0000011092FFE630
P 000001109642E070
C 295
= 0000011093061230
R
P 0000011092FFE630
C 392
R
P 0000011092FFE630
P 0000011093061230
C 249
R
P 0000011092FFE630
C 392
R
P 0000011092FFE630
P 000001109642E070
C 301
R
P 0000011092FFE630
C 392
R
P 0000011092FFE630
P 000001109642E070
C 300
R
P 0000011092FFE630
C 392
R
P 0000011092FFE630
P 000001109642E070
C 299
R
P 0000011092FFE630
C 392
R
P 0000011092FFE630
P 000001109642E070
C 9
R
P 0000011092FFE630
C 392
R
P 0000011092FFE630
P 000001109642E090
P 000001109642E070
C 106
= 0000011099506868
R
P 0000011092FFE630
C 392
R
P 0000011092FFE630
P 0000011099506868
C 299
R
P 0000011092FFE630
C 392
R
P 0000011092FFE630
P 0000011099506868
C 9
R
P 0000011092FFE630
C 392
R
P 0000011092FFE630
P 0000011099638210
P 0000011099506868
C 489
R
P 0000011092FFE630
C 392
R
P 0000011092FFE630
U 32
C 37
= 0000011093061230
R
P 0000011092FFE630
C 392
R
P 0000011092FFE630
P 0000011093061230
C 298
R
P 0000011092FFE630
C 392
R
P 0000011092FFE630
P 0000011093061230
C 9
R
P 0000011092FFE630
C 392
R
P 0000011092FFE630
I 384
P 0000011093061230
C 159
= 0000011096410300
R
P 0000011092FFE630
C 392
R
P 0000011092FFE630
P 0000011096410300
C 298
R
P 0000011092FFE630
C 392
R
P 0000011092FFE630
P 0000011096410300
C 295
= 0000011093061230
R
P 0000011092FFE630
C 392
R
P 0000011092FFE630
P 0000011093061230
C 249
R
P 0000011092FFE630
C 392
R
P 0000011092FFE630
P 0000011096410300
C 301
R
P 0000011092FFE630
C 392
R
P 0000011092FFE630
P 0000011096410300
C 300
R
P 0000011092FFE630
C 392
R
P 0000011092FFE630
P 0000011096410300
C 299
R
P 0000011092FFE630
C 392
R
P 0000011092FFE630
P 0000011096410300
C 9
R
P 0000011092FFE630
C 392
R
P 0000011092FFE630
P 00000110964103E0
P 0000011096410300
C 106
= 000001109957DEF0
R
P 0000011092FFE630
C 392
R
P 0000011092FFE630
P 000001109957DEF0
C 299
R
P 0000011092FFE630
C 392
R
P 0000011092FFE630
P 000001109957DEF0
C 9
R
P 0000011092FFE630
C 392
R
P 0000011092FFE630
P 0000011099638210
P 000001109957DEF0
C 489
R
P 0000011092FFE630
C 392
R
P 0000011092FFE630
P 0000011099638210
C 513
R
P 0000011092FFE630
C 392
R
P 0000011092FFE630
P 0000011099638210
C 518
= 000001109B5B9250
R
P 0000011092FFE630
C 392
R
P 0000011092FFE630
P 000001109B5B9250
C 344
R
P 0000011092FFE630
C 392
R
P 0000011092FFE630
P 000001109B5B9250
C 381
R
P 0000011092FFE630
C 392
R
P 0000011092FFE630
P 0000011099638210
C 518
= 000001109B5B9BB0
R
P 0000011092FFE630
C 392
R
P 0000011092FFE630
P 000001109B5B9BB0
C 344
R
P 0000011092FFE630
C 392
R
P 0000011092FFE630
P 000001109B5B9BB0
P 000001109642E0B0
I 0
P 0000000000000000
C 346
* 000001109642E070 4
R
P 0000011092FFE630
C 392
R
P 0000011092FFE630
P 000001109642E070
C 298
R
P 0000011092FFE630
C 392
R
P 0000011092FFE630
P 000001109642E070
C 295
= 0000011093061230
R
P 0000011092FFE630
C 392
R
P 0000011092FFE630
P 0000011093061230
C 249
R
P 0000011092FFE630
C 392
R
P 0000011092FFE630
P 000001109642E070
C 301
R
P 0000011092FFE630
C 392
R
P 0000011092FFE630
P 000001109642E070
C 300
R
P 0000011092FFE630
C 392
R
P 0000011092FFE630
P 000001109642E070
C 299
R
P 0000011092FFE630
C 392
R
P 0000011092FFE630
P 000001109642E070
C 9
R
P 0000011092FFE630
C 392
R
P 0000011092FFE630
P 000001109642E070
I 0
C 311
R
P 0000011092FFE630
C 392
R
P 0000011092FFE630
P 0000011099638210
C 518
= 000001109B5B9E80
R
P 0000011092FFE630
C 392
R
P 0000011092FFE630
P 000001109B5B9E80
C 344
R
P 0000011092FFE630
C 392
R
P 0000011092FFE630
P 000001109B5B9E80
P 000001109642E090
I 0
P 0000000000000000
C 346
* 000001109642E070 4
R
P 0000011092FFE630
C 392
R
P 0000011092FFE630
P 000001109642E070
C 298
R
P 0000011092FFE630
C 392
R
P 0000011092FFE630
P 000001109642E070
C 295
= 0000011093061230
R
P 0000011092FFE630
C 392
R
P 0000011092FFE630
P 0000011093061230
C 249
R
P 0000011092FFE630
C 392
R
P 0000011092FFE630
P 000001109642E070
C 301
R
P 0000011092FFE630
C 392
R
P 0000011092FFE630
P 000001109642E070
C 300
R
P 0000011092FFE630
C 392
R
P 0000011092FFE630
P 000001109642E070
C 299
R
P 0000011092FFE630
C 392
R
P 0000011092FFE630
P 000001109642E070
C 9
R
P 0000011092FFE630
C 392
R
P 0000011092FFE630
P 000001109642E070
I 0
C 311
R
P 0000011092FFE630
C 392
R
P 0000011092FFE630
P 0000011099638210
C 518
= 000001109B5B9AF0
R
P 0000011092FFE630
C 392
R
P 0000011092FFE630
P 000001109B5B9AF0
C 344
R
P 0000011092FFE630
C 392
R
P 0000011092FFE630
P 000001109B5B9AF0
P 00000110964103E0
I 0
P 0000000000000000
C 346
* 0000011096410280 4
R
P 0000011092FFE630
C 392
R
P 0000011092FFE630
P 0000011096410280
C 298
R
P 0000011092FFE630
C 392
R
P 0000011092FFE630
P 0000011096410280
C 295
= 0000011093061230
R
P 0000011092FFE630
C 392
R
P 0000011092FFE630
P 0000011093061230
C 249
R
P 0000011092FFE630
C 392
R
P 0000011092FFE630
P 0000011096410280
C 301
R
P 0000011092FFE630
C 392
R
P 0000011092FFE630
P 0000011096410280
C 300
R
P 0000011092FFE630
C 392
R
P 0000011092FFE630
P 0000011096410280
C 299
R
P 0000011092FFE630
C 392
R
P 0000011092FFE630
P 0000011096410280
C 9
R
P 0000011092FFE630
C 392
R
P 0000011092FFE630
P 0000011096410280
I 0
C 311
R
P 0000011092FFE630
C 392
R
P 0000011092FFE630
U 32
C 37
= 0000011093061230
R
P 0000011092FFE630
C 392
R
P 0000011092FFE630
P 0000011093061230
C 298
R
P 0000011092FFE630
C 392
R
P 0000011092FFE630
P 0000011093061230
C 9
R
P 0000011092FFE630
C 392
R
P 0000011092FFE630
I 96
P 0000011093061230
C 159
= 0000011096427C90
R
P 0000011092FFE630
C 392
R
P 0000011092FFE630
P 0000011096427C90
C 298
R
P 0000011092FFE630
C 392
R
P 0000011092FFE630
P 0000011096427C90
C 295
= 0000011093061230
R
P 0000011092FFE630
C 392
R
P 0000011092FFE630
P 0000011093061230
C 249
R
P 0000011092FFE630
C 392
R
P 0000011092FFE630
P 0000011096427C90
C 301
R
P 0000011092FFE630
C 392
R
P 0000011092FFE630
P 0000011096427C90
C 300
R
P 0000011092FFE630
C 392
R
P 0000011092FFE630
P 0000011096427C90
C 299
R
P 0000011092FFE630
C 392
R
P 0000011092FFE630
P 0000011096427C90
C 9
R
P 0000011092FFE630
C 392
R
P 0000011092FFE630
P 00000110964103E0
P 0000011096427C90
C 106
= 000001109957FDB0
R
P 0000011092FFE630
C 392
R
P 0000011092FFE630
P 000001109957FDB0
C 299
R
P 0000011092FFE630
C 392
R
P 0000011092FFE630
P 000001109957FDB0
C 9
R
P 0000011092FFE630
C 392
R
P 0000011092FFE630
P 0000011099638210
P 000001109957FDB0
C 489
R
P 0000011092FFE630
C 392
R
P 0000011092FFE630
U 32
C 37
= 0000011093061230
R
P 0000011092FFE630
C 392
R
P 0000011092FFE630
P 0000011093061230
C 298
R
P 0000011092FFE630
C 392
R
P 0000011092FFE630
P 0000011093061230
C 9
R
P 0000011092FFE630
C 392
R
P 0000011092FFE630
I 0
P 0000011093061230
C 159
= 000001109642E070
R
P 0000011092FFE630
C 392
R
P 0000011092FFE630
P 000001109642E070
C 298
R
P 0000011092FFE630
C 392
R
P 0000011092FFE630
P 000001109642E070
C 295
= 0000011093061230
R
P 0000011092FFE630
C 392
R
P 0000011092FFE630
P 0000011093061230
C 249
R
P 0000011092FFE630
C 392
R
P 0000011092FFE630
P 000001109642E070
C 301
R
P 0000011092FFE630
C 392
R
P 0000011092FFE630
P 000001109642E070
C 300
R
P 0000011092FFE630
C 392
R
P 0000011092FFE630
P 000001109642E070
C 299
R
P 0000011092FFE630
C 392
R
P 0000011092FFE630
P 000001109642E070
C 9
R
P 0000011092FFE630
C 392
R
P 0000011092FFE630
P 000001109642E0B0
P 000001109642E070
C 106
= 0000011099580E50
R
P 0000011092FFE630
C 392
R
P 0000011092FFE630
P 0000011099580E50
C 299
R
P 0000011092FFE630
C 392
R
P 0000011092FFE630
P 0000011099580E50
C 9
R
P 0000011092FFE630
C 392
R
P 0000011092FFE630
P 0000011099638210
P 0000011099580E50
C 489
R
P 0000011092FFE630
C 392
R
P 0000011092FFE630
U 32
C 37
= 0000011093061230
R
P 0000011092FFE630
C 392
R
P 0000011092FFE630
P 0000011093061230
C 298
R
P 0000011092FFE630
C 392
R
P 0000011092FFE630
P 0000011093061230
C 9
R
P 0000011092FFE630
C 392
R
P 0000011092FFE630
I 0
P 0000011093061230
C 159
= 000001109642E070
R
P 0000011092FFE630
C 392
R
P 0000011092FFE630
P 000001109642E070
C 298
R
P 0000011092FFE630
C 392
R
P 0000011092FFE630
P 000001109642E070
C 295
= 0000011093061230
R
P 0000011092FFE630
C 392
R
P 0000011092FFE630
P 0000011093061230
C 249
R
P 0000011092FFE630
C 392
R
P 0000011092FFE630
P 000001109642E070
C 301
R
P 0000011092FFE630
C 392
R
P 0000011092FFE630
P 000001109642E070
C 300
R
P 0000011092FFE630
C 392
R
P 0000011092FFE630
P 000001109642E070
C 299
R
P 0000011092FFE630
C 392
R
P 0000011092FFE630
P 000001109642E070
C 9
R
P 0000011092FFE630
C 392
R
P 0000011092FFE630
P 000001109642E090
P 000001109642E070
C 106
= 0000011099506868
R
P 0000011092FFE630
C 392
R
P 0000011092FFE630
P 0000011099506868
C 299
R
P 0000011092FFE630
C 392
R
P 0000011092FFE630
P 0000011099506868
C 9
R
P 0000011092FFE630
C 392
R
P 0000011092FFE630
P 0000011099638210
P 0000011099506868
C 489
R
P 0000011092FFE630
C 392
R
P 0000011092FFE630
U 32
C 37
= 0000011093061230
R
P 0000011092FFE630
C 392
R
P 0000011092FFE630
P 0000011093061230
C 298
R
P 0000011092FFE630
C 392
R
P 0000011092FFE630
P 0000011093061230
C 9
R
P 0000011092FFE630
C 392
R
P 0000011092FFE630
I 192
P 0000011093061230
C 159
= 0000011096410280
R
P 0000011092FFE630
C 392
R
P 0000011092FFE630
P 0000011096410280
C 298
R
P 0000011092FFE630
C 392
R
P 0000011092FFE630
P 0000011096410280
C 295
= 0000011093061230
R
P 0000011092FFE630
C 392
R
P 0000011092FFE630
P 0000011093061230
C 249
R
P 0000011092FFE630
C 392
R
P 0000011092FFE630
P 0000011096410280
C 301
R
P 0000011092FFE630
C 392
R
P 0000011092FFE630
P 0000011096410280
C 300
R
P 0000011092FFE630
C 392
R
P 0000011092FFE630
P 0000011096410280
C 299
R
P 0000011092FFE630
C 392
R
P 0000011092FFE630
P 0000011096410280
C 9
R
P 0000011092FFE630
C 392
R
P 0000011092FFE630
P 00000110964103E0
P 0000011096410280
C 106
= 000001109951AF28
R
P 0000011092FFE630
C 392
R
P 0000011092FFE630
P 000001109951AF28
C 299
R
P 0000011092FFE630
C 392
R
P 0000011092FFE630
P 000001109951AF28
C 9
R
P 0000011092FFE630
C 392
R
P 0000011092FFE630
P 0000011099638210
P 000001109951AF28
C 489
R
P 0000011092FFE630
C 392
R
P 0000011092FFE630
P 0000011099638210
C 513
R
P 0000011092FFE630
C 392
R
P 0000011092FFE630
P 0000011099638210
C 518
= 000001109B5BA120
R
P 0000011092FFE630
C 392
R
P 0000011092FFE630
P 000001109B5BA120
C 344
R
P 0000011092FFE630
C 392
R
P 0000011092FFE630
P 000001109B5BA120
C 381
R
P 0000011092FFE630
C 392
R
P 0000011092FFE630
P 0000011099638210
C 518
= 000001109B5BA150
R
P 0000011092FFE630
C 392
R
P 0000011092FFE630
P 000001109B5BA150
C 344
R
P 0000011092FFE630
C 392
R
P 0000011092FFE630
P 000001109B5BA150
P 000001109642E0B0
I 0
P 0000000000000000
C 346
* 000001109642E070 4
R
P 0000011092FFE630
C 392
R
P 0000011092FFE630
P 000001109642E070
C 298
R
P 0000011092FFE630
C 392
R
P 0000011092FFE630
P 000001109642E070
C 295
= 0000011093061230
R
P 0000011092FFE630
C 392
R
P 0000011092FFE630
P 0000011093061230
C 249
R
P 0000011092FFE630
C 392
R
P 0000011092FFE630
P 000001109642E070
C 301
R
P 0000011092FFE630
C 392
R
P 0000011092FFE630
P 000001109642E070
C 300
R
P 0000011092FFE630
C 392
R
P 0000011092FFE630
P 000001109642E070
C 299
R
P 0000011092FFE630
C 392
R
P 0000011092FFE630
P 000001109642E070
C 9
R
P 0000011092FFE630
C 392
R
P 0000011092FFE630
P 000001109642E070
I 0
C 311
R
P 0000011092FFE630
C 392
R
P 0000011092FFE630
P 0000011099638210
C 518
= 000001109B5BA180
R
P 0000011092FFE630
C 392
R
P 0000011092FFE630
P 000001109B5BA180
C 344
R
P 0000011092FFE630
C 392
R
P 0000011092FFE630
P 000001109B5BA180
P 000001109642E090
I 0
P 0000000000000000
C 346
* 000001109642E070 4
R
P 0000011092FFE630
C 392
R
P 0000011092FFE630
P 000001109642E070
C 298
R
P 0000011092FFE630
C 392
R
P 0000011092FFE630
P 000001109642E070
C 295
= 0000011093061230
R
P 0000011092FFE630
C 392
R
P 0000011092FFE630
P 0000011093061230
C 249
R
P 0000011092FFE630
C 392
R
P 0000011092FFE630
P 000001109642E070
C 301
R
P 0000011092FFE630
C 392
R
P 0000011092FFE630
P 000001109642E070
C 300
R
P 0000011092FFE630
C 392
R
P 0000011092FFE630
P 000001109642E070
C 299
R
P 0000011092FFE630
C 392
R
P 0000011092FFE630
P 000001109642E070
C 9
R
P 0000011092FFE630
C 392
R
P 0000011092FFE630
P 000001109642E070
I 0
C 311
R
P 0000011092FFE630
C 392
R
P 0000011092FFE630
P 0000011099638210
C 518
= 000001109B5B9AC0
R
P 0000011092FFE630
C 392
R
P 0000011092FFE630
P 000001109B5B9AC0
C 344
R
P 0000011092FFE630
C 392
R
P 0000011092FFE630
P 000001109B5B9AC0
P 00000110964103E0
I 0
P 0000000000000000
C 346
* 0000011096427C10 4
R
P 0000011092FFE630
C 392
R
P 0000011092FFE630
P 0000011096427C10
C 298
R
P 0000011092FFE630
C 392
R
P 0000011092FFE630
P 0000011096427C10
C 295
= 0000011093061230
R
P 0000011092FFE630
C 392
R
P 0000011092FFE630
P 0000011093061230
C 249
R
P 0000011092FFE630
C 392
R
P 0000011092FFE630
P 0000011096427C10
C 301
R
P 0000011092FFE630
C 392
R
P 0000011092FFE630
P 0000011096427C10
C 300
R
P 0000011092FFE630
C 392
R
P 0000011092FFE630
P 0000011096427C10
C 299
R
P 0000011092FFE630
C 392
R
P 0000011092FFE630
P 0000011096427C10
C 9
R
P 0000011092FFE630
C 392
R
P 0000011092FFE630
P 0000011096427C10
I 0
C 311
R
P 0000011092FFE630
C 392
R
P 0000011092FFE630
U 32
C 37
= 0000011093061230
R
P 0000011092FFE630
C 392
R
P 0000011092FFE630
P 0000011093061230
C 298
R
P 0000011092FFE630
C 392
R
P 0000011092FFE630
P 0000011093061230
C 9
R
P 0000011092FFE630
C 392
R
P 0000011092FFE630
I 32
P 0000011093061230
C 159
= 00000110964268B0
R
P 0000011092FFE630
C 392
R
P 0000011092FFE630
P 00000110964268B0
C 298
R
P 0000011092FFE630
C 392
R
P 0000011092FFE630
P 00000110964268B0
C 295
= 0000011093061230
R
P 0000011092FFE630
C 392
R
P 0000011092FFE630
P 0000011093061230
C 249
R
P 0000011092FFE630
C 392
R
P 0000011092FFE630
P 00000110964268B0
C 301
R
P 0000011092FFE630
C 392
R
P 0000011092FFE630
P 00000110964268B0
C 300
R
P 0000011092FFE630
C 392
R
P 0000011092FFE630
P 00000110964268B0
C 299
R
P 0000011092FFE630
C 392
R
P 0000011092FFE630
P 00000110964268B0
C 9
R
P 0000011092FFE630
C 392
R
P 0000011092FFE630
P 00000110964103E0
P 00000110964268B0
C 106
= 00000110995114C0
R
P 0000011092FFE630
C 392
R
P 0000011092FFE630
P 00000110995114C0
C 299
R
P 0000011092FFE630
C 392
R
P 0000011092FFE630
P 00000110995114C0
C 9
R
P 0000011092FFE630
C 392
R
P 0000011092FFE630
P 0000011099638210
P 00000110995114C0
C 489
R
P 0000011092FFE630
C 392
R
P 0000011092FFE630
U 32
C 37
= 0000011093061230
R
P 0000011092FFE630
C 392
R
P 0000011092FFE630
P 0000011093061230
C 298
R
P 0000011092FFE630
C 392
R
P 0000011092FFE630
P 0000011093061230
C 9
R
P 0000011092FFE630
C 392
R
P 0000011092FFE630
I 0
P 0000011093061230
C 159
= 000001109642E070
R
P 0000011092FFE630
C 392
R
P 0000011092FFE630
P 000001109642E070
C 298
R
P 0000011092FFE630
C 392
R
P 0000011092FFE630
P 000001109642E070
C 295
= 0000011093061230
R
P 0000011092FFE630
C 392
R
P 0000011092FFE630
P 0000011093061230
C 249
R
P 0000011092FFE630
C 392
R
P 0000011092FFE630
P 000001109642E070
C 301
R
P 0000011092FFE630
C 392
R
P 0000011092FFE630
P 000001109642E070
C 300
R
P 0000011092FFE630
C 392
R
P 0000011092FFE630
P 000001109642E070
C 299
R
P 0000011092FFE630
C 392
R
P 0000011092FFE630
P 000001109642E070
C 9
R
P 0000011092FFE630
C 392
R
P 0000011092FFE630
P 000001109642E0B0
P 000001109642E070
C 106
= 0000011099580E50
R
P 0000011092FFE630
C 392
R
P 0000011092FFE630
P 0000011099580E50
C 299
R
P 0000011092FFE630
C 392
R
P 0000011092FFE630
P 0000011099580E50
C 9
R
P 0000011092FFE630
C 392
R
P 0000011092FFE630
P 0000011099638210
P 0000011099580E50
C 489
R
P 0000011092FFE630
C 392
R
P 0000011092FFE630
U 32
C 37
= 0000011093061230
R
P 0000011092FFE630
C 392
R
P 0000011092FFE630
P 0000011093061230
C 298
R
P 0000011092FFE630
C 392
R
P 0000011092FFE630
P 0000011093061230
C 9
R
P 0000011092FFE630
C 392
R
P 0000011092FFE630
I 0
P 0000011093061230
C 159
= 000001109642E070
R
P 0000011092FFE630
C 392
R
P 0000011092FFE630
P 000001109642E070
C 298
R
P 0000011092FFE630
C 392
R
P 0000011092FFE630
P 000001109642E070
C 295
= 0000011093061230
R
P 0000011092FFE630
C 392
R
P 0000011092FFE630
P 0000011093061230
C 249
R
P 0000011092FFE630
C 392
R
P 0000011092FFE630
P 000001109642E070
C 301
R
P 0000011092FFE630
C 392
R
P 0000011092FFE630
P 000001109642E070
C 300
R
P 0000011092FFE630
C 392
R
P 0000011092FFE630
P 000001109642E070
C 299
R
P 0000011092FFE630
C 392
R
P 0000011092FFE630
P 000001109642E070
C 9
R
P 0000011092FFE630
C 392
R
P 0000011092FFE630
P 000001109642E090
P 000001109642E070
C 106
= 0000011099506868
R
P 0000011092FFE630
C 392
R
P 0000011092FFE630
P 0000011099506868
C 299
R
P 0000011092FFE630
C 392
R
P 0000011092FFE630
P 0000011099506868
C 9
R
P 0000011092FFE630
C 392
R
P 0000011092FFE630
P 0000011099638210
P 0000011099506868
C 489
R
P 0000011092FFE630
C 392
R
P 0000011092FFE630
U 32
C 37
= 0000011093061230
R
P 0000011092FFE630
C 392
R
P 0000011092FFE630
P 0000011093061230
C 298
R
P 0000011092FFE630
C 392
R
P 0000011092FFE630
P 0000011093061230
C 9
R
P 0000011092FFE630
C 392
R
P 0000011092FFE630
I 64
P 0000011093061230
C 159
= 0000011096427C10
R
P 0000011092FFE630
C 392
R
P 0000011092FFE630
P 0000011096427C10
C 298
R
P 0000011092FFE630
C 392
R
P 0000011092FFE630
P 0000011096427C10
C 295
= 0000011093061230
R
P 0000011092FFE630
C 392
R
P 0000011092FFE630
P 0000011093061230
C 249
R
P 0000011092FFE630
C 392
R
P 0000011092FFE630
P 0000011096427C10
C 301
R
P 0000011092FFE630
C 392
R
P 0000011092FFE630
P 0000011096427C10
C 300
R
P 0000011092FFE630
C 392
R
P 0000011092FFE630
P 0000011096427C10
C 299
R
P 0000011092FFE630
C 392
R
P 0000011092FFE630
P 0000011096427C10
C 9
R
P 0000011092FFE630
C 392
R
P 0000011092FFE630
P 00000110964103E0
P 0000011096427C10
C 106
= 0000011099580F30
R
P 0000011092FFE630
C 392
R
P 0000011092FFE630
P 0000011099580F30
C 299
R
P 0000011092FFE630
C 392
R
P 0000011092FFE630
P 0000011099580F30
C 9
R
P 0000011092FFE630
C 392
R
P 0000011092FFE630
P 0000011099638210
P 0000011099580F30
C 489
R
P 0000011092FFE630
C 392
R
P 0000011092FFE630
P 0000011099638210
C 513
R
P 0000011092FFE630
C 392
R
P 0000011092FFE630
P 0000011099638210
C 518
= 000001109B5B9310
R
P 0000011092FFE630
C 392
R
P 0000011092FFE630
P 000001109B5B9310
C 344
R
P 0000011092FFE630
C 392
R
P 0000011092FFE630
P 000001109B5B9310
C 381
R
P 0000011092FFE630
C 392
R
P 0000011092FFE630
P 0000011099638210
C 518
= 000001109B5B9B20
R
P 0000011092FFE630
C 392
R
P 0000011092FFE630
P 000001109B5B9B20
C 344
R
P 0000011092FFE630
C 392
R
P 0000011092FFE630
P 000001109B5B9B20
P 000001109642E0B0
I 0
P 0000000000000000
C 346
* 000001109642E070 4
R
P 0000011092FFE630
C 392
R
P 0000011092FFE630
P 000001109642E070
C 298
R
P 0000011092FFE630
C 392
R
P 0000011092FFE630
P 000001109642E070
C 295
= 0000011093061230
R
P 0000011092FFE630
C 392
R
P 0000011092FFE630
P 0000011093061230
C 249
R
P 0000011092FFE630
C 392
R
P 0000011092FFE630
P 000001109642E070
C 301
R
P 0000011092FFE630
C 392
R
P 0000011092FFE630
P 000001109642E070
C 300
R
P 0000011092FFE630
C 392
R
P 0000011092FFE630
P 000001109642E070
C 299
R
P 0000011092FFE630
C 392
R
P 0000011092FFE630
P 000001109642E070
C 9
R
P 0000011092FFE630
C 392
R
P 0000011092FFE630
P 000001109642E070
I 0
C 311
R
P 0000011092FFE630
C 392
R
P 0000011092FFE630
P 0000011099638210
C 518
= 000001109B5BA1E0
R
P 0000011092FFE630
C 392
R
P 0000011092FFE630
P 000001109B5BA1E0
C 344
R
P 0000011092FFE630
C 392
R
P 0000011092FFE630
P 000001109B5BA1E0
P 000001109642E090
I 0
P 0000000000000000
C 346
* 000001109642E070 4
R
P 0000011092FFE630
C 392
R
P 0000011092FFE630
P 000001109642E070
C 298
R
P 0000011092FFE630
C 392
R
P 0000011092FFE630
P 000001109642E070
C 295
= 0000011093061230
R
P 0000011092FFE630
C 392
R
P 0000011092FFE630
P 0000011093061230
C 249
R
P 0000011092FFE630
C 392
R
P 0000011092FFE630
P 000001109642E070
C 301
R
P 0000011092FFE630
C 392
R
P 0000011092FFE630
P 000001109642E070
C 300
R
P 0000011092FFE630
C 392
R
P 0000011092FFE630
P 000001109642E070
C 299
R
P 0000011092FFE630
C 392
R
P 0000011092FFE630
P 000001109642E070
C 9
R
P 0000011092FFE630
C 392
R
P 0000011092FFE630
P 000001109642E070
I 0
C 311
R
P 0000011092FFE630
C 392
R
P 0000011092FFE630
P 0000011099638210
C 518
= 000001109B5B9CD0
R
P 0000011092FFE630
C 392
R
P 0000011092FFE630
P 000001109B5B9CD0
C 344
R
P 0000011092FFE630
C 392
R
P 0000011092FFE630
P 000001109B5B9CD0
P 00000110964103E0
I 0
P 0000000000000000
C 346
* 000001109642E070 4
R
P 0000011092FFE630
C 392
R
P 0000011092FFE630
P 000001109642E070
C 298
R
P 0000011092FFE630
C 392
R
P 0000011092FFE630
P 000001109642E070
C 295
= 0000011093061230
R
P 0000011092FFE630
C 392
R
P 0000011092FFE630
P 0000011093061230
C 249
R
P 0000011092FFE630
C 392
R
P 0000011092FFE630
P 000001109642E070
C 301
R
P 0000011092FFE630
C 392
R
P 0000011092FFE630
P 000001109642E070
C 300
R
P 0000011092FFE630
C 392
R
P 0000011092FFE630
P 000001109642E070
C 299
R
P 0000011092FFE630
C 392
R
P 0000011092FFE630
P 000001109642E070
C 9
R
P 0000011092FFE630
C 392
R
P 0000011092FFE630
P 000001109642E070
I 0
C 311
R
P 0000011092FFE630
C 392
R
P 0000011092FFE630
P 0000011099638210
U 1
C 486
R
P 0000011092FFE630
C 392
M "SimplifierExample"
R
P 0000011092FFE630
S "x"
C 32
R
P 0000011092FFE630
C 392
R
P 0000011092FFE630
$ |x|
C 242
R
P 0000011092FFE630
C 392
R
P 0000011092FFE630
$ |x|
P 0000011093060DF0
C 54
= 0000011093061690
R
P 0000011092FFE630
C 392
R
P 0000011092FFE630
P 0000011093061690
C 298
R
P 0000011092FFE630
C 392
R
P 0000011092FFE630
P 0000011093061690
C 295
= 0000011093060DF0
R
P 0000011092FFE630
C 392
R
P 0000011092FFE630
P 0000011093060DF0
C 249
R
P 0000011092FFE630
C 392
R
P 0000011092FFE630
P 0000011093061690
C 301
R
P 0000011092FFE630
C 392
R
P 0000011092FFE630
P 0000011093061690
C 300
R
P 0000011092FFE630
C 392
R
P 0000011092FFE630
P 0000011093061690
C 299
R
P 0000011092FFE630
C 392
R
P 0000011092FFE630
P 0000011093061690
C 9
R
P 0000011092FFE630
C 392
R
P 0000011092FFE630
S "y"
C 32
R
P 0000011092FFE630
C 392
R
P 0000011092FFE630
$ |y|
C 242
R
P 0000011092FFE630
C 392
R
P 0000011092FFE630
$ |y|
P 0000011093060DF0
C 54
= 00000110930616B0
R
P 0000011092FFE630
C 392
R
P 0000011092FFE630
P 00000110930616B0
C 298
R
P 0000011092FFE630
C 392
R
P 0000011092FFE630
P 00000110930616B0
C 295
= 0000011093060DF0
R
P 0000011092FFE630
C 392
R
P 0000011092FFE630
P 0000011093060DF0
C 249
R
P 0000011092FFE630
C 392
R
P 0000011092FFE630
P 00000110930616B0
C 301
R
P 0000011092FFE630
C 392
R
P 0000011092FFE630
P 00000110930616B0
C 300
R
P 0000011092FFE630
C 392
R
P 0000011092FFE630
P 00000110930616B0
C 299
R
P 0000011092FFE630
C 392
R
P 0000011092FFE630
P 00000110930616B0
C 9
R
P 0000011092FFE630
C 392
R
P 0000011092FFE630
S "z"
C 32
R
P 0000011092FFE630
C 392
R
P 0000011092FFE630
$ |z|
C 242
R
P 0000011092FFE630
C 392
R
P 0000011092FFE630
$ |z|
P 0000011093060DF0
C 54
= 0000011096427BD0
R
P 0000011092FFE630
C 392
R
P 0000011092FFE630
P 0000011096427BD0
C 298
R
P 0000011092FFE630
C 392
R
P 0000011092FFE630
P 0000011096427BD0
C 295
= 0000011093060DF0
R
P 0000011092FFE630
C 392
R
P 0000011092FFE630
P 0000011093060DF0
C 249
R
P 0000011092FFE630
C 392
R
P 0000011092FFE630
P 0000011096427BD0
C 301
R
P 0000011092FFE630
C 392
R
P 0000011092FFE630
P 0000011096427BD0
C 300
R
P 0000011092FFE630
C 392
R
P 0000011092FFE630
P 0000011096427BD0
C 299
R
P 0000011092FFE630
C 392
R
P 0000011092FFE630
P 0000011096427BD0
C 9
R
P 0000011092FFE630
C 392
R
P 0000011092FFE630
S "u"
C 32
R
P 0000011092FFE630
C 392
R
P 0000011092FFE630
$ |u|
C 242
R
P 0000011092FFE630
C 392
R
P 0000011092FFE630
$ |u|
P 0000011093060DF0
C 54
= 0000011096427BB0
R
P 0000011092FFE630
C 392
R
P 0000011092FFE630
P 0000011096427BB0
C 298
R
P 0000011092FFE630
C 392
R
P 0000011092FFE630
P 0000011096427BB0
C 295
= 0000011093060DF0
R
P 0000011092FFE630
C 392
R
P 0000011092FFE630
P 0000011093060DF0
C 249
R
P 0000011092FFE630
C 392
R
P 0000011092FFE630
P 0000011096427BB0
C 301
R
P 0000011092FFE630
C 392
R
P 0000011092FFE630
P 0000011096427BB0
C 300
R
P 0000011092FFE630
C 392
R
P 0000011092FFE630
P 0000011096427BB0
C 299
R
P 0000011092FFE630
C 392
R
P 0000011092FFE630
P 0000011096427BB0
C 9
R
P 0000011092FFE630
C 392
R
P 0000011092FFE630
U 2
P 0000011093061690
P 0000011096427BD0
p 2
C 70
= 000001109951BE08
R
P 0000011092FFE630
C 392
R
P 0000011092FFE630
P 000001109951BE08
C 298
R
P 0000011092FFE630
C 392
R
P 0000011092FFE630
P 000001109951BE08
C 295
= 0000011093060DF0
R
P 0000011092FFE630
C 392
R
P 0000011092FFE630
P 0000011093060DF0
C 249
R
P 0000011092FFE630
C 392
R
P 0000011092FFE630
P 000001109951BE08
C 301
R
P 0000011092FFE630
C 392
R
P 0000011092FFE630
P 000001109951BE08
C 300
R
P 0000011092FFE630
C 392
R
P 0000011092FFE630
P 000001109951BE08
C 299
R
P 0000011092FFE630
C 392
R
P 0000011092FFE630
P 000001109951BE08
C 9
R
P 0000011092FFE630
C 392
R
P 0000011092FFE630
U 2
P 00000110930616B0
P 000001109951BE08
p 2
C 72
= 0000011099577280
R
P 0000011092FFE630
C 392
R
P 0000011092FFE630
P 0000011099577280
C 298
R
P 0000011092FFE630
C 392
R
P 0000011092FFE630
P 0000011099577280
C 295
= 0000011093060DF0
R
P 0000011092FFE630
C 392
R
P 0000011092FFE630
P 0000011093060DF0
C 249
R
P 0000011092FFE630
C 392
R
P 0000011092FFE630
P 0000011099577280
C 301
R
P 0000011092FFE630
C 392
R
P 0000011092FFE630
P 0000011099577280
C 300
R
P 0000011092FFE630
C 392
R
P 0000011092FFE630
P 0000011099577280
C 299
R
P 0000011092FFE630
C 392
R
P 0000011092FFE630
P 0000011099577280
C 9
R
P 0000011092FFE630
C 392
R
P 0000011092FFE630
U 2
P 0000011093061690
P 0000011099577280
p 2
C 70
= 00000110994EDFC8
R
P 0000011092FFE630
C 392
R
P 0000011092FFE630
P 00000110994EDFC8
C 298
R
P 0000011092FFE630
C 392
R
P 0000011092FFE630
P 00000110994EDFC8
C 295
= 0000011093060DF0
R
P 0000011092FFE630
C 392
R
P 0000011092FFE630
P 0000011093060DF0
C 249
R
P 0000011092FFE630
C 392
R
P 0000011092FFE630
P 00000110994EDFC8
C 301
R
P 0000011092FFE630
C 392
R
P 0000011092FFE630
P 00000110994EDFC8
C 300
R
P 0000011092FFE630
C 392
R
P 0000011092FFE630
P 00000110994EDFC8
C 299
R
P 0000011092FFE630
C 392
R
P 0000011092FFE630
P 00000110994EDFC8
C 9
R
P 0000011092FFE630
C 392
R
P 0000011092FFE630
P 00000110994EDFC8
C 334
= 000001109957DE80
R
P 0000011092FFE630
C 392
R
P 0000011092FFE630
P 000001109957DE80
C 298
R
P 0000011092FFE630
C 392
R
P 0000011092FFE630
P 000001109957DE80
C 295
= 0000011093060DF0
R
P 0000011092FFE630
C 392
R
P 0000011092FFE630
P 0000011093060DF0
C 249
R
P 0000011092FFE630
C 392
R
P 0000011092FFE630
P 000001109957DE80
C 301
R
P 0000011092FFE630
C 392
R
P 0000011092FFE630
P 000001109957DE80
C 300
R
P 0000011092FFE630
C 392
R
P 0000011092FFE630
P 000001109957DE80
C 299
R
P 0000011092FFE630
C 392
R
P 0000011092FFE630
P 000001109957DE80
C 9
R
P 0000011092FFE630
C 392
R
P 0000011092FFE630
P 00000110994EDFC8
C 377
R
P 0000011092FFE630
C 392
R
P 0000011092FFE630
P 000001109957DE80
C 377
R
P 0000011092FFE630
C 392
M "FiniteDomainExample"
R
P 0000011092FFE630
S "S"
C 32
R
P 0000011092FFE630
C 392
R
P 0000011092FFE630
$ |S|
C 242
R
P 0000011092FFE630
C 392
R
P 0000011092FFE630
$ |S|
U 10
C 38
= 0000011096426CB0
R
P 0000011092FFE630
C 392
R
P 0000011092FFE630
P 0000011096426CB0
C 298
R
P 0000011092FFE630
C 392
R
P 0000011092FFE630
P 0000011096426CB0
C 9
R
P 0000011092FFE630
C 392
R
P 0000011092FFE630
S "T"
C 32
R
P 0000011092FFE630
C 392
R
P 0000011092FFE630
$ |T|
C 242
R
P 0000011092FFE630
C 392
R
P 0000011092FFE630
$ |T|
U 10
C 38
= 0000011096426C90
R
P 0000011092FFE630
C 392
R
P 0000011092FFE630
P 0000011096426C90
C 298
R
P 0000011092FFE630
C 392
R
P 0000011092FFE630
P 0000011096426C90
C 9
R
P 0000011092FFE630
C 392
R
P 0000011092FFE630
I 1
P 0000011096426CB0
C 159
= 0000011096426C70
R
P 0000011092FFE630
C 392
R
P 0000011092FFE630
P 0000011096426C70
C 298
R
P 0000011092FFE630
C 392
R
P 0000011092FFE630
P 0000011096426C70
C 295
= 0000011096426CB0
R
P 0000011092FFE630
C 392
R
P 0000011092FFE630
P 0000011096426CB0
C 249
R
P 0000011092FFE630
C 392
R
P 0000011092FFE630
P 0000011096426C70
C 301
R
P 0000011092FFE630
C 392
R
P 0000011092FFE630
P 0000011096426C70
C 300
R
P 0000011092FFE630
C 392
R
P 0000011092FFE630
P 0000011096426C70
C 299
R
P 0000011092FFE630
C 392
R
P 0000011092FFE630
P 0000011096426C70
C 9
R
P 0000011092FFE630
C 392
R
P 0000011092FFE630
I 1
P 0000011096426C90
C 159
= 00000110964276B0
R
P 0000011092FFE630
C 392
R
P 0000011092FFE630
P 00000110964276B0
C 298
R
P 0000011092FFE630
C 392
R
P 0000011092FFE630
P 00000110964276B0
C 295
= 0000011096426C90
R
P 0000011092FFE630
C 392
R
P 0000011092FFE630
P 0000011096426C90
C 249
R
P 0000011092FFE630
C 392
R
P 0000011092FFE630
P 00000110964276B0
C 301
R
P 0000011092FFE630
C 392
R
P 0000011092FFE630
P 00000110964276B0
C 300
R
P 0000011092FFE630
C 392
R
P 0000011092FFE630
P 00000110964276B0
C 299
R
P 0000011092FFE630
C 392
R
P 0000011092FFE630
P 00000110964276B0
C 9
R
P 0000011092FFE630
C 392
R
P 0000011092FFE630
P 0000011096426CB0
C 377
R
P 0000011092FFE630
C 392
R
P 0000011092FFE630
P 0000011096426C90
C 377
R
P 0000011092FFE630
C 392
R
P 0000011092FFE630
P 0000011096426C70
C 304
R
P 0000011092FFE630
C 392
R
P 0000011092FFE630
P 00000110964276B0
C 304
R
P 0000011092FFE630
C 392
R
P 0000011092FFE630
P 0000011096426C70
I 0
C 311
R
P 0000011092FFE630
C 392
R
P 0000011092FFE630
P 00000110964276B0
I 0
C 311
R
P 0000011092FFE630
C 392
M "FloatingPointExample1"
R
P 0000011092FFE630
U 11
U 53
C 664
= 0000011096426970
R
P 0000011092FFE630
C 392
R
P 0000011092FFE630
P 0000011096426970
C 298
R
P 0000011092FFE630
C 392
R
P 0000011092FFE630
P 0000011096426970
C 9
R
P 0000011092FFE630
C 392
R
P 0000011092FFE630
P 0000011096426970
C 377
R
P 0000011092FFE630
C 392
R
P 0000011092FFE630
S "-1e1"
P 0000011096426970
C 156
= 0000011096426990
R
P 0000011092FFE630
C 392
R
P 0000011092FFE630
P 0000011096426990
C 298
R
P 0000011092FFE630
C 392
R
P 0000011092FFE630
P 0000011096426990
C 295
= 0000011096426970
R
P 0000011092FFE630
C 392
R
P 0000011092FFE630
P 0000011096426970
C 249
R
P 0000011092FFE630
C 392
R
P 0000011092FFE630
P 0000011096426990
C 301
R
P 0000011092FFE630
C 392
R
P 0000011092FFE630
P 0000011096426990
C 300
R
P 0000011092FFE630
C 392
R
P 0000011092FFE630
P 0000011096426990
C 299
R
P 0000011092FFE630
C 392
R
P 0000011092FFE630
P 0000011096426990
C 9
R
P 0000011092FFE630
C 392
R
P 0000011092FFE630
S "-10"
P 0000011096426970
C 156
= 0000011096426990
R
P 0000011092FFE630
C 392
R
P 0000011092FFE630
P 0000011096426990
C 298
R
P 0000011092FFE630
C 392
R
P 0000011092FFE630
P 0000011096426990
C 295
= 0000011096426970
R
P 0000011092FFE630
C 392
R
P 0000011092FFE630
P 0000011096426970
C 249
R
P 0000011092FFE630
C 392
R
P 0000011092FFE630
P 0000011096426990
C 301
R
P 0000011092FFE630
C 392
R
P 0000011092FFE630
P 0000011096426990
C 300
R
P 0000011092FFE630
C 392
R
P 0000011092FFE630
P 0000011096426990
C 299
R
P 0000011092FFE630
C 392
R
P 0000011092FFE630
P 0000011096426990
C 9
R
P 0000011092FFE630
C 392
R
P 0000011092FFE630
S "-1.25p3"
P 0000011096426970
C 156
= 0000011096426990
R
P 0000011092FFE630
C 392
R
P 0000011092FFE630
P 0000011096426990
C 298
R
P 0000011092FFE630
C 392
R
P 0000011092FFE630
P 0000011096426990
C 295
= 0000011096426970
R
P 0000011092FFE630
C 392
R
P 0000011092FFE630
P 0000011096426970
C 249
R
P 0000011092FFE630
C 392
R
P 0000011092FFE630
P 0000011096426990
C 301
R
P 0000011092FFE630
C 392
R
P 0000011092FFE630
P 0000011096426990
C 300
R
P 0000011092FFE630
C 392
R
P 0000011092FFE630
P 0000011096426990
C 299
R
P 0000011092FFE630
C 392
R
P 0000011092FFE630
P 0000011096426990
C 9
R
P 0000011092FFE630
C 392
R
P 0000011092FFE630
P 0000011096426990
C 304
R
P 0000011092FFE630
C 392
R
P 0000011092FFE630
P 0000011096426990
C 304
R
P 0000011092FFE630
C 392
R
P 0000011092FFE630
P 0000011096426990
C 304
R
P 0000011092FFE630
C 392
R
P 0000011092FFE630
P 0000011096426990
P 0000011096426990
C 698
= 000001109951BDD0
R
P 0000011092FFE630
C 392
R
P 0000011092FFE630
P 000001109951BDD0
C 299
R
P 0000011092FFE630
C 392
R
P 0000011092FFE630
P 000001109951BDD0
C 9
R
P 0000011092FFE630
C 392
R
P 0000011092FFE630
P 0000011096426990
P 0000011096426990
C 698
= 000001109951BDD0
R
P 0000011092FFE630
C 392
R
P 0000011092FFE630
P 000001109951BDD0
C 299
R
P 0000011092FFE630
C 392
R
P 0000011092FFE630
P 000001109951BDD0
C 9
R
P 0000011092FFE630
C 392
R
P 0000011092FFE630
U 2
P 000001109951BDD0
P 000001109951BDD0
p 2
C 68
= 0000011099577248
R
P 0000011092FFE630
C 392
R
P 0000011092FFE630
P 0000011099577248
C 299
R
P 0000011092FFE630
C 392
R
P 0000011092FFE630
P 0000011099577248
C 9
R
P 0000011092FFE630
C 392
R
P 0000011092FFE630
P 0000011099577248
C 63
= 000001109956F0E0
R
P 0000011092FFE630
C 392
R
P 0000011092FFE630
P 000001109956F0E0
C 299
R
P 0000011092FFE630
C 392
R
P 0000011092FFE630
P 000001109956F0E0
C 9
R
P 0000011092FFE630
C 392
R
P 0000011092FFE630
C 473
= 0000011099547D90
R
P 0000011092FFE630
C 392
R
P 0000011092FFE630
P 0000011099547D90
C 482
R
P 0000011092FFE630
C 392
R
P 0000011092FFE630
P 0000011099547D90
P 000001109956F0E0
C 489
R
P 0000011092FFE630
C 392
R
P 0000011092FFE630
P 0000011099547D90
C 513
R
P 0000011092FFE630
C 392
R
P 0000011092FFE630
S "x"
C 32
R
P 0000011092FFE630
C 392
R
P 0000011092FFE630
$ |x|
C 242
R
P 0000011092FFE630
C 392
R
P 0000011092FFE630
$ |x|
P 0000011096426970
C 54
= 00000110964269B0
R
P 0000011092FFE630
C 392
R
P 0000011092FFE630
P 00000110964269B0
C 298
R
P 0000011092FFE630
C 392
R
P 0000011092FFE630
P 00000110964269B0
C 295
= 0000011096426970
R
P 0000011092FFE630
C 392
R
P 0000011092FFE630
P 0000011096426970
C 249
R
P 0000011092FFE630
C 392
R
P 0000011092FFE630
P 00000110964269B0
C 301
R
P 0000011092FFE630
C 392
R
P 0000011092FFE630
P 00000110964269B0
C 300
R
P 0000011092FFE630
C 392
R
P 0000011092FFE630
P 00000110964269B0
C 299
R
P 0000011092FFE630
C 392
R
P 0000011092FFE630
P 00000110964269B0
C 9
R
P 0000011092FFE630
C 392
R
P 0000011092FFE630
P 0000011096426970
C 673
= 0000011096426B10
R
P 0000011092FFE630
C 392
R
P 0000011092FFE630
P 0000011096426B10
C 299
R
P 0000011092FFE630
C 392
R
P 0000011092FFE630
P 0000011096426B10
C 9
R
P 0000011092FFE630
C 392
R
P 0000011092FFE630
S "QF_FP"
C 32
R
P 0000011092FFE630
C 392
R
P 0000011092FFE630
$ |QF_FP|
C 242
R
P 0000011092FFE630
C 392
R
P 0000011092FFE630
$ |QF_FP|
C 475
= 000001109B72DB60
R
P 0000011092FFE630
C 392
R
P 0000011092FFE630
P 000001109B72DB60
C 482
R
P 0000011092FFE630
C 392
R
P 0000011092FFE630
P 0000011096426B10
P 00000110964269B0
C 698
= 000001109951AEF0
R
P 0000011092FFE630
C 392
R
P 0000011092FFE630
P 000001109951AEF0
C 299
R
P 0000011092FFE630
C 392
R
P 0000011092FFE630
P 000001109951AEF0
C 9
R
P 0000011092FFE630
C 392
R
P 0000011092FFE630
P 000001109B72DB60
P 000001109951AEF0
C 489
R
P 0000011092FFE630
C 392
R
P 0000011092FFE630
P 000001109B72DB60
C 513
R
P 0000011092FFE630
C 392
R
P 0000011092FFE630
P 000001109B72DB60
C 523
R
P 0000011092FFE630
C 392
R
P 0000011092FFE630
S "QF_FP"
C 32
R
P 0000011092FFE630
C 392
R
P 0000011092FFE630
$ |QF_FP|
C 242
R
P 0000011092FFE630
C 392
R
P 0000011092FFE630
$ |QF_FP|
C 475
= 000001109B72E660
R
P 0000011092FFE630
C 392
R
P 0000011092FFE630
P 000001109B72E660
C 482
R
P 0000011092FFE630
C 392
R
P 0000011092FFE630
P 0000011096426B10
P 0000011096426B10
C 61
= 000001109632F918
R
P 0000011092FFE630
C 392
R
P 0000011092FFE630
P 000001109632F918
C 299
R
P 0000011092FFE630
C 392
R
P 0000011092FFE630
P 000001109632F918
C 9
R
P 0000011092FFE630
C 392
R
P 0000011092FFE630
P 000001109B72E660
P 000001109632F918
C 489
R
P 0000011092FFE630
C 392
R
P 0000011092FFE630
P 000001109B72E660
C 513
R
P 0000011092FFE630
C 392
R
P 0000011092FFE630
P 000001109B72E660
C 523
R
P 0000011092FFE630
C 392
R
P 0000011092FFE630
S "-1e1"
P 0000011096426970
C 156
= 0000011096426990
R
P 0000011092FFE630
C 392
R
P 0000011092FFE630
P 0000011096426990
C 298
R
P 0000011092FFE630
C 392
R
P 0000011092FFE630
P 0000011096426990
C 295
= 0000011096426970
R
P 0000011092FFE630
C 392
R
P 0000011092FFE630
P 0000011096426970
C 249
R
P 0000011092FFE630
C 392
R
P 0000011092FFE630
P 0000011096426990
C 301
R
P 0000011092FFE630
C 392
R
P 0000011092FFE630
P 0000011096426990
C 300
R
P 0000011092FFE630
C 392
R
P 0000011092FFE630
P 0000011096426990
C 299
R
P 0000011092FFE630
C 392
R
P 0000011092FFE630
P 0000011096426990
C 9
R
P 0000011092FFE630
C 392
R
P 0000011092FFE630
S "-1.25p3"
P 0000011096426970
C 156
= 0000011096426990
R
P 0000011092FFE630
C 392
R
P 0000011092FFE630
P 0000011096426990
C 298
R
P 0000011092FFE630
C 392
R
P 0000011092FFE630
P 0000011096426990
C 295
= 0000011096426970
R
P 0000011092FFE630
C 392
R
P 0000011092FFE630
P 0000011096426970
C 249
R
P 0000011092FFE630
C 392
R
P 0000011092FFE630
P 0000011096426990
C 301
R
P 0000011092FFE630
C 392
R
P 0000011092FFE630
P 0000011096426990
C 300
R
P 0000011092FFE630
C 392
R
P 0000011092FFE630
P 0000011096426990
C 299
R
P 0000011092FFE630
C 392
R
P 0000011092FFE630
P 0000011096426990
C 9
R
P 0000011092FFE630
C 392
R
P 0000011092FFE630
S "x_plus_y"
C 32
R
P 0000011092FFE630
C 392
R
P 0000011092FFE630
$ |x_plus_y|
C 242
R
P 0000011092FFE630
C 392
R
P 0000011092FFE630
$ |x_plus_y|
P 0000011096426970
C 54
= 0000011096426B30
R
P 0000011092FFE630
C 392
R
P 0000011092FFE630
P 0000011096426B30
C 298
R
P 0000011092FFE630
C 392
R
P 0000011092FFE630
P 0000011096426B30
C 295
= 0000011096426970
R
P 0000011092FFE630
C 392
R
P 0000011092FFE630
P 0000011096426970
C 249
R
P 0000011092FFE630
C 392
R
P 0000011092FFE630
P 0000011096426B30
C 301
R
P 0000011092FFE630
C 392
R
P 0000011092FFE630
P 0000011096426B30
C 300
R
P 0000011092FFE630
C 392
R
P 0000011092FFE630
P 0000011096426B30
C 299
R
P 0000011092FFE630
C 392
R
P 0000011092FFE630
P 0000011096426B30
C 9
R
P 0000011092FFE630
C 392
R
P 0000011092FFE630
S "100"
P 0000011096426970
C 156
= 0000011096426FD0
R
P 0000011092FFE630
C 392
R
P 0000011092FFE630
P 0000011096426FD0
C 298
R
P 0000011092FFE630
C 392
R
P 0000011092FFE630
P 0000011096426FD0
C 295
= 0000011096426970
R
P 0000011092FFE630
C 392
R
P 0000011092FFE630
P 0000011096426970
C 249
R
P 0000011092FFE630
C 392
R
P 0000011092FFE630
P 0000011096426FD0
C 301
R
P 0000011092FFE630
C 392
R
P 0000011092FFE630
P 0000011096426FD0
C 300
R
P 0000011092FFE630
C 392
R
P 0000011092FFE630
P 0000011096426FD0
C 299
R
P 0000011092FFE630
C 392
R
P 0000011092FFE630
P 0000011096426FD0
C 9
R
P 0000011092FFE630
C 392
R
P 0000011092FFE630
S "QF_FP"
C 32
R
P 0000011092FFE630
C 392
R
P 0000011092FFE630
$ |QF_FP|
C 242
R
P 0000011092FFE630
C 392
R
P 0000011092FFE630
$ |QF_FP|
C 475
= 000001109B72D320
R
P 0000011092FFE630
C 392
R
P 0000011092FFE630
P 000001109B72D320
C 482
R
P 0000011092FFE630
C 392
R
P 0000011092FFE630
C 656
= 0000011096426DB0
R
P 0000011092FFE630
C 392
R
P 0000011092FFE630
P 0000011096426DB0
C 299
R
P 0000011092FFE630
C 392
R
P 0000011092FFE630
P 0000011096426DB0
C 9
R
P 0000011092FFE630
C 392
R
P 0000011092FFE630
P 0000011096426DB0
P 0000011096426990
P 0000011096426990
C 684
= 0000011099502330
R
P 0000011092FFE630
C 392
R
P 0000011092FFE630
P 0000011099502330
C 299
R
P 0000011092FFE630
C 392
R
P 0000011092FFE630
P 0000011099502330
C 9
R
P 0000011092FFE630
C 392
R
P 0000011092FFE630
P 0000011096426B30
P 0000011099502330
C 61
= 000001109951AEB8
R
P 0000011092FFE630
C 392
R
P 0000011092FFE630
P 000001109951AEB8
C 299
R
P 0000011092FFE630
C 392
R
P 0000011092FFE630
P 000001109951AEB8
C 9
R
P 0000011092FFE630
C 392
R
P 0000011092FFE630
P 000001109B72D320
P 000001109951AEB8
C 489
R
P 0000011092FFE630
C 392
R
P 0000011092FFE630
P 0000011096426B30
P 0000011096426FD0
C 698
= 000001109957DF28
R
P 0000011092FFE630
C 392
R
P 0000011092FFE630
P 000001109957DF28
C 299
R
P 0000011092FFE630
C 392
R
P 0000011092FFE630
P 000001109957DF28
C 9
R
P 0000011092FFE630
C 392
R
P 0000011092FFE630
P 000001109957DF28
C 63
= 000001109950E930
R
P 0000011092FFE630
C 392
R
P 0000011092FFE630
P 000001109950E930
C 299
R
P 0000011092FFE630
C 392
R
P 0000011092FFE630
P 000001109950E930
C 9
R
P 0000011092FFE630
C 392
R
P 0000011092FFE630
P 000001109B72D320
P 000001109950E930
C 489
R
P 0000011092FFE630
C 392
R
P 0000011092FFE630
P 000001109B72D320
C 513
R
P 0000011092FFE630
C 392
R
P 0000011092FFE630
P 000001109B72D320
C 523
R
P 0000011092FFE630
C 392
R
C 3
= 000001109BD57050
R
P 000001109BD57050
S "proof"
S "true"
C 5
R
P 000001109BD57050
C 7
= 000001109A075050
R
P 000001109BD57050
C 4
R
P 000001109A075050
U 2
C 376
R
P 000001109A075050
C 392
M "ProveExample1"
R
P 000001109A075050
S "U"
C 32
R
P 000001109A075050
C 392
R
P 000001109A075050
$ |U|
C 242
R
P 000001109A075050
C 392
R
P 000001109A075050
$ |U|
C 33
= 000001109BCE1100
R
P 000001109A075050
C 392
R
P 000001109A075050
P 000001109BCE1100
C 298
R
P 000001109A075050
C 392
R
P 000001109A075050
P 000001109BCE1100
C 9
R
P 000001109A075050
C 392
R
P 000001109A075050
S "g"
C 32
R
P 000001109A075050
C 392
R
P 000001109A075050
$ |g|
C 242
R
P 000001109A075050
C 392
R
P 000001109A075050
$ |g|
U 1
P 000001109BCE1100
p 1
P 000001109BCE1100
C 52
= 000001109BDF4590
R
P 000001109A075050
C 392
R
P 000001109A075050
P 000001109BDF4590
C 298
R
P 000001109A075050
C 392
R
P 000001109A075050
P 000001109BDF4590
C 9
R
P 000001109A075050
C 392
R
P 000001109A075050
S "x"
C 32
R
P 000001109A075050
C 392
R
P 000001109A075050
$ |x|
C 242
R
P 000001109A075050
C 392
R
P 000001109A075050
$ |x|
P 000001109BCE1100
C 54
= 000001109BCE1120
R
P 000001109A075050
C 392
R
P 000001109A075050
P 000001109BCE1120
C 298
R
P 000001109A075050
C 392
R
P 000001109A075050
P 000001109BCE1120
C 295
= 000001109BCE1100
R
P 000001109A075050
C 392
R
P 000001109A075050
P 000001109BCE1100
C 249
R
P 000001109A075050
C 392
R
P 000001109A075050
P 000001109BCE1120
C 301
R
P 000001109A075050
C 392
R
P 000001109A075050
P 000001109BCE1120
C 300
R
P 000001109A075050
C 392
R
P 000001109A075050
P 000001109BCE1120
C 299
R
P 000001109A075050
C 392
R
P 000001109A075050
P 000001109BCE1120
C 9
R
P 000001109A075050
C 392
R
P 000001109A075050
S "y"
C 32
R
P 000001109A075050
C 392
R
P 000001109A075050
$ |y|
C 242
R
P 000001109A075050
C 392
R
P 000001109A075050
$ |y|
P 000001109BCE1100
C 54
= 000001109BCE1140
R
P 000001109A075050
C 392
R
P 000001109A075050
P 000001109BCE1140
C 298
R
P 000001109A075050
C 392
R
P 000001109A075050
P 000001109BCE1140
C 295
= 000001109BCE1100
R
P 000001109A075050
C 392
R
P 000001109A075050
P 000001109BCE1100
C 249
R
P 000001109A075050
C 392
R
P 000001109A075050
P 000001109BCE1140
C 301
R
P 000001109A075050
C 392
R
P 000001109A075050
P 000001109BCE1140
C 300
R
P 000001109A075050
C 392
R
P 000001109A075050
P 000001109BCE1140
C 299
R
P 000001109A075050
C 392
R
P 000001109A075050
P 000001109BCE1140
C 9
R
P 000001109A075050
C 392
R
P 000001109A075050
P 000001109BDF4590
U 1
P 000001109BCE1120
p 1
C 53
= 000001109BDEC230
R
P 000001109A075050
C 392
R
P 000001109A075050
P 000001109BDEC230
C 298
R
P 000001109A075050
C 392
R
P 000001109A075050
P 000001109BDEC230
C 295
= 000001109BCE1100
R
P 000001109A075050
C 392
R
P 000001109A075050
P 000001109BCE1100
C 249
R
P 000001109A075050
C 392
R
P 000001109A075050
P 000001109BDEC230
C 301
R
P 000001109A075050
C 392
R
P 000001109A075050
P 000001109BDEC230
C 300
R
P 000001109A075050
C 392
R
P 000001109A075050
P 000001109BDEC230
C 299
R
P 000001109A075050
C 392
R
P 000001109A075050
P 000001109BDEC230
C 9
R
P 000001109A075050
C 392
R
P 000001109A075050
P 000001109BDF4590
U 1
P 000001109BCE1140
p 1
C 53
= 000001109BDEC260
R
P 000001109A075050
C 392
R
P 000001109A075050
P 000001109BDEC260
C 298
R
P 000001109A075050
C 392
R
P 000001109A075050
P 000001109BDEC260
C 295
= 000001109BCE1100
R
P 000001109A075050
C 392
R
P 000001109A075050
P 000001109BCE1100
C 249
R
P 000001109A075050
C 392
R
P 000001109A075050
P 000001109BDEC260
C 301
R
P 000001109A075050
C 392
R
P 000001109A075050
P 000001109BDEC260
C 300
R
P 000001109A075050
C 392
R
P 000001109A075050
P 000001109BDEC260
C 299
R
P 000001109A075050
C 392
R
P 000001109A075050
P 000001109BDEC260
C 9
R
P 000001109A075050
C 392
R
P 000001109A075050
P 000001109BCE1120
P 000001109BCE1140
C 61
= 000001109BDF45C8
R
P 000001109A075050
C 392
R
P 000001109A075050
P 000001109BDF45C8
C 299
R
P 000001109A075050
C 392
R
P 000001109A075050
P 000001109BDF45C8
C 9
R
P 000001109A075050
C 392
R
P 000001109A075050
P 000001109BDEC230
P 000001109BDEC260
C 61
= 000001109BDF4600
R
P 000001109A075050
C 392
R
P 000001109A075050
P 000001109BDF4600
C 299
R
P 000001109A075050
C 392
R
P 000001109A075050
P 000001109BDF4600
C 9
R
P 000001109A075050
C 392
R
P 000001109A075050
P 000001109BDF45C8
P 000001109BDF4600
C 66
= 000001109BDF4638
R
P 000001109A075050
C 392
R
P 000001109A075050
P 000001109BDF4638
C 299
R
P 000001109A075050
C 392
R
P 000001109A075050
P 000001109BDF4638
C 9
R
P 000001109A075050
C 392
R
P 000001109A075050
P 000001109BDF4638
C 377
R
P 000001109A075050
C 392
R
P 000001109A075050
C 473
= 000001109B72D270
R
P 000001109A075050
C 392
R
P 000001109A075050
P 000001109B72D270
C 482
R
P 000001109A075050
C 392
R
P 000001109A075050
C 15
= 000001109BBF0220
R
P 000001109A075050
C 392
R
P 000001109A075050
P 000001109BBF0220
C 16
R
P 000001109A075050
C 392
R
P 000001109A075050
S "mbqi"
C 32
R
P 000001109A075050
C 392
R
P 000001109A075050
$ |mbqi|
C 242
R
P 000001109A075050
C 392
R
P 000001109A075050
P 000001109BBF0220
$ |mbqi|
I 0
C 18
R
P 000001109A075050
C 392
R
P 000001109A075050
P 000001109B72D270
P 000001109BBF0220
C 481
R
P 000001109A075050
C 392
R
P 000001109A075050
P 000001109BDF4638
C 63
= 000001109BDEC290
R
P 000001109A075050
C 392
R
P 000001109A075050
P 000001109BDEC290
C 299
R
P 000001109A075050
C 392
R
P 000001109A075050
P 000001109BDEC290
C 9
R
P 000001109A075050
C 392
R
P 000001109A075050
P 000001109B72D270
P 000001109BDEC290
C 489
R
P 000001109A075050
C 392
R
P 000001109A075050
P 000001109B72D270
C 513
R
P 000001109A075050
C 392
R
P 000001109A075050
P 000001109B72D270
C 519
= 000001109BDF2930
R
P 000001109A075050
C 392
R
P 000001109A075050
P 000001109BDF2930
C 298
R
P 000001109A075050
C 392
R
P 000001109A075050
P 000001109BDF2930
C 295
= 000001109BCE07C0
R
P 000001109A075050
C 392
R
P 000001109A075050
P 000001109BCE07C0
C 249
R
P 000001109A075050
C 392
R
P 000001109A075050
P 000001109BDF2930
C 301
R
P 000001109A075050
C 392
R
P 000001109A075050
P 000001109BDF2930
C 300
R
P 000001109A075050
C 392
R
P 000001109A075050
P 000001109BDF2930
C 299
R
P 000001109A075050
C 392
R
P 000001109A075050
P 000001109BDF2930
C 9
R
P 000001109A075050
C 392
R
P 000001109A075050
P 000001109BDF2930
C 377
R
P 000001109A075050
C 392
R
P 000001109A075050
P 000001109BDF4590
U 1
P 000001109BDEC230
p 1
C 53
= 000001109BDEC4D0
R
P 000001109A075050
C 392
R
P 000001109A075050
P 000001109BDEC4D0
C 298
R
P 000001109A075050
C 392
R
P 000001109A075050
P 000001109BDEC4D0
C 295
= 000001109BCE1100
R
P 000001109A075050
C 392
R
P 000001109A075050
P 000001109BCE1100
C 249
R
P 000001109A075050
C 392
R
P 000001109A075050
P 000001109BDEC4D0
C 301
R
P 000001109A075050
C 392
R
P 000001109A075050
P 000001109BDEC4D0
C 300
R
P 000001109A075050
C 392
R
P 000001109A075050
P 000001109BDEC4D0
C 299
R
P 000001109A075050
C 392
R
P 000001109A075050
P 000001109BDEC4D0
C 9
R
P 000001109A075050
C 392
R
P 000001109A075050
P 000001109BDEC4D0
P 000001109BDEC260
C 61
= 000001109BDF4910
R
P 000001109A075050
C 392
R
P 000001109A075050
P 000001109BDF4910
C 299
R
P 000001109A075050
C 392
R
P 000001109A075050
P 000001109BDF4910
C 9
R
P 000001109A075050
C 392
R
P 000001109A075050
P 000001109BDF45C8
P 000001109BDF4910
C 66
= 000001109BDF4948
R
P 000001109A075050
C 392
R
P 000001109A075050
P 000001109BDF4948
C 299
R
P 000001109A075050
C 392
R
P 000001109A075050
P 000001109BDF4948
C 9
R
P 000001109A075050
C 392
R
P 000001109A075050
P 000001109BDF4948
C 377
R
P 000001109A075050
C 392
R
P 000001109A075050
C 473
= 000001109B72D530
R
P 000001109A075050
C 392
R
P 000001109A075050
P 000001109B72D530
C 482
R
P 000001109A075050
C 392
R
P 000001109A075050
C 15
= 000001109CA337F0
R
P 000001109A075050
C 392
R
P 000001109A075050
P 000001109CA337F0
C 16
R
P 000001109A075050
C 392
R
P 000001109A075050
S "mbqi"
C 32
R
P 000001109A075050
C 392
R
P 000001109A075050
$ |mbqi|
C 242
R
P 000001109A075050
C 392
R
P 000001109A075050
P 000001109CA337F0
$ |mbqi|
I 0
C 18
R
P 000001109A075050
C 392
R
P 000001109A075050
P 000001109B72D530
P 000001109CA337F0
C 481
R
P 000001109A075050
C 392
R
P 000001109A075050
P 000001109BDF4948
C 63
= 000001109BDEC500
R
P 000001109A075050
C 392
R
P 000001109A075050
P 000001109BDEC500
C 299
R
P 000001109A075050
C 392
R
P 000001109A075050
P 000001109BDEC500
C 9
R
P 000001109A075050
C 392
R
P 000001109A075050
P 000001109B72D530
P 000001109BDEC500
C 489
R
P 000001109A075050
C 392
R
P 000001109A075050
P 000001109B72D530
C 513
R
P 000001109A075050
C 392
R
P 000001109A075050
P 000001109B72D530
C 518
= 000001109CD3E290
R
P 000001109A075050
C 392
R
P 000001109A075050
P 000001109CD3E290
C 344
R
P 000001109A075050
C 392
R
P 000001109A075050
P 000001109CD3E290
C 381
R
P 000001109A075050
C 392
R
P 000001109A075050
P 000001109BDF4910
C 63
= 000001109BDEC5F0
R
P 000001109A075050
C 392
R
P 000001109A075050
P 000001109BDEC5F0
C 299
R
P 000001109A075050
C 392
R
P 000001109A075050
P 000001109BDEC5F0
C 9
R
P 000001109A075050
C 392
R
P 000001109A075050
C 473
= 0000011099484A70
R
P 000001109A075050
C 392
R
P 000001109A075050
P 0000011099484A70
C 482
R
P 000001109A075050
C 392
R
P 000001109A075050
P 0000011099484A70
P 000001109BDEC5F0
C 489
R
P 000001109A075050
C 392
R
P 000001109A075050
P 0000011099484A70
C 513
R
P 000001109A075050
C 392
R
P 000001109A075050
P 0000011099484A70
C 518
= 000001109D494BB0
R
P 000001109A075050
C 392
R
P 000001109A075050
P 000001109D494BB0
C 344
R
P 000001109A075050
C 392
R
P 000001109A075050
P 000001109D494BB0
C 381
R
P 000001109A075050
C 392
M "ProveExample2"
R
P 000001109A075050
C 35
= 000001109BCE0860
R
P 000001109A075050
C 392
R
P 000001109A075050
P 000001109BCE0860
C 298
R
P 000001109A075050
C 392
R
P 000001109A075050
P 000001109BCE0860
C 9
R
P 000001109A075050
C 392
R
P 000001109A075050
S "g"
C 32
R
P 000001109A075050
C 392
R
P 000001109A075050
$ |g|
C 242
R
P 000001109A075050
C 392
R
P 000001109A075050
$ |g|
U 1
P 000001109BCE0860
p 1
P 000001109BCE0860
C 52
= 000001109BDF4AD0
R
P 000001109A075050
C 392
R
P 000001109A075050
P 000001109BDF4AD0
C 298
R
P 000001109A075050
C 392
R
P 000001109A075050
P 000001109BDF4AD0
C 9
R
P 000001109A075050
C 392
R
P 000001109A075050
S "x"
C 32
R
P 000001109A075050
C 392
R
P 000001109A075050
$ |x|
C 242
R
P 000001109A075050
C 392
R
P 000001109A075050
$ |x|
P 000001109BCE0860
C 54
= 000001109BCE1420
R
P 000001109A075050
C 392
R
P 000001109A075050
P 000001109BCE1420
C 298
R
P 000001109A075050
C 392
R
P 000001109A075050
P 000001109BCE1420
C 295
= 000001109BCE0860
R
P 000001109A075050
C 392
R
P 000001109A075050
P 000001109BCE0860
C 249
R
P 000001109A075050
C 392
R
P 000001109A075050
P 000001109BCE1420
C 301
R
P 000001109A075050
C 392
R
P 000001109A075050
P 000001109BCE1420
C 300
R
P 000001109A075050
C 392
R
P 000001109A075050
P 000001109BCE1420
C 299
R
P 000001109A075050
C 392
R
P 000001109A075050
P 000001109BCE1420
C 9
R
P 000001109A075050
C 392
R
P 000001109A075050
S "y"
C 32
R
P 000001109A075050
C 392
R
P 000001109A075050
$ |y|
C 242
R
P 000001109A075050
C 392
R
P 000001109A075050
$ |y|
P 000001109BCE0860
C 54
= 000001109BCE1440
R
P 000001109A075050
C 392
R
P 000001109A075050
P 000001109BCE1440
C 298
R
P 000001109A075050
C 392
R
P 000001109A075050
P 000001109BCE1440
C 295
= 000001109BCE0860
R
P 000001109A075050
C 392
R
P 000001109A075050
P 000001109BCE0860
C 249
R
P 000001109A075050
C 392
R
P 000001109A075050
P 000001109BCE1440
C 301
R
P 000001109A075050
C 392
R
P 000001109A075050
P 000001109BCE1440
C 300
R
P 000001109A075050
C 392
R
P 000001109A075050
P 000001109BCE1440
C 299
R
P 000001109A075050
C 392
R
P 000001109A075050
P 000001109BCE1440
C 9
R
P 000001109A075050
C 392
R
P 000001109A075050
S "z"
C 32
R
P 000001109A075050
C 392
R
P 000001109A075050
$ |z|
C 242
R
P 000001109A075050
C 392
R
P 000001109A075050
$ |z|
P 000001109BCE0860
C 54
= 000001109BCE1460
R
P 000001109A075050
C 392
R
P 000001109A075050
P 000001109BCE1460
C 298
R
P 000001109A075050
C 392
R
P 000001109A075050
P 000001109BCE1460
C 295
= 000001109BCE0860
R
P 000001109A075050
C 392
R
P 000001109A075050
P 000001109BCE0860
C 249
R
P 000001109A075050
C 392
R
P 000001109A075050
P 000001109BCE1460
C 301
R
P 000001109A075050
C 392
R
P 000001109A075050
P 000001109BCE1460
C 300
R
P 000001109A075050
C 392
R
P 000001109A075050
P 000001109BCE1460
C 299
R
P 000001109A075050
C 392
R
P 000001109A075050
P 000001109BCE1460
C 9
R
P 000001109A075050
C 392
R
P 000001109A075050
P 000001109BDF4AD0
U 1
P 000001109BCE1420
p 1
C 53
= 000001109BDEC7D0
R
P 000001109A075050
C 392
R
P 000001109A075050
P 000001109BDEC7D0
C 298
R
P 000001109A075050
C 392
R
P 000001109A075050
P 000001109BDEC7D0
C 295
= 000001109BCE0860
R
P 000001109A075050
C 392
R
P 000001109A075050
P 000001109BCE0860
C 249
R
P 000001109A075050
C 392
R
P 000001109A075050
P 000001109BDEC7D0
C 301
R
P 000001109A075050
C 392
R
P 000001109A075050
P 000001109BDEC7D0
C 300
R
P 000001109A075050
C 392
R
P 000001109A075050
P 000001109BDEC7D0
C 299
R
P 000001109A075050
C 392
R
P 000001109A075050
P 000001109BDEC7D0
C 9
R
P 000001109A075050
C 392
R
P 000001109A075050
P 000001109BDF4AD0
U 1
P 000001109BCE1440
p 1
C 53
= 000001109BDEC800
R
P 000001109A075050
C 392
R
P 000001109A075050
P 000001109BDEC800
C 298
R
P 000001109A075050
C 392
R
P 000001109A075050
P 000001109BDEC800
C 295
= 000001109BCE0860
R
P 000001109A075050
C 392
R
P 000001109A075050
P 000001109BCE0860
C 249
R
P 000001109A075050
C 392
R
P 000001109A075050
P 000001109BDEC800
C 301
R
P 000001109A075050
C 392
R
P 000001109A075050
P 000001109BDEC800
C 300
R
P 000001109A075050
C 392
R
P 000001109A075050
P 000001109BDEC800
C 299
R
P 000001109A075050
C 392
R
P 000001109A075050
P 000001109BDEC800
C 9
R
P 000001109A075050
C 392
R
P 000001109A075050
P 000001109BDF4AD0
U 1
P 000001109BCE1460
p 1
C 53
= 000001109BDEC830
R
P 000001109A075050
C 392
R
P 000001109A075050
P 000001109BDEC830
C 298
R
P 000001109A075050
C 392
R
P 000001109A075050
P 000001109BDEC830
C 295
= 000001109BCE0860
R
P 000001109A075050
C 392
R
P 000001109A075050
P 000001109BCE0860
C 249
R
P 000001109A075050
C 392
R
P 000001109A075050
P 000001109BDEC830
C 301
R
P 000001109A075050
C 392
R
P 000001109A075050
P 000001109BDEC830
C 300
R
P 000001109A075050
C 392
R
P 000001109A075050
P 000001109BDEC830
C 299
R
P 000001109A075050
C 392
R
P 000001109A075050
P 000001109BDEC830
C 9
R
P 000001109A075050
C 392
R
P 000001109A075050
I 0
P 000001109BCE0860
C 159
= 000001109BCE1480
R
P 000001109A075050
C 392
R
P 000001109A075050
P 000001109BCE1480
C 299
R
P 000001109A075050
C 392
R
P 000001109A075050
P 000001109BCE1480
C 9
R
P 000001109A075050
C 392
R
P 000001109A075050
U 2
P 000001109BDEC7D0
P 000001109BDEC800
p 2
C 72
= 000001109BDF4B78
R
P 000001109A075050
C 392
R
P 000001109A075050
P 000001109BDF4B78
C 298
R
P 000001109A075050
C 392
R
P 000001109A075050
P 000001109BDF4B78
C 295
= 000001109BCE0860
R
P 000001109A075050
C 392
R
P 000001109A075050
P 000001109BCE0860
C 249
R
P 000001109A075050
C 392
R
P 000001109A075050
P 000001109BDF4B78
C 301
R
P 000001109A075050
C 392
R
P 000001109A075050
P 000001109BDF4B78
C 300
R
P 000001109A075050
C 392
R
P 000001109A075050
P 000001109BDF4B78
C 299
R
P 000001109A075050
C 392
R
P 000001109A075050
P 000001109BDF4B78
C 9
R
P 000001109A075050
C 392
R
P 000001109A075050
P 000001109BDF4AD0
U 1
P 000001109BDF4B78
p 1
C 53
= 000001109BDEC890
R
P 000001109A075050
C 392
R
P 000001109A075050
P 000001109BDEC890
C 298
R
P 000001109A075050
C 392
R
P 000001109A075050
P 000001109BDEC890
C 295
= 000001109BCE0860
R
P 000001109A075050
C 392
R
P 000001109A075050
P 000001109BCE0860
C 249
R
P 000001109A075050
C 392
R
P 000001109A075050
P 000001109BDEC890
C 301
R
P 000001109A075050
C 392
R
P 000001109A075050
P 000001109BDEC890
C 300
R
P 000001109A075050
C 392
R
P 000001109A075050
P 000001109BDEC890
C 299
R
P 000001109A075050
C 392
R
P 000001109A075050
P 000001109BDEC890
C 9
R
P 000001109A075050
C 392
R
P 000001109A075050
P 000001109BDEC890
P 000001109BDEC830
C 61
= 000001109BDF4BB0
R
P 000001109A075050
C 392
R
P 000001109A075050
P 000001109BDF4BB0
C 299
R
P 000001109A075050
C 392
R
P 000001109A075050
P 000001109BDF4BB0
C 9
R
P 000001109A075050
C 392
R
P 000001109A075050
P 000001109BDF4BB0
C 63
= 000001109BDEC8C0
R
P 000001109A075050
C 392
R
P 000001109A075050
P 000001109BDEC8C0
C 299
R
P 000001109A075050
C 392
R
P 000001109A075050
P 000001109BDEC8C0
C 9
R
P 000001109A075050
C 392
R
P 000001109A075050
U 2
P 000001109BCE1420
P 000001109BCE1460
p 2
C 70
= 000001109BDF4B08
R
P 000001109A075050
C 392
R
P 000001109A075050
P 000001109BDF4B08
C 298
R
P 000001109A075050
C 392
R
P 000001109A075050
P 000001109BDF4B08
C 295
= 000001109BCE0860
R
P 000001109A075050
C 392
R
P 000001109A075050
P 000001109BCE0860
C 249
R
P 000001109A075050
C 392
R
P 000001109A075050
P 000001109BDF4B08
C 301
R
P 000001109A075050
C 392
R
P 000001109A075050
P 000001109BDF4B08
C 300
R
P 000001109A075050
C 392
R
P 000001109A075050
P 000001109BDF4B08
C 299
R
P 000001109A075050
C 392
R
P 000001109A075050
P 000001109BDF4B08
C 9
R
P 000001109A075050
C 392
R
P 000001109A075050
P 000001109BDF4B08
P 000001109BCE1440
C 79
= 000001109BDF4B40
R
P 000001109A075050
C 392
R
P 000001109A075050
P 000001109BDF4B40
C 299
R
P 000001109A075050
C 392
R
P 000001109A075050
P 000001109BDF4B40
C 9
R
P 000001109A075050
C 392
R
P 000001109A075050
P 000001109BCE1440
P 000001109BCE1420
C 79
= 000001109BDF4BE8
R
P 000001109A075050
C 392
R
P 000001109A075050
P 000001109BDF4BE8
C 299
R
P 000001109A075050
C 392
R
P 000001109A075050
P 000001109BDF4BE8
C 9
R
P 000001109A075050
C 392
R
P 000001109A075050
P 000001109BCE1460
P 000001109BCE1480
C 78
= 000001109BDF4C20
R
P 000001109A075050
C 392
R
P 000001109A075050
P 000001109BDF4C20
C 299
R
P 000001109A075050
C 392
R
P 000001109A075050
P 000001109BDF4C20
C 9
R
P 000001109A075050
C 392
R
P 000001109A075050
P 000001109BDF4C20
C 377
R
P 000001109A075050
C 392
R
P 000001109A075050
C 473
= 0000011099486120
R
P 000001109A075050
C 392
R
P 000001109A075050
P 0000011099486120
C 482
R
P 000001109A075050
C 392
R
P 000001109A075050
C 15
= 000001109D495A80
R
P 000001109A075050
C 392
R
P 000001109A075050
P 000001109D495A80
C 16
R
P 000001109A075050
C 392
R
P 000001109A075050
S "mbqi"
C 32
R
P 000001109A075050
C 392
R
P 000001109A075050
$ |mbqi|
C 242
R
P 000001109A075050
C 392
R
P 000001109A075050
P 000001109D495A80
$ |mbqi|
I 0
C 18
R
P 000001109A075050
C 392
R
P 000001109A075050
P 0000011099486120
P 000001109D495A80
C 481
R
P 000001109A075050
C 392
R
P 000001109A075050
P 0000011099486120
P 000001109BDEC8C0
C 489
R
P 000001109A075050
C 392
R
P 000001109A075050
P 0000011099486120
P 000001109BDF4B40
C 489
R
P 000001109A075050
C 392
R
P 000001109A075050
P 0000011099486120
P 000001109BDF4BE8
C 489
R
P 000001109A075050
C 392
R
P 000001109A075050
P 000001109BDF4C20
C 63
= 000001109BDECB60
R
P 000001109A075050
C 392
R
P 000001109A075050
P 000001109BDECB60
C 299
R
P 000001109A075050
C 392
R
P 000001109A075050
P 000001109BDECB60
C 9
R
P 000001109A075050
C 392
R
P 000001109A075050
P 0000011099486120
P 000001109BDECB60
C 489
R
P 000001109A075050
C 392
R
P 000001109A075050
P 0000011099486120
C 513
R
P 000001109A075050
C 392
R
P 000001109A075050
P 0000011099486120
C 519
= 000001109BDF0568
R
P 000001109A075050
C 392
R
P 000001109A075050
P 000001109BDF0568
C 298
R
P 000001109A075050
C 392
R
P 000001109A075050
P 000001109BDF0568
C 295
= 000001109BCE07C0
R
P 000001109A075050
C 392
R
P 000001109A075050
P 000001109BCE07C0
C 249
R
P 000001109A075050
C 392
R
P 000001109A075050
P 000001109BDF0568
C 301
R
P 000001109A075050
C 392
R
P 000001109A075050
P 000001109BDF0568
C 300
R
P 000001109A075050
C 392
R
P 000001109A075050
P 000001109BDF0568
C 299
R
P 000001109A075050
C 392
R
P 000001109A075050
P 000001109BDF0568
C 9
R
P 000001109A075050
C 392
R
P 000001109A075050
P 000001109BDF0568
C 377
R
P 000001109A075050
C 392
R
P 000001109A075050
I -1
P 000001109BCE0860
C 159
= 000001109BCE14A0
R
P 000001109A075050
C 392
R
P 000001109A075050
P 000001109BCE14A0
C 299
R
P 000001109A075050
C 392
R
P 000001109A075050
P 000001109BCE14A0
C 9
R
P 000001109A075050
C 392
R
P 000001109A075050
P 000001109BCE1460
P 000001109BCE14A0
C 78
= 000001109BDF54E0
R
P 000001109A075050
C 392
R
P 000001109A075050
P 000001109BDF54E0
C 299
R
P 000001109A075050
C 392
R
P 000001109A075050
P 000001109BDF54E0
C 9
R
P 000001109A075050
C 392
R
P 000001109A075050
P 000001109BDF54E0
C 377
R
P 000001109A075050
C 392
R
P 000001109A075050
C 473
= 0000011099485780
R
P 000001109A075050
C 392
R
P 000001109A075050
P 0000011099485780
C 482
R
P 000001109A075050
C 392
R
P 000001109A075050
C 15
= 000001109D6AB2F0
R
P 000001109A075050
C 392
R
P 000001109A075050
P 000001109D6AB2F0
C 16
R
P 000001109A075050
C 392
R
P 000001109A075050
S "mbqi"
C 32
R
P 000001109A075050
C 392
R
P 000001109A075050
$ |mbqi|
C 242
R
P 000001109A075050
C 392
R
P 000001109A075050
P 000001109D6AB2F0
$ |mbqi|
I 0
C 18
R
P 000001109A075050
C 392
R
P 000001109A075050
P 0000011099485780
P 000001109D6AB2F0
C 481
R
P 000001109A075050
C 392
R
P 000001109A075050
P 0000011099485780
P 000001109BDEC8C0
C 489
R
P 000001109A075050
C 392
R
P 000001109A075050
P 0000011099485780
P 000001109BDF4B40
C 489
R
P 000001109A075050
C 392
R
P 000001109A075050
P 0000011099485780
P 000001109BDF4BE8
C 489
R
P 000001109A075050
C 392
R
P 000001109A075050
P 000001109BDF54E0
C 63
= 000001109BDED040
R
P 000001109A075050
C 392
R
P 000001109A075050
P 000001109BDED040
C 299
R
P 000001109A075050
C 392
R
P 000001109A075050
P 000001109BDED040
C 9
R
P 000001109A075050
C 392
R
P 000001109A075050
P 0000011099485780
P 000001109BDED040
C 489
R
P 000001109A075050
C 392
R
P 000001109A075050
P 0000011099485780
C 513
R
P 000001109A075050
C 392
R
P 000001109A075050
P 0000011099485780
C 518
= 000001109D6AA810
R
P 000001109A075050
C 392
R
P 000001109A075050
P 000001109D6AA810
C 344
R
P 000001109A075050
C 392
R
P 000001109A075050
P 000001109D6AA810
C 381
R
P 000001109A075050
C 392
M "ArrayExample2"
R
P 000001109A075050
P 000001109BCE0860
P 000001109BCE0860
C 39
= 000001109BCE1540
R
P 000001109A075050
C 392
R
P 000001109A075050
P 000001109BCE1540
C 298
R
P 000001109A075050
C 392
R
P 000001109A075050
P 000001109BCE1540
C 9
R
P 000001109A075050
C 392
R
P 000001109A075050
S "a1"
C 32
R
P 000001109A075050
C 392
R
P 000001109A075050
$ |a1|
C 242
R
P 000001109A075050
C 392
R
P 000001109A075050
$ |a1|
P 000001109BCE1540
C 54
= 000001109BCE15E0
R
P 000001109A075050
C 392
R
P 000001109A075050
P 000001109BCE15E0
C 298
R
P 000001109A075050
C 392
R
P 000001109A075050
P 000001109BCE15E0
C 295
= 000001109BCE1540
R
P 000001109A075050
C 392
R
P 000001109A075050
P 000001109BCE1540
C 249
R
P 000001109A075050
C 392
R
P 000001109A075050
P 000001109BCE15E0
C 301
R
P 000001109A075050
C 392
R
P 000001109A075050
P 000001109BCE15E0
C 300
R
P 000001109A075050
C 392
R
P 000001109A075050
P 000001109BCE15E0
C 299
R
P 000001109A075050
C 392
R
P 000001109A075050
P 000001109BCE15E0
C 9
R
P 000001109A075050
C 392
R
P 000001109A075050
S "a2"
C 32
R
P 000001109A075050
C 392
R
P 000001109A075050
$ |a2|
C 242
R
P 000001109A075050
C 392
R
P 000001109A075050
P 000001109BCE0860
P 000001109BCE0860
C 39
= 000001109BCE1540
R
P 000001109A075050
C 392
R
P 000001109A075050
P 000001109BCE1540
C 298
R
P 000001109A075050
C 392
R
P 000001109A075050
P 000001109BCE1540
C 9
R
P 000001109A075050
C 392
R
P 000001109A075050
$ |a2|
P 000001109BCE1540
C 54
= 000001109BCE1600
R
P 000001109A075050
C 392
R
P 000001109A075050
P 000001109BCE1600
C 298
R
P 000001109A075050
C 392
R
P 000001109A075050
P 000001109BCE1600
C 295
= 000001109BCE1540
R
P 000001109A075050
C 392
R
P 000001109A075050
P 000001109BCE1540
C 249
R
P 000001109A075050
C 392
R
P 000001109A075050
P 000001109BCE1600
C 301
R
P 000001109A075050
C 392
R
P 000001109A075050
P 000001109BCE1600
C 300
R
P 000001109A075050
C 392
R
P 000001109A075050
P 000001109BCE1600
C 299
R
P 000001109A075050
C 392
R
P 000001109A075050
P 000001109BCE1600
C 9
R
P 000001109A075050
C 392
R
P 000001109A075050
S "i1"
C 32
R
P 000001109A075050
C 392
R
P 000001109A075050
$ |i1|
C 242
R
P 000001109A075050
C 392
R
P 000001109A075050
$ |i1|
P 000001109BCE0860
C 54
= 000001109BCE1620
R
P 000001109A075050
C 392
R
P 000001109A075050
P 000001109BCE1620
C 298
R
P 000001109A075050
C 392
R
P 000001109A075050
P 000001109BCE1620
C 295
= 000001109BCE0860
R
P 000001109A075050
C 392
R
P 000001109A075050
P 000001109BCE0860
C 249
R
P 000001109A075050
C 392
R
P 000001109A075050
P 000001109BCE1620
C 301
R
P 000001109A075050
C 392
R
P 000001109A075050
P 000001109BCE1620
C 300
R
P 000001109A075050
C 392
R
P 000001109A075050
P 000001109BCE1620
C 299
R
P 000001109A075050
C 392
R
P 000001109A075050
P 000001109BCE1620
C 9
R
P 000001109A075050
C 392
R
P 000001109A075050
S "i2"
C 32
R
P 000001109A075050
C 392
R
P 000001109A075050
$ |i2|
C 242
R
P 000001109A075050
C 392
R
P 000001109A075050
$ |i2|
P 000001109BCE0860
C 54
= 000001109BCE1640
R
P 000001109A075050
C 392
R
P 000001109A075050
P 000001109BCE1640
C 298
R
P 000001109A075050
C 392
R
P 000001109A075050
P 000001109BCE1640
C 295
= 000001109BCE0860
R
P 000001109A075050
C 392
R
P 000001109A075050
P 000001109BCE0860
C 249
R
P 000001109A075050
C 392
R
P 000001109A075050
P 000001109BCE1640
C 301
R
P 000001109A075050
C 392
R
P 000001109A075050
P 000001109BCE1640
C 300
R
P 000001109A075050
C 392
R
P 000001109A075050
P 000001109BCE1640
C 299
R
P 000001109A075050
C 392
R
P 000001109A075050
P 000001109BCE1640
C 9
R
P 000001109A075050
C 392
R
P 000001109A075050
S "i3"
C 32
R
P 000001109A075050
C 392
R
P 000001109A075050
$ |i3|
C 242
R
P 000001109A075050
C 392
R
P 000001109A075050
$ |i3|
P 000001109BCE0860
C 54
= 000001109BCE1660
R
P 000001109A075050
C 392
R
P 000001109A075050
P 000001109BCE1660
C 298
R
P 000001109A075050
C 392
R
P 000001109A075050
P 000001109BCE1660
C 295
= 000001109BCE0860
R
P 000001109A075050
C 392
R
P 000001109A075050
P 000001109BCE0860
C 249
R
P 000001109A075050
C 392
R
P 000001109A075050
P 000001109BCE1660
C 301
R
P 000001109A075050
C 392
R
P 000001109A075050
P 000001109BCE1660
C 300
R
P 000001109A075050
C 392
R
P 000001109A075050
P 000001109BCE1660
C 299
R
P 000001109A075050
C 392
R
P 000001109A075050
P 000001109BCE1660
C 9
R
P 000001109A075050
C 392
R
P 000001109A075050
S "v1"
C 32
R
P 000001109A075050
C 392
R
P 000001109A075050
$ |v1|
C 242
R
P 000001109A075050
C 392
R
P 000001109A075050
$ |v1|
P 000001109BCE0860
C 54
= 000001109BCE1680
R
P 000001109A075050
C 392
R
P 000001109A075050
P 000001109BCE1680
C 298
R
P 000001109A075050
C 392
R
P 000001109A075050
P 000001109BCE1680
C 295
= 000001109BCE0860
R
P 000001109A075050
C 392
R
P 000001109A075050
P 000001109BCE0860
C 249
R
P 000001109A075050
C 392
R
P 000001109A075050
P 000001109BCE1680
C 301
R
P 000001109A075050
C 392
R
P 000001109A075050
P 000001109BCE1680
C 300
R
P 000001109A075050
C 392
R
P 000001109A075050
P 000001109BCE1680
C 299
R
P 000001109A075050
C 392
R
P 000001109A075050
P 000001109BCE1680
C 9
R
P 000001109A075050
C 392
R
P 000001109A075050
S "v2"
C 32
R
P 000001109A075050
C 392
R
P 000001109A075050
$ |v2|
C 242
R
P 000001109A075050
C 392
R
P 000001109A075050
$ |v2|
P 000001109BCE0860
C 54
= 000001109BCE16A0
R
P 000001109A075050
C 392
R
P 000001109A075050
P 000001109BCE16A0
C 298
R
P 000001109A075050
C 392
R
P 000001109A075050
P 000001109BCE16A0
C 295
= 000001109BCE0860
R
P 000001109A075050
C 392
R
P 000001109A075050
P 000001109BCE0860
C 249
R
P 000001109A075050
C 392
R
P 000001109A075050
P 000001109BCE16A0
C 301
R
P 000001109A075050
C 392
R
P 000001109A075050
P 000001109BCE16A0
C 300
R
P 000001109A075050
C 392
R
P 000001109A075050
P 000001109BCE16A0
C 299
R
P 000001109A075050
C 392
R
P 000001109A075050
P 000001109BCE16A0
C 9
R
P 000001109A075050
C 392
R
P 000001109A075050
P 000001109BCE15E0
P 000001109BCE1620
P 000001109BCE1680
C 137
= 000001109BDF2EF0
R
P 000001109A075050
C 392
R
P 000001109A075050
P 000001109BDF2EF0
C 299
R
P 000001109A075050
C 392
R
P 000001109A075050
P 000001109BDF2EF0
C 9
R
P 000001109A075050
C 392
R
P 000001109A075050
P 000001109BCE1600
P 000001109BCE1640
P 000001109BCE16A0
C 137
= 000001109BDF2EB0
R
P 000001109A075050
C 392
R
P 000001109A075050
P 000001109BDF2EB0
C 299
R
P 000001109A075050
C 392
R
P 000001109A075050
P 000001109BDF2EB0
C 9
R
P 000001109A075050
C 392
R
P 000001109A075050
P 000001109BCE15E0
P 000001109BCE1660
C 135
= 000001109BDF5908
R
P 000001109A075050
C 392
R
P 000001109A075050
P 000001109BDF5908
C 298
R
P 000001109A075050
C 392
R
P 000001109A075050
P 000001109BDF5908
C 295
= 000001109BCE0860
R
P 000001109A075050
C 392
R
P 000001109A075050
P 000001109BCE0860
C 249
R
P 000001109A075050
C 392
R
P 000001109A075050
P 000001109BDF5908
C 301
R
P 000001109A075050
C 392
R
P 000001109A075050
P 000001109BDF5908
C 300
R
P 000001109A075050
C 392
R
P 000001109A075050
P 000001109BDF5908
C 299
R
P 000001109A075050
C 392
R
P 000001109A075050
P 000001109BDF5908
C 9
R
P 000001109A075050
C 392
R
P 000001109A075050
P 000001109BCE1600
P 000001109BCE1660
C 135
= 000001109BDF5860
R
P 000001109A075050
C 392
R
P 000001109A075050
P 000001109BDF5860
C 298
R
P 000001109A075050
C 392
R
P 000001109A075050
P 000001109BDF5860
C 295
= 000001109BCE0860
R
P 000001109A075050
C 392
R
P 000001109A075050
P 000001109BCE0860
C 249
R
P 000001109A075050
C 392
R
P 000001109A075050
P 000001109BDF5860
C 301
R
P 000001109A075050
C 392
R
P 000001109A075050
P 000001109BDF5860
C 300
R
P 000001109A075050
C 392
R
P 000001109A075050
P 000001109BDF5860
C 299
R
P 000001109A075050
C 392
R
P 000001109A075050
P 000001109BDF5860
C 9
R
P 000001109A075050
C 392
R
P 000001109A075050
P 000001109BDF2EF0
P 000001109BDF2EB0
C 61
= 000001109BDF5F98
R
P 000001109A075050
C 392
R
P 000001109A075050
P 000001109BDF5F98
C 299
R
P 000001109A075050
C 392
R
P 000001109A075050
P 000001109BDF5F98
C 9
R
P 000001109A075050
C 392
R
P 000001109A075050
P 000001109BCE1620
P 000001109BCE1660
C 61
= 000001109BDF5FD0
R
P 000001109A075050
C 392
R
P 000001109A075050
P 000001109BDF5FD0
C 299
R
P 000001109A075050
C 392
R
P 000001109A075050
P 000001109BDF5FD0
C 9
R
P 000001109A075050
C 392
R
P 000001109A075050
P 000001109BCE1640
P 000001109BCE1660
C 61
= 000001109BDF5A58
R
P 000001109A075050
C 392
R
P 000001109A075050
P 000001109BDF5A58
C 299
R
P 000001109A075050
C 392
R
P 000001109A075050
P 000001109BDF5A58
C 9
R
P 000001109A075050
C 392
R
P 000001109A075050
P 000001109BDF5908
P 000001109BDF5860
C 61
= 000001109BDF5780
R
P 000001109A075050
C 392
R
P 000001109A075050
P 000001109BDF5780
C 299
R
P 000001109A075050
C 392
R
P 000001109A075050
P 000001109BDF5780
C 9
R
P 000001109A075050
C 392
R
P 000001109A075050
U 3
P 000001109BDF5FD0
P 000001109BDF5A58
P 000001109BDF5780
p 3
C 69
= 000001109BDF2FB0
R
P 000001109A075050
C 392
R
P 000001109A075050
P 000001109BDF2FB0
C 299
R
P 000001109A075050
C 392
R
P 000001109A075050
P 000001109BDF2FB0
C 9
R
P 000001109A075050
C 392
R
P 000001109A075050
P 000001109BDF5F98
P 000001109BDF2FB0
C 66
= 000001109BDF57F0
R
P 000001109A075050
C 392
R
P 000001109A075050
P 000001109BDF57F0
C 299
R
P 000001109A075050
C 392
R
P 000001109A075050
P 000001109BDF57F0
C 9
R
P 000001109A075050
C 392
R
P 000001109A075050
P 000001109BDF57F0
C 377
R
P 000001109A075050
C 392
R
P 000001109A075050
P 000001109BDF57F0
C 377
R
P 000001109A075050
C 392
R
P 000001109A075050
C 473
= 00000110994861D0
R
P 000001109A075050
C 392
R
P 000001109A075050
P 00000110994861D0
C 482
R
P 000001109A075050
C 392
R
P 000001109A075050
C 15
= 000001109D69B660
R
P 000001109A075050
C 392
R
P 000001109A075050
P 000001109D69B660
C 16
R
P 000001109A075050
C 392
R
P 000001109A075050
S "mbqi"
C 32
R
P 000001109A075050
C 392
R
P 000001109A075050
$ |mbqi|
C 242
R
P 000001109A075050
C 392
R
P 000001109A075050
P 000001109D69B660
$ |mbqi|
I 0
C 18
R
P 000001109A075050
C 392
R
P 000001109A075050
P 00000110994861D0
P 000001109D69B660
C 481
R
P 000001109A075050
C 392
R
P 000001109A075050
P 000001109BDF57F0
C 63
= 000001109BDED490
R
P 000001109A075050
C 392
R
P 000001109A075050
P 000001109BDED490
C 299
R
P 000001109A075050
C 392
R
P 000001109A075050
P 000001109BDED490
C 9
R
P 000001109A075050
C 392
R
P 000001109A075050
P 00000110994861D0
P 000001109BDED490
C 489
R
P 000001109A075050
C 392
R
P 000001109A075050
P 00000110994861D0
C 513
R
P 000001109A075050
C 392
R
P 000001109A075050
P 00000110994861D0
C 519
= 000001109BDF0328
R
P 000001109A075050
C 392
R
P 000001109A075050
P 000001109BDF0328
C 298
R
P 000001109A075050
C 392
R
P 000001109A075050
P 000001109BDF0328
C 295
= 000001109BCE07C0
R
P 000001109A075050
C 392
R
P 000001109A075050
P 000001109BCE07C0
C 249
R
P 000001109A075050
C 392
R
P 000001109A075050
P 000001109BDF0328
C 301
R
P 000001109A075050
C 392
R
P 000001109A075050
P 000001109BDF0328
C 300
R
P 000001109A075050
C 392
R
P 000001109A075050
P 000001109BDF0328
C 299
R
P 000001109A075050
C 392
R
P 000001109A075050
P 000001109BDF0328
C 9
R
P 000001109A075050
C 392
R
P 000001109A075050
P 000001109BDF0328
C 377
R
P 000001109A075050
C 392
M "TupleExample"
R
P 000001109A075050
S "mk_tuple"
C 32
R
P 000001109A075050
C 392
R
P 000001109A075050
$ |mk_tuple|
C 242
R
P 000001109A075050
C 392
R
P 000001109A075050
S "first"
C 32
R
P 000001109A075050
C 392
R
P 000001109A075050
$ |first|
C 242
R
P 000001109A075050
C 392
R
P 000001109A075050
S "second"
C 32
R
P 000001109A075050
C 392
R
P 000001109A075050
$ |second|
C 242
R
P 000001109A075050
C 392
R
P 000001109A075050
$ |mk_tuple|
U 2
$ |first|
$ |second|
s 2
P 000001109BCE0860
P 000001109BCE0860
p 2
P 0000000000000000
P 0000000000000000
P 0000000000000000
p 2
C 41
= 000001109BCE16E0
* 000001109BDF33B0 5
@ 000001109D9BA7E8 6 0
@ 000001109BDF5C88 6 1
R
P 000001109A075050
C 392
R
P 000001109A075050
P 000001109BCE16E0
C 298
R
P 000001109A075050
C 392
R
P 000001109A075050
P 000001109BCE16E0
C 9
R
P 000001109A075050
C 392
R
P 000001109A075050
P 000001109BCE16E0
C 256
R
P 000001109A075050
C 392
R
P 000001109A075050
P 000001109BCE16E0
U 0
C 257
= 000001109D9BA7E8
R
P 000001109A075050
C 392
R
P 000001109A075050
P 000001109D9BA7E8
C 298
R
P 000001109A075050
C 392
R
P 000001109A075050
P 000001109D9BA7E8
C 9
R
P 000001109A075050
C 392
R
P 000001109A075050
P 000001109BCE16E0
U 1
C 257
= 000001109BDF5C88
R
P 000001109A075050
C 392
R
P 000001109A075050
P 000001109BDF5C88
C 298
R
P 000001109A075050
C 392
R
P 000001109A075050
P 000001109BDF5C88
C 9
R
P 000001109A075050
C 392
R
P 000001109A075050
P 000001109BCE16E0
C 256
R
P 000001109A075050
C 392
R
P 000001109A075050
P 000001109BCE16E0
U 0
C 257
= 000001109D9BA7E8
R
P 000001109A075050
C 392
R
P 000001109A075050
P 000001109D9BA7E8
C 298
R
P 000001109A075050
C 392
R
P 000001109A075050
P 000001109D9BA7E8
C 9
R
P 000001109A075050
C 392
R
P 000001109A075050
P 000001109BCE16E0
U 1
C 257
= 000001109BDF5C88
R
P 000001109A075050
C 392
R
P 000001109A075050
P 000001109BDF5C88
C 298
R
P 000001109A075050
C 392
R
P 000001109A075050
P 000001109BDF5C88
C 9
R
P 000001109A075050
C 392
R
P 000001109A075050
S "x"
C 32
R
P 000001109A075050
C 392
R
P 000001109A075050
$ |x|
C 242
R
P 000001109A075050
C 392
R
P 000001109A075050
$ |x|
P 000001109BCE0860
C 54
= 000001109BCE1420
R
P 000001109A075050
C 392
R
P 000001109A075050
P 000001109BCE1420
C 298
R
P 000001109A075050
C 392
R
P 000001109A075050
P 000001109BCE1420
C 295
= 000001109BCE0860
R
P 000001109A075050
C 392
R
P 000001109A075050
P 000001109BCE0860
C 249
R
P 000001109A075050
C 392
R
P 000001109A075050
P 000001109BCE1420
C 301
R
P 000001109A075050
C 392
R
P 000001109A075050
P 000001109BCE1420
C 300
R
P 000001109A075050
C 392
R
P 000001109A075050
P 000001109BCE1420
C 299
R
P 000001109A075050
C 392
R
P 000001109A075050
P 000001109BCE1420
C 9
R
P 000001109A075050
C 392
R
P 000001109A075050
S "y"
C 32
R
P 000001109A075050
C 392
R
P 000001109A075050
$ |y|
C 242
R
P 000001109A075050
C 392
R
P 000001109A075050
$ |y|
P 000001109BCE0860
C 54
= 000001109BCE1440
R
P 000001109A075050
C 392
R
P 000001109A075050
P 000001109BCE1440
C 298
R
P 000001109A075050
C 392
R
P 000001109A075050
P 000001109BCE1440
C 295
= 000001109BCE0860
R
P 000001109A075050
C 392
R
P 000001109A075050
P 000001109BCE0860
C 249
R
P 000001109A075050
C 392
R
P 000001109A075050
P 000001109BCE1440
C 301
R
P 000001109A075050
C 392
R
P 000001109A075050
P 000001109BCE1440
C 300
R
P 000001109A075050
C 392
R
P 000001109A075050
P 000001109BCE1440
C 299
R
P 000001109A075050
C 392
R
P 000001109A075050
P 000001109BCE1440
C 9
R
P 000001109A075050
C 392
R
P 000001109A075050
P 000001109BCE16E0
C 255
= 000001109BDF33B0
R
P 000001109A075050
C 392
R
P 000001109A075050
P 000001109BDF33B0
C 298
R
P 000001109A075050
C 392
R
P 000001109A075050
P 000001109BDF33B0
C 9
R
P 000001109A075050
C 392
R
P 000001109A075050
P 000001109BDF33B0
U 2
P 000001109BCE1420
P 000001109BCE1440
p 2
C 53
= 000001109BDF5CC0
R
P 000001109A075050
C 392
R
P 000001109A075050
P 000001109BDF5CC0
C 298
R
P 000001109A075050
C 392
R
P 000001109A075050
P 000001109BDF5CC0
C 295
= 000001109BCE16E0
R
P 000001109A075050
C 392
R
P 000001109A075050
P 000001109BCE16E0
C 249
R
P 000001109A075050
C 392
R
P 000001109A075050
P 000001109BDF5CC0
C 301
R
P 000001109A075050
C 392
R
P 000001109A075050
P 000001109BDF5CC0
C 300
R
P 000001109A075050
C 392
R
P 000001109A075050
P 000001109BDF5CC0
C 299
R
P 000001109A075050
C 392
R
P 000001109A075050
P 000001109BDF5CC0
C 9
R
P 000001109A075050
C 392
R
P 000001109A075050
P 000001109D9BA7E8
U 1
P 000001109BDF5CC0
p 1
C 53
= 000001109BDED5B0
R
P 000001109A075050
C 392
R
P 000001109A075050
P 000001109BDED5B0
C 298
R
P 000001109A075050
C 392
R
P 000001109A075050
P 000001109BDED5B0
C 295
= 000001109BCE0860
R
P 000001109A075050
C 392
R
P 000001109A075050
P 000001109BCE0860
C 249
R
P 000001109A075050
C 392
R
P 000001109A075050
P 000001109BDED5B0
C 301
R
P 000001109A075050
C 392
R
P 000001109A075050
P 000001109BDED5B0
C 300
R
P 000001109A075050
C 392
R
P 000001109A075050
P 000001109BDED5B0
C 299
R
P 000001109A075050
C 392
R
P 000001109A075050
P 000001109BDED5B0
C 9
R
P 000001109A075050
C 392
R
P 000001109A075050
P 000001109BCE1420
P 000001109BDED5B0
C 61
= 000001109BDF5CF8
R
P 000001109A075050
C 392
R
P 000001109A075050
P 000001109BDF5CF8
C 299
R
P 000001109A075050
C 392
R
P 000001109A075050
P 000001109BDF5CF8
C 9
R
P 000001109A075050
C 392
R
P 000001109A075050
P 000001109BDF5CF8
C 377
R
P 000001109A075050
C 392
R
P 000001109A075050
P 000001109BDF5CF8
C 377
R
P 000001109A075050
C 392
R
P 000001109A075050
C 473
= 00000110994868B0
R
P 000001109A075050
C 392
R
P 000001109A075050
P 00000110994868B0
C 482
R
P 000001109A075050
C 392
R
P 000001109A075050
C 15
= 000001109DEF3D60
R
P 000001109A075050
C 392
R
P 000001109A075050
P 000001109DEF3D60
C 16
R
P 000001109A075050
C 392
R
P 000001109A075050
S "mbqi"
C 32
R
P 000001109A075050
C 392
R
P 000001109A075050
$ |mbqi|
C 242
R
P 000001109A075050
C 392
R
P 000001109A075050
P 000001109DEF3D60
$ |mbqi|
I 0
C 18
R
P 000001109A075050
C 392
R
P 000001109A075050
P 00000110994868B0
P 000001109DEF3D60
C 481
R
P 000001109A075050
C 392
R
P 000001109A075050
P 000001109BDF5CF8
C 63
= 000001109BDED5E0
R
P 000001109A075050
C 392
R
P 000001109A075050
P 000001109BDED5E0
C 299
R
P 000001109A075050
C 392
R
P 000001109A075050
P 000001109BDED5E0
C 9
R
P 000001109A075050
C 392
R
P 000001109A075050
P 00000110994868B0
P 000001109BDED5E0
C 489
R
P 000001109A075050
C 392
R
P 000001109A075050
P 00000110994868B0
C 513
R
P 000001109A075050
C 392
R
P 000001109A075050
P 00000110994868B0
C 519
= 000001109BDF34F0
R
P 000001109A075050
C 392
R
P 000001109A075050
P 000001109BDF34F0
C 298
R
P 000001109A075050
C 392
R
P 000001109A075050
P 000001109BDF34F0
C 295
= 000001109BCE07C0
R
P 000001109A075050
C 392
R
P 000001109A075050
P 000001109BCE07C0
C 249
R
P 000001109A075050
C 392
R
P 000001109A075050
P 000001109BDF34F0
C 301
R
P 000001109A075050
C 392
R
P 000001109A075050
P 000001109BDF34F0
C 300
R
P 000001109A075050
C 392
R
P 000001109A075050
P 000001109BDF34F0
C 299
R
P 000001109A075050
C 392
R
P 000001109A075050
P 000001109BDF34F0
C 9
R
P 000001109A075050
C 392
R
P 000001109A075050
P 000001109BDF34F0
C 377
R
P 000001109A075050
C 392
M "EnumExample"
R
P 000001109A075050
S "fruit"
C 32
R
P 000001109A075050
C 392
R
P 000001109A075050
$ |fruit|
C 242
R
P 000001109A075050
C 392
R
P 000001109A075050
S "apple"
C 32
R
P 000001109A075050
C 392
R
P 000001109A075050
$ |apple|
C 242
R
P 000001109A075050
C 392
R
P 000001109A075050
S "banana"
C 32
R
P 000001109A075050
C 392
R
P 000001109A075050
$ |banana|
C 242
R
P 000001109A075050
C 392
R
P 000001109A075050
S "orange"
C 32
R
P 000001109A075050
C 392
R
P 000001109A075050
$ |orange|
C 242
R
P 000001109A075050
C 392
R
P 000001109A075050
$ |fruit|
U 3
$ |apple|
$ |banana|
$ |orange|
s 3
P 0000000000000000
P 0000000000000000
P 0000000000000000
p 3
P 0000000000000000
P 0000000000000000
P 0000000000000000
p 3
C 42
= 000001109BCE16C0
@ 000001109BDEDA60 4 0
@ 000001109BDEDA90 4 1
@ 000001109BDEDAC0 4 2
@ 000001109D9BA708 5 0
@ 000001109D9BA740 5 1
@ 000001109D9BA778 5 2
R
P 000001109A075050
C 392
R
P 000001109A075050
P 000001109BCE16C0
C 298
R
P 000001109A075050
C 392
R
P 000001109A075050
P 000001109BCE16C0
C 9
R
P 000001109A075050
C 392
R
P 000001109A075050
P 000001109BCE16C0
C 258
R
P 000001109A075050
C 392
R
P 000001109A075050
P 000001109BCE16C0
U 0
C 259
= 000001109BDEDA60
R
P 000001109A075050
C 392
R
P 000001109A075050
P 000001109BDEDA60
C 298
R
P 000001109A075050
C 392
R
P 000001109A075050
P 000001109BDEDA60
C 9
R
P 000001109A075050
C 392
R
P 000001109A075050
P 000001109BCE16C0
U 1
C 259
= 000001109BDEDA90
R
P 000001109A075050
C 392
R
P 000001109A075050
P 000001109BDEDA90
C 298
R
P 000001109A075050
C 392
R
P 000001109A075050
P 000001109BDEDA90
C 9
R
P 000001109A075050
C 392
R
P 000001109A075050
P 000001109BCE16C0
U 2
C 259
= 000001109BDEDAC0
R
P 000001109A075050
C 392
R
P 000001109A075050
P 000001109BDEDAC0
C 298
R
P 000001109A075050
C 392
R
P 000001109A075050
P 000001109BDEDAC0
C 9
R
P 000001109A075050
C 392
R
P 000001109A075050
P 000001109BDEDA60
U 0
p 0
C 53
= 000001109BCE1700
R
P 000001109A075050
C 392
R
P 000001109A075050
P 000001109BCE1700
C 298
R
P 000001109A075050
C 392
R
P 000001109A075050
P 000001109BCE1700
C 295
= 000001109BCE16C0
R
P 000001109A075050
C 392
R
P 000001109A075050
P 000001109BCE16C0
C 249
R
P 000001109A075050
C 392
R
P 000001109A075050
P 000001109BCE1700
C 301
R
P 000001109A075050
C 392
R
P 000001109A075050
P 000001109BCE1700
C 300
R
P 000001109A075050
C 392
R
P 000001109A075050
P 000001109BCE1700
C 299
R
P 000001109A075050
C 392
R
P 000001109A075050
P 000001109BCE1700
C 9
R
P 000001109A075050
C 392
R
P 000001109A075050
P 000001109BDEDA90
U 0
p 0
C 53
= 000001109BCE1720
R
P 000001109A075050
C 392
R
P 000001109A075050
P 000001109BCE1720
C 298
R
P 000001109A075050
C 392
R
P 000001109A075050
P 000001109BCE1720
C 295
= 000001109BCE16C0
R
P 000001109A075050
C 392
R
P 000001109A075050
P 000001109BCE16C0
C 249
R
P 000001109A075050
C 392
R
P 000001109A075050
P 000001109BCE1720
C 301
R
P 000001109A075050
C 392
R
P 000001109A075050
P 000001109BCE1720
C 300
R
P 000001109A075050
C 392
R
P 000001109A075050
P 000001109BCE1720
C 299
R
P 000001109A075050
C 392
R
P 000001109A075050
P 000001109BCE1720
C 9
R
P 000001109A075050
C 392
R
P 000001109A075050
P 000001109BDEDAC0
U 0
p 0
C 53
= 000001109BCE1740
R
P 000001109A075050
C 392
R
P 000001109A075050
P 000001109BCE1740
C 298
R
P 000001109A075050
C 392
R
P 000001109A075050
P 000001109BCE1740
C 295
= 000001109BCE16C0
R
P 000001109A075050
C 392
R
P 000001109A075050
P 000001109BCE16C0
C 249
R
P 000001109A075050
C 392
R
P 000001109A075050
P 000001109BCE1740
C 301
R
P 000001109A075050
C 392
R
P 000001109A075050
P 000001109BCE1740
C 300
R
P 000001109A075050
C 392
R
P 000001109A075050
P 000001109BCE1740
C 299
R
P 000001109A075050
C 392
R
P 000001109A075050
P 000001109BCE1740
C 9
R
P 000001109A075050
C 392
R
P 000001109A075050
P 000001109BCE1700
C 377
R
P 000001109A075050
C 392
R
P 000001109A075050
P 000001109BCE16C0
C 258
R
P 000001109A075050
C 392
R
P 000001109A075050
P 000001109BCE16C0
U 0
C 259
= 000001109BDEDA60
R
P 000001109A075050
C 392
R
P 000001109A075050
P 000001109BDEDA60
C 298
R
P 000001109A075050
C 392
R
P 000001109A075050
P 000001109BDEDA60
C 9
R
P 000001109A075050
C 392
R
P 000001109A075050
P 000001109BCE16C0
U 1
C 259
= 000001109BDEDA90
R
P 000001109A075050
C 392
R
P 000001109A075050
P 000001109BDEDA90
C 298
R
P 000001109A075050
C 392
R
P 000001109A075050
P 000001109BDEDA90
C 9
R
P 000001109A075050
C 392
R
P 000001109A075050
P 000001109BCE16C0
U 2
C 259
= 000001109BDEDAC0
R
P 000001109A075050
C 392
R
P 000001109A075050
P 000001109BDEDAC0
C 298
R
P 000001109A075050
C 392
R
P 000001109A075050
P 000001109BDEDAC0
C 9
R
P 000001109A075050
C 392
R
P 000001109A075050
P 000001109BDEDA60
U 0
p 0
C 53
= 000001109BCE1700
R
P 000001109A075050
C 392
R
P 000001109A075050
P 000001109BCE1700
C 298
R
P 000001109A075050
C 392
R
P 000001109A075050
P 000001109BCE1700
C 295
= 000001109BCE16C0
R
P 000001109A075050
C 392
R
P 000001109A075050
P 000001109BCE16C0
C 249
R
P 000001109A075050
C 392
R
P 000001109A075050
P 000001109BCE1700
C 301
R
P 000001109A075050
C 392
R
P 000001109A075050
P 000001109BCE1700
C 300
R
P 000001109A075050
C 392
R
P 000001109A075050
P 000001109BCE1700
C 299
R
P 000001109A075050
C 392
R
P 000001109A075050
P 000001109BCE1700
C 9
R
P 000001109A075050
C 392
R
P 000001109A075050
P 000001109BDEDA90
U 0
p 0
C 53
= 000001109BCE1720
R
P 000001109A075050
C 392
R
P 000001109A075050
P 000001109BCE1720
C 298
R
P 000001109A075050
C 392
R
P 000001109A075050
P 000001109BCE1720
C 295
= 000001109BCE16C0
R
P 000001109A075050
C 392
R
P 000001109A075050
P 000001109BCE16C0
C 249
R
P 000001109A075050
C 392
R
P 000001109A075050
P 000001109BCE1720
C 301
R
P 000001109A075050
C 392
R
P 000001109A075050
P 000001109BCE1720
C 300
R
P 000001109A075050
C 392
R
P 000001109A075050
P 000001109BCE1720
C 299
R
P 000001109A075050
C 392
R
P 000001109A075050
P 000001109BCE1720
C 9
R
P 000001109A075050
C 392
R
P 000001109A075050
P 000001109BDEDAC0
U 0
p 0
C 53
= 000001109BCE1740
R
P 000001109A075050
C 392
R
P 000001109A075050
P 000001109BCE1740
C 298
R
P 000001109A075050
C 392
R
P 000001109A075050
P 000001109BCE1740
C 295
= 000001109BCE16C0
R
P 000001109A075050
C 392
R
P 000001109A075050
P 000001109BCE16C0
C 249
R
P 000001109A075050
C 392
R
P 000001109A075050
P 000001109BCE1740
C 301
R
P 000001109A075050
C 392
R
P 000001109A075050
P 000001109BCE1740
C 300
R
P 000001109A075050
C 392
R
P 000001109A075050
P 000001109BCE1740
C 299
R
P 000001109A075050
C 392
R
P 000001109A075050
P 000001109BCE1740
C 9
R
P 000001109A075050
C 392
R
P 000001109A075050
P 000001109BCE1720
C 377
R
P 000001109A075050
C 392
R
P 000001109A075050
P 000001109BCE16C0
C 258
R
P 000001109A075050
C 392
R
P 000001109A075050
P 000001109BCE16C0
U 0
C 259
= 000001109BDEDA60
R
P 000001109A075050
C 392
R
P 000001109A075050
P 000001109BDEDA60
C 298
R
P 000001109A075050
C 392
R
P 000001109A075050
P 000001109BDEDA60
C 9
R
P 000001109A075050
C 392
R
P 000001109A075050
P 000001109BCE16C0
U 1
C 259
= 000001109BDEDA90
R
P 000001109A075050
C 392
R
P 000001109A075050
P 000001109BDEDA90
C 298
R
P 000001109A075050
C 392
R
P 000001109A075050
P 000001109BDEDA90
C 9
R
P 000001109A075050
C 392
R
P 000001109A075050
P 000001109BCE16C0
U 2
C 259
= 000001109BDEDAC0
R
P 000001109A075050
C 392
R
P 000001109A075050
P 000001109BDEDAC0
C 298
R
P 000001109A075050
C 392
R
P 000001109A075050
P 000001109BDEDAC0
C 9
R
P 000001109A075050
C 392
R
P 000001109A075050
P 000001109BDEDA60
U 0
p 0
C 53
= 000001109BCE1700
R
P 000001109A075050
C 392
R
P 000001109A075050
P 000001109BCE1700
C 298
R
P 000001109A075050
C 392
R
P 000001109A075050
P 000001109BCE1700
C 295
= 000001109BCE16C0
R
P 000001109A075050
C 392
R
P 000001109A075050
P 000001109BCE16C0
C 249
R
P 000001109A075050
C 392
R
P 000001109A075050
P 000001109BCE1700
C 301
R
P 000001109A075050
C 392
R
P 000001109A075050
P 000001109BCE1700
C 300
R
P 000001109A075050
C 392
R
P 000001109A075050
P 000001109BCE1700
C 299
R
P 000001109A075050
C 392
R
P 000001109A075050
P 000001109BCE1700
C 9
R
P 000001109A075050
C 392
R
P 000001109A075050
P 000001109BDEDA90
U 0
p 0
C 53
= 000001109BCE1720
R
P 000001109A075050
C 392
R
P 000001109A075050
P 000001109BCE1720
C 298
R
P 000001109A075050
C 392
R
P 000001109A075050
P 000001109BCE1720
C 295
= 000001109BCE16C0
R
P 000001109A075050
C 392
R
P 000001109A075050
P 000001109BCE16C0
C 249
R
P 000001109A075050
C 392
R
P 000001109A075050
P 000001109BCE1720
C 301
R
P 000001109A075050
C 392
R
P 000001109A075050
P 000001109BCE1720
C 300
R
P 000001109A075050
C 392
R
P 000001109A075050
P 000001109BCE1720
C 299
R
P 000001109A075050
C 392
R
P 000001109A075050
P 000001109BCE1720
C 9
R
P 000001109A075050
C 392
R
P 000001109A075050
P 000001109BDEDAC0
U 0
p 0
C 53
= 000001109BCE1740
R
P 000001109A075050
C 392
R
P 000001109A075050
P 000001109BCE1740
C 298
R
P 000001109A075050
C 392
R
P 000001109A075050
P 000001109BCE1740
C 295
= 000001109BCE16C0
R
P 000001109A075050
C 392
R
P 000001109A075050
P 000001109BCE16C0
C 249
R
P 000001109A075050
C 392
R
P 000001109A075050
P 000001109BCE1740
C 301
R
P 000001109A075050
C 392
R
P 000001109A075050
P 000001109BCE1740
C 300
R
P 000001109A075050
C 392
R
P 000001109A075050
P 000001109BCE1740
C 299
R
P 000001109A075050
C 392
R
P 000001109A075050
P 000001109BCE1740
C 9
R
P 000001109A075050
C 392
R
P 000001109A075050
P 000001109BCE1740
C 377
R
P 000001109A075050
C 392
R
P 000001109A075050
P 000001109BCE16C0
C 258
R
P 000001109A075050
C 392
R
P 000001109A075050
P 000001109BCE16C0
U 0
C 260
= 000001109D9BA778
R
P 000001109A075050
C 392
R
P 000001109A075050
P 000001109D9BA778
C 298
R
P 000001109A075050
C 392
R
P 000001109A075050
P 000001109D9BA778
C 9
R
P 000001109A075050
C 392
R
P 000001109A075050
P 000001109BCE16C0
U 1
C 260
= 000001109D9BA740
R
P 000001109A075050
C 392
R
P 000001109A075050
P 000001109D9BA740
C 298
R
P 000001109A075050
C 392
R
P 000001109A075050
P 000001109D9BA740
C 9
R
P 000001109A075050
C 392
R
P 000001109A075050
P 000001109BCE16C0
U 2
C 260
= 000001109D9BA708
R
P 000001109A075050
C 392
R
P 000001109A075050
P 000001109D9BA708
C 298
R
P 000001109A075050
C 392
R
P 000001109A075050
P 000001109D9BA708
C 9
R
P 000001109A075050
C 392
R
P 000001109A075050
P 000001109D9BA778
C 377
R
P 000001109A075050
C 392
R
P 000001109A075050
P 000001109BCE16C0
C 258
R
P 000001109A075050
C 392
R
P 000001109A075050
P 000001109BCE16C0
U 0
C 260
= 000001109D9BA778
R
P 000001109A075050
C 392
R
P 000001109A075050
P 000001109D9BA778
C 298
R
P 000001109A075050
C 392
R
P 000001109A075050
P 000001109D9BA778
C 9
R
P 000001109A075050
C 392
R
P 000001109A075050
P 000001109BCE16C0
U 1
C 260
= 000001109D9BA740
R
P 000001109A075050
C 392
R
P 000001109A075050
P 000001109D9BA740
C 298
R
P 000001109A075050
C 392
R
P 000001109A075050
P 000001109D9BA740
C 9
R
P 000001109A075050
C 392
R
P 000001109A075050
P 000001109BCE16C0
U 2
C 260
= 000001109D9BA708
R
P 000001109A075050
C 392
R
P 000001109A075050
P 000001109D9BA708
C 298
R
P 000001109A075050
C 392
R
P 000001109A075050
P 000001109D9BA708
C 9
R
P 000001109A075050
C 392
R
P 000001109A075050
P 000001109D9BA740
C 377
R
P 000001109A075050
C 392
R
P 000001109A075050
P 000001109BCE16C0
C 258
R
P 000001109A075050
C 392
R
P 000001109A075050
P 000001109BCE16C0
U 0
C 260
= 000001109D9BA778
R
P 000001109A075050
C 392
R
P 000001109A075050
P 000001109D9BA778
C 298
R
P 000001109A075050
C 392
R
P 000001109A075050
P 000001109D9BA778
C 9
R
P 000001109A075050
C 392
R
P 000001109A075050
P 000001109BCE16C0
U 1
C 260
= 000001109D9BA740
R
P 000001109A075050
C 392
R
P 000001109A075050
P 000001109D9BA740
C 298
R
P 000001109A075050
C 392
R
P 000001109A075050
P 000001109D9BA740
C 9
R
P 000001109A075050
C 392
R
P 000001109A075050
P 000001109BCE16C0
U 2
C 260
= 000001109D9BA708
R
P 000001109A075050
C 392
R
P 000001109A075050
P 000001109D9BA708
C 298
R
P 000001109A075050
C 392
R
P 000001109A075050
P 000001109D9BA708
C 9
R
P 000001109A075050
C 392
R
P 000001109A075050
P 000001109D9BA708
C 377
R
P 000001109A075050
C 392
R
P 000001109A075050
P 000001109BCE16C0
C 258
R
P 000001109A075050
C 392
R
P 000001109A075050
P 000001109BCE16C0
U 0
C 259
= 000001109BDEDA60
R
P 000001109A075050
C 392
R
P 000001109A075050
P 000001109BDEDA60
C 298
R
P 000001109A075050
C 392
R
P 000001109A075050
P 000001109BDEDA60
C 9
R
P 000001109A075050
C 392
R
P 000001109A075050
P 000001109BCE16C0
U 1
C 259
= 000001109BDEDA90
R
P 000001109A075050
C 392
R
P 000001109A075050
P 000001109BDEDA90
C 298
R
P 000001109A075050
C 392
R
P 000001109A075050
P 000001109BDEDA90
C 9
R
P 000001109A075050
C 392
R
P 000001109A075050
P 000001109BCE16C0
U 2
C 259
= 000001109BDEDAC0
R
P 000001109A075050
C 392
R
P 000001109A075050
P 000001109BDEDAC0
C 298
R
P 000001109A075050
C 392
R
P 000001109A075050
P 000001109BDEDAC0
C 9
R
P 000001109A075050
C 392
R
P 000001109A075050
P 000001109BDEDA60
U 0
p 0
C 53
= 000001109BCE1700
R
P 000001109A075050
C 392
R
P 000001109A075050
P 000001109BCE1700
C 298
R
P 000001109A075050
C 392
R
P 000001109A075050
P 000001109BCE1700
C 295
= 000001109BCE16C0
R
P 000001109A075050
C 392
R
P 000001109A075050
P 000001109BCE16C0
C 249
R
P 000001109A075050
C 392
R
P 000001109A075050
P 000001109BCE1700
C 301
R
P 000001109A075050
C 392
R
P 000001109A075050
P 000001109BCE1700
C 300
R
P 000001109A075050
C 392
R
P 000001109A075050
P 000001109BCE1700
C 299
R
P 000001109A075050
C 392
R
P 000001109A075050
P 000001109BCE1700
C 9
R
P 000001109A075050
C 392
R
P 000001109A075050
P 000001109BDEDA90
U 0
p 0
C 53
= 000001109BCE1720
R
P 000001109A075050
C 392
R
P 000001109A075050
P 000001109BCE1720
C 298
R
P 000001109A075050
C 392
R
P 000001109A075050
P 000001109BCE1720
C 295
= 000001109BCE16C0
R
P 000001109A075050
C 392
R
P 000001109A075050
P 000001109BCE16C0
C 249
R
P 000001109A075050
C 392
R
P 000001109A075050
P 000001109BCE1720
C 301
R
P 000001109A075050
C 392
R
P 000001109A075050
P 000001109BCE1720
C 300
R
P 000001109A075050
C 392
R
P 000001109A075050
P 000001109BCE1720
C 299
R
P 000001109A075050
C 392
R
P 000001109A075050
P 000001109BCE1720
C 9
R
P 000001109A075050
C 392
R
P 000001109A075050
P 000001109BDEDAC0
U 0
p 0
C 53
= 000001109BCE1740
R
P 000001109A075050
C 392
R
P 000001109A075050
P 000001109BCE1740
C 298
R
P 000001109A075050
C 392
R
P 000001109A075050
P 000001109BCE1740
C 295
= 000001109BCE16C0
R
P 000001109A075050
C 392
R
P 000001109A075050
P 000001109BCE16C0
C 249
R
P 000001109A075050
C 392
R
P 000001109A075050
P 000001109BCE1740
C 301
R
P 000001109A075050
C 392
R
P 000001109A075050
P 000001109BCE1740
C 300
R
P 000001109A075050
C 392
R
P 000001109A075050
P 000001109BCE1740
C 299
R
P 000001109A075050
C 392
R
P 000001109A075050
P 000001109BCE1740
C 9
R
P 000001109A075050
C 392
R
P 000001109A075050
P 000001109BCE16C0
C 258
R
P 000001109A075050
C 392
R
P 000001109A075050
P 000001109BCE16C0
U 0
C 259
= 000001109BDEDA60
R
P 000001109A075050
C 392
R
P 000001109A075050
P 000001109BDEDA60
C 298
R
P 000001109A075050
C 392
R
P 000001109A075050
P 000001109BDEDA60
C 9
R
P 000001109A075050
C 392
R
P 000001109A075050
P 000001109BCE16C0
U 1
C 259
= 000001109BDEDA90
R
P 000001109A075050
C 392
R
P 000001109A075050
P 000001109BDEDA90
C 298
R
P 000001109A075050
C 392
R
P 000001109A075050
P 000001109BDEDA90
C 9
R
P 000001109A075050
C 392
R
P 000001109A075050
P 000001109BCE16C0
U 2
C 259
= 000001109BDEDAC0
R
P 000001109A075050
C 392
R
P 000001109A075050
P 000001109BDEDAC0
C 298
R
P 000001109A075050
C 392
R
P 000001109A075050
P 000001109BDEDAC0
C 9
R
P 000001109A075050
C 392
R
P 000001109A075050
P 000001109BDEDA60
U 0
p 0
C 53
= 000001109BCE1700
R
P 000001109A075050
C 392
R
P 000001109A075050
P 000001109BCE1700
C 298
R
P 000001109A075050
C 392
R
P 000001109A075050
P 000001109BCE1700
C 295
= 000001109BCE16C0
R
P 000001109A075050
C 392
R
P 000001109A075050
P 000001109BCE16C0
C 249
R
P 000001109A075050
C 392
R
P 000001109A075050
P 000001109BCE1700
C 301
R
P 000001109A075050
C 392
R
P 000001109A075050
P 000001109BCE1700
C 300
R
P 000001109A075050
C 392
R
P 000001109A075050
P 000001109BCE1700
C 299
R
P 000001109A075050
C 392
R
P 000001109A075050
P 000001109BCE1700
C 9
R
P 000001109A075050
C 392
R
P 000001109A075050
P 000001109BDEDA90
U 0
p 0
C 53
= 000001109BCE1720
R
P 000001109A075050
C 392
R
P 000001109A075050
P 000001109BCE1720
C 298
R
P 000001109A075050
C 392
R
P 000001109A075050
P 000001109BCE1720
C 295
= 000001109BCE16C0
R
P 000001109A075050
C 392
R
P 000001109A075050
P 000001109BCE16C0
C 249
R
P 000001109A075050
C 392
R
P 000001109A075050
P 000001109BCE1720
C 301
R
P 000001109A075050
C 392
R
P 000001109A075050
P 000001109BCE1720
C 300
R
P 000001109A075050
C 392
R
P 000001109A075050
P 000001109BCE1720
C 299
R
P 000001109A075050
C 392
R
P 000001109A075050
P 000001109BCE1720
C 9
R
P 000001109A075050
C 392
R
P 000001109A075050
P 000001109BDEDAC0
U 0
p 0
C 53
= 000001109BCE1740
R
P 000001109A075050
C 392
R
P 000001109A075050
P 000001109BCE1740
C 298
R
P 000001109A075050
C 392
R
P 000001109A075050
P 000001109BCE1740
C 295
= 000001109BCE16C0
R
P 000001109A075050
C 392
R
P 000001109A075050
P 000001109BCE16C0
C 249
R
P 000001109A075050
C 392
R
P 000001109A075050
P 000001109BCE1740
C 301
R
P 000001109A075050
C 392
R
P 000001109A075050
P 000001109BCE1740
C 300
R
P 000001109A075050
C 392
R
P 000001109A075050
P 000001109BCE1740
C 299
R
P 000001109A075050
C 392
R
P 000001109A075050
P 000001109BCE1740
C 9
R
P 000001109A075050
C 392
R
P 000001109A075050
P 000001109BCE16C0
C 258
R
P 000001109A075050
C 392
R
P 000001109A075050
P 000001109BCE16C0
U 0
C 259
= 000001109BDEDA60
R
P 000001109A075050
C 392
R
P 000001109A075050
P 000001109BDEDA60
C 298
R
P 000001109A075050
C 392
R
P 000001109A075050
P 000001109BDEDA60
C 9
R
P 000001109A075050
C 392
R
P 000001109A075050
P 000001109BCE16C0
U 1
C 259
= 000001109BDEDA90
R
P 000001109A075050
C 392
R
P 000001109A075050
P 000001109BDEDA90
C 298
R
P 000001109A075050
C 392
R
P 000001109A075050
P 000001109BDEDA90
C 9
R
P 000001109A075050
C 392
R
P 000001109A075050
P 000001109BCE16C0
U 2
C 259
= 000001109BDEDAC0
R
P 000001109A075050
C 392
R
P 000001109A075050
P 000001109BDEDAC0
C 298
R
P 000001109A075050
C 392
R
P 000001109A075050
P 000001109BDEDAC0
C 9
R
P 000001109A075050
C 392
R
P 000001109A075050
P 000001109BDEDA60
U 0
p 0
C 53
= 000001109BCE1700
R
P 000001109A075050
C 392
R
P 000001109A075050
P 000001109BCE1700
C 298
R
P 000001109A075050
C 392
R
P 000001109A075050
P 000001109BCE1700
C 295
= 000001109BCE16C0
R
P 000001109A075050
C 392
R
P 000001109A075050
P 000001109BCE16C0
C 249
R
P 000001109A075050
C 392
R
P 000001109A075050
P 000001109BCE1700
C 301
R
P 000001109A075050
C 392
R
P 000001109A075050
P 000001109BCE1700
C 300
R
P 000001109A075050
C 392
R
P 000001109A075050
P 000001109BCE1700
C 299
R
P 000001109A075050
C 392
R
P 000001109A075050
P 000001109BCE1700
C 9
R
P 000001109A075050
C 392
R
P 000001109A075050
P 000001109BDEDA90
U 0
p 0
C 53
= 000001109BCE1720
R
P 000001109A075050
C 392
R
P 000001109A075050
P 000001109BCE1720
C 298
R
P 000001109A075050
C 392
R
P 000001109A075050
P 000001109BCE1720
C 295
= 000001109BCE16C0
R
P 000001109A075050
C 392
R
P 000001109A075050
P 000001109BCE16C0
C 249
R
P 000001109A075050
C 392
R
P 000001109A075050
P 000001109BCE1720
C 301
R
P 000001109A075050
C 392
R
P 000001109A075050
P 000001109BCE1720
C 300
R
P 000001109A075050
C 392
R
P 000001109A075050
P 000001109BCE1720
C 299
R
P 000001109A075050
C 392
R
P 000001109A075050
P 000001109BCE1720
C 9
R
P 000001109A075050
C 392
R
P 000001109A075050
P 000001109BDEDAC0
U 0
p 0
C 53
= 000001109BCE1740
R
P 000001109A075050
C 392
R
P 000001109A075050
P 000001109BCE1740
C 298
R
P 000001109A075050
C 392
R
P 000001109A075050
P 000001109BCE1740
C 295
= 000001109BCE16C0
R
P 000001109A075050
C 392
R
P 000001109A075050
P 000001109BCE16C0
C 249
R
P 000001109A075050
C 392
R
P 000001109A075050
P 000001109BCE1740
C 301
R
P 000001109A075050
C 392
R
P 000001109A075050
P 000001109BCE1740
C 300
R
P 000001109A075050
C 392
R
P 000001109A075050
P 000001109BCE1740
C 299
R
P 000001109A075050
C 392
R
P 000001109A075050
P 000001109BCE1740
C 9
R
P 000001109A075050
C 392
R
P 000001109A075050
P 000001109BCE1700
P 000001109BCE1740
C 61
= 000001109D9BA7B0
R
P 000001109A075050
C 392
R
P 000001109A075050
P 000001109D9BA7B0
C 299
R
P 000001109A075050
C 392
R
P 000001109A075050
P 000001109D9BA7B0
C 9
R
P 000001109A075050
C 392
R
P 000001109A075050
P 000001109D9BA7B0
C 63
= 000001109BDEDAF0
R
P 000001109A075050
C 392
R
P 000001109A075050
P 000001109BDEDAF0
C 299
R
P 000001109A075050
C 392
R
P 000001109A075050
P 000001109BDEDAF0
C 9
R
P 000001109A075050
C 392
R
P 000001109A075050
P 000001109BDEDAF0
C 377
R
P 000001109A075050
C 392
R
P 000001109A075050
C 473
= 000001109B72E500
R
P 000001109A075050
C 392
R
P 000001109A075050
P 000001109B72E500
C 482
R
P 000001109A075050
C 392
R
P 000001109A075050
C 15
= 000001109E358BA0
R
P 000001109A075050
C 392
R
P 000001109A075050
P 000001109E358BA0
C 16
R
P 000001109A075050
C 392
R
P 000001109A075050
S "mbqi"
C 32
R
P 000001109A075050
C 392
R
P 000001109A075050
$ |mbqi|
C 242
R
P 000001109A075050
C 392
R
P 000001109A075050
P 000001109E358BA0
$ |mbqi|
I 0
C 18
R
P 000001109A075050
C 392
R
P 000001109A075050
P 000001109B72E500
P 000001109E358BA0
C 481
R
P 000001109A075050
C 392
R
P 000001109A075050
P 000001109BDEDAF0
C 63
= 000001109BDEDB20
R
P 000001109A075050
C 392
R
P 000001109A075050
P 000001109BDEDB20
C 299
R
P 000001109A075050
C 392
R
P 000001109A075050
P 000001109BDEDB20
C 9
R
P 000001109A075050
C 392
R
P 000001109A075050
P 000001109B72E500
P 000001109BDEDB20
C 489
R
P 000001109A075050
C 392
R
P 000001109A075050
P 000001109B72E500
C 513
R
P 000001109A075050
C 392
R
P 000001109A075050
P 000001109B72E500
C 519
= 000001109BDF35F0
R
P 000001109A075050
C 392
R
P 000001109A075050
P 000001109BDF35F0
C 298
R
P 000001109A075050
C 392
R
P 000001109A075050
P 000001109BDF35F0
C 295
= 000001109BCE07C0
R
P 000001109A075050
C 392
R
P 000001109A075050
P 000001109BCE07C0
C 249
R
P 000001109A075050
C 392
R
P 000001109A075050
P 000001109BDF35F0
C 301
R
P 000001109A075050
C 392
R
P 000001109A075050
P 000001109BDF35F0
C 300
R
P 000001109A075050
C 392
R
P 000001109A075050
P 000001109BDF35F0
C 299
R
P 000001109A075050
C 392
R
P 000001109A075050
P 000001109BDF35F0
C 9
R
P 000001109A075050
C 392
R
P 000001109A075050
P 000001109BDF35F0
C 377
R
P 000001109A075050
C 392
R
P 000001109A075050
P 000001109BCE16C0
C 258
R
P 000001109A075050
C 392
R
P 000001109A075050
P 000001109BCE16C0
U 0
C 260
= 000001109D9BA778
R
P 000001109A075050
C 392
R
P 000001109A075050
P 000001109D9BA778
C 298
R
P 000001109A075050
C 392
R
P 000001109A075050
P 000001109D9BA778
C 9
R
P 000001109A075050
C 392
R
P 000001109A075050
P 000001109BCE16C0
U 1
C 260
= 000001109D9BA740
R
P 000001109A075050
C 392
R
P 000001109A075050
P 000001109D9BA740
C 298
R
P 000001109A075050
C 392
R
P 000001109A075050
P 000001109D9BA740
C 9
R
P 000001109A075050
C 392
R
P 000001109A075050
P 000001109BCE16C0
U 2
C 260
= 000001109D9BA708
R
P 000001109A075050
C 392
R
P 000001109A075050
P 000001109D9BA708
C 298
R
P 000001109A075050
C 392
R
P 000001109A075050
P 000001109D9BA708
C 9
R
P 000001109A075050
C 392
R
P 000001109A075050
P 000001109D9BA778
U 1
P 000001109BCE1700
p 1
C 53
= 000001109BDEDC10
R
P 000001109A075050
C 392
R
P 000001109A075050
P 000001109BDEDC10
C 298
R
P 000001109A075050
C 392
R
P 000001109A075050
P 000001109BDEDC10
C 295
= 000001109BCE07A0
R
P 000001109A075050
C 392
R
P 000001109A075050
P 000001109BCE07A0
C 249
R
P 000001109A075050
C 392
R
P 000001109A075050
P 000001109BDEDC10
C 301
R
P 000001109A075050
C 392
R
P 000001109A075050
P 000001109BDEDC10
C 300
R
P 000001109A075050
C 392
R
P 000001109A075050
P 000001109BDEDC10
C 299
R
P 000001109A075050
C 392
R
P 000001109A075050
P 000001109BDEDC10
C 9
R
P 000001109A075050
C 392
R
P 000001109A075050
P 000001109BDEDC10
C 377
R
P 000001109A075050
C 392
R
P 000001109A075050
C 473
= 000001109E3790E0
R
P 000001109A075050
C 392
R
P 000001109A075050
P 000001109E3790E0
C 482
R
P 000001109A075050
C 392
R
P 000001109A075050
C 15
= 000001109EAEF130
R
P 000001109A075050
C 392
R
P 000001109A075050
P 000001109EAEF130
C 16
R
P 000001109A075050
C 392
R
P 000001109A075050
S "mbqi"
C 32
R
P 000001109A075050
C 392
R
P 000001109A075050
$ |mbqi|
C 242
R
P 000001109A075050
C 392
R
P 000001109A075050
P 000001109EAEF130
$ |mbqi|
I 0
C 18
R
P 000001109A075050
C 392
R
P 000001109A075050
P 000001109E3790E0
P 000001109EAEF130
C 481
R
P 000001109A075050
C 392
R
P 000001109A075050
P 000001109BDEDC10
C 63
= 000001109BDEDC40
R
P 000001109A075050
C 392
R
P 000001109A075050
P 000001109BDEDC40
C 299
R
P 000001109A075050
C 392
R
P 000001109A075050
P 000001109BDEDC40
C 9
R
P 000001109A075050
C 392
R
P 000001109A075050
P 000001109E3790E0
P 000001109BDEDC40
C 489
R
P 000001109A075050
C 392
R
P 000001109A075050
P 000001109E3790E0
C 513
R
P 000001109A075050
C 392
R
P 000001109A075050
P 000001109E3790E0
C 519
= 000001109BDF3670
R
P 000001109A075050
C 392
R
P 000001109A075050
P 000001109BDF3670
C 298
R
P 000001109A075050
C 392
R
P 000001109A075050
P 000001109BDF3670
C 295
= 000001109BCE07C0
R
P 000001109A075050
C 392
R
P 000001109A075050
P 000001109BCE07C0
C 249
R
P 000001109A075050
C 392
R
P 000001109A075050
P 000001109BDF3670
C 301
R
P 000001109A075050
C 392
R
P 000001109A075050
P 000001109BDF3670
C 300
R
P 000001109A075050
C 392
R
P 000001109A075050
P 000001109BDF3670
C 299
R
P 000001109A075050
C 392
R
P 000001109A075050
P 000001109BDF3670
C 9
R
P 000001109A075050
C 392
R
P 000001109A075050
P 000001109BDF3670
C 377
R
P 000001109A075050
C 392
R
P 000001109A075050
P 000001109BCE16C0
C 258
R
P 000001109A075050
C 392
R
P 000001109A075050
P 000001109BCE16C0
U 0
C 260
= 000001109D9BA778
R
P 000001109A075050
C 392
R
P 000001109A075050
P 000001109D9BA778
C 298
R
P 000001109A075050
C 392
R
P 000001109A075050
P 000001109D9BA778
C 9
R
P 000001109A075050
C 392
R
P 000001109A075050
P 000001109BCE16C0
U 1
C 260
= 000001109D9BA740
R
P 000001109A075050
C 392
R
P 000001109A075050
P 000001109D9BA740
C 298
R
P 000001109A075050
C 392
R
P 000001109A075050
P 000001109D9BA740
C 9
R
P 000001109A075050
C 392
R
P 000001109A075050
P 000001109BCE16C0
U 2
C 260
= 000001109D9BA708
R
P 000001109A075050
C 392
R
P 000001109A075050
P 000001109D9BA708
C 298
R
P 000001109A075050
C 392
R
P 000001109A075050
P 000001109D9BA708
C 9
R
P 000001109A075050
C 392
R
P 000001109A075050
P 000001109D9BA778
U 1
P 000001109BCE1740
p 1
C 53
= 000001109BDEDCD0
R
P 000001109A075050
C 392
R
P 000001109A075050
P 000001109BDEDCD0
C 298
R
P 000001109A075050
C 392
R
P 000001109A075050
P 000001109BDEDCD0
C 295
= 000001109BCE07A0
R
P 000001109A075050
C 392
R
P 000001109A075050
P 000001109BCE07A0
C 249
R
P 000001109A075050
C 392
R
P 000001109A075050
P 000001109BDEDCD0
C 301
R
P 000001109A075050
C 392
R
P 000001109A075050
P 000001109BDEDCD0
C 300
R
P 000001109A075050
C 392
R
P 000001109A075050
P 000001109BDEDCD0
C 299
R
P 000001109A075050
C 392
R
P 000001109A075050
P 000001109BDEDCD0
C 9
R
P 000001109A075050
C 392
R
P 000001109A075050
P 000001109BDEDCD0
C 377
R
P 000001109A075050
C 392
R
P 000001109A075050
C 473
= 000001109E37A0B0
R
P 000001109A075050
C 392
R
P 000001109A075050
P 000001109E37A0B0
C 482
R
P 000001109A075050
C 392
R
P 000001109A075050
C 15
= 000001109EE77560
R
P 000001109A075050
C 392
R
P 000001109A075050
P 000001109EE77560
C 16
R
P 000001109A075050
C 392
R
P 000001109A075050
S "mbqi"
C 32
R
P 000001109A075050
C 392
R
P 000001109A075050
$ |mbqi|
C 242
R
P 000001109A075050
C 392
R
P 000001109A075050
P 000001109EE77560
$ |mbqi|
I 0
C 18
R
P 000001109A075050
C 392
R
P 000001109A075050
P 000001109E37A0B0
P 000001109EE77560
C 481
R
P 000001109A075050
C 392
R
P 000001109A075050
P 000001109BDEDCD0
C 63
= 000001109BDEDD00
R
P 000001109A075050
C 392
R
P 000001109A075050
P 000001109BDEDD00
C 299
R
P 000001109A075050
C 392
R
P 000001109A075050
P 000001109BDEDD00
C 9
R
P 000001109A075050
C 392
R
P 000001109A075050
P 000001109E37A0B0
P 000001109BDEDD00
C 489
R
P 000001109A075050
C 392
R
P 000001109A075050
P 000001109E37A0B0
C 513
R
P 000001109A075050
C 392
R
P 000001109A075050
P 000001109E37A0B0
C 518
= 000001109EE77800
R
P 000001109A075050
C 392
R
P 000001109A075050
P 000001109EE77800
C 344
R
P 000001109A075050
C 392
R
P 000001109A075050
P 000001109EE77800
C 381
R
P 000001109A075050
C 392
R
P 000001109A075050
P 000001109BCE16C0
C 258
R
P 000001109A075050
C 392
R
P 000001109A075050
P 000001109BCE16C0
U 0
C 260
= 000001109D9BA778
R
P 000001109A075050
C 392
R
P 000001109A075050
P 000001109D9BA778
C 298
R
P 000001109A075050
C 392
R
P 000001109A075050
P 000001109D9BA778
C 9
R
P 000001109A075050
C 392
R
P 000001109A075050
P 000001109BCE16C0
U 1
C 260
= 000001109D9BA740
R
P 000001109A075050
C 392
R
P 000001109A075050
P 000001109D9BA740
C 298
R
P 000001109A075050
C 392
R
P 000001109A075050
P 000001109D9BA740
C 9
R
P 000001109A075050
C 392
R
P 000001109A075050
P 000001109BCE16C0
U 2
C 260
= 000001109D9BA708
R
P 000001109A075050
C 392
R
P 000001109A075050
P 000001109D9BA708
C 298
R
P 000001109A075050
C 392
R
P 000001109A075050
P 000001109D9BA708
C 9
R
P 000001109A075050
C 392
R
P 000001109A075050
P 000001109D9BA778
U 1
P 000001109BCE1740
p 1
C 53
= 000001109BDEDCD0
R
P 000001109A075050
C 392
R
P 000001109A075050
P 000001109BDEDCD0
C 298
R
P 000001109A075050
C 392
R
P 000001109A075050
P 000001109BDEDCD0
C 295
= 000001109BCE07A0
R
P 000001109A075050
C 392
R
P 000001109A075050
P 000001109BCE07A0
C 249
R
P 000001109A075050
C 392
R
P 000001109A075050
P 000001109BDEDCD0
C 301
R
P 000001109A075050
C 392
R
P 000001109A075050
P 000001109BDEDCD0
C 300
R
P 000001109A075050
C 392
R
P 000001109A075050
P 000001109BDEDCD0
C 299
R
P 000001109A075050
C 392
R
P 000001109A075050
P 000001109BDEDCD0
C 9
R
P 000001109A075050
C 392
R
P 000001109A075050
P 000001109BDEDCD0
C 63
= 000001109BDEDD00
R
P 000001109A075050
C 392
R
P 000001109A075050
P 000001109BDEDD00
C 299
R
P 000001109A075050
C 392
R
P 000001109A075050
P 000001109BDEDD00
C 9
R
P 000001109A075050
C 392
R
P 000001109A075050
P 000001109BDEDD00
C 377
R
P 000001109A075050
C 392
R
P 000001109A075050
C 473
= 000001109E37A630
R
P 000001109A075050
C 392
R
P 000001109A075050
P 000001109E37A630
C 482
R
P 000001109A075050
C 392
R
P 000001109A075050
C 15
= 000001109EE77680
R
P 000001109A075050
C 392
R
P 000001109A075050
P 000001109EE77680
C 16
R
P 000001109A075050
C 392
R
P 000001109A075050
S "mbqi"
C 32
R
P 000001109A075050
C 392
R
P 000001109A075050
$ |mbqi|
C 242
R
P 000001109A075050
C 392
R
P 000001109A075050
P 000001109EE77680
$ |mbqi|
I 0
C 18
R
P 000001109A075050
C 392
R
P 000001109A075050
P 000001109E37A630
P 000001109EE77680
C 481
R
P 000001109A075050
C 392
R
P 000001109A075050
P 000001109BDEDD00
C 63
= 000001109BDEDD30
R
P 000001109A075050
C 392
R
P 000001109A075050
P 000001109BDEDD30
C 299
R
P 000001109A075050
C 392
R
P 000001109A075050
P 000001109BDEDD30
C 9
R
P 000001109A075050
C 392
R
P 000001109A075050
P 000001109E37A630
P 000001109BDEDD30
C 489
R
P 000001109A075050
C 392
R
P 000001109A075050
P 000001109E37A630
C 513
R
P 000001109A075050
C 392
R
P 000001109A075050
P 000001109E37A630
C 519
= 000001109BDF3730
R
P 000001109A075050
C 392
R
P 000001109A075050
P 000001109BDF3730
C 298
R
P 000001109A075050
C 392
R
P 000001109A075050
P 000001109BDF3730
C 295
= 000001109BCE07C0
R
P 000001109A075050
C 392
R
P 000001109A075050
P 000001109BCE07C0
C 249
R
P 000001109A075050
C 392
R
P 000001109A075050
P 000001109BDF3730
C 301
R
P 000001109A075050
C 392
R
P 000001109A075050
P 000001109BDF3730
C 300
R
P 000001109A075050
C 392
R
P 000001109A075050
P 000001109BDF3730
C 299
R
P 000001109A075050
C 392
R
P 000001109A075050
P 000001109BDF3730
C 9
R
P 000001109A075050
C 392
R
P 000001109A075050
P 000001109BDF3730
C 377
R
P 000001109A075050
C 392
R
P 000001109A075050
S "fruity"
C 32
R
P 000001109A075050
C 392
R
P 000001109A075050
$ |fruity|
C 242
R
P 000001109A075050
C 392
R
P 000001109A075050
$ |fruity|
P 000001109BCE16C0
C 54
= 000001109BCE1760
R
P 000001109A075050
C 392
R
P 000001109A075050
P 000001109BCE1760
C 298
R
P 000001109A075050
C 392
R
P 000001109A075050
P 000001109BCE1760
C 295
= 000001109BCE16C0
R
P 000001109A075050
C 392
R
P 000001109A075050
P 000001109BCE16C0
C 249
R
P 000001109A075050
C 392
R
P 000001109A075050
P 000001109BCE1760
C 301
R
P 000001109A075050
C 392
R
P 000001109A075050
P 000001109BCE1760
C 300
R
P 000001109A075050
C 392
R
P 000001109A075050
P 000001109BCE1760
C 299
R
P 000001109A075050
C 392
R
P 000001109A075050
P 000001109BCE1760
C 9
R
P 000001109A075050
C 392
R
P 000001109A075050
P 000001109BCE1760
P 000001109BCE1700
C 61
= 000001109D9BB1C0
R
P 000001109A075050
C 392
R
P 000001109A075050
P 000001109D9BB1C0
C 299
R
P 000001109A075050
C 392
R
P 000001109A075050
P 000001109D9BB1C0
C 9
R
P 000001109A075050
C 392
R
P 000001109A075050
P 000001109BCE1760
P 000001109BCE1720
C 61
= 000001109D9BB1F8
R
P 000001109A075050
C 392
R
P 000001109A075050
P 000001109D9BB1F8
C 299
R
P 000001109A075050
C 392
R
P 000001109A075050
P 000001109D9BB1F8
C 9
R
P 000001109A075050
C 392
R
P 000001109A075050
P 000001109BCE1760
P 000001109BCE1740
C 61
= 000001109D9BB230
R
P 000001109A075050
C 392
R
P 000001109A075050
P 000001109D9BB230
C 299
R
P 000001109A075050
C 392
R
P 000001109A075050
P 000001109D9BB230
C 9
R
P 000001109A075050
C 392
R
P 000001109A075050
U 3
P 000001109D9BB1C0
P 000001109D9BB1F8
P 000001109D9BB230
p 3
C 69
= 000001109BDF3770
R
P 000001109A075050
C 392
R
P 000001109A075050
P 000001109BDF3770
C 299
R
P 000001109A075050
C 392
R
P 000001109A075050
P 000001109BDF3770
C 9
R
P 000001109A075050
C 392
R
P 000001109A075050
P 000001109BDF3770
C 377
R
P 000001109A075050
C 392
R
P 000001109A075050
C 473
= 000001109E378270
R
P 000001109A075050
C 392
R
P 000001109A075050
P 000001109E378270
C 482
R
P 000001109A075050
C 392
R
P 000001109A075050
C 15
= 000001109F86D890
R
P 000001109A075050
C 392
R
P 000001109A075050
P 000001109F86D890
C 16
R
P 000001109A075050
C 392
R
P 000001109A075050
S "mbqi"
C 32
R
P 000001109A075050
C 392
R
P 000001109A075050
$ |mbqi|
C 242
R
P 000001109A075050
C 392
R
P 000001109A075050
P 000001109F86D890
$ |mbqi|
I 0
C 18
R
P 000001109A075050
C 392
R
P 000001109A075050
P 000001109E378270
P 000001109F86D890
C 481
R
P 000001109A075050
C 392
R
P 000001109A075050
P 000001109BDF3770
C 63
= 000001109BDEDDF0
R
P 000001109A075050
C 392
R
P 000001109A075050
P 000001109BDEDDF0
C 299
R
P 000001109A075050
C 392
R
P 000001109A075050
P 000001109BDEDDF0
C 9
R
P 000001109A075050
C 392
R
P 000001109A075050
P 000001109E378270
P 000001109BDEDDF0
C 489
R
P 000001109A075050
C 392
R
P 000001109A075050
P 000001109E378270
C 513
R
P 000001109A075050
C 392
R
P 000001109A075050
P 000001109E378270
C 519
= 000001109BDF3970
R
P 000001109A075050
C 392
R
P 000001109A075050
P 000001109BDF3970
C 298
R
P 000001109A075050
C 392
R
P 000001109A075050
P 000001109BDF3970
C 295
= 000001109BCE07C0
R
P 000001109A075050
C 392
R
P 000001109A075050
P 000001109BCE07C0
C 249
R
P 000001109A075050
C 392
R
P 000001109A075050
P 000001109BDF3970
C 301
R
P 000001109A075050
C 392
R
P 000001109A075050
P 000001109BDF3970
C 300
R
P 000001109A075050
C 392
R
P 000001109A075050
P 000001109BDF3970
C 299
R
P 000001109A075050
C 392
R
P 000001109A075050
P 000001109BDF3970
C 9
R
P 000001109A075050
C 392
R
P 000001109A075050
P 000001109BDF3970
C 377
R
P 000001109A075050
C 392
M "ListExample"
R
P 000001109A075050
C 35
= 000001109BCE0860
R
P 000001109A075050
C 392
R
P 000001109A075050
P 000001109BCE0860
C 298
R
P 000001109A075050
C 392
R
P 000001109A075050
P 000001109BCE0860
C 9
R
P 000001109A075050
C 392
R
P 000001109A075050
S "int_list"
C 32
R
P 000001109A075050
C 392
R
P 000001109A075050
$ |int_list|
C 242
R
P 000001109A075050
C 392
R
P 000001109A075050
$ |int_list|
P 000001109BCE0860
P 0000000000000000
P 0000000000000000
P 0000000000000000
P 0000000000000000
P 0000000000000000
P 0000000000000000
C 43
= 000001109BCE17A0
* 000001109FFCE380 3
* 000001109D9BB3B8 4
* 000001109BDF39B0 5
* 000001109D9BB3F0 6
* 000001109D9BB428 7
* 000001109D9BB460 8
R
P 000001109A075050
C 392
R
P 000001109A075050
P 000001109BCE17A0
C 298
R
P 000001109A075050
C 392
R
P 000001109A075050
P 000001109BCE17A0
C 9
R
P 000001109A075050
C 392
R
P 000001109A075050
P 000001109BCE17A0
U 0
C 259
= 000001109FFCE380
R
P 000001109A075050
C 392
R
P 000001109A075050
P 000001109FFCE380
C 298
R
P 000001109A075050
C 392
R
P 000001109A075050
P 000001109FFCE380
C 9
R
P 000001109A075050
C 392
R
P 000001109A075050
P 000001109FFCE380
U 0
p 0
C 53
= 000001109BCE1780
R
P 000001109A075050
C 392
R
P 000001109A075050
P 000001109BCE1780
C 298
R
P 000001109A075050
C 392
R
P 000001109A075050
P 000001109BCE1780
C 295
= 000001109BCE17A0
R
P 000001109A075050
C 392
R
P 000001109A075050
P 000001109BCE17A0
C 249
R
P 000001109A075050
C 392
R
P 000001109A075050
P 000001109BCE1780
C 301
R
P 000001109A075050
C 392
R
P 000001109A075050
P 000001109BCE1780
C 300
R
P 000001109A075050
C 392
R
P 000001109A075050
P 000001109BCE1780
C 299
R
P 000001109A075050
C 392
R
P 000001109A075050
P 000001109BCE1780
C 9
R
P 000001109A075050
C 392
R
P 000001109A075050
P 000001109BCE17A0
U 1
C 259
= 000001109BDF39B0
R
P 000001109A075050
C 392
R
P 000001109A075050
P 000001109BDF39B0
C 298
R
P 000001109A075050
C 392
R
P 000001109A075050
P 000001109BDF39B0
C 9
R
P 000001109A075050
C 392
R
P 000001109A075050
I 1
P 000001109BCE0860
C 159
= 000001109BCE14E0
R
P 000001109A075050
C 392
R
P 000001109A075050
P 000001109BCE14E0
C 299
R
P 000001109A075050
C 392
R
P 000001109A075050
P 000001109BCE14E0
C 9
R
P 000001109A075050
C 392
R
P 000001109A075050
P 000001109BDF39B0
U 2
P 000001109BCE14E0
P 000001109BCE1780
p 2
C 53
= 000001109D9BB3F0
R
P 000001109A075050
C 392
R
P 000001109A075050
P 000001109D9BB3F0
C 298
R
P 000001109A075050
C 392
R
P 000001109A075050
P 000001109D9BB3F0
C 295
= 000001109BCE17A0
R
P 000001109A075050
C 392
R
P 000001109A075050
P 000001109BCE17A0
C 249
R
P 000001109A075050
C 392
R
P 000001109A075050
P 000001109D9BB3F0
C 301
R
P 000001109A075050
C 392
R
P 000001109A075050
P 000001109D9BB3F0
C 300
R
P 000001109A075050
C 392
R
P 000001109A075050
P 000001109D9BB3F0
C 299
R
P 000001109A075050
C 392
R
P 000001109A075050
P 000001109D9BB3F0
C 9
R
P 000001109A075050
C 392
R
P 000001109A075050
P 000001109BCE17A0
U 1
C 259
= 000001109BDF39B0
R
P 000001109A075050
C 392
R
P 000001109A075050
P 000001109BDF39B0
C 298
R
P 000001109A075050
C 392
R
P 000001109A075050
P 000001109BDF39B0
C 9
R
P 000001109A075050
C 392
R
P 000001109A075050
I 2
P 000001109BCE0860
C 159
= 000001109BCE1520
R
P 000001109A075050
C 392
R
P 000001109A075050
P 000001109BCE1520
C 299
R
P 000001109A075050
C 392
R
P 000001109A075050
P 000001109BCE1520
C 9
R
P 000001109A075050
C 392
R
P 000001109A075050
P 000001109BDF39B0
U 2
P 000001109BCE1520
P 000001109BCE1780
p 2
C 53
= 000001109D9BB3B8
R
P 000001109A075050
C 392
R
P 000001109A075050
P 000001109D9BB3B8
C 298
R
P 000001109A075050
C 392
R
P 000001109A075050
P 000001109D9BB3B8
C 295
= 000001109BCE17A0
R
P 000001109A075050
C 392
R
P 000001109A075050
P 000001109BCE17A0
C 249
R
P 000001109A075050
C 392
R
P 000001109A075050
P 000001109D9BB3B8
C 301
R
P 000001109A075050
C 392
R
P 000001109A075050
P 000001109D9BB3B8
C 300
R
P 000001109A075050
C 392
R
P 000001109A075050
P 000001109D9BB3B8
C 299
R
P 000001109A075050
C 392
R
P 000001109A075050
P 000001109D9BB3B8
C 9
R
P 000001109A075050
C 392
R
P 000001109A075050
P 000001109BCE1780
P 000001109D9BB3F0
C 61
= 000001109D9BB498
R
P 000001109A075050
C 392
R
P 000001109A075050
P 000001109D9BB498
C 299
R
P 000001109A075050
C 392
R
P 000001109A075050
P 000001109D9BB498
C 9
R
P 000001109A075050
C 392
R
P 000001109A075050
P 000001109D9BB498
C 63
= 000001109FFCE3B0
R
P 000001109A075050
C 392
R
P 000001109A075050
P 000001109FFCE3B0
C 299
R
P 000001109A075050
C 392
R
P 000001109A075050
P 000001109FFCE3B0
C 9
R
P 000001109A075050
C 392
R
P 000001109A075050
P 000001109FFCE3B0
C 377
R
P 000001109A075050
C 392
R
P 000001109A075050
C 473
= 000001109E37B600
R
P 000001109A075050
C 392
R
P 000001109A075050
P 000001109E37B600
C 482
R
P 000001109A075050
C 392
R
P 000001109A075050
C 15
= 000001109F5A0230
R
P 000001109A075050
C 392
R
P 000001109A075050
P 000001109F5A0230
C 16
R
P 000001109A075050
C 392
R
P 000001109A075050
S "mbqi"
C 32
R
P 000001109A075050
C 392
R
P 000001109A075050
$ |mbqi|
C 242
R
P 000001109A075050
C 392
R
P 000001109A075050
P 000001109F5A0230
$ |mbqi|
I 0
C 18
R
P 000001109A075050
C 392
R
P 000001109A075050
P 000001109E37B600
P 000001109F5A0230
C 481
R
P 000001109A075050
C 392
R
P 000001109A075050
P 000001109FFCE3B0
C 63
= 000001109FFCE3E0
R
P 000001109A075050
C 392
R
P 000001109A075050
P 000001109FFCE3E0
C 299
R
P 000001109A075050
C 392
R
P 000001109A075050
P 000001109FFCE3E0
C 9
R
P 000001109A075050
C 392
R
P 000001109A075050
P 000001109E37B600
P 000001109FFCE3E0
C 489
R
P 000001109A075050
C 392
R
P 000001109A075050
P 000001109E37B600
C 513
R
P 000001109A075050
C 392
R
P 000001109A075050
P 000001109E37B600
C 519
= 000001109BDF3AB0
R
P 000001109A075050
C 392
R
P 000001109A075050
P 000001109BDF3AB0
C 298
R
P 000001109A075050
C 392
R
P 000001109A075050
P 000001109BDF3AB0
C 295
= 000001109BCE07C0
R
P 000001109A075050
C 392
R
P 000001109A075050
P 000001109BCE07C0
C 249
R
P 000001109A075050
C 392
R
P 000001109A075050
P 000001109BDF3AB0
C 301
R
P 000001109A075050
C 392
R
P 000001109A075050
P 000001109BDF3AB0
C 300
R
P 000001109A075050
C 392
R
P 000001109A075050
P 000001109BDF3AB0
C 299
R
P 000001109A075050
C 392
R
P 000001109A075050
P 000001109BDF3AB0
C 9
R
P 000001109A075050
C 392
R
P 000001109A075050
P 000001109BDF3AB0
C 377
R
P 000001109A075050
C 392
R
P 000001109A075050
P 000001109D9BB3F0
P 000001109D9BB3B8
C 61
= 000001109D9BB968
R
P 000001109A075050
C 392
R
P 000001109A075050
P 000001109D9BB968
C 299
R
P 000001109A075050
C 392
R
P 000001109A075050
P 000001109D9BB968
C 9
R
P 000001109A075050
C 392
R
P 000001109A075050
P 000001109D9BB968
C 63
= 000001109FFCE470
R
P 000001109A075050
C 392
R
P 000001109A075050
P 000001109FFCE470
C 299
R
P 000001109A075050
C 392
R
P 000001109A075050
P 000001109FFCE470
C 9
R
P 000001109A075050
C 392
R
P 000001109A075050
P 000001109FFCE470
C 377
R
P 000001109A075050
C 392
R
P 000001109A075050
C 473
= 00000110A0385510
R
P 000001109A075050
C 392
R
P 000001109A075050
P 00000110A0385510
C 482
R
P 000001109A075050
C 392
R
P 000001109A075050
C 15
= 00000110A0234A40
R
P 000001109A075050
C 392
R
P 000001109A075050
P 00000110A0234A40
C 16
R
P 000001109A075050
C 392
R
P 000001109A075050
S "mbqi"
C 32
R
P 000001109A075050
C 392
R
P 000001109A075050
$ |mbqi|
C 242
R
P 000001109A075050
C 392
R
P 000001109A075050
P 00000110A0234A40
$ |mbqi|
I 0
C 18
R
P 000001109A075050
C 392
R
P 000001109A075050
P 00000110A0385510
P 00000110A0234A40
C 481
R
P 000001109A075050
C 392
R
P 000001109A075050
P 000001109FFCE470
C 63
= 000001109FFCE4A0
R
P 000001109A075050
C 392
R
P 000001109A075050
P 000001109FFCE4A0
C 299
R
P 000001109A075050
C 392
R
P 000001109A075050
P 000001109FFCE4A0
C 9
R
P 000001109A075050
C 392
R
P 000001109A075050
P 00000110A0385510
P 000001109FFCE4A0
C 489
R
P 000001109A075050
C 392
R
P 000001109A075050
P 00000110A0385510
C 513
R
P 000001109A075050
C 392
R
P 000001109A075050
P 00000110A0385510
C 519
= 000001109BDF3C70
R
P 000001109A075050
C 392
R
P 000001109A075050
P 000001109BDF3C70
C 298
R
P 000001109A075050
C 392
R
P 000001109A075050
P 000001109BDF3C70
C 295
= 000001109BCE07C0
R
P 000001109A075050
C 392
R
P 000001109A075050
P 000001109BCE07C0
C 249
R
P 000001109A075050
C 392
R
P 000001109A075050
P 000001109BDF3C70
C 301
R
P 000001109A075050
C 392
R
P 000001109A075050
P 000001109BDF3C70
C 300
R
P 000001109A075050
C 392
R
P 000001109A075050
P 000001109BDF3C70
C 299
R
P 000001109A075050
C 392
R
P 000001109A075050
P 000001109BDF3C70
C 9
R
P 000001109A075050
C 392
R
P 000001109A075050
P 000001109BDF3C70
C 377
R
P 000001109A075050
C 392
R
P 000001109A075050
S "x"
C 32
R
P 000001109A075050
C 392
R
P 000001109A075050
$ |x|
C 242
R
P 000001109A075050
C 392
R
P 000001109A075050
$ |x|
P 000001109BCE0860
C 54
= 000001109BCE1420
R
P 000001109A075050
C 392
R
P 000001109A075050
P 000001109BCE1420
C 298
R
P 000001109A075050
C 392
R
P 000001109A075050
P 000001109BCE1420
C 295
= 000001109BCE0860
R
P 000001109A075050
C 392
R
P 000001109A075050
P 000001109BCE0860
C 249
R
P 000001109A075050
C 392
R
P 000001109A075050
P 000001109BCE1420
C 301
R
P 000001109A075050
C 392
R
P 000001109A075050
P 000001109BCE1420
C 300
R
P 000001109A075050
C 392
R
P 000001109A075050
P 000001109BCE1420
C 299
R
P 000001109A075050
C 392
R
P 000001109A075050
P 000001109BCE1420
C 9
R
P 000001109A075050
C 392
R
P 000001109A075050
S "y"
C 32
R
P 000001109A075050
C 392
R
P 000001109A075050
$ |y|
C 242
R
P 000001109A075050
C 392
R
P 000001109A075050
$ |y|
P 000001109BCE0860
C 54
= 000001109BCE1440
R
P 000001109A075050
C 392
R
P 000001109A075050
P 000001109BCE1440
C 298
R
P 000001109A075050
C 392
R
P 000001109A075050
P 000001109BCE1440
C 295
= 000001109BCE0860
R
P 000001109A075050
C 392
R
P 000001109A075050
P 000001109BCE0860
C 249
R
P 000001109A075050
C 392
R
P 000001109A075050
P 000001109BCE1440
C 301
R
P 000001109A075050
C 392
R
P 000001109A075050
P 000001109BCE1440
C 300
R
P 000001109A075050
C 392
R
P 000001109A075050
P 000001109BCE1440
C 299
R
P 000001109A075050
C 392
R
P 000001109A075050
P 000001109BCE1440
C 9
R
P 000001109A075050
C 392
R
P 000001109A075050
P 000001109BCE17A0
U 1
C 259
= 000001109BDF39B0
R
P 000001109A075050
C 392
R
P 000001109A075050
P 000001109BDF39B0
C 298
R
P 000001109A075050
C 392
R
P 000001109A075050
P 000001109BDF39B0
C 9
R
P 000001109A075050
C 392
R
P 000001109A075050
P 000001109BDF39B0
U 2
P 000001109BCE1420
P 000001109BCE1780
p 2
C 53
= 000001109D9BBDC8
R
P 000001109A075050
C 392
R
P 000001109A075050
P 000001109D9BBDC8
C 298
R
P 000001109A075050
C 392
R
P 000001109A075050
P 000001109D9BBDC8
C 295
= 000001109BCE17A0
R
P 000001109A075050
C 392
R
P 000001109A075050
P 000001109BCE17A0
C 249
R
P 000001109A075050
C 392
R
P 000001109A075050
P 000001109D9BBDC8
C 301
R
P 000001109A075050
C 392
R
P 000001109A075050
P 000001109D9BBDC8
C 300
R
P 000001109A075050
C 392
R
P 000001109A075050
P 000001109D9BBDC8
C 299
R
P 000001109A075050
C 392
R
P 000001109A075050
P 000001109D9BBDC8
C 9
R
P 000001109A075050
C 392
R
P 000001109A075050
P 000001109BCE17A0
U 1
C 259
= 000001109BDF39B0
R
P 000001109A075050
C 392
R
P 000001109A075050
P 000001109BDF39B0
C 298
R
P 000001109A075050
C 392
R
P 000001109A075050
P 000001109BDF39B0
C 9
R
P 000001109A075050
C 392
R
P 000001109A075050
P 000001109BDF39B0
U 2
P 000001109BCE1440
P 000001109BCE1780
p 2
C 53
= 000001109D9BBE00
R
P 000001109A075050
C 392
R
P 000001109A075050
P 000001109D9BBE00
C 298
R
P 000001109A075050
C 392
R
P 000001109A075050
P 000001109D9BBE00
C 295
= 000001109BCE17A0
R
P 000001109A075050
C 392
R
P 000001109A075050
P 000001109BCE17A0
C 249
R
P 000001109A075050
C 392
R
P 000001109A075050
P 000001109D9BBE00
C 301
R
P 000001109A075050
C 392
R
P 000001109A075050
P 000001109D9BBE00
C 300
R
P 000001109A075050
C 392
R
P 000001109A075050
P 000001109D9BBE00
C 299
R
P 000001109A075050
C 392
R
P 000001109A075050
P 000001109D9BBE00
C 9
R
P 000001109A075050
C 392
R
P 000001109A075050
P 000001109D9BBDC8
P 000001109D9BBE00
C 61
= 000001109D9BBE38
R
P 000001109A075050
C 392
R
P 000001109A075050
P 000001109D9BBE38
C 299
R
P 000001109A075050
C 392
R
P 000001109A075050
P 000001109D9BBE38
C 9
R
P 000001109A075050
C 392
R
P 000001109A075050
P 000001109BCE1420
P 000001109BCE1440
C 61
= 000001109D9BAA88
R
P 000001109A075050
C 392
R
P 000001109A075050
P 000001109D9BAA88
C 299
R
P 000001109A075050
C 392
R
P 000001109A075050
P 000001109D9BAA88
C 9
R
P 000001109A075050
C 392
R
P 000001109A075050
P 000001109D9BBE38
P 000001109D9BAA88
C 66
= 000001109D9BBE70
R
P 000001109A075050
C 392
R
P 000001109A075050
P 000001109D9BBE70
C 299
R
P 000001109A075050
C 392
R
P 000001109A075050
P 000001109D9BBE70
C 9
R
P 000001109A075050
C 392
R
P 000001109A075050
P 000001109D9BBE70
C 377
R
P 000001109A075050
C 392
R
P 000001109A075050
C 473
= 00000110A0384B70
R
P 000001109A075050
C 392
R
P 000001109A075050
P 00000110A0384B70
C 482
R
P 000001109A075050
C 392
R
P 000001109A075050
C 15
= 00000110A05DCA80
R
P 000001109A075050
C 392
R
P 000001109A075050
P 00000110A05DCA80
C 16
R
P 000001109A075050
C 392
R
P 000001109A075050
S "mbqi"
C 32
R
P 000001109A075050
C 392
R
P 000001109A075050
$ |mbqi|
C 242
R
P 000001109A075050
C 392
R
P 000001109A075050
P 00000110A05DCA80
$ |mbqi|
I 0
C 18
R
P 000001109A075050
C 392
R
P 000001109A075050
P 00000110A0384B70
P 00000110A05DCA80
C 481
R
P 000001109A075050
C 392
R
P 000001109A075050
P 000001109D9BBE70
C 63
= 000001109FFCE5F0
R
P 000001109A075050
C 392
R
P 000001109A075050
P 000001109FFCE5F0
C 299
R
P 000001109A075050
C 392
R
P 000001109A075050
P 000001109FFCE5F0
C 9
R
P 000001109A075050
C 392
R
P 000001109A075050
P 00000110A0384B70
P 000001109FFCE5F0
C 489
R
P 000001109A075050
C 392
R
P 000001109A075050
P 00000110A0384B70
C 513
R
P 000001109A075050
C 392
R
P 000001109A075050
P 00000110A0384B70
C 519
= 000001109BDF3DB0
R
P 000001109A075050
C 392
R
P 000001109A075050
P 000001109BDF3DB0
C 298
R
P 000001109A075050
C 392
R
P 000001109A075050
P 000001109BDF3DB0
C 295
= 000001109BCE07C0
R
P 000001109A075050
C 392
R
P 000001109A075050
P 000001109BCE07C0
C 249
R
P 000001109A075050
C 392
R
P 000001109A075050
P 000001109BDF3DB0
C 301
R
P 000001109A075050
C 392
R
P 000001109A075050
P 000001109BDF3DB0
C 300
R
P 000001109A075050
C 392
R
P 000001109A075050
P 000001109BDF3DB0
C 299
R
P 000001109A075050
C 392
R
P 000001109A075050
P 000001109BDF3DB0
C 9
R
P 000001109A075050
C 392
R
P 000001109A075050
P 000001109BDF3DB0
C 377
R
P 000001109A075050
C 392
R
P 000001109A075050
S "u"
C 32
R
P 000001109A075050
C 392
R
P 000001109A075050
$ |u|
C 242
R
P 000001109A075050
C 392
R
P 000001109A075050
$ |u|
P 000001109BCE17A0
C 54
= 000001109BCE17E0
R
P 000001109A075050
C 392
R
P 000001109A075050
P 000001109BCE17E0
C 298
R
P 000001109A075050
C 392
R
P 000001109A075050
P 000001109BCE17E0
C 295
= 000001109BCE17A0
R
P 000001109A075050
C 392
R
P 000001109A075050
P 000001109BCE17A0
C 249
R
P 000001109A075050
C 392
R
P 000001109A075050
P 000001109BCE17E0
C 301
R
P 000001109A075050
C 392
R
P 000001109A075050
P 000001109BCE17E0
C 300
R
P 000001109A075050
C 392
R
P 000001109A075050
P 000001109BCE17E0
C 299
R
P 000001109A075050
C 392
R
P 000001109A075050
P 000001109BCE17E0
C 9
R
P 000001109A075050
C 392
R
P 000001109A075050
S "v"
C 32
R
P 000001109A075050
C 392
R
P 000001109A075050
$ |v|
C 242
R
P 000001109A075050
C 392
R
P 000001109A075050
$ |v|
P 000001109BCE17A0
C 54
= 000001109BCE1800
R
P 000001109A075050
C 392
R
P 000001109A075050
P 000001109BCE1800
C 298
R
P 000001109A075050
C 392
R
P 000001109A075050
P 000001109BCE1800
C 295
= 000001109BCE17A0
R
P 000001109A075050
C 392
R
P 000001109A075050
P 000001109BCE17A0
C 249
R
P 000001109A075050
C 392
R
P 000001109A075050
P 000001109BCE1800
C 301
R
P 000001109A075050
C 392
R
P 000001109A075050
P 000001109BCE1800
C 300
R
P 000001109A075050
C 392
R
P 000001109A075050
P 000001109BCE1800
C 299
R
P 000001109A075050
C 392
R
P 000001109A075050
P 000001109BCE1800
C 9
R
P 000001109A075050
C 392
R
P 000001109A075050
P 000001109BCE17A0
U 1
C 259
= 000001109BDF39B0
R
P 000001109A075050
C 392
R
P 000001109A075050
P 000001109BDF39B0
C 298
R
P 000001109A075050
C 392
R
P 000001109A075050
P 000001109BDF39B0
C 9
R
P 000001109A075050
C 392
R
P 000001109A075050
P 000001109BDF39B0
U 2
P 000001109BCE1420
P 000001109BCE17E0
p 2
C 53
= 000001109D9BC228
R
P 000001109A075050
C 392
R
P 000001109A075050
P 000001109D9BC228
C 298
R
P 000001109A075050
C 392
R
P 000001109A075050
P 000001109D9BC228
C 295
= 000001109BCE17A0
R
P 000001109A075050
C 392
R
P 000001109A075050
P 000001109BCE17A0
C 249
R
P 000001109A075050
C 392
R
P 000001109A075050
P 000001109D9BC228
C 301
R
P 000001109A075050
C 392
R
P 000001109A075050
P 000001109D9BC228
C 300
R
P 000001109A075050
C 392
R
P 000001109A075050
P 000001109D9BC228
C 299
R
P 000001109A075050
C 392
R
P 000001109A075050
P 000001109D9BC228
C 9
R
P 000001109A075050
C 392
R
P 000001109A075050
P 000001109BCE17A0
U 1
C 259
= 000001109BDF39B0
R
P 000001109A075050
C 392
R
P 000001109A075050
P 000001109BDF39B0
C 298
R
P 000001109A075050
C 392
R
P 000001109A075050
P 000001109BDF39B0
C 9
R
P 000001109A075050
C 392
R
P 000001109A075050
P 000001109BDF39B0
U 2
P 000001109BCE1440
P 000001109BCE1800
p 2
C 53
= 000001109D9BC260
R
P 000001109A075050
C 392
R
P 000001109A075050
P 000001109D9BC260
C 298
R
P 000001109A075050
C 392
R
P 000001109A075050
P 000001109D9BC260
C 295
= 000001109BCE17A0
R
P 000001109A075050
C 392
R
P 000001109A075050
P 000001109BCE17A0
C 249
R
P 000001109A075050
C 392
R
P 000001109A075050
P 000001109D9BC260
C 301
R
P 000001109A075050
C 392
R
P 000001109A075050
P 000001109D9BC260
C 300
R
P 000001109A075050
C 392
R
P 000001109A075050
P 000001109D9BC260
C 299
R
P 000001109A075050
C 392
R
P 000001109A075050
P 000001109D9BC260
C 9
R
P 000001109A075050
C 392
R
P 000001109A075050
P 000001109D9BC228
P 000001109D9BC260
C 61
= 000001109D9BC298
R
P 000001109A075050
C 392
R
P 000001109A075050
P 000001109D9BC298
C 299
R
P 000001109A075050
C 392
R
P 000001109A075050
P 000001109D9BC298
C 9
R
P 000001109A075050
C 392
R
P 000001109A075050
P 000001109BCE17E0
P 000001109BCE1800
C 61
= 000001109D9BC2D0
R
P 000001109A075050
C 392
R
P 000001109A075050
P 000001109D9BC2D0
C 299
R
P 000001109A075050
C 392
R
P 000001109A075050
P 000001109D9BC2D0
C 9
R
P 000001109A075050
C 392
R
P 000001109A075050
P 000001109D9BC298
P 000001109D9BC2D0
C 66
= 000001109D9BC308
R
P 000001109A075050
C 392
R
P 000001109A075050
P 000001109D9BC308
C 299
R
P 000001109A075050
C 392
R
P 000001109A075050
P 000001109D9BC308
C 9
R
P 000001109A075050
C 392
R
P 000001109A075050
P 000001109D9BC308
C 377
R
P 000001109A075050
C 392
R
P 000001109A075050
C 473
= 00000110A0384800
R
P 000001109A075050
C 392
R
P 000001109A075050
P 00000110A0384800
C 482
R
P 000001109A075050
C 392
R
P 000001109A075050
C 15
= 00000110A0C0E670
R
P 000001109A075050
C 392
R
P 000001109A075050
P 00000110A0C0E670
C 16
R
P 000001109A075050
C 392
R
P 000001109A075050
S "mbqi"
C 32
R
P 000001109A075050
C 392
R
P 000001109A075050
$ |mbqi|
C 242
R
P 000001109A075050
C 392
R
P 000001109A075050
P 00000110A0C0E670
$ |mbqi|
I 0
C 18
R
P 000001109A075050
C 392
R
P 000001109A075050
P 00000110A0384800
P 00000110A0C0E670
C 481
R
P 000001109A075050
C 392
R
P 000001109A075050
P 000001109D9BC308
C 63
= 000001109FFCE740
R
P 000001109A075050
C 392
R
P 000001109A075050
P 000001109FFCE740
C 299
R
P 000001109A075050
C 392
R
P 000001109A075050
P 000001109FFCE740
C 9
R
P 000001109A075050
C 392
R
P 000001109A075050
P 00000110A0384800
P 000001109FFCE740
C 489
R
P 000001109A075050
C 392
R
P 000001109A075050
P 00000110A0384800
C 513
R
P 000001109A075050
C 392
R
P 000001109A075050
P 00000110A0384800
C 519
= 000001109BDF3EB0
R
P 000001109A075050
C 392
R
P 000001109A075050
P 000001109BDF3EB0
C 298
R
P 000001109A075050
C 392
R
P 000001109A075050
P 000001109BDF3EB0
C 295
= 000001109BCE07C0
R
P 000001109A075050
C 392
R
P 000001109A075050
P 000001109BCE07C0
C 249
R
P 000001109A075050
C 392
R
P 000001109A075050
P 000001109BDF3EB0
C 301
R
P 000001109A075050
C 392
R
P 000001109A075050
P 000001109BDF3EB0
C 300
R
P 000001109A075050
C 392
R
P 000001109A075050
P 000001109BDF3EB0
C 299
R
P 000001109A075050
C 392
R
P 000001109A075050
P 000001109BDF3EB0
C 9
R
P 000001109A075050
C 392
R
P 000001109A075050
P 000001109BDF3EB0
C 377
R
P 000001109A075050
C 392
R
P 000001109A075050
P 000001109D9BC228
P 000001109D9BC260
C 61
= 000001109D9BC298
R
P 000001109A075050
C 392
R
P 000001109A075050
P 000001109D9BC298
C 299
R
P 000001109A075050
C 392
R
P 000001109A075050
P 000001109D9BC298
C 9
R
P 000001109A075050
C 392
R
P 000001109A075050
P 000001109BCE1420
P 000001109BCE1440
C 61
= 000001109D9BAA88
R
P 000001109A075050
C 392
R
P 000001109A075050
P 000001109D9BAA88
C 299
R
P 000001109A075050
C 392
R
P 000001109A075050
P 000001109D9BAA88
C 9
R
P 000001109A075050
C 392
R
P 000001109A075050
P 000001109D9BC298
P 000001109D9BAA88
C 66
= 000001109D9BC618
R
P 000001109A075050
C 392
R
P 000001109A075050
P 000001109D9BC618
C 299
R
P 000001109A075050
C 392
R
P 000001109A075050
P 000001109D9BC618
C 9
R
P 000001109A075050
C 392
R
P 000001109A075050
P 000001109D9BC618
C 377
R
P 000001109A075050
C 392
R
P 000001109A075050
C 473
= 00000110A0385670
R
P 000001109A075050
C 392
R
P 000001109A075050
P 00000110A0385670
C 482
R
P 000001109A075050
C 392
R
P 000001109A075050
C 15
= 00000110A0EEA1F0
R
P 000001109A075050
C 392
R
P 000001109A075050
P 00000110A0EEA1F0
C 16
R
P 000001109A075050
C 392
R
P 000001109A075050
S "mbqi"
C 32
R
P 000001109A075050
C 392
R
P 000001109A075050
$ |mbqi|
C 242
R
P 000001109A075050
C 392
R
P 000001109A075050
P 00000110A0EEA1F0
$ |mbqi|
I 0
C 18
R
P 000001109A075050
C 392
R
P 000001109A075050
P 00000110A0385670
P 00000110A0EEA1F0
C 481
R
P 000001109A075050
C 392
R
P 000001109A075050
P 000001109D9BC618
C 63
= 000001109FFCE8C0
R
P 000001109A075050
C 392
R
P 000001109A075050
P 000001109FFCE8C0
C 299
R
P 000001109A075050
C 392
R
P 000001109A075050
P 000001109FFCE8C0
C 9
R
P 000001109A075050
C 392
R
P 000001109A075050
P 00000110A0385670
P 000001109FFCE8C0
C 489
R
P 000001109A075050
C 392
R
P 000001109A075050
P 00000110A0385670
C 513
R
P 000001109A075050
C 392
R
P 000001109A075050
P 00000110A0385670
C 519
= 000001109BDF3F70
R
P 000001109A075050
C 392
R
P 000001109A075050
P 000001109BDF3F70
C 298
R
P 000001109A075050
C 392
R
P 000001109A075050
P 000001109BDF3F70
C 295
= 000001109BCE07C0
R
P 000001109A075050
C 392
R
P 000001109A075050
P 000001109BCE07C0
C 249
R
P 000001109A075050
C 392
R
P 000001109A075050
P 000001109BDF3F70
C 301
R
P 000001109A075050
C 392
R
P 000001109A075050
P 000001109BDF3F70
C 300
R
P 000001109A075050
C 392
R
P 000001109A075050
P 000001109BDF3F70
C 299
R
P 000001109A075050
C 392
R
P 000001109A075050
P 000001109BDF3F70
C 9
R
P 000001109A075050
C 392
R
P 000001109A075050
P 000001109BDF3F70
C 377
R
P 000001109A075050
C 392
R
P 000001109A075050
P 000001109BCE17A0
U 0
C 260
= 00000110A161E380
R
P 000001109A075050
C 392
R
P 000001109A075050
P 00000110A161E380
C 298
R
P 000001109A075050
C 392
R
P 000001109A075050
P 00000110A161E380
C 9
R
P 000001109A075050
C 392
R
P 000001109A075050
P 00000110A161E380
U 1
P 000001109BCE17E0
p 1
C 53
= 000001109FFCE9B0
R
P 000001109A075050
C 392
R
P 000001109A075050
P 000001109FFCE9B0
C 298
R
P 000001109A075050
C 392
R
P 000001109A075050
P 000001109FFCE9B0
C 295
= 000001109BCE07A0
R
P 000001109A075050
C 392
R
P 000001109A075050
P 000001109BCE07A0
C 249
R
P 000001109A075050
C 392
R
P 000001109A075050
P 000001109FFCE9B0
C 301
R
P 000001109A075050
C 392
R
P 000001109A075050
P 000001109FFCE9B0
C 300
R
P 000001109A075050
C 392
R
P 000001109A075050
P 000001109FFCE9B0
C 299
R
P 000001109A075050
C 392
R
P 000001109A075050
P 000001109FFCE9B0
C 9
R
P 000001109A075050
C 392
R
P 000001109A075050
P 000001109BCE17A0
U 1
C 260
= 00000110A161E3B8
R
P 000001109A075050
C 392
R
P 000001109A075050
P 00000110A161E3B8
C 298
R
P 000001109A075050
C 392
R
P 000001109A075050
P 00000110A161E3B8
C 9
R
P 000001109A075050
C 392
R
P 000001109A075050
P 00000110A161E3B8
U 1
P 000001109BCE17E0
p 1
C 53
= 000001109FFCE9E0
R
P 000001109A075050
C 392
R
P 000001109A075050
P 000001109FFCE9E0
C 298
R
P 000001109A075050
C 392
R
P 000001109A075050
P 000001109FFCE9E0
C 295
= 000001109BCE07A0
R
P 000001109A075050
C 392
R
P 000001109A075050
P 000001109BCE07A0
C 249
R
P 000001109A075050
C 392
R
P 000001109A075050
P 000001109FFCE9E0
C 301
R
P 000001109A075050
C 392
R
P 000001109A075050
P 000001109FFCE9E0
C 300
R
P 000001109A075050
C 392
R
P 000001109A075050
P 000001109FFCE9E0
C 299
R
P 000001109A075050
C 392
R
P 000001109A075050
P 000001109FFCE9E0
C 9
R
P 000001109A075050
C 392
R
P 000001109A075050
U 2
P 000001109FFCE9B0
P 000001109FFCE9E0
p 2
C 69
= 00000110A161E3F0
R
P 000001109A075050
C 392
R
P 000001109A075050
P 00000110A161E3F0
C 299
R
P 000001109A075050
C 392
R
P 000001109A075050
P 00000110A161E3F0
C 9
R
P 000001109A075050
C 392
R
P 000001109A075050
P 00000110A161E3F0
C 377
R
P 000001109A075050
C 392
R
P 000001109A075050
C 473
= 00000110A0388060
R
P 000001109A075050
C 392
R
P 000001109A075050
P 00000110A0388060
C 482
R
P 000001109A075050
C 392
R
P 000001109A075050
C 15
= 00000110A0EEB660
R
P 000001109A075050
C 392
R
P 000001109A075050
P 00000110A0EEB660
C 16
R
P 000001109A075050
C 392
R
P 000001109A075050
S "mbqi"
C 32
R
P 000001109A075050
C 392
R
P 000001109A075050
$ |mbqi|
C 242
R
P 000001109A075050
C 392
R
P 000001109A075050
P 00000110A0EEB660
$ |mbqi|
I 0
C 18
R
P 000001109A075050
C 392
R
P 000001109A075050
P 00000110A0388060
P 00000110A0EEB660
C 481
R
P 000001109A075050
C 392
R
P 000001109A075050
P 00000110A161E3F0
C 63
= 000001109FFCEA10
R
P 000001109A075050
C 392
R
P 000001109A075050
P 000001109FFCEA10
C 299
R
P 000001109A075050
C 392
R
P 000001109A075050
P 000001109FFCEA10
C 9
R
P 000001109A075050
C 392
R
P 000001109A075050
P 00000110A0388060
P 000001109FFCEA10
C 489
R
P 000001109A075050
C 392
R
P 000001109A075050
P 00000110A0388060
C 513
R
P 000001109A075050
C 392
R
P 000001109A075050
P 00000110A0388060
C 519
= 00000110A1ACA7C0
R
P 000001109A075050
C 392
R
P 000001109A075050
P 00000110A1ACA7C0
C 298
R
P 000001109A075050
C 392
R
P 000001109A075050
P 00000110A1ACA7C0
C 295
= 000001109BCE07C0
R
P 000001109A075050
C 392
R
P 000001109A075050
P 000001109BCE07C0
C 249
R
P 000001109A075050
C 392
R
P 000001109A075050
P 00000110A1ACA7C0
C 301
R
P 000001109A075050
C 392
R
P 000001109A075050
P 00000110A1ACA7C0
C 300
R
P 000001109A075050
C 392
R
P 000001109A075050
P 00000110A1ACA7C0
C 299
R
P 000001109A075050
C 392
R
P 000001109A075050
P 00000110A1ACA7C0
C 9
R
P 000001109A075050
C 392
R
P 000001109A075050
P 00000110A1ACA7C0
C 377
R
P 000001109A075050
C 392
R
P 000001109A075050
P 000001109BCE17E0
P 000001109D9BC228
C 61
= 00000110A161E5B0
R
P 000001109A075050
C 392
R
P 000001109A075050
P 00000110A161E5B0
C 299
R
P 000001109A075050
C 392
R
P 000001109A075050
P 00000110A161E5B0
C 9
R
P 000001109A075050
C 392
R
P 000001109A075050
P 00000110A161E5B0
C 63
= 000001109FFCEB60
R
P 000001109A075050
C 392
R
P 000001109A075050
P 000001109FFCEB60
C 299
R
P 000001109A075050
C 392
R
P 000001109A075050
P 000001109FFCEB60
C 9
R
P 000001109A075050
C 392
R
P 000001109A075050
P 000001109FFCEB60
C 377
R
P 000001109A075050
C 392
R
P 000001109A075050
C 473
= 00000110A0387F00
R
P 000001109A075050
C 392
R
P 000001109A075050
P 00000110A0387F00
C 482
R
P 000001109A075050
C 392
R
P 000001109A075050
C 15
= 00000110A1940A40
R
P 000001109A075050
C 392
R
P 000001109A075050
P 00000110A1940A40
C 16
R
P 000001109A075050
C 392
R
P 000001109A075050
S "mbqi"
C 32
R
P 000001109A075050
C 392
R
P 000001109A075050
$ |mbqi|
C 242
R
P 000001109A075050
C 392
R
P 000001109A075050
P 00000110A1940A40
$ |mbqi|
I 0
C 18
R
P 000001109A075050
C 392
R
P 000001109A075050
P 00000110A0387F00
P 00000110A1940A40
C 481
R
P 000001109A075050
C 392
R
P 000001109A075050
P 000001109FFCEB60
C 63
= 000001109FFCEB90
R
P 000001109A075050
C 392
R
P 000001109A075050
P 000001109FFCEB90
C 299
R
P 000001109A075050
C 392
R
P 000001109A075050
P 000001109FFCEB90
C 9
R
P 000001109A075050
C 392
R
P 000001109A075050
P 00000110A0387F00
P 000001109FFCEB90
C 489
R
P 000001109A075050
C 392
R
P 000001109A075050
P 00000110A0387F00
C 513
R
P 000001109A075050
C 392
R
P 000001109A075050
P 00000110A0387F00
C 519
= 00000110A161E700
R
P 000001109A075050
C 392
R
P 000001109A075050
P 00000110A161E700
C 298
R
P 000001109A075050
C 392
R
P 000001109A075050
P 00000110A161E700
C 295
= 000001109BCE07C0
R
P 000001109A075050
C 392
R
P 000001109A075050
P 000001109BCE07C0
C 249
R
P 000001109A075050
C 392
R
P 000001109A075050
P 00000110A161E700
C 301
R
P 000001109A075050
C 392
R
P 000001109A075050
P 00000110A161E700
C 300
R
P 000001109A075050
C 392
R
P 000001109A075050
P 00000110A161E700
C 299
R
P 000001109A075050
C 392
R
P 000001109A075050
P 00000110A161E700
C 9
R
P 000001109A075050
C 392
R
P 000001109A075050
P 00000110A161E700
C 377
R
P 000001109A075050
C 392
R
P 000001109A075050
P 000001109BCE17A0
U 1
C 259
= 000001109BDF39B0
R
P 000001109A075050
C 392
R
P 000001109A075050
P 000001109BDF39B0
C 298
R
P 000001109A075050
C 392
R
P 000001109A075050
P 000001109BDF39B0
C 9
R
P 000001109A075050
C 392
R
P 000001109A075050
P 000001109BCE17A0
U 1
U 0
C 261
= 000001109D9BB428
R
P 000001109A075050
C 392
R
P 000001109A075050
P 000001109D9BB428
C 298
R
P 000001109A075050
C 392
R
P 000001109A075050
P 000001109D9BB428
C 9
R
P 000001109A075050
C 392
R
P 000001109A075050
P 000001109D9BB428
U 1
P 000001109BCE17E0
p 1
C 53
= 000001109FFCEC50
R
P 000001109A075050
C 392
R
P 000001109A075050
P 000001109FFCEC50
C 298
R
P 000001109A075050
C 392
R
P 000001109A075050
P 000001109FFCEC50
C 295
= 000001109BCE0860
R
P 000001109A075050
C 392
R
P 000001109A075050
P 000001109BCE0860
C 249
R
P 000001109A075050
C 392
R
P 000001109A075050
P 000001109FFCEC50
C 301
R
P 000001109A075050
C 392
R
P 000001109A075050
P 000001109FFCEC50
C 300
R
P 000001109A075050
C 392
R
P 000001109A075050
P 000001109FFCEC50
C 299
R
P 000001109A075050
C 392
R
P 000001109A075050
P 000001109FFCEC50
C 9
R
P 000001109A075050
C 392
R
P 000001109A075050
P 000001109BCE17A0
U 1
U 1
C 261
= 000001109D9BB460
R
P 000001109A075050
C 392
R
P 000001109A075050
P 000001109D9BB460
C 298
R
P 000001109A075050
C 392
R
P 000001109A075050
P 000001109D9BB460
C 9
R
P 000001109A075050
C 392
R
P 000001109A075050
P 000001109D9BB460
U 1
P 000001109BCE17E0
p 1
C 53
= 000001109FFCEC80
R
P 000001109A075050
C 392
R
P 000001109A075050
P 000001109FFCEC80
C 298
R
P 000001109A075050
C 392
R
P 000001109A075050
P 000001109FFCEC80
C 295
= 000001109BCE17A0
R
P 000001109A075050
C 392
R
P 000001109A075050
P 000001109BCE17A0
C 249
R
P 000001109A075050
C 392
R
P 000001109A075050
P 000001109FFCEC80
C 301
R
P 000001109A075050
C 392
R
P 000001109A075050
P 000001109FFCEC80
C 300
R
P 000001109A075050
C 392
R
P 000001109A075050
P 000001109FFCEC80
C 299
R
P 000001109A075050
C 392
R
P 000001109A075050
P 000001109FFCEC80
C 9
R
P 000001109A075050
C 392
R
P 000001109A075050
P 000001109BDF39B0
U 2
P 000001109FFCEC50
P 000001109FFCEC80
p 2
C 53
= 00000110A161E578
R
P 000001109A075050
C 392
R
P 000001109A075050
P 00000110A161E578
C 298
R
P 000001109A075050
C 392
R
P 000001109A075050
P 00000110A161E578
C 295
= 000001109BCE17A0
R
P 000001109A075050
C 392
R
P 000001109A075050
P 000001109BCE17A0
C 249
R
P 000001109A075050
C 392
R
P 000001109A075050
P 00000110A161E578
C 301
R
P 000001109A075050
C 392
R
P 000001109A075050
P 00000110A161E578
C 300
R
P 000001109A075050
C 392
R
P 000001109A075050
P 00000110A161E578
C 299
R
P 000001109A075050
C 392
R
P 000001109A075050
P 00000110A161E578
C 9
R
P 000001109A075050
C 392
R
P 000001109A075050
P 000001109BCE17E0
P 00000110A161E578
C 61
= 00000110A161E658
R
P 000001109A075050
C 392
R
P 000001109A075050
P 00000110A161E658
C 299
R
P 000001109A075050
C 392
R
P 000001109A075050
P 00000110A161E658
C 9
R
P 000001109A075050
C 392
R
P 000001109A075050
P 000001109BCE17A0
U 1
C 260
= 00000110A161E3B8
R
P 000001109A075050
C 392
R
P 000001109A075050
P 00000110A161E3B8
C 298
R
P 000001109A075050
C 392
R
P 000001109A075050
P 00000110A161E3B8
C 9
R
P 000001109A075050
C 392
R
P 000001109A075050
P 00000110A161E3B8
U 1
P 000001109BCE17E0
p 1
C 53
= 000001109FFCE9E0
R
P 000001109A075050
C 392
R
P 000001109A075050
P 000001109FFCE9E0
C 298
R
P 000001109A075050
C 392
R
P 000001109A075050
P 000001109FFCE9E0
C 295
= 000001109BCE07A0
R
P 000001109A075050
C 392
R
P 000001109A075050
P 000001109BCE07A0
C 249
R
P 000001109A075050
C 392
R
P 000001109A075050
P 000001109FFCE9E0
C 301
R
P 000001109A075050
C 392
R
P 000001109A075050
P 000001109FFCE9E0
C 300
R
P 000001109A075050
C 392
R
P 000001109A075050
P 000001109FFCE9E0
C 299
R
P 000001109A075050
C 392
R
P 000001109A075050
P 000001109FFCE9E0
C 9
R
P 000001109A075050
C 392
R
P 000001109A075050
P 000001109FFCE9E0
P 00000110A161E658
C 66
= 00000110A161E738
R
P 000001109A075050
C 392
R
P 000001109A075050
P 00000110A161E738
C 299
R
P 000001109A075050
C 392
R
P 000001109A075050
P 00000110A161E738
C 9
R
P 000001109A075050
C 392
R
P 000001109A075050
P 00000110A161E738
C 377
R
P 000001109A075050
C 392
R
P 000001109A075050
P 00000110A161E738
C 377
R
P 000001109A075050
C 392
R
P 000001109A075050
C 473
= 00000110A1B52B60
R
P 000001109A075050
C 392
R
P 000001109A075050
P 00000110A1B52B60
C 482
R
P 000001109A075050
C 392
R
P 000001109A075050
C 15
= 00000110A1C58180
R
P 000001109A075050
C 392
R
P 000001109A075050
P 00000110A1C58180
C 16
R
P 000001109A075050
C 392
R
P 000001109A075050
S "mbqi"
C 32
R
P 000001109A075050
C 392
R
P 000001109A075050
$ |mbqi|
C 242
R
P 000001109A075050
C 392
R
P 000001109A075050
P 00000110A1C58180
$ |mbqi|
I 0
C 18
R
P 000001109A075050
C 392
R
P 000001109A075050
P 00000110A1B52B60
P 00000110A1C58180
C 481
R
P 000001109A075050
C 392
R
P 000001109A075050
P 00000110A161E738
C 63
= 000001109FFCECB0
R
P 000001109A075050
C 392
R
P 000001109A075050
P 000001109FFCECB0
C 299
R
P 000001109A075050
C 392
R
P 000001109A075050
P 000001109FFCECB0
C 9
R
P 000001109A075050
C 392
R
P 000001109A075050
P 00000110A1B52B60
P 000001109FFCECB0
C 489
R
P 000001109A075050
C 392
R
P 000001109A075050
P 00000110A1B52B60
C 513
R
P 000001109A075050
C 392
R
P 000001109A075050
P 00000110A1B52B60
C 519
= 000001109BDF0490
R
P 000001109A075050
C 392
R
P 000001109A075050
P 000001109BDF0490
C 298
R
P 000001109A075050
C 392
R
P 000001109A075050
P 000001109BDF0490
C 295
= 000001109BCE07C0
R
P 000001109A075050
C 392
R
P 000001109A075050
P 000001109BCE07C0
C 249
R
P 000001109A075050
C 392
R
P 000001109A075050
P 000001109BDF0490
C 301
R
P 000001109A075050
C 392
R
P 000001109A075050
P 000001109BDF0490
C 300
R
P 000001109A075050
C 392
R
P 000001109A075050
P 000001109BDF0490
C 299
R
P 000001109A075050
C 392
R
P 000001109A075050
P 000001109BDF0490
C 9
R
P 000001109A075050
C 392
R
P 000001109A075050
P 000001109BDF0490
C 377
R
P 000001109A075050
C 392
R
P 000001109A075050
P 00000110A161E658
C 377
R
P 000001109A075050
C 392
R
P 000001109A075050
C 473
= 00000110A1B52E20
R
P 000001109A075050
C 392
R
P 000001109A075050
P 00000110A1B52E20
C 482
R
P 000001109A075050
C 392
R
P 000001109A075050
C 15
= 00000110A2348230
R
P 000001109A075050
C 392
R
P 000001109A075050
P 00000110A2348230
C 16
R
P 000001109A075050
C 392
R
P 000001109A075050
S "mbqi"
C 32
R
P 000001109A075050
C 392
R
P 000001109A075050
$ |mbqi|
C 242
R
P 000001109A075050
C 392
R
P 000001109A075050
P 00000110A2348230
$ |mbqi|
I 0
C 18
R
P 000001109A075050
C 392
R
P 000001109A075050
P 00000110A1B52E20
P 00000110A2348230
C 481
R
P 000001109A075050
C 392
R
P 000001109A075050
P 00000110A161E658
C 63
= 000001109FFCEDA0
R
P 000001109A075050
C 392
R
P 000001109A075050
P 000001109FFCEDA0
C 299
R
P 000001109A075050
C 392
R
P 000001109A075050
P 000001109FFCEDA0
C 9
R
P 000001109A075050
C 392
R
P 000001109A075050
P 00000110A1B52E20
P 000001109FFCEDA0
C 489
R
P 000001109A075050
C 392
R
P 000001109A075050
P 00000110A1B52E20
C 513
R
P 000001109A075050
C 392
R
P 000001109A075050
P 00000110A1B52E20
C 518
= 00000110A25B3AC0
R
P 000001109A075050
C 392
R
P 000001109A075050
P 00000110A25B3AC0
C 344
R
P 000001109A075050
C 392
R
P 000001109A075050
P 00000110A25B3AC0
C 381
R
P 000001109A075050
C 392
M "TreeExample"
R
P 000001109A075050
S "nil"
C 32
R
P 000001109A075050
C 392
R
P 000001109A075050
$ |nil|
C 242
R
P 000001109A075050
C 392
R
P 000001109A075050
S "is_nil"
C 32
R
P 000001109A075050
C 392
R
P 000001109A075050
$ |is_nil|
C 242
R
P 000001109A075050
C 392
R
P 000001109A075050
$ |nil|
$ |is_nil|
U 0
s 0
p 0
u 0
C 44
= 00000110A278BB30
R
P 000001109A075050
C 392
R
P 000001109A075050
S "cons"
C 32
R
P 000001109A075050
C 392
R
P 000001109A075050
$ |cons|
C 242
R
P 000001109A075050
C 392
R
P 000001109A075050
S "is_cons"
C 32
R
P 000001109A075050
C 392
R
P 000001109A075050
$ |is_cons|
C 242
R
P 000001109A075050
C 392
R
P 000001109A075050
S "car"
C 32
R
P 000001109A075050
C 392
R
P 000001109A075050
$ |car|
C 242
R
P 000001109A075050
C 392
R
P 000001109A075050
S "cdr"
C 32
R
P 000001109A075050
C 392
R
P 000001109A075050
$ |cdr|
C 242
R
P 000001109A075050
C 392
R
P 000001109A075050
$ |cons|
$ |is_cons|
U 2
$ |car|
$ |cdr|
s 2
P 0000000000000000
P 0000000000000000
p 2
U 0
U 0
u 2
C 44
= 00000110A278B5E0
R
P 000001109A075050
C 392
R
P 000001109A075050
S "cell"
C 32
R
P 000001109A075050
C 392
R
P 000001109A075050
$ |cell|
C 242
R
P 000001109A075050
C 392
R
P 000001109A075050
$ |cell|
U 2
P 00000110A278BB30
P 00000110A278B5E0
p 2
C 46
= 000001109BCE1820
@ 00000110A278BB30 3 0
@ 00000110A278B5E0 3 1
R
P 000001109A075050
C 392
R
P 000001109A075050
P 000001109BCE1820
C 298
R
P 000001109A075050
C 392
R
P 000001109A075050
P 000001109BCE1820
C 9
R
P 000001109A075050
C 392
R
P 000001109A075050
P 00000110A278BB30
U 0
P 0000000000000000
P 0000000000000000
p 0
C 51
* 000001109FFCEE60 3
* 00000110A161E968 4
R
P 000001109A075050
C 392
R
P 000001109A075050
P 000001109FFCEE60
C 298
R
P 000001109A075050
C 392
R
P 000001109A075050
P 000001109FFCEE60
C 9
R
P 000001109A075050
C 392
R
P 000001109A075050
P 00000110A278BB30
U 0
P 0000000000000000
P 0000000000000000
p 0
C 51
* 000001109FFCEE60 3
* 00000110A161E968 4
R
P 000001109A075050
C 392
R
P 000001109A075050
P 00000110A161E968
C 298
R
P 000001109A075050
C 392
R
P 000001109A075050
P 00000110A161E968
C 9
R
P 000001109A075050
C 392
R
P 000001109A075050
P 00000110A278B5E0
U 2
P 0000000000000000
P 0000000000000000
P 0000000000000000
P 0000000000000000
p 2
C 51
* 00000110A1ACA940 3
* 00000110A161E9A0 4
@ 00000110A161E9D8 5 0
@ 00000110A161EA10 5 1
R
P 000001109A075050
C 392
R
P 000001109A075050
P 00000110A1ACA940
C 298
R
P 000001109A075050
C 392
R
P 000001109A075050
P 00000110A1ACA940
C 9
R
P 000001109A075050
C 392
R
P 000001109A075050
P 00000110A278B5E0
U 2
P 0000000000000000
P 0000000000000000
P 0000000000000000
P 0000000000000000
p 2
C 51
* 00000110A1ACA940 3
* 00000110A161EA10 4
@ 00000110A161E9D8 5 0
@ 00000110A161E9A0 5 1
R
P 000001109A075050
C 392
R
P 000001109A075050
P 00000110A161EA10
C 298
R
P 000001109A075050
C 392
R
P 000001109A075050
P 00000110A161EA10
C 9
R
P 000001109A075050
C 392
R
P 000001109A075050
P 00000110A278B5E0
U 2
P 0000000000000000
P 0000000000000000
P 0000000000000000
P 0000000000000000
p 2
C 51
* 00000110A1ACA940 3
* 00000110A161EA10 4
@ 00000110A161E9A0 5 0
@ 00000110A161E9D8 5 1
R
P 000001109A075050
C 392
R
P 000001109A075050
P 00000110A161E9A0
C 298
R
P 000001109A075050
C 392
R
P 000001109A075050
P 00000110A161E9A0
C 9
R
P 000001109A075050
C 392
R
P 000001109A075050
P 00000110A161E9D8
C 298
R
P 000001109A075050
C 392
R
P 000001109A075050
P 00000110A161E9D8
C 9
R
P 000001109A075050
C 392
R
P 000001109A075050
P 000001109FFCEE60
U 0
p 0
C 53
= 000001109BCE1840
R
P 000001109A075050
C 392
R
P 000001109A075050
P 000001109BCE1840
C 298
R
P 000001109A075050
C 392
R
P 000001109A075050
P 000001109BCE1840
C 295
= 000001109BCE1820
R
P 000001109A075050
C 392
R
P 000001109A075050
P 000001109BCE1820
C 249
R
P 000001109A075050
C 392
R
P 000001109A075050
P 000001109BCE1840
C 301
R
P 000001109A075050
C 392
R
P 000001109A075050
P 000001109BCE1840
C 300
R
P 000001109A075050
C 392
R
P 000001109A075050
P 000001109BCE1840
C 299
R
P 000001109A075050
C 392
R
P 000001109A075050
P 000001109BCE1840
C 9
R
P 000001109A075050
C 392
R
P 000001109A075050
P 00000110A1ACA940
U 2
P 000001109BCE1840
P 000001109BCE1840
p 2
C 53
= 00000110A161E8F8
R
P 000001109A075050
C 392
R
P 000001109A075050
P 00000110A161E8F8
C 298
R
P 000001109A075050
C 392
R
P 000001109A075050
P 00000110A161E8F8
C 295
= 000001109BCE1820
R
P 000001109A075050
C 392
R
P 000001109A075050
P 000001109BCE1820
C 249
R
P 000001109A075050
C 392
R
P 000001109A075050
P 00000110A161E8F8
C 301
R
P 000001109A075050
C 392
R
P 000001109A075050
P 00000110A161E8F8
C 300
R
P 000001109A075050
C 392
R
P 000001109A075050
P 00000110A161E8F8
C 299
R
P 000001109A075050
C 392
R
P 000001109A075050
P 00000110A161E8F8
C 9
R
P 000001109A075050
C 392
R
P 000001109A075050
P 00000110A1ACA940
U 2
P 00000110A161E8F8
P 000001109BCE1840
p 2
C 53
= 00000110A161E930
R
P 000001109A075050
C 392
R
P 000001109A075050
P 00000110A161E930
C 298
R
P 000001109A075050
C 392
R
P 000001109A075050
P 00000110A161E930
C 295
= 000001109BCE1820
R
P 000001109A075050
C 392
R
P 000001109A075050
P 000001109BCE1820
C 249
R
P 000001109A075050
C 392
R
P 000001109A075050
P 00000110A161E930
C 301
R
P 000001109A075050
C 392
R
P 000001109A075050
P 00000110A161E930
C 300
R
P 000001109A075050
C 392
R
P 000001109A075050
P 00000110A161E930
C 299
R
P 000001109A075050
C 392
R
P 000001109A075050
P 00000110A161E930
C 9
R
P 000001109A075050
C 392
R
P 000001109A075050
P 000001109BCE1840
P 00000110A161E8F8
C 61
= 00000110A161EA80
R
P 000001109A075050
C 392
R
P 000001109A075050
P 00000110A161EA80
C 299
R
P 000001109A075050
C 392
R
P 000001109A075050
P 00000110A161EA80
C 9
R
P 000001109A075050
C 392
R
P 000001109A075050
P 00000110A161EA80
C 63
= 000001109FFCEEC0
R
P 000001109A075050
C 392
R
P 000001109A075050
P 000001109FFCEEC0
C 299
R
P 000001109A075050
C 392
R
P 000001109A075050
P 000001109FFCEEC0
C 9
R
P 000001109A075050
C 392
R
P 000001109A075050
P 000001109FFCEEC0
C 377
R
P 000001109A075050
C 392
R
P 000001109A075050
C 473
= 00000110A1B53B30
R
P 000001109A075050
C 392
R
P 000001109A075050
P 00000110A1B53B30
C 482
R
P 000001109A075050
C 392
R
P 000001109A075050
C 15
= 00000110A25B4840
R
P 000001109A075050
C 392
R
P 000001109A075050
P 00000110A25B4840
C 16
R
P 000001109A075050
C 392
R
P 000001109A075050
S "mbqi"
C 32
R
P 000001109A075050
C 392
R
P 000001109A075050
$ |mbqi|
C 242
R
P 000001109A075050
C 392
R
P 000001109A075050
P 00000110A25B4840
$ |mbqi|
I 0
C 18
R
P 000001109A075050
C 392
R
P 000001109A075050
P 00000110A1B53B30
P 00000110A25B4840
C 481
R
P 000001109A075050
C 392
R
P 000001109A075050
P 000001109FFCEEC0
C 63
= 000001109FFCEEF0
R
P 000001109A075050
C 392
R
P 000001109A075050
P 000001109FFCEEF0
C 299
R
P 000001109A075050
C 392
R
P 000001109A075050
P 000001109FFCEEF0
C 9
R
P 000001109A075050
C 392
R
P 000001109A075050
P 00000110A1B53B30
P 000001109FFCEEF0
C 489
R
P 000001109A075050
C 392
R
P 000001109A075050
P 00000110A1B53B30
C 513
R
P 000001109A075050
C 392
R
P 000001109A075050
P 00000110A1B53B30
C 519
= 00000110A1ACAA40
R
P 000001109A075050
C 392
R
P 000001109A075050
P 00000110A1ACAA40
C 298
R
P 000001109A075050
C 392
R
P 000001109A075050
P 00000110A1ACAA40
C 295
= 000001109BCE07C0
R
P 000001109A075050
C 392
R
P 000001109A075050
P 000001109BCE07C0
C 249
R
P 000001109A075050
C 392
R
P 000001109A075050
P 00000110A1ACAA40
C 301
R
P 000001109A075050
C 392
R
P 000001109A075050
P 00000110A1ACAA40
C 300
R
P 000001109A075050
C 392
R
P 000001109A075050
P 00000110A1ACAA40
C 299
R
P 000001109A075050
C 392
R
P 000001109A075050
P 00000110A1ACAA40
C 9
R
P 000001109A075050
C 392
R
P 000001109A075050
P 00000110A1ACAA40
C 377
R
P 000001109A075050
C 392
R
P 000001109A075050
S "u"
C 32
R
P 000001109A075050
C 392
R
P 000001109A075050
$ |u|
C 242
R
P 000001109A075050
C 392
R
P 000001109A075050
$ |u|
P 000001109BCE1820
C 54
= 000001109BCE1860
R
P 000001109A075050
C 392
R
P 000001109A075050
P 000001109BCE1860
C 298
R
P 000001109A075050
C 392
R
P 000001109A075050
P 000001109BCE1860
C 295
= 000001109BCE1820
R
P 000001109A075050
C 392
R
P 000001109A075050
P 000001109BCE1820
C 249
R
P 000001109A075050
C 392
R
P 000001109A075050
P 000001109BCE1860
C 301
R
P 000001109A075050
C 392
R
P 000001109A075050
P 000001109BCE1860
C 300
R
P 000001109A075050
C 392
R
P 000001109A075050
P 000001109BCE1860
C 299
R
P 000001109A075050
C 392
R
P 000001109A075050
P 000001109BCE1860
C 9
R
P 000001109A075050
C 392
R
P 000001109A075050
S "v"
C 32
R
P 000001109A075050
C 392
R
P 000001109A075050
$ |v|
C 242
R
P 000001109A075050
C 392
R
P 000001109A075050
$ |v|
P 000001109BCE1820
C 54
= 000001109BCE1880
R
P 000001109A075050
C 392
R
P 000001109A075050
P 000001109BCE1880
C 298
R
P 000001109A075050
C 392
R
P 000001109A075050
P 000001109BCE1880
C 295
= 000001109BCE1820
R
P 000001109A075050
C 392
R
P 000001109A075050
P 000001109BCE1820
C 249
R
P 000001109A075050
C 392
R
P 000001109A075050
P 000001109BCE1880
C 301
R
P 000001109A075050
C 392
R
P 000001109A075050
P 000001109BCE1880
C 300
R
P 000001109A075050
C 392
R
P 000001109A075050
P 000001109BCE1880
C 299
R
P 000001109A075050
C 392
R
P 000001109A075050
P 000001109BCE1880
C 9
R
P 000001109A075050
C 392
R
P 000001109A075050
S "x"
C 32
R
P 000001109A075050
C 392
R
P 000001109A075050
$ |x|
C 242
R
P 000001109A075050
C 392
R
P 000001109A075050
$ |x|
P 000001109BCE1820
C 54
= 000001109BCE18A0
R
P 000001109A075050
C 392
R
P 000001109A075050
P 000001109BCE18A0
C 298
R
P 000001109A075050
C 392
R
P 000001109A075050
P 000001109BCE18A0
C 295
= 000001109BCE1820
R
P 000001109A075050
C 392
R
P 000001109A075050
P 000001109BCE1820
C 249
R
P 000001109A075050
C 392
R
P 000001109A075050
P 000001109BCE18A0
C 301
R
P 000001109A075050
C 392
R
P 000001109A075050
P 000001109BCE18A0
C 300
R
P 000001109A075050
C 392
R
P 000001109A075050
P 000001109BCE18A0
C 299
R
P 000001109A075050
C 392
R
P 000001109A075050
P 000001109BCE18A0
C 9
R
P 000001109A075050
C 392
R
P 000001109A075050
S "y"
C 32
R
P 000001109A075050
C 392
R
P 000001109A075050
$ |y|
C 242
R
P 000001109A075050
C 392
R
P 000001109A075050
$ |y|
P 000001109BCE1820
C 54
= 000001109BCE18C0
R
P 000001109A075050
C 392
R
P 000001109A075050
P 000001109BCE18C0
C 298
R
P 000001109A075050
C 392
R
P 000001109A075050
P 000001109BCE18C0
C 295
= 000001109BCE1820
R
P 000001109A075050
C 392
R
P 000001109A075050
P 000001109BCE1820
C 249
R
P 000001109A075050
C 392
R
P 000001109A075050
P 000001109BCE18C0
C 301
R
P 000001109A075050
C 392
R
P 000001109A075050
P 000001109BCE18C0
C 300
R
P 000001109A075050
C 392
R
P 000001109A075050
P 000001109BCE18C0
C 299
R
P 000001109A075050
C 392
R
P 000001109A075050
P 000001109BCE18C0
C 9
R
P 000001109A075050
C 392
R
P 000001109A075050
P 00000110A1ACA940
U 2
P 000001109BCE18A0
P 000001109BCE1860
p 2
C 53
= 00000110A161EC40
R
P 000001109A075050
C 392
R
P 000001109A075050
P 00000110A161EC40
C 298
R
P 000001109A075050
C 392
R
P 000001109A075050
P 00000110A161EC40
C 295
= 000001109BCE1820
R
P 000001109A075050
C 392
R
P 000001109A075050
P 000001109BCE1820
C 249
R
P 000001109A075050
C 392
R
P 000001109A075050
P 00000110A161EC40
C 301
R
P 000001109A075050
C 392
R
P 000001109A075050
P 00000110A161EC40
C 300
R
P 000001109A075050
C 392
R
P 000001109A075050
P 00000110A161EC40
C 299
R
P 000001109A075050
C 392
R
P 000001109A075050
P 00000110A161EC40
C 9
R
P 000001109A075050
C 392
R
P 000001109A075050
P 00000110A1ACA940
U 2
P 000001109BCE18C0
P 000001109BCE1880
p 2
C 53
= 00000110A161EC78
R
P 000001109A075050
C 392
R
P 000001109A075050
P 00000110A161EC78
C 298
R
P 000001109A075050
C 392
R
P 000001109A075050
P 00000110A161EC78
C 295
= 000001109BCE1820
R
P 000001109A075050
C 392
R
P 000001109A075050
P 000001109BCE1820
C 249
R
P 000001109A075050
C 392
R
P 000001109A075050
P 00000110A161EC78
C 301
R
P 000001109A075050
C 392
R
P 000001109A075050
P 00000110A161EC78
C 300
R
P 000001109A075050
C 392
R
P 000001109A075050
P 00000110A161EC78
C 299
R
P 000001109A075050
C 392
R
P 000001109A075050
P 00000110A161EC78
C 9
R
P 000001109A075050
C 392
R
P 000001109A075050
P 00000110A161EC40
P 00000110A161EC78
C 61
= 00000110A161ECB0
R
P 000001109A075050
C 392
R
P 000001109A075050
P 00000110A161ECB0
C 299
R
P 000001109A075050
C 392
R
P 000001109A075050
P 00000110A161ECB0
C 9
R
P 000001109A075050
C 392
R
P 000001109A075050
P 000001109BCE1860
P 000001109BCE1880
C 61
= 00000110A161ECE8
R
P 000001109A075050
C 392
R
P 000001109A075050
P 00000110A161ECE8
C 299
R
P 000001109A075050
C 392
R
P 000001109A075050
P 00000110A161ECE8
C 9
R
P 000001109A075050
C 392
R
P 000001109A075050
P 00000110A161ECB0
P 00000110A161ECE8
C 66
= 00000110A161ED20
R
P 000001109A075050
C 392
R
P 000001109A075050
P 00000110A161ED20
C 299
R
P 000001109A075050
C 392
R
P 000001109A075050
P 00000110A161ED20
C 9
R
P 000001109A075050
C 392
R
P 000001109A075050
P 00000110A161ED20
C 377
R
P 000001109A075050
C 392
R
P 000001109A075050
C 473
= 00000110A1B53710
R
P 000001109A075050
C 392
R
P 000001109A075050
P 00000110A1B53710
C 482
R
P 000001109A075050
C 392
R
P 000001109A075050
C 15
= 00000110A2A68A60
R
P 000001109A075050
C 392
R
P 000001109A075050
P 00000110A2A68A60
C 16
R
P 000001109A075050
C 392
R
P 000001109A075050
S "mbqi"
C 32
R
P 000001109A075050
C 392
R
P 000001109A075050
$ |mbqi|
C 242
R
P 000001109A075050
C 392
R
P 000001109A075050
P 00000110A2A68A60
$ |mbqi|
I 0
C 18
R
P 000001109A075050
C 392
R
P 000001109A075050
P 00000110A1B53710
P 00000110A2A68A60
C 481
R
P 000001109A075050
C 392
R
P 000001109A075050
P 00000110A161ED20
C 63
= 000001109FFCF040
R
P 000001109A075050
C 392
R
P 000001109A075050
P 000001109FFCF040
C 299
R
P 000001109A075050
C 392
R
P 000001109A075050
P 000001109FFCF040
C 9
R
P 000001109A075050
C 392
R
P 000001109A075050
P 00000110A1B53710
P 000001109FFCF040
C 489
R
P 000001109A075050
C 392
R
P 000001109A075050
P 00000110A1B53710
C 513
R
P 000001109A075050
C 392
R
P 000001109A075050
P 00000110A1B53710
C 519
= 00000110A1ACAB00
R
P 000001109A075050
C 392
R
P 000001109A075050
P 00000110A1ACAB00
C 298
R
P 000001109A075050
C 392
R
P 000001109A075050
P 00000110A1ACAB00
C 295
= 000001109BCE07C0
R
P 000001109A075050
C 392
R
P 000001109A075050
P 000001109BCE07C0
C 249
R
P 000001109A075050
C 392
R
P 000001109A075050
P 00000110A1ACAB00
C 301
R
P 000001109A075050
C 392
R
P 000001109A075050
P 00000110A1ACAB00
C 300
R
P 000001109A075050
C 392
R
P 000001109A075050
P 00000110A1ACAB00
C 299
R
P 000001109A075050
C 392
R
P 000001109A075050
P 00000110A1ACAB00
C 9
R
P 000001109A075050
C 392
R
P 000001109A075050
P 00000110A1ACAB00
C 377
R
P 000001109A075050
C 392
R
P 000001109A075050
P 00000110A161EC40
P 00000110A161EC78
C 61
= 00000110A161ECB0
R
P 000001109A075050
C 392
R
P 000001109A075050
P 00000110A161ECB0
C 299
R
P 000001109A075050
C 392
R
P 000001109A075050
P 00000110A161ECB0
C 9
R
P 000001109A075050
C 392
R
P 000001109A075050
P 000001109BCE18A0
P 000001109BCE18C0
C 61
= 00000110A161ED58
R
P 000001109A075050
C 392
R
P 000001109A075050
P 00000110A161ED58
C 299
R
P 000001109A075050
C 392
R
P 000001109A075050
P 00000110A161ED58
C 9
R
P 000001109A075050
C 392
R
P 000001109A075050
P 00000110A161ECB0
P 00000110A161ED58
C 66
= 00000110A161F068
R
P 000001109A075050
C 392
R
P 000001109A075050
P 00000110A161F068
C 299
R
P 000001109A075050
C 392
R
P 000001109A075050
P 00000110A161F068
C 9
R
P 000001109A075050
C 392
R
P 000001109A075050
P 00000110A161F068
C 377
R
P 000001109A075050
C 392
R
P 000001109A075050
C 473
= 00000110A1B55B80
R
P 000001109A075050
C 392
R
P 000001109A075050
P 00000110A1B55B80
C 482
R
P 000001109A075050
C 392
R
P 000001109A075050
C 15
= 00000110A2A687C0
R
P 000001109A075050
C 392
R
P 000001109A075050
P 00000110A2A687C0
C 16
R
P 000001109A075050
C 392
R
P 000001109A075050
S "mbqi"
C 32
R
P 000001109A075050
C 392
R
P 000001109A075050
$ |mbqi|
C 242
R
P 000001109A075050
C 392
R
P 000001109A075050
P 00000110A2A687C0
$ |mbqi|
I 0
C 18
R
P 000001109A075050
C 392
R
P 000001109A075050
P 00000110A1B55B80
P 00000110A2A687C0
C 481
R
P 000001109A075050
C 392
R
P 000001109A075050
P 00000110A161F068
C 63
= 000001109FFCF1C0
R
P 000001109A075050
C 392
R
P 000001109A075050
P 000001109FFCF1C0
C 299
R
P 000001109A075050
C 392
R
P 000001109A075050
P 000001109FFCF1C0
C 9
R
P 000001109A075050
C 392
R
P 000001109A075050
P 00000110A1B55B80
P 000001109FFCF1C0
C 489
R
P 000001109A075050
C 392
R
P 000001109A075050
P 00000110A1B55B80
C 513
R
P 000001109A075050
C 392
R
P 000001109A075050
P 00000110A1B55B80
C 519
= 00000110A1ACABC0
R
P 000001109A075050
C 392
R
P 000001109A075050
P 00000110A1ACABC0
C 298
R
P 000001109A075050
C 392
R
P 000001109A075050
P 00000110A1ACABC0
C 295
= 000001109BCE07C0
R
P 000001109A075050
C 392
R
P 000001109A075050
P 000001109BCE07C0
C 249
R
P 000001109A075050
C 392
R
P 000001109A075050
P 00000110A1ACABC0
C 301
R
P 000001109A075050
C 392
R
P 000001109A075050
P 00000110A1ACABC0
C 300
R
P 000001109A075050
C 392
R
P 000001109A075050
P 00000110A1ACABC0
C 299
R
P 000001109A075050
C 392
R
P 000001109A075050
P 00000110A1ACABC0
C 9
R
P 000001109A075050
C 392
R
P 000001109A075050
P 00000110A1ACABC0
C 377
R
P 000001109A075050
C 392
R
P 000001109A075050
P 00000110A161E968
U 1
P 000001109BCE1860
p 1
C 53
= 000001109FFCF2E0
R
P 000001109A075050
C 392
R
P 000001109A075050
P 000001109FFCF2E0
C 298
R
P 000001109A075050
C 392
R
P 000001109A075050
P 000001109FFCF2E0
C 295
= 000001109BCE07A0
R
P 000001109A075050
C 392
R
P 000001109A075050
P 000001109BCE07A0
C 249
R
P 000001109A075050
C 392
R
P 000001109A075050
P 000001109FFCF2E0
C 301
R
P 000001109A075050
C 392
R
P 000001109A075050
P 000001109FFCF2E0
C 300
R
P 000001109A075050
C 392
R
P 000001109A075050
P 000001109FFCF2E0
C 299
R
P 000001109A075050
C 392
R
P 000001109A075050
P 000001109FFCF2E0
C 9
R
P 000001109A075050
C 392
R
P 000001109A075050
P 00000110A161EA10
U 1
P 000001109BCE1860
p 1
C 53
= 000001109FFCF310
R
P 000001109A075050
C 392
R
P 000001109A075050
P 000001109FFCF310
C 298
R
P 000001109A075050
C 392
R
P 000001109A075050
P 000001109FFCF310
C 295
= 000001109BCE07A0
R
P 000001109A075050
C 392
R
P 000001109A075050
P 000001109BCE07A0
C 249
R
P 000001109A075050
C 392
R
P 000001109A075050
P 000001109FFCF310
C 301
R
P 000001109A075050
C 392
R
P 000001109A075050
P 000001109FFCF310
C 300
R
P 000001109A075050
C 392
R
P 000001109A075050
P 000001109FFCF310
C 299
R
P 000001109A075050
C 392
R
P 000001109A075050
P 000001109FFCF310
C 9
R
P 000001109A075050
C 392
R
P 000001109A075050
U 2
P 000001109FFCF2E0
P 000001109FFCF310
p 2
C 69
= 00000110A161F308
R
P 000001109A075050
C 392
R
P 000001109A075050
P 00000110A161F308
C 299
R
P 000001109A075050
C 392
R
P 000001109A075050
P 00000110A161F308
C 9
R
P 000001109A075050
C 392
R
P 000001109A075050
P 00000110A161F308
C 377
R
P 000001109A075050
C 392
R
P 000001109A075050
C 473
= 00000110A1B54F20
R
P 000001109A075050
C 392
R
P 000001109A075050
P 00000110A1B54F20
C 482
R
P 000001109A075050
C 392
R
P 000001109A075050
C 15
= 00000110A3309970
R
P 000001109A075050
C 392
R
P 000001109A075050
P 00000110A3309970
C 16
R
P 000001109A075050
C 392
R
P 000001109A075050
S "mbqi"
C 32
R
P 000001109A075050
C 392
R
P 000001109A075050
$ |mbqi|
C 242
R
P 000001109A075050
C 392
R
P 000001109A075050
P 00000110A3309970
$ |mbqi|
I 0
C 18
R
P 000001109A075050
C 392
R
P 000001109A075050
P 00000110A1B54F20
P 00000110A3309970
C 481
R
P 000001109A075050
C 392
R
P 000001109A075050
P 00000110A161F308
C 63
= 000001109FFCF340
R
P 000001109A075050
C 392
R
P 000001109A075050
P 000001109FFCF340
C 299
R
P 000001109A075050
C 392
R
P 000001109A075050
P 000001109FFCF340
C 9
R
P 000001109A075050
C 392
R
P 000001109A075050
P 00000110A1B54F20
P 000001109FFCF340
C 489
R
P 000001109A075050
C 392
R
P 000001109A075050
P 00000110A1B54F20
C 513
R
P 000001109A075050
C 392
R
P 000001109A075050
P 00000110A1B54F20
C 519
= 00000110A1ACAC80
R
P 000001109A075050
C 392
R
P 000001109A075050
P 00000110A1ACAC80
C 298
R
P 000001109A075050
C 392
R
P 000001109A075050
P 00000110A1ACAC80
C 295
= 000001109BCE07C0
R
P 000001109A075050
C 392
R
P 000001109A075050
P 000001109BCE07C0
C 249
R
P 000001109A075050
C 392
R
P 000001109A075050
P 00000110A1ACAC80
C 301
R
P 000001109A075050
C 392
R
P 000001109A075050
P 00000110A1ACAC80
C 300
R
P 000001109A075050
C 392
R
P 000001109A075050
P 00000110A1ACAC80
C 299
R
P 000001109A075050
C 392
R
P 000001109A075050
P 00000110A1ACAC80
C 9
R
P 000001109A075050
C 392
R
P 000001109A075050
P 00000110A1ACAC80
C 377
R
P 000001109A075050
C 392
R
P 000001109A075050
P 000001109BCE1860
P 00000110A161EC40
C 61
= 00000110A161F4C8
R
P 000001109A075050
C 392
R
P 000001109A075050
P 00000110A161F4C8
C 299
R
P 000001109A075050
C 392
R
P 000001109A075050
P 00000110A161F4C8
C 9
R
P 000001109A075050
C 392
R
P 000001109A075050
P 00000110A161F4C8
C 63
= 000001109FFCF490
R
P 000001109A075050
C 392
R
P 000001109A075050
P 000001109FFCF490
C 299
R
P 000001109A075050
C 392
R
P 000001109A075050
P 000001109FFCF490
C 9
R
P 000001109A075050
C 392
R
P 000001109A075050
P 000001109FFCF490
C 377
R
P 000001109A075050
C 392
R
P 000001109A075050
C 473
= 00000110A3725150
R
P 000001109A075050
C 392
R
P 000001109A075050
P 00000110A3725150
C 482
R
P 000001109A075050
C 392
R
P 000001109A075050
C 15
= 00000110A39FF060
R
P 000001109A075050
C 392
R
P 000001109A075050
P 00000110A39FF060
C 16
R
P 000001109A075050
C 392
R
P 000001109A075050
S "mbqi"
C 32
R
P 000001109A075050
C 392
R
P 000001109A075050
$ |mbqi|
C 242
R
P 000001109A075050
C 392
R
P 000001109A075050
P 00000110A39FF060
$ |mbqi|
I 0
C 18
R
P 000001109A075050
C 392
R
P 000001109A075050
P 00000110A3725150
P 00000110A39FF060
C 481
R
P 000001109A075050
C 392
R
P 000001109A075050
P 000001109FFCF490
C 63
= 000001109FFCF4C0
R
P 000001109A075050
C 392
R
P 000001109A075050
P 000001109FFCF4C0
C 299
R
P 000001109A075050
C 392
R
P 000001109A075050
P 000001109FFCF4C0
C 9
R
P 000001109A075050
C 392
R
P 000001109A075050
P 00000110A3725150
P 000001109FFCF4C0
C 489
R
P 000001109A075050
C 392
R
P 000001109A075050
P 00000110A3725150
C 513
R
P 000001109A075050
C 392
R
P 000001109A075050
P 00000110A3725150
C 519
= 00000110A161F618
R
P 000001109A075050
C 392
R
P 000001109A075050
P 00000110A161F618
C 298
R
P 000001109A075050
C 392
R
P 000001109A075050
P 00000110A161F618
C 295
= 000001109BCE07C0
R
P 000001109A075050
C 392
R
P 000001109A075050
P 000001109BCE07C0
C 249
R
P 000001109A075050
C 392
R
P 000001109A075050
P 00000110A161F618
C 301
R
P 000001109A075050
C 392
R
P 000001109A075050
P 00000110A161F618
C 300
R
P 000001109A075050
C 392
R
P 000001109A075050
P 00000110A161F618
C 299
R
P 000001109A075050
C 392
R
P 000001109A075050
P 00000110A161F618
C 9
R
P 000001109A075050
C 392
R
P 000001109A075050
P 00000110A161F618
C 377
R
P 000001109A075050
C 392
R
P 000001109A075050
P 00000110A161E9A0
U 1
P 000001109BCE1860
p 1
C 53
= 000001109FFCF580
R
P 000001109A075050
C 392
R
P 000001109A075050
P 000001109FFCF580
C 298
R
P 000001109A075050
C 392
R
P 000001109A075050
P 000001109FFCF580
C 295
= 000001109BCE1820
R
P 000001109A075050
C 392
R
P 000001109A075050
P 000001109BCE1820
C 249
R
P 000001109A075050
C 392
R
P 000001109A075050
P 000001109FFCF580
C 301
R
P 000001109A075050
C 392
R
P 000001109A075050
P 000001109FFCF580
C 300
R
P 000001109A075050
C 392
R
P 000001109A075050
P 000001109FFCF580
C 299
R
P 000001109A075050
C 392
R
P 000001109A075050
P 000001109FFCF580
C 9
R
P 000001109A075050
C 392
R
P 000001109A075050
P 00000110A161E9D8
U 1
P 000001109BCE1860
p 1
C 53
= 000001109FFCF5B0
R
P 000001109A075050
C 392
R
P 000001109A075050
P 000001109FFCF5B0
C 298
R
P 000001109A075050
C 392
R
P 000001109A075050
P 000001109FFCF5B0
C 295
= 000001109BCE1820
R
P 000001109A075050
C 392
R
P 000001109A075050
P 000001109BCE1820
C 249
R
P 000001109A075050
C 392
R
P 000001109A075050
P 000001109FFCF5B0
C 301
R
P 000001109A075050
C 392
R
P 000001109A075050
P 000001109FFCF5B0
C 300
R
P 000001109A075050
C 392
R
P 000001109A075050
P 000001109FFCF5B0
C 299
R
P 000001109A075050
C 392
R
P 000001109A075050
P 000001109FFCF5B0
C 9
R
P 000001109A075050
C 392
R
P 000001109A075050
P 00000110A1ACA940
U 2
P 000001109FFCF580
P 000001109FFCF5B0
p 2
C 53
= 00000110A161F490
R
P 000001109A075050
C 392
R
P 000001109A075050
P 00000110A161F490
C 298
R
P 000001109A075050
C 392
R
P 000001109A075050
P 00000110A161F490
C 295
= 000001109BCE1820
R
P 000001109A075050
C 392
R
P 000001109A075050
P 000001109BCE1820
C 249
R
P 000001109A075050
C 392
R
P 000001109A075050
P 00000110A161F490
C 301
R
P 000001109A075050
C 392
R
P 000001109A075050
P 00000110A161F490
C 300
R
P 000001109A075050
C 392
R
P 000001109A075050
P 00000110A161F490
C 299
R
P 000001109A075050
C 392
R
P 000001109A075050
P 00000110A161F490
C 9
R
P 000001109A075050
C 392
R
P 000001109A075050
P 000001109BCE1860
P 00000110A161F490
C 61
= 00000110A161F570
R
P 000001109A075050
C 392
R
P 000001109A075050
P 00000110A161F570
C 299
R
P 000001109A075050
C 392
R
P 000001109A075050
P 00000110A161F570
C 9
R
P 000001109A075050
C 392
R
P 000001109A075050
P 00000110A161EA10
U 1
P 000001109BCE1860
p 1
C 53
= 000001109FFCF310
R
P 000001109A075050
C 392
R
P 000001109A075050
P 000001109FFCF310
C 298
R
P 000001109A075050
C 392
R
P 000001109A075050
P 000001109FFCF310
C 295
= 000001109BCE07A0
R
P 000001109A075050
C 392
R
P 000001109A075050
P 000001109BCE07A0
C 249
R
P 000001109A075050
C 392
R
P 000001109A075050
P 000001109FFCF310
C 301
R
P 000001109A075050
C 392
R
P 000001109A075050
P 000001109FFCF310
C 300
R
P 000001109A075050
C 392
R
P 000001109A075050
P 000001109FFCF310
C 299
R
P 000001109A075050
C 392
R
P 000001109A075050
P 000001109FFCF310
C 9
R
P 000001109A075050
C 392
R
P 000001109A075050
P 000001109FFCF310
P 00000110A161F570
C 66
= 00000110A161F650
R
P 000001109A075050
C 392
R
P 000001109A075050
P 00000110A161F650
C 299
R
P 000001109A075050
C 392
R
P 000001109A075050
P 00000110A161F650
C 9
R
P 000001109A075050
C 392
R
P 000001109A075050
P 00000110A161F650
C 377
R
P 000001109A075050
C 392
R
P 000001109A075050
P 00000110A161F650
C 377
R
P 000001109A075050
C 392
R
P 000001109A075050
C 473
= 00000110A3726070
R
P 000001109A075050
C 392
R
P 000001109A075050
P 00000110A3726070
C 482
R
P 000001109A075050
C 392
R
P 000001109A075050
C 15
= 00000110A3CF28E0
R
P 000001109A075050
C 392
R
P 000001109A075050
P 00000110A3CF28E0
C 16
R
P 000001109A075050
C 392
R
P 000001109A075050
S "mbqi"
C 32
R
P 000001109A075050
C 392
R
P 000001109A075050
$ |mbqi|
C 242
R
P 000001109A075050
C 392
R
P 000001109A075050
P 00000110A3CF28E0
$ |mbqi|
I 0
C 18
R
P 000001109A075050
C 392
R
P 000001109A075050
P 00000110A3726070
P 00000110A3CF28E0
C 481
R
P 000001109A075050
C 392
R
P 000001109A075050
P 00000110A161F650
C 63
= 000001109FFCF5E0
R
P 000001109A075050
C 392
R
P 000001109A075050
P 000001109FFCF5E0
C 299
R
P 000001109A075050
C 392
R
P 000001109A075050
P 000001109FFCF5E0
C 9
R
P 000001109A075050
C 392
R
P 000001109A075050
P 00000110A3726070
P 000001109FFCF5E0
C 489
R
P 000001109A075050
C 392
R
P 000001109A075050
P 00000110A3726070
C 513
R
P 000001109A075050
C 392
R
P 000001109A075050
P 00000110A3726070
C 519
= 000001109BDF05B0
R
P 000001109A075050
C 392
R
P 000001109A075050
P 000001109BDF05B0
C 298
R
P 000001109A075050
C 392
R
P 000001109A075050
P 000001109BDF05B0
C 295
= 000001109BCE07C0
R
P 000001109A075050
C 392
R
P 000001109A075050
P 000001109BCE07C0
C 249
R
P 000001109A075050
C 392
R
P 000001109A075050
P 000001109BDF05B0
C 301
R
P 000001109A075050
C 392
R
P 000001109A075050
P 000001109BDF05B0
C 300
R
P 000001109A075050
C 392
R
P 000001109A075050
P 000001109BDF05B0
C 299
R
P 000001109A075050
C 392
R
P 000001109A075050
P 000001109BDF05B0
C 9
R
P 000001109A075050
C 392
R
P 000001109A075050
P 000001109BDF05B0
C 377
R
P 000001109A075050
C 392
R
P 000001109A075050
P 00000110A161F570
C 377
R
P 000001109A075050
C 392
R
P 000001109A075050
C 473
= 00000110A37256D0
R
P 000001109A075050
C 392
R
P 000001109A075050
P 00000110A37256D0
C 482
R
P 000001109A075050
C 392
R
P 000001109A075050
C 15
= 00000110A43FCE10
R
P 000001109A075050
C 392
R
P 000001109A075050
P 00000110A43FCE10
C 16
R
P 000001109A075050
C 392
R
P 000001109A075050
S "mbqi"
C 32
R
P 000001109A075050
C 392
R
P 000001109A075050
$ |mbqi|
C 242
R
P 000001109A075050
C 392
R
P 000001109A075050
P 00000110A43FCE10
$ |mbqi|
I 0
C 18
R
P 000001109A075050
C 392
R
P 000001109A075050
P 00000110A37256D0
P 00000110A43FCE10
C 481
R
P 000001109A075050
C 392
R
P 000001109A075050
P 00000110A161F570
C 63
= 000001109FFCF6D0
R
P 000001109A075050
C 392
R
P 000001109A075050
P 000001109FFCF6D0
C 299
R
P 000001109A075050
C 392
R
P 000001109A075050
P 000001109FFCF6D0
C 9
R
P 000001109A075050
C 392
R
P 000001109A075050
P 00000110A37256D0
P 000001109FFCF6D0
C 489
R
P 000001109A075050
C 392
R
P 000001109A075050
P 00000110A37256D0
C 513
R
P 000001109A075050
C 392
R
P 000001109A075050
P 00000110A37256D0
C 518
= 00000110A4562360
R
P 000001109A075050
C 392
R
P 000001109A075050
P 00000110A4562360
C 344
R
P 000001109A075050
C 392
R
P 000001109A075050
P 00000110A4562360
C 381
R
P 000001109A075050
C 392
M "ForestExample"
R
P 000001109A075050
S "head"
C 32
R
P 000001109A075050
C 392
R
P 000001109A075050
$ |head|
C 242
R
P 000001109A075050
C 392
R
P 000001109A075050
S "tail"
C 32
R
P 000001109A075050
C 392
R
P 000001109A075050
$ |tail|
C 242
R
P 000001109A075050
C 392
R
P 000001109A075050
S "car"
C 32
R
P 000001109A075050
C 392
R
P 000001109A075050
$ |car|
C 242
R
P 000001109A075050
C 392
R
P 000001109A075050
S "cdr"
C 32
R
P 000001109A075050
C 392
R
P 000001109A075050
$ |cdr|
C 242
R
P 000001109A075050
C 392
R
P 000001109A075050
S "forest"
C 32
R
P 000001109A075050
C 392
R
P 000001109A075050
$ |forest|
C 242
R
P 000001109A075050
C 392
R
P 000001109A075050
S "tree"
C 32
R
P 000001109A075050
C 392
R
P 000001109A075050
$ |tree|
C 242
R
P 000001109A075050
C 392
R
P 000001109A075050
S "nil"
C 32
R
P 000001109A075050
C 392
R
P 000001109A075050
$ |nil|
C 242
R
P 000001109A075050
C 392
R
P 000001109A075050
S "is_nil"
C 32
R
P 000001109A075050
C 392
R
P 000001109A075050
$ |is_nil|
C 242
R
P 000001109A075050
C 392
R
P 000001109A075050
$ |nil|
$ |is_nil|
U 0
s 0
p 0
u 0
C 44
= 00000110A4786F30
R
P 000001109A075050
C 392
R
P 000001109A075050
S "cons1"
C 32
R
P 000001109A075050
C 392
R
P 000001109A075050
$ |cons1|
C 242
R
P 000001109A075050
C 392
R
P 000001109A075050
S "is_cons1"
C 32
R
P 000001109A075050
C 392
R
P 000001109A075050
$ |is_cons1|
C 242
R
P 000001109A075050
C 392
R
P 000001109A075050
$ |cons1|
$ |is_cons1|
U 2
$ |head|
$ |tail|
s 2
P 0000000000000000
P 0000000000000000
p 2
U 1
U 0
u 2
C 44
= 00000110A4786F80
R
P 000001109A075050
C 392
R
P 000001109A075050
S "nil2"
C 32
R
P 000001109A075050
C 392
R
P 000001109A075050
$ |nil2|
C 242
R
P 000001109A075050
C 392
R
P 000001109A075050
S "is_nil2"
C 32
R
P 000001109A075050
C 392
R
P 000001109A075050
$ |is_nil2|
C 242
R
P 000001109A075050
C 392
R
P 000001109A075050
$ |nil2|
$ |is_nil2|
U 0
s 0
p 0
u 0
C 44
= 00000110A4787020
R
P 000001109A075050
C 392
R
P 000001109A075050
S "cons2"
C 32
R
P 000001109A075050
C 392
R
P 000001109A075050
$ |cons2|
C 242
R
P 000001109A075050
C 392
R
P 000001109A075050
S "is_cons2"
C 32
R
P 000001109A075050
C 392
R
P 000001109A075050
$ |is_cons2|
C 242
R
P 000001109A075050
C 392
R
P 000001109A075050
$ |cons2|
$ |is_cons2|
U 2
$ |car|
$ |cdr|
s 2
P 0000000000000000
P 0000000000000000
p 2
U 0
U 0
u 2
C 44
= 00000110A4789870
R
P 000001109A075050
C 392
R
P 000001109A075050
U 2
P 00000110A4786F30
P 00000110A4786F80
p 2
C 48
= 000001109CBBA070
R
P 000001109A075050
C 392
R
P 000001109A075050
U 2
P 00000110A4787020
P 00000110A4789870
p 2
C 48
= 000001109CBB9E50
R
P 000001109A075050
C 392
R
P 000001109A075050
U 2
$ |forest|
$ |tree|
s 2
P 0000000000000000
P 0000000000000000
p 2
P 000001109CBBA070
P 000001109CBB9E50
p 2
C 50
@ 000001109BCE18E0 3 0
@ 000001109BCE1900 3 1
@ 000001109CBBA070 4 0
@ 000001109CBB9E50 4 1
R
P 000001109A075050
C 392
R
P 000001109A075050
P 000001109BCE18E0
C 298
R
P 000001109A075050
C 392
R
P 000001109A075050
P 000001109BCE18E0
C 9
R
P 000001109A075050
C 392
R
P 000001109A075050
P 000001109BCE1900
C 298
R
P 000001109A075050
C 392
R
P 000001109A075050
P 000001109BCE1900
C 9
R
P 000001109A075050
C 392
R
P 000001109A075050
P 00000110A4786F30
U 0
P 0000000000000000
P 0000000000000000
p 0
C 51
* 000001109FFCF790 3
* 00000110A161F880 4
R
P 000001109A075050
C 392
R
P 000001109A075050
P 000001109FFCF790
C 298
R
P 000001109A075050
C 392
R
P 000001109A075050
P 000001109FFCF790
C 9
R
P 000001109A075050
C 392
R
P 000001109A075050
P 00000110A4786F30
U 0
P 0000000000000000
P 0000000000000000
p 0
C 51
* 000001109FFCF790 3
* 00000110A161F880 4
R
P 000001109A075050
C 392
R
P 000001109A075050
P 00000110A161F880
C 298
R
P 000001109A075050
C 392
R
P 000001109A075050
P 00000110A161F880
C 9
R
P 000001109A075050
C 392
R
P 000001109A075050
P 00000110A4786F80
U 2
P 0000000000000000
P 0000000000000000
P 0000000000000000
P 0000000000000000
p 2
C 51
* 00000110A1ACAE00 3
* 00000110A161F8B8 4
@ 00000110A161F8F0 5 0
@ 00000110A161F928 5 1
R
P 000001109A075050
C 392
R
P 000001109A075050
P 00000110A1ACAE00
C 298
R
P 000001109A075050
C 392
R
P 000001109A075050
P 00000110A1ACAE00
C 9
R
P 000001109A075050
C 392
R
P 000001109A075050
P 00000110A4786F80
U 2
P 0000000000000000
P 0000000000000000
P 0000000000000000
P 0000000000000000
p 2
C 51
* 00000110A1ACAE00 3
* 00000110A161F928 4
@ 00000110A161F8F0 5 0
@ 00000110A161F8B8 5 1
R
P 000001109A075050
C 392
R
P 000001109A075050
P 00000110A161F928
C 298
R
P 000001109A075050
C 392
R
P 000001109A075050
P 00000110A161F928
C 9
R
P 000001109A075050
C 392
R
P 000001109A075050
P 00000110A4786F80
U 2
P 0000000000000000
P 0000000000000000
P 0000000000000000
P 0000000000000000
p 2
C 51
* 00000110A1ACAE00 3
* 00000110A161F928 4
@ 00000110A161F8B8 5 0
@ 00000110A161F8F0 5 1
R
P 000001109A075050
C 392
R
P 000001109A075050
P 00000110A161F8B8
C 298
R
P 000001109A075050
C 392
R
P 000001109A075050
P 00000110A161F8B8
C 9
R
P 000001109A075050
C 392
R
P 000001109A075050
P 00000110A161F8F0
C 298
R
P 000001109A075050
C 392
R
P 000001109A075050
P 00000110A161F8F0
C 9
R
P 000001109A075050
C 392
R
P 000001109A075050
P 00000110A4787020
U 0
P 0000000000000000
P 0000000000000000
p 0
C 51
* 000001109FFCF7F0 3
* 00000110A161F810 4
R
P 000001109A075050
C 392
R
P 000001109A075050
P 000001109FFCF7F0
C 298
R
P 000001109A075050
C 392
R
P 000001109A075050
P 000001109FFCF7F0
C 9
R
P 000001109A075050
C 392
R
P 000001109A075050
P 00000110A4787020
U 0
P 0000000000000000
P 0000000000000000
p 0
C 51
* 000001109FFCF7F0 3
* 00000110A161F810 4
R
P 000001109A075050
C 392
R
P 000001109A075050
P 00000110A161F810
C 298
R
P 000001109A075050
C 392
R
P 000001109A075050
P 00000110A161F810
C 9
R
P 000001109A075050
C 392
R
P 000001109A075050
P 00000110A4789870
U 2
P 0000000000000000
P 0000000000000000
P 0000000000000000
P 0000000000000000
p 2
C 51
* 00000110A1ACAE40 3
* 00000110A161F848 4
@ 00000110A161F998 5 0
@ 00000110A161F9D0 5 1
R
P 000001109A075050
C 392
R
P 000001109A075050
P 00000110A1ACAE40
C 298
R
P 000001109A075050
C 392
R
P 000001109A075050
P 00000110A1ACAE40
C 9
R
P 000001109A075050
C 392
R
P 000001109A075050
P 00000110A4789870
U 2
P 0000000000000000
P 0000000000000000
P 0000000000000000
P 0000000000000000
p 2
C 51
* 00000110A1ACAE40 3
* 00000110A161F9D0 4
@ 00000110A161F998 5 0
@ 00000110A161F848 5 1
R
P 000001109A075050
C 392
R
P 000001109A075050
P 00000110A161F9D0
C 298
R
P 000001109A075050
C 392
R
P 000001109A075050
P 00000110A161F9D0
C 9
R
P 000001109A075050
C 392
R
P 000001109A075050
P 00000110A4789870
U 2
P 0000000000000000
P 0000000000000000
P 0000000000000000
P 0000000000000000
p 2
C 51
* 00000110A1ACAE40 3
* 00000110A161F9D0 4
@ 00000110A161F848 5 0
@ 00000110A161F998 5 1
R
P 000001109A075050
C 392
R
P 000001109A075050
P 00000110A161F848
C 298
R
P 000001109A075050
C 392
R
P 000001109A075050
P 00000110A161F848
C 9
R
P 000001109A075050
C 392
R
P 000001109A075050
P 00000110A161F998
C 298
R
P 000001109A075050
C 392
R
P 000001109A075050
P 00000110A161F998
C 9
R
P 000001109A075050
C 392
R
P 000001109A075050
P 000001109FFCF790
U 0
p 0
C 53
= 000001109BCE1920
R
P 000001109A075050
C 392
R
P 000001109A075050
P 000001109BCE1920
C 298
R
P 000001109A075050
C 392
R
P 000001109A075050
P 000001109BCE1920
C 295
= 000001109BCE18E0
R
P 000001109A075050
C 392
R
P 000001109A075050
P 000001109BCE18E0
C 249
R
P 000001109A075050
C 392
R
P 000001109A075050
P 000001109BCE1920
C 301
R
P 000001109A075050
C 392
R
P 000001109A075050
P 000001109BCE1920
C 300
R
P 000001109A075050
C 392
R
P 000001109A075050
P 000001109BCE1920
C 299
R
P 000001109A075050
C 392
R
P 000001109A075050
P 000001109BCE1920
C 9
R
P 000001109A075050
C 392
R
P 000001109A075050
P 000001109FFCF7F0
U 0
p 0
C 53
= 000001109BCE1940
R
P 000001109A075050
C 392
R
P 000001109A075050
P 000001109BCE1940
C 298
R
P 000001109A075050
C 392
R
P 000001109A075050
P 000001109BCE1940
C 295
= 000001109BCE1900
R
P 000001109A075050
C 392
R
P 000001109A075050
P 000001109BCE1900
C 249
R
P 000001109A075050
C 392
R
P 000001109A075050
P 000001109BCE1940
C 301
R
P 000001109A075050
C 392
R
P 000001109A075050
P 000001109BCE1940
C 300
R
P 000001109A075050
C 392
R
P 000001109A075050
P 000001109BCE1940
C 299
R
P 000001109A075050
C 392
R
P 000001109A075050
P 000001109BCE1940
C 9
R
P 000001109A075050
C 392
R
P 000001109A075050
P 00000110A1ACAE00
U 2
P 000001109BCE1940
P 000001109BCE1920
p 2
C 53
= 00000110A161FA08
R
P 000001109A075050
C 392
R
P 000001109A075050
P 00000110A161FA08
C 298
R
P 000001109A075050
C 392
R
P 000001109A075050
P 00000110A161FA08
C 295
= 000001109BCE18E0
R
P 000001109A075050
C 392
R
P 000001109A075050
P 000001109BCE18E0
C 249
R
P 000001109A075050
C 392
R
P 000001109A075050
P 00000110A161FA08
C 301
R
P 000001109A075050
C 392
R
P 000001109A075050
P 00000110A161FA08
C 300
R
P 000001109A075050
C 392
R
P 000001109A075050
P 00000110A161FA08
C 299
R
P 000001109A075050
C 392
R
P 000001109A075050
P 00000110A161FA08
C 9
R
P 000001109A075050
C 392
R
P 000001109A075050
P 00000110A1ACAE40
U 2
P 000001109BCE1920
P 000001109BCE1920
p 2
C 53
= 00000110A161FA40
R
P 000001109A075050
C 392
R
P 000001109A075050
P 00000110A161FA40
C 298
R
P 000001109A075050
C 392
R
P 000001109A075050
P 00000110A161FA40
C 295
= 000001109BCE1900
R
P 000001109A075050
C 392
R
P 000001109A075050
P 000001109BCE1900
C 249
R
P 000001109A075050
C 392
R
P 000001109A075050
P 00000110A161FA40
C 301
R
P 000001109A075050
C 392
R
P 000001109A075050
P 00000110A161FA40
C 300
R
P 000001109A075050
C 392
R
P 000001109A075050
P 00000110A161FA40
C 299
R
P 000001109A075050
C 392
R
P 000001109A075050
P 00000110A161FA40
C 9
R
P 000001109A075050
C 392
R
P 000001109A075050
P 00000110A1ACAE40
U 2
P 00000110A161FA08
P 000001109BCE1920
p 2
C 53
= 00000110A161FA78
R
P 000001109A075050
C 392
R
P 000001109A075050
P 00000110A161FA78
C 298
R
P 000001109A075050
C 392
R
P 000001109A075050
P 00000110A161FA78
C 295
= 000001109BCE1900
R
P 000001109A075050
C 392
R
P 000001109A075050
P 000001109BCE1900
C 249
R
P 000001109A075050
C 392
R
P 000001109A075050
P 00000110A161FA78
C 301
R
P 000001109A075050
C 392
R
P 000001109A075050
P 00000110A161FA78
C 300
R
P 000001109A075050
C 392
R
P 000001109A075050
P 00000110A161FA78
C 299
R
P 000001109A075050
C 392
R
P 000001109A075050
P 00000110A161FA78
C 9
R
P 000001109A075050
C 392
R
P 000001109A075050
P 00000110A1ACAE40
U 2
P 00000110A161FA08
P 00000110A161FA08
p 2
C 53
= 00000110A161FAB0
R
P 000001109A075050
C 392
R
P 000001109A075050
P 00000110A161FAB0
C 298
R
P 000001109A075050
C 392
R
P 000001109A075050
P 00000110A161FAB0
C 295
= 000001109BCE1900
R
P 000001109A075050
C 392
R
P 000001109A075050
P 000001109BCE1900
C 249
R
P 000001109A075050
C 392
R
P 000001109A075050
P 00000110A161FAB0
C 301
R
P 000001109A075050
C 392
R
P 000001109A075050
P 00000110A161FAB0
C 300
R
P 000001109A075050
C 392
R
P 000001109A075050
P 00000110A161FAB0
C 299
R
P 000001109A075050
C 392
R
P 000001109A075050
P 00000110A161FAB0
C 9
R
P 000001109A075050
C 392
R
P 000001109A075050
P 00000110A1ACAE40
U 2
P 000001109BCE1920
P 00000110A161FA08
p 2
C 53
= 00000110A161FAE8
R
P 000001109A075050
C 392
R
P 000001109A075050
P 00000110A161FAE8
C 298
R
P 000001109A075050
C 392
R
P 000001109A075050
P 00000110A161FAE8
C 295
= 000001109BCE1900
R
P 000001109A075050
C 392
R
P 000001109A075050
P 000001109BCE1900
C 249
R
P 000001109A075050
C 392
R
P 000001109A075050
P 00000110A161FAE8
C 301
R
P 000001109A075050
C 392
R
P 000001109A075050
P 00000110A161FAE8
C 300
R
P 000001109A075050
C 392
R
P 000001109A075050
P 00000110A161FAE8
C 299
R
P 000001109A075050
C 392
R
P 000001109A075050
P 00000110A161FAE8
C 9
R
P 000001109A075050
C 392
R
P 000001109A075050
P 00000110A1ACAE00
U 2
P 00000110A161FA40
P 000001109BCE1920
p 2
C 53
= 00000110A161FB20
R
P 000001109A075050
C 392
R
P 000001109A075050
P 00000110A161FB20
C 298
R
P 000001109A075050
C 392
R
P 000001109A075050
P 00000110A161FB20
C 295
= 000001109BCE18E0
R
P 000001109A075050
C 392
R
P 000001109A075050
P 000001109BCE18E0
C 249
R
P 000001109A075050
C 392
R
P 000001109A075050
P 00000110A161FB20
C 301
R
P 000001109A075050
C 392
R
P 000001109A075050
P 00000110A161FB20
C 300
R
P 000001109A075050
C 392
R
P 000001109A075050
P 00000110A161FB20
C 299
R
P 000001109A075050
C 392
R
P 000001109A075050
P 00000110A161FB20
C 9
R
P 000001109A075050
C 392
R
P 000001109A075050
P 00000110A1ACAE00
U 2
P 00000110A161FA40
P 00000110A161FA08
p 2
C 53
= 00000110A161FB58
R
P 000001109A075050
C 392
R
P 000001109A075050
P 00000110A161FB58
C 298
R
P 000001109A075050
C 392
R
P 000001109A075050
P 00000110A161FB58
C 295
= 000001109BCE18E0
R
P 000001109A075050
C 392
R
P 000001109A075050
P 000001109BCE18E0
C 249
R
P 000001109A075050
C 392
R
P 000001109A075050
P 00000110A161FB58
C 301
R
P 000001109A075050
C 392
R
P 000001109A075050
P 00000110A161FB58
C 300
R
P 000001109A075050
C 392
R
P 000001109A075050
P 00000110A161FB58
C 299
R
P 000001109A075050
C 392
R
P 000001109A075050
P 00000110A161FB58
C 9
R
P 000001109A075050
C 392
R
P 000001109A075050
P 000001109BCE1920
P 00000110A161FA08
C 61
= 00000110A161FB90
R
P 000001109A075050
C 392
R
P 000001109A075050
P 00000110A161FB90
C 299
R
P 000001109A075050
C 392
R
P 000001109A075050
P 00000110A161FB90
C 9
R
P 000001109A075050
C 392
R
P 000001109A075050
P 00000110A161FB90
C 63
= 000001109FFCF820
R
P 000001109A075050
C 392
R
P 000001109A075050
P 000001109FFCF820
C 299
R
P 000001109A075050
C 392
R
P 000001109A075050
P 000001109FFCF820
C 9
R
P 000001109A075050
C 392
R
P 000001109A075050
P 000001109FFCF820
C 377
R
P 000001109A075050
C 392
R
P 000001109A075050
C 473
= 00000110A3726CD0
R
P 000001109A075050
C 392
R
P 000001109A075050
P 00000110A3726CD0
C 482
R
P 000001109A075050
C 392
R
P 000001109A075050
C 15
= 00000110A4562FF0
R
P 000001109A075050
C 392
R
P 000001109A075050
P 00000110A4562FF0
C 16
R
P 000001109A075050
C 392
R
P 000001109A075050
S "mbqi"
C 32
R
P 000001109A075050
C 392
R
P 000001109A075050
$ |mbqi|
C 242
R
P 000001109A075050
C 392
R
P 000001109A075050
P 00000110A4562FF0
$ |mbqi|
I 0
C 18
R
P 000001109A075050
C 392
R
P 000001109A075050
P 00000110A3726CD0
P 00000110A4562FF0
C 481
R
P 000001109A075050
C 392
R
P 000001109A075050
P 000001109FFCF820
C 63
= 000001109FFCF850
R
P 000001109A075050
C 392
R
P 000001109A075050
P 000001109FFCF850
C 299
R
P 000001109A075050
C 392
R
P 000001109A075050
P 000001109FFCF850
C 9
R
P 000001109A075050
C 392
R
P 000001109A075050
P 00000110A3726CD0
P 000001109FFCF850
C 489
R
P 000001109A075050
C 392
R
P 000001109A075050
P 00000110A3726CD0
C 513
R
P 000001109A075050
C 392
R
P 000001109A075050
P 00000110A3726CD0
C 519
= 00000110A1ACAF40
R
P 000001109A075050
C 392
R
P 000001109A075050
P 00000110A1ACAF40
C 298
R
P 000001109A075050
C 392
R
P 000001109A075050
P 00000110A1ACAF40
C 295
= 000001109BCE07C0
R
P 000001109A075050
C 392
R
P 000001109A075050
P 000001109BCE07C0
C 249
R
P 000001109A075050
C 392
R
P 000001109A075050
P 00000110A1ACAF40
C 301
R
P 000001109A075050
C 392
R
P 000001109A075050
P 00000110A1ACAF40
C 300
R
P 000001109A075050
C 392
R
P 000001109A075050
P 00000110A1ACAF40
C 299
R
P 000001109A075050
C 392
R
P 000001109A075050
P 00000110A1ACAF40
C 9
R
P 000001109A075050
C 392
R
P 000001109A075050
P 00000110A1ACAF40
C 377
R
P 000001109A075050
C 392
R
P 000001109A075050
P 000001109BCE1940
P 00000110A161FA40
C 61
= 00000110A161FD50
R
P 000001109A075050
C 392
R
P 000001109A075050
P 00000110A161FD50
C 299
R
P 000001109A075050
C 392
R
P 000001109A075050
P 00000110A161FD50
C 9
R
P 000001109A075050
C 392
R
P 000001109A075050
P 00000110A161FD50
C 63
= 000001109FFCF8E0
R
P 000001109A075050
C 392
R
P 000001109A075050
P 000001109FFCF8E0
C 299
R
P 000001109A075050
C 392
R
P 000001109A075050
P 000001109FFCF8E0
C 9
R
P 000001109A075050
C 392
R
P 000001109A075050
P 000001109FFCF8E0
C 377
R
P 000001109A075050
C 392
R
P 000001109A075050
C 473
= 00000110A37294B0
R
P 000001109A075050
C 392
R
P 000001109A075050
P 00000110A37294B0
C 482
R
P 000001109A075050
C 392
R
P 000001109A075050
C 15
= 00000110A4A180C0
R
P 000001109A075050
C 392
R
P 000001109A075050
P 00000110A4A180C0
C 16
R
P 000001109A075050
C 392
R
P 000001109A075050
S "mbqi"
C 32
R
P 000001109A075050
C 392
R
P 000001109A075050
$ |mbqi|
C 242
R
P 000001109A075050
C 392
R
P 000001109A075050
P 00000110A4A180C0
$ |mbqi|
I 0
C 18
R
P 000001109A075050
C 392
R
P 000001109A075050
P 00000110A37294B0
P 00000110A4A180C0
C 481
R
P 000001109A075050
C 392
R
P 000001109A075050
P 000001109FFCF8E0
C 63
= 000001109FFCF910
R
P 000001109A075050
C 392
R
P 000001109A075050
P 000001109FFCF910
C 299
R
P 000001109A075050
C 392
R
P 000001109A075050
P 000001109FFCF910
C 9
R
P 000001109A075050
C 392
R
P 000001109A075050
P 00000110A37294B0
P 000001109FFCF910
C 489
R
P 000001109A075050
C 392
R
P 000001109A075050
P 00000110A37294B0
C 513
R
P 000001109A075050
C 392
R
P 000001109A075050
P 00000110A37294B0
C 519
= 00000110A1ACB040
R
P 000001109A075050
C 392
R
P 000001109A075050
P 00000110A1ACB040
C 298
R
P 000001109A075050
C 392
R
P 000001109A075050
P 00000110A1ACB040
C 295
= 000001109BCE07C0
R
P 000001109A075050
C 392
R
P 000001109A075050
P 000001109BCE07C0
C 249
R
P 000001109A075050
C 392
R
P 000001109A075050
P 00000110A1ACB040
C 301
R
P 000001109A075050
C 392
R
P 000001109A075050
P 00000110A1ACB040
C 300
R
P 000001109A075050
C 392
R
P 000001109A075050
P 00000110A1ACB040
C 299
R
P 000001109A075050
C 392
R
P 000001109A075050
P 00000110A1ACB040
C 9
R
P 000001109A075050
C 392
R
P 000001109A075050
P 00000110A1ACB040
C 377
R
P 000001109A075050
C 392
R
P 000001109A075050
S "u"
C 32
R
P 000001109A075050
C 392
R
P 000001109A075050
$ |u|
C 242
R
P 000001109A075050
C 392
R
P 000001109A075050
$ |u|
P 000001109BCE18E0
C 54
= 000001109BCE1960
R
P 000001109A075050
C 392
R
P 000001109A075050
P 000001109BCE1960
C 298
R
P 000001109A075050
C 392
R
P 000001109A075050
P 000001109BCE1960
C 295
= 000001109BCE18E0
R
P 000001109A075050
C 392
R
P 000001109A075050
P 000001109BCE18E0
C 249
R
P 000001109A075050
C 392
R
P 000001109A075050
P 000001109BCE1960
C 301
R
P 000001109A075050
C 392
R
P 000001109A075050
P 000001109BCE1960
C 300
R
P 000001109A075050
C 392
R
P 000001109A075050
P 000001109BCE1960
C 299
R
P 000001109A075050
C 392
R
P 000001109A075050
P 000001109BCE1960
C 9
R
P 000001109A075050
C 392
R
P 000001109A075050
S "v"
C 32
R
P 000001109A075050
C 392
R
P 000001109A075050
$ |v|
C 242
R
P 000001109A075050
C 392
R
P 000001109A075050
$ |v|
P 000001109BCE18E0
C 54
= 000001109BCE1980
R
P 000001109A075050
C 392
R
P 000001109A075050
P 000001109BCE1980
C 298
R
P 000001109A075050
C 392
R
P 000001109A075050
P 000001109BCE1980
C 295
= 000001109BCE18E0
R
P 000001109A075050
C 392
R
P 000001109A075050
P 000001109BCE18E0
C 249
R
P 000001109A075050
C 392
R
P 000001109A075050
P 000001109BCE1980
C 301
R
P 000001109A075050
C 392
R
P 000001109A075050
P 000001109BCE1980
C 300
R
P 000001109A075050
C 392
R
P 000001109A075050
P 000001109BCE1980
C 299
R
P 000001109A075050
C 392
R
P 000001109A075050
P 000001109BCE1980
C 9
R
P 000001109A075050
C 392
R
P 000001109A075050
S "x"
C 32
R
P 000001109A075050
C 392
R
P 000001109A075050
$ |x|
C 242
R
P 000001109A075050
C 392
R
P 000001109A075050
$ |x|
P 000001109BCE1900
C 54
= 000001109BCE19A0
R
P 000001109A075050
C 392
R
P 000001109A075050
P 000001109BCE19A0
C 298
R
P 000001109A075050
C 392
R
P 000001109A075050
P 000001109BCE19A0
C 295
= 000001109BCE1900
R
P 000001109A075050
C 392
R
P 000001109A075050
P 000001109BCE1900
C 249
R
P 000001109A075050
C 392
R
P 000001109A075050
P 000001109BCE19A0
C 301
R
P 000001109A075050
C 392
R
P 000001109A075050
P 000001109BCE19A0
C 300
R
P 000001109A075050
C 392
R
P 000001109A075050
P 000001109BCE19A0
C 299
R
P 000001109A075050
C 392
R
P 000001109A075050
P 000001109BCE19A0
C 9
R
P 000001109A075050
C 392
R
P 000001109A075050
S "y"
C 32
R
P 000001109A075050
C 392
R
P 000001109A075050
$ |y|
C 242
R
P 000001109A075050
C 392
R
P 000001109A075050
$ |y|
P 000001109BCE1900
C 54
= 000001109BCE19C0
R
P 000001109A075050
C 392
R
P 000001109A075050
P 000001109BCE19C0
C 298
R
P 000001109A075050
C 392
R
P 000001109A075050
P 000001109BCE19C0
C 295
= 000001109BCE1900
R
P 000001109A075050
C 392
R
P 000001109A075050
P 000001109BCE1900
C 249
R
P 000001109A075050
C 392
R
P 000001109A075050
P 000001109BCE19C0
C 301
R
P 000001109A075050
C 392
R
P 000001109A075050
P 000001109BCE19C0
C 300
R
P 000001109A075050
C 392
R
P 000001109A075050
P 000001109BCE19C0
C 299
R
P 000001109A075050
C 392
R
P 000001109A075050
P 000001109BCE19C0
C 9
R
P 000001109A075050
C 392
R
P 000001109A075050
P 00000110A1ACAE00
U 2
P 000001109BCE19A0
P 000001109BCE1960
p 2
C 53
= 00000110A161FF10
R
P 000001109A075050
C 392
R
P 000001109A075050
P 00000110A161FF10
C 298
R
P 000001109A075050
C 392
R
P 000001109A075050
P 00000110A161FF10
C 295
= 000001109BCE18E0
R
P 000001109A075050
C 392
R
P 000001109A075050
P 000001109BCE18E0
C 249
R
P 000001109A075050
C 392
R
P 000001109A075050
P 00000110A161FF10
C 301
R
P 000001109A075050
C 392
R
P 000001109A075050
P 00000110A161FF10
C 300
R
P 000001109A075050
C 392
R
P 000001109A075050
P 00000110A161FF10
C 299
R
P 000001109A075050
C 392
R
P 000001109A075050
P 00000110A161FF10
C 9
R
P 000001109A075050
C 392
R
P 000001109A075050
P 00000110A1ACAE00
U 2
P 000001109BCE19C0
P 000001109BCE1980
p 2
C 53
= 00000110A161FF48
R
P 000001109A075050
C 392
R
P 000001109A075050
P 00000110A161FF48
C 298
R
P 000001109A075050
C 392
R
P 000001109A075050
P 00000110A161FF48
C 295
= 000001109BCE18E0
R
P 000001109A075050
C 392
R
P 000001109A075050
P 000001109BCE18E0
C 249
R
P 000001109A075050
C 392
R
P 000001109A075050
P 00000110A161FF48
C 301
R
P 000001109A075050
C 392
R
P 000001109A075050
P 00000110A161FF48
C 300
R
P 000001109A075050
C 392
R
P 000001109A075050
P 00000110A161FF48
C 299
R
P 000001109A075050
C 392
R
P 000001109A075050
P 00000110A161FF48
C 9
R
P 000001109A075050
C 392
R
P 000001109A075050
P 00000110A161FF10
P 00000110A161FF48
C 61
= 00000110A161FF80
R
P 000001109A075050
C 392
R
P 000001109A075050
P 00000110A161FF80
C 299
R
P 000001109A075050
C 392
R
P 000001109A075050
P 00000110A161FF80
C 9
R
P 000001109A075050
C 392
R
P 000001109A075050
P 000001109BCE1960
P 000001109BCE1980
C 61
= 00000110A161FFB8
R
P 000001109A075050
C 392
R
P 000001109A075050
P 00000110A161FFB8
C 299
R
P 000001109A075050
C 392
R
P 000001109A075050
P 00000110A161FFB8
C 9
R
P 000001109A075050
C 392
R
P 000001109A075050
P 00000110A161FF80
P 00000110A161FFB8
C 66
= 00000110A161FFF0
R
P 000001109A075050
C 392
R
P 000001109A075050
P 00000110A161FFF0
C 299
R
P 000001109A075050
C 392
R
P 000001109A075050
P 00000110A161FFF0
C 9
R
P 000001109A075050
C 392
R
P 000001109A075050
P 00000110A161FFF0
C 377
R
P 000001109A075050
C 392
R
P 000001109A075050
C 473
= 00000110A3728430
R
P 000001109A075050
C 392
R
P 000001109A075050
P 00000110A3728430
C 482
R
P 000001109A075050
C 392
R
P 000001109A075050
C 15
= 00000110A5041580
R
P 000001109A075050
C 392
R
P 000001109A075050
P 00000110A5041580
C 16
R
P 000001109A075050
C 392
R
P 000001109A075050
S "mbqi"
C 32
R
P 000001109A075050
C 392
R
P 000001109A075050
$ |mbqi|
C 242
R
P 000001109A075050
C 392
R
P 000001109A075050
P 00000110A5041580
$ |mbqi|
I 0
C 18
R
P 000001109A075050
C 392
R
P 000001109A075050
P 00000110A3728430
P 00000110A5041580
C 481
R
P 000001109A075050
C 392
R
P 000001109A075050
P 00000110A161FFF0
C 63
= 000001109FFCFA60
R
P 000001109A075050
C 392
R
P 000001109A075050
P 000001109FFCFA60
C 299
R
P 000001109A075050
C 392
R
P 000001109A075050
P 000001109FFCFA60
C 9
R
P 000001109A075050
C 392
R
P 000001109A075050
P 00000110A3728430
P 000001109FFCFA60
C 489
R
P 000001109A075050
C 392
R
P 000001109A075050
P 00000110A3728430
C 513
R
P 000001109A075050
C 392
R
P 000001109A075050
P 00000110A3728430
C 519
= 00000110A1ACB100
R
P 000001109A075050
C 392
R
P 000001109A075050
P 00000110A1ACB100
C 298
R
P 000001109A075050
C 392
R
P 000001109A075050
P 00000110A1ACB100
C 295
= 000001109BCE07C0
R
P 000001109A075050
C 392
R
P 000001109A075050
P 000001109BCE07C0
C 249
R
P 000001109A075050
C 392
R
P 000001109A075050
P 00000110A1ACB100
C 301
R
P 000001109A075050
C 392
R
P 000001109A075050
P 00000110A1ACB100
C 300
R
P 000001109A075050
C 392
R
P 000001109A075050
P 00000110A1ACB100
C 299
R
P 000001109A075050
C 392
R
P 000001109A075050
P 00000110A1ACB100
C 9
R
P 000001109A075050
C 392
R
P 000001109A075050
P 00000110A1ACB100
C 377
R
P 000001109A075050
C 392
R
P 000001109A075050
P 00000110A161FF10
P 00000110A161FF48
C 61
= 00000110A161FF80
R
P 000001109A075050
C 392
R
P 000001109A075050
P 00000110A161FF80
C 299
R
P 000001109A075050
C 392
R
P 000001109A075050
P 00000110A161FF80
C 9
R
P 000001109A075050
C 392
R
P 000001109A075050
P 000001109BCE19A0
P 000001109BCE19C0
C 61
= 00000110A1620028
R
P 000001109A075050
C 392
R
P 000001109A075050
P 00000110A1620028
C 299
R
P 000001109A075050
C 392
R
P 000001109A075050
P 00000110A1620028
C 9
R
P 000001109A075050
C 392
R
P 000001109A075050
P 00000110A161FF80
P 00000110A1620028
C 66
= 00000110A56A22E0
R
P 000001109A075050
C 392
R
P 000001109A075050
P 00000110A56A22E0
C 299
R
P 000001109A075050
C 392
R
P 000001109A075050
P 00000110A56A22E0
C 9
R
P 000001109A075050
C 392
R
P 000001109A075050
P 00000110A56A22E0
C 377
R
P 000001109A075050
C 392
R
P 000001109A075050
C 473
= 00000110A3728590
R
P 000001109A075050
C 392
R
P 000001109A075050
P 00000110A3728590
C 482
R
P 000001109A075050
C 392
R
P 000001109A075050
C 15
= 00000110A5438580
R
P 000001109A075050
C 392
R
P 000001109A075050
P 00000110A5438580
C 16
R
P 000001109A075050
C 392
R
P 000001109A075050
S "mbqi"
C 32
R
P 000001109A075050
C 392
R
P 000001109A075050
$ |mbqi|
C 242
R
P 000001109A075050
C 392
R
P 000001109A075050
P 00000110A5438580
$ |mbqi|
I 0
C 18
R
P 000001109A075050
C 392
R
P 000001109A075050
P 00000110A3728590
P 00000110A5438580
C 481
R
P 000001109A075050
C 392
R
P 000001109A075050
P 00000110A56A22E0
C 63
= 000001109FFCFBE0
R
P 000001109A075050
C 392
R
P 000001109A075050
P 000001109FFCFBE0
C 299
R
P 000001109A075050
C 392
R
P 000001109A075050
P 000001109FFCFBE0
C 9
R
P 000001109A075050
C 392
R
P 000001109A075050
P 00000110A3728590
P 000001109FFCFBE0
C 489
R
P 000001109A075050
C 392
R
P 000001109A075050
P 00000110A3728590
C 513
R
P 000001109A075050
C 392
R
P 000001109A075050
P 00000110A3728590
C 519
= 00000110A1ACB1C0
R
P 000001109A075050
C 392
R
P 000001109A075050
P 00000110A1ACB1C0
C 298
R
P 000001109A075050
C 392
R
P 000001109A075050
P 00000110A1ACB1C0
C 295
= 000001109BCE07C0
R
P 000001109A075050
C 392
R
P 000001109A075050
P 000001109BCE07C0
C 249
R
P 000001109A075050
C 392
R
P 000001109A075050
P 00000110A1ACB1C0
C 301
R
P 000001109A075050
C 392
R
P 000001109A075050
P 00000110A1ACB1C0
C 300
R
P 000001109A075050
C 392
R
P 000001109A075050
P 00000110A1ACB1C0
C 299
R
P 000001109A075050
C 392
R
P 000001109A075050
P 00000110A1ACB1C0
C 9
R
P 000001109A075050
C 392
R
P 000001109A075050
P 00000110A1ACB1C0
C 377
R
P 000001109A075050
C 392
R
P 000001109A075050
P 00000110A161F880
U 1
P 000001109BCE1960
p 1
C 53
= 000001109FFCFD00
R
P 000001109A075050
C 392
R
P 000001109A075050
P 000001109FFCFD00
C 298
R
P 000001109A075050
C 392
R
P 000001109A075050
P 000001109FFCFD00
C 295
= 000001109BCE07A0
R
P 000001109A075050
C 392
R
P 000001109A075050
P 000001109BCE07A0
C 249
R
P 000001109A075050
C 392
R
P 000001109A075050
P 000001109FFCFD00
C 301
R
P 000001109A075050
C 392
R
P 000001109A075050
P 000001109FFCFD00
C 300
R
P 000001109A075050
C 392
R
P 000001109A075050
P 000001109FFCFD00
C 299
R
P 000001109A075050
C 392
R
P 000001109A075050
P 000001109FFCFD00
C 9
R
P 000001109A075050
C 392
R
P 000001109A075050
P 00000110A161F928
U 1
P 000001109BCE1960
p 1
C 53
= 000001109FFCFD30
R
P 000001109A075050
C 392
R
P 000001109A075050
P 000001109FFCFD30
C 298
R
P 000001109A075050
C 392
R
P 000001109A075050
P 000001109FFCFD30
C 295
= 000001109BCE07A0
R
P 000001109A075050
C 392
R
P 000001109A075050
P 000001109BCE07A0
C 249
R
P 000001109A075050
C 392
R
P 000001109A075050
P 000001109FFCFD30
C 301
R
P 000001109A075050
C 392
R
P 000001109A075050
P 000001109FFCFD30
C 300
R
P 000001109A075050
C 392
R
P 000001109A075050
P 000001109FFCFD30
C 299
R
P 000001109A075050
C 392
R
P 000001109A075050
P 000001109FFCFD30
C 9
R
P 000001109A075050
C 392
R
P 000001109A075050
U 2
P 000001109FFCFD00
P 000001109FFCFD30
p 2
C 69
= 00000110A56A2580
R
P 000001109A075050
C 392
R
P 000001109A075050
P 00000110A56A2580
C 299
R
P 000001109A075050
C 392
R
P 000001109A075050
P 00000110A56A2580
C 9
R
P 000001109A075050
C 392
R
P 000001109A075050
P 00000110A56A2580
C 377
R
P 000001109A075050
C 392
R
P 000001109A075050
C 473
= 00000110A3727B40
R
P 000001109A075050
C 392
R
P 000001109A075050
P 00000110A3727B40
C 482
R
P 000001109A075050
C 392
R
P 000001109A075050
C 15
= 00000110A5B3D5A0
R
P 000001109A075050
C 392
R
P 000001109A075050
P 00000110A5B3D5A0
C 16
R
P 000001109A075050
C 392
R
P 000001109A075050
S "mbqi"
C 32
R
P 000001109A075050
C 392
R
P 000001109A075050
$ |mbqi|
C 242
R
P 000001109A075050
C 392
R
P 000001109A075050
P 00000110A5B3D5A0
$ |mbqi|
I 0
C 18
R
P 000001109A075050
C 392
R
P 000001109A075050
P 00000110A3727B40
P 00000110A5B3D5A0
C 481
R
P 000001109A075050
C 392
R
P 000001109A075050
P 00000110A56A2580
C 63
= 000001109FFCFD60
R
P 000001109A075050
C 392
R
P 000001109A075050
P 000001109FFCFD60
C 299
R
P 000001109A075050
C 392
R
P 000001109A075050
P 000001109FFCFD60
C 9
R
P 000001109A075050
C 392
R
P 000001109A075050
P 00000110A3727B40
P 000001109FFCFD60
C 489
R
P 000001109A075050
C 392
R
P 000001109A075050
P 00000110A3727B40
C 513
R
P 000001109A075050
C 392
R
P 000001109A075050
P 00000110A3727B40
C 519
= 00000110A1ACB280
R
P 000001109A075050
C 392
R
P 000001109A075050
P 00000110A1ACB280
C 298
R
P 000001109A075050
C 392
R
P 000001109A075050
P 00000110A1ACB280
C 295
= 000001109BCE07C0
R
P 000001109A075050
C 392
R
P 000001109A075050
P 000001109BCE07C0
C 249
R
P 000001109A075050
C 392
R
P 000001109A075050
P 00000110A1ACB280
C 301
R
P 000001109A075050
C 392
R
P 000001109A075050
P 00000110A1ACB280
C 300
R
P 000001109A075050
C 392
R
P 000001109A075050
P 00000110A1ACB280
C 299
R
P 000001109A075050
C 392
R
P 000001109A075050
P 00000110A1ACB280
C 9
R
P 000001109A075050
C 392
R
P 000001109A075050
P 00000110A1ACB280
C 377
R
P 000001109A075050
C 392
R
P 000001109A075050
P 000001109BCE1960
P 00000110A161FF10
C 61
= 00000110A56A2740
R
P 000001109A075050
C 392
R
P 000001109A075050
P 00000110A56A2740
C 299
R
P 000001109A075050
C 392
R
P 000001109A075050
P 00000110A56A2740
C 9
R
P 000001109A075050
C 392
R
P 000001109A075050
P 00000110A56A2740
C 63
= 000001109FFCFEB0
R
P 000001109A075050
C 392
R
P 000001109A075050
P 000001109FFCFEB0
C 299
R
P 000001109A075050
C 392
R
P 000001109A075050
P 000001109FFCFEB0
C 9
R
P 000001109A075050
C 392
R
P 000001109A075050
P 000001109FFCFEB0
C 377
R
P 000001109A075050
C 392
R
P 000001109A075050
C 473
= 00000110A3722550
R
P 000001109A075050
C 392
R
P 000001109A075050
P 00000110A3722550
C 482
R
P 000001109A075050
C 392
R
P 000001109A075050
C 15
= 00000110A5E0CDB0
R
P 000001109A075050
C 392
R
P 000001109A075050
P 00000110A5E0CDB0
C 16
R
P 000001109A075050
C 392
R
P 000001109A075050
S "mbqi"
C 32
R
P 000001109A075050
C 392
R
P 000001109A075050
$ |mbqi|
C 242
R
P 000001109A075050
C 392
R
P 000001109A075050
P 00000110A5E0CDB0
$ |mbqi|
I 0
C 18
R
P 000001109A075050
C 392
R
P 000001109A075050
P 00000110A3722550
P 00000110A5E0CDB0
C 481
R
P 000001109A075050
C 392
R
P 000001109A075050
P 000001109FFCFEB0
C 63
= 000001109FFCFEE0
R
P 000001109A075050
C 392
R
P 000001109A075050
P 000001109FFCFEE0
C 299
R
P 000001109A075050
C 392
R
P 000001109A075050
P 000001109FFCFEE0
C 9
R
P 000001109A075050
C 392
R
P 000001109A075050
P 00000110A3722550
P 000001109FFCFEE0
C 489
R
P 000001109A075050
C 392
R
P 000001109A075050
P 00000110A3722550
C 513
R
P 000001109A075050
C 392
R
P 000001109A075050
P 00000110A3722550
C 519
= 00000110A56A2890
R
P 000001109A075050
C 392
R
P 000001109A075050
P 00000110A56A2890
C 298
R
P 000001109A075050
C 392
R
P 000001109A075050
P 00000110A56A2890
C 295
= 000001109BCE07C0
R
P 000001109A075050
C 392
R
P 000001109A075050
P 000001109BCE07C0
C 249
R
P 000001109A075050
C 392
R
P 000001109A075050
P 00000110A56A2890
C 301
R
P 000001109A075050
C 392
R
P 000001109A075050
P 00000110A56A2890
C 300
R
P 000001109A075050
C 392
R
P 000001109A075050
P 00000110A56A2890
C 299
R
P 000001109A075050
C 392
R
P 000001109A075050
P 00000110A56A2890
C 9
R
P 000001109A075050
C 392
R
P 000001109A075050
P 00000110A56A2890
C 377
R
P 000001109A075050
C 392
M "UnsatCoreAndProofExample"
R
P 000001109A075050
C 473
= 00000110A3722B80
R
P 000001109A075050
C 392
R
P 000001109A075050
P 00000110A3722B80
C 482
R
P 000001109A075050
C 392
R
P 000001109A075050
S "PredA"
C 32
R
P 000001109A075050
C 392
R
P 000001109A075050
$ |PredA|
C 242
R
P 000001109A075050
C 392
R
P 000001109A075050
C 34
= 000001109BCE07A0
R
P 000001109A075050
C 392
R
P 000001109A075050
P 000001109BCE07A0
C 298
R
P 000001109A075050
C 392
R
P 000001109A075050
P 000001109BCE07A0
C 9
R
P 000001109A075050
C 392
R
P 000001109A075050
$ |PredA|
P 000001109BCE07A0
C 54
= 000001109BCE19E0
R
P 000001109A075050
C 392
R
P 000001109A075050
P 000001109BCE19E0
C 298
R
P 000001109A075050
C 392
R
P 000001109A075050
P 000001109BCE19E0
C 295
= 000001109BCE07A0
R
P 000001109A075050
C 392
R
P 000001109A075050
P 000001109BCE07A0
C 249
R
P 000001109A075050
C 392
R
P 000001109A075050
P 000001109BCE19E0
C 301
R
P 000001109A075050
C 392
R
P 000001109A075050
P 000001109BCE19E0
C 300
R
P 000001109A075050
C 392
R
P 000001109A075050
P 000001109BCE19E0
C 299
R
P 000001109A075050
C 392
R
P 000001109A075050
P 000001109BCE19E0
C 9
R
P 000001109A075050
C 392
R
P 000001109A075050
S "PredB"
C 32
R
P 000001109A075050
C 392
R
P 000001109A075050
$ |PredB|
C 242
R
P 000001109A075050
C 392
R
P 000001109A075050
$ |PredB|
P 000001109BCE07A0
C 54
= 000001109BCE1A00
R
P 000001109A075050
C 392
R
P 000001109A075050
P 000001109BCE1A00
C 298
R
P 000001109A075050
C 392
R
P 000001109A075050
P 000001109BCE1A00
C 295
= 000001109BCE07A0
R
P 000001109A075050
C 392
R
P 000001109A075050
P 000001109BCE07A0
C 249
R
P 000001109A075050
C 392
R
P 000001109A075050
P 000001109BCE1A00
C 301
R
P 000001109A075050
C 392
R
P 000001109A075050
P 000001109BCE1A00
C 300
R
P 000001109A075050
C 392
R
P 000001109A075050
P 000001109BCE1A00
C 299
R
P 000001109A075050
C 392
R
P 000001109A075050
P 000001109BCE1A00
C 9
R
P 000001109A075050
C 392
R
P 000001109A075050
S "PredC"
C 32
R
P 000001109A075050
C 392
R
P 000001109A075050
$ |PredC|
C 242
R
P 000001109A075050
C 392
R
P 000001109A075050
$ |PredC|
P 000001109BCE07A0
C 54
= 000001109BCE1A20
R
P 000001109A075050
C 392
R
P 000001109A075050
P 000001109BCE1A20
C 298
R
P 000001109A075050
C 392
R
P 000001109A075050
P 000001109BCE1A20
C 295
= 000001109BCE07A0
R
P 000001109A075050
C 392
R
P 000001109A075050
P 000001109BCE07A0
C 249
R
P 000001109A075050
C 392
R
P 000001109A075050
P 000001109BCE1A20
C 301
R
P 000001109A075050
C 392
R
P 000001109A075050
P 000001109BCE1A20
C 300
R
P 000001109A075050
C 392
R
P 000001109A075050
P 000001109BCE1A20
C 299
R
P 000001109A075050
C 392
R
P 000001109A075050
P 000001109BCE1A20
C 9
R
P 000001109A075050
C 392
R
P 000001109A075050
S "PredD"
C 32
R
P 000001109A075050
C 392
R
P 000001109A075050
$ |PredD|
C 242
R
P 000001109A075050
C 392
R
P 000001109A075050
$ |PredD|
P 000001109BCE07A0
C 54
= 000001109BCE1A40
R
P 000001109A075050
C 392
R
P 000001109A075050
P 000001109BCE1A40
C 298
R
P 000001109A075050
C 392
R
P 000001109A075050
P 000001109BCE1A40
C 295
= 000001109BCE07A0
R
P 000001109A075050
C 392
R
P 000001109A075050
P 000001109BCE07A0
C 249
R
P 000001109A075050
C 392
R
P 000001109A075050
P 000001109BCE1A40
C 301
R
P 000001109A075050
C 392
R
P 000001109A075050
P 000001109BCE1A40
C 300
R
P 000001109A075050
C 392
R
P 000001109A075050
P 000001109BCE1A40
C 299
R
P 000001109A075050
C 392
R
P 000001109A075050
P 000001109BCE1A40
C 9
R
P 000001109A075050
C 392
R
P 000001109A075050
S "P1"
C 32
R
P 000001109A075050
C 392
R
P 000001109A075050
$ |P1|
C 242
R
P 000001109A075050
C 392
R
P 000001109A075050
$ |P1|
P 000001109BCE07A0
C 54
= 000001109BCE1A60
R
P 000001109A075050
C 392
R
P 000001109A075050
P 000001109BCE1A60
C 298
R
P 000001109A075050
C 392
R
P 000001109A075050
P 000001109BCE1A60
C 295
= 000001109BCE07A0
R
P 000001109A075050
C 392
R
P 000001109A075050
P 000001109BCE07A0
C 249
R
P 000001109A075050
C 392
R
P 000001109A075050
P 000001109BCE1A60
C 301
R
P 000001109A075050
C 392
R
P 000001109A075050
P 000001109BCE1A60
C 300
R
P 000001109A075050
C 392
R
P 000001109A075050
P 000001109BCE1A60
C 299
R
P 000001109A075050
C 392
R
P 000001109A075050
P 000001109BCE1A60
C 9
R
P 000001109A075050
C 392
R
P 000001109A075050
S "P2"
C 32
R
P 000001109A075050
C 392
R
P 000001109A075050
$ |P2|
C 242
R
P 000001109A075050
C 392
R
P 000001109A075050
$ |P2|
P 000001109BCE07A0
C 54
= 000001109BCE1A80
R
P 000001109A075050
C 392
R
P 000001109A075050
P 000001109BCE1A80
C 298
R
P 000001109A075050
C 392
R
P 000001109A075050
P 000001109BCE1A80
C 295
= 000001109BCE07A0
R
P 000001109A075050
C 392
R
P 000001109A075050
P 000001109BCE07A0
C 249
R
P 000001109A075050
C 392
R
P 000001109A075050
P 000001109BCE1A80
C 301
R
P 000001109A075050
C 392
R
P 000001109A075050
P 000001109BCE1A80
C 300
R
P 000001109A075050
C 392
R
P 000001109A075050
P 000001109BCE1A80
C 299
R
P 000001109A075050
C 392
R
P 000001109A075050
P 000001109BCE1A80
C 9
R
P 000001109A075050
C 392
R
P 000001109A075050
S "P3"
C 32
R
P 000001109A075050
C 392
R
P 000001109A075050
$ |P3|
C 242
R
P 000001109A075050
C 392
R
P 000001109A075050
$ |P3|
P 000001109BCE07A0
C 54
= 000001109BCE1AA0
R
P 000001109A075050
C 392
R
P 000001109A075050
P 000001109BCE1AA0
C 298
R
P 000001109A075050
C 392
R
P 000001109A075050
P 000001109BCE1AA0
C 295
= 000001109BCE07A0
R
P 000001109A075050
C 392
R
P 000001109A075050
P 000001109BCE07A0
C 249
R
P 000001109A075050
C 392
R
P 000001109A075050
P 000001109BCE1AA0
C 301
R
P 000001109A075050
C 392
R
P 000001109A075050
P 000001109BCE1AA0
C 300
R
P 000001109A075050
C 392
R
P 000001109A075050
P 000001109BCE1AA0
C 299
R
P 000001109A075050
C 392
R
P 000001109A075050
P 000001109BCE1AA0
C 9
R
P 000001109A075050
C 392
R
P 000001109A075050
S "P4"
C 32
R
P 000001109A075050
C 392
R
P 000001109A075050
$ |P4|
C 242
R
P 000001109A075050
C 392
R
P 000001109A075050
$ |P4|
P 000001109BCE07A0
C 54
= 000001109BCE1AC0
R
P 000001109A075050
C 392
R
P 000001109A075050
P 000001109BCE1AC0
C 298
R
P 000001109A075050
C 392
R
P 000001109A075050
P 000001109BCE1AC0
C 295
= 000001109BCE07A0
R
P 000001109A075050
C 392
R
P 000001109A075050
P 000001109BCE07A0
C 249
R
P 000001109A075050
C 392
R
P 000001109A075050
P 000001109BCE1AC0
C 301
R
P 000001109A075050
C 392
R
P 000001109A075050
P 000001109BCE1AC0
C 300
R
P 000001109A075050
C 392
R
P 000001109A075050
P 000001109BCE1AC0
C 299
R
P 000001109A075050
C 392
R
P 000001109A075050
P 000001109BCE1AC0
C 9
R
P 000001109A075050
C 392
R
P 000001109A075050
P 000001109BCE1A60
C 63
= 000001109FFD0120
R
P 000001109A075050
C 392
R
P 000001109A075050
P 000001109FFD0120
C 299
R
P 000001109A075050
C 392
R
P 000001109A075050
P 000001109FFD0120
C 9
R
P 000001109A075050
C 392
R
P 000001109A075050
P 000001109BCE1A80
C 63
= 000001109FFD0150
R
P 000001109A075050
C 392
R
P 000001109A075050
P 000001109FFD0150
C 299
R
P 000001109A075050
C 392
R
P 000001109A075050
P 000001109FFD0150
C 9
R
P 000001109A075050
C 392
R
P 000001109A075050
P 000001109BCE1AA0
C 63
= 00000110A64121D0
R
P 000001109A075050
C 392
R
P 000001109A075050
P 00000110A64121D0
C 299
R
P 000001109A075050
C 392
R
P 000001109A075050
P 00000110A64121D0
C 9
R
P 000001109A075050
C 392
R
P 000001109A075050
P 000001109BCE1AC0
C 63
= 00000110A6412200
R
P 000001109A075050
C 392
R
P 000001109A075050
P 00000110A6412200
C 299
R
P 000001109A075050
C 392
R
P 000001109A075050
P 00000110A6412200
C 9
R
P 000001109A075050
C 392
R
P 000001109A075050
U 3
P 000001109BCE19E0
P 000001109BCE1A00
P 000001109BCE1A20
p 3
C 68
= 00000110A1ACB340
R
P 000001109A075050
C 392
R
P 000001109A075050
P 00000110A1ACB340
C 299
R
P 000001109A075050
C 392
R
P 000001109A075050
P 00000110A1ACB340
C 9
R
P 000001109A075050
C 392
R
P 000001109A075050
P 000001109BCE1A00
C 63
= 00000110A6412230
R
P 000001109A075050
C 392
R
P 000001109A075050
P 00000110A6412230
C 299
R
P 000001109A075050
C 392
R
P 000001109A075050
P 00000110A6412230
C 9
R
P 000001109A075050
C 392
R
P 000001109A075050
U 3
P 000001109BCE19E0
P 00000110A6412230
P 000001109BCE1A20
p 3
C 68
= 00000110A1ACB380
R
P 000001109A075050
C 392
R
P 000001109A075050
P 00000110A1ACB380
C 299
R
P 000001109A075050
C 392
R
P 000001109A075050
P 00000110A1ACB380
C 9
R
P 000001109A075050
C 392
R
P 000001109A075050
P 000001109BCE19E0
C 63
= 00000110A6412260
R
P 000001109A075050
C 392
R
P 000001109A075050
P 00000110A6412260
C 299
R
P 000001109A075050
C 392
R
P 000001109A075050
P 00000110A6412260
C 9
R
P 000001109A075050
C 392
R
P 000001109A075050
P 000001109BCE1A20
C 63
= 00000110A6412290
R
P 000001109A075050
C 392
R
P 000001109A075050
P 00000110A6412290
C 299
R
P 000001109A075050
C 392
R
P 000001109A075050
P 00000110A6412290
C 9
R
P 000001109A075050
C 392
R
P 000001109A075050
U 2
P 00000110A6412260
P 00000110A6412290
p 2
C 69
= 00000110A56A2708
R
P 000001109A075050
C 392
R
P 000001109A075050
P 00000110A56A2708
C 299
R
P 000001109A075050
C 392
R
P 000001109A075050
P 00000110A56A2708
C 9
R
P 000001109A075050
C 392
R
P 000001109A075050
U 2
P 00000110A1ACB340
P 000001109BCE1A60
p 2
C 69
= 00000110A56A27E8
R
P 000001109A075050
C 392
R
P 000001109A075050
P 00000110A56A27E8
C 299
R
P 000001109A075050
C 392
R
P 000001109A075050
P 00000110A56A27E8
C 9
R
P 000001109A075050
C 392
R
P 000001109A075050
P 00000110A3722B80
P 00000110A56A27E8
C 489
R
P 000001109A075050
C 392
R
P 000001109A075050
U 2
P 00000110A1ACB380
P 000001109BCE1A80
p 2
C 69
= 00000110A56A2938
R
P 000001109A075050
C 392
R
P 000001109A075050
P 00000110A56A2938
C 299
R
P 000001109A075050
C 392
R
P 000001109A075050
P 00000110A56A2938
C 9
R
P 000001109A075050
C 392
R
P 000001109A075050
P 00000110A3722B80
P 00000110A56A2938
C 489
R
P 000001109A075050
C 392
R
P 000001109A075050
U 2
P 00000110A56A2708
P 000001109BCE1AA0
p 2
C 69
= 00000110A56A29E0
R
P 000001109A075050
C 392
R
P 000001109A075050
P 00000110A56A29E0
C 299
R
P 000001109A075050
C 392
R
P 000001109A075050
P 00000110A56A29E0
C 9
R
P 000001109A075050
C 392
R
P 000001109A075050
P 00000110A3722B80
P 00000110A56A29E0
C 489
R
P 000001109A075050
C 392
R
P 000001109A075050
U 2
P 000001109BCE1A40
P 000001109BCE1AC0
p 2
C 69
= 00000110A56A2A50
R
P 000001109A075050
C 392
R
P 000001109A075050
P 00000110A56A2A50
C 299
R
P 000001109A075050
C 392
R
P 000001109A075050
P 00000110A56A2A50
C 9
R
P 000001109A075050
C 392
R
P 000001109A075050
P 00000110A3722B80
P 00000110A56A2A50
C 489
R
P 000001109A075050
C 392
R
P 000001109A075050
P 00000110A3722B80
U 4
P 000001109FFD0120
P 000001109FFD0150
P 00000110A64121D0
P 00000110A6412200
p 4
C 514
R
P 000001109A075050
C 392
R
P 000001109A075050
P 00000110A3722B80
C 519
= 000001109BDF0688
R
P 000001109A075050
C 392
R
P 000001109A075050
P 000001109BDF0688
C 298
R
P 000001109A075050
C 392
R
P 000001109A075050
P 000001109BDF0688
C 295
= 000001109BCE07C0
R
P 000001109A075050
C 392
R
P 000001109A075050
P 000001109BCE07C0
C 249
R
P 000001109A075050
C 392
R
P 000001109A075050
P 000001109BDF0688
C 301
R
P 000001109A075050
C 392
R
P 000001109A075050
P 000001109BDF0688
C 300
R
P 000001109A075050
C 392
R
P 000001109A075050
P 000001109BDF0688
C 299
R
P 000001109A075050
C 392
R
P 000001109A075050
P 000001109BDF0688
C 9
R
P 000001109A075050
C 392
R
P 000001109A075050
P 000001109BDF0688
C 377
R
P 000001109A075050
C 392
R
P 000001109A075050
P 00000110A3722B80
C 520
= 00000110A64FF600
R
P 000001109A075050
C 392
R
P 000001109A075050
P 00000110A64FF600
C 536
R
P 000001109A075050
C 392
R
P 000001109A075050
P 00000110A64FF600
C 538
R
P 000001109A075050
C 392
R
P 000001109A075050
P 00000110A64FF600
U 0
C 539
= 000001109FFD0120
R
P 000001109A075050
C 392
R
P 000001109A075050
P 000001109FFD0120
C 9
R
P 000001109A075050
C 392
R
P 000001109A075050
P 000001109FFD0120
C 298
R
P 000001109A075050
C 392
R
P 000001109A075050
P 000001109FFD0120
C 295
= 000001109BCE07A0
R
P 000001109A075050
C 392
R
P 000001109A075050
P 000001109BCE07A0
C 249
R
P 000001109A075050
C 392
R
P 000001109A075050
P 000001109FFD0120
C 301
R
P 000001109A075050
C 392
R
P 000001109A075050
P 000001109FFD0120
C 300
R
P 000001109A075050
C 392
R
P 000001109A075050
P 000001109FFD0120
C 299
R
P 000001109A075050
C 392
R
P 000001109A075050
P 000001109FFD0120
C 9
R
P 000001109A075050
C 392
R
P 000001109A075050
P 00000110A64FF600
U 1
C 539
= 000001109FFD0150
R
P 000001109A075050
C 392
R
P 000001109A075050
P 000001109FFD0150
C 9
R
P 000001109A075050
C 392
R
P 000001109A075050
P 000001109FFD0150
C 298
R
P 000001109A075050
C 392
R
P 000001109A075050
P 000001109FFD0150
C 295
= 000001109BCE07A0
R
P 000001109A075050
C 392
R
P 000001109A075050
P 000001109BCE07A0
C 249
R
P 000001109A075050
C 392
R
P 000001109A075050
P 000001109FFD0150
C 301
R
P 000001109A075050
C 392
R
P 000001109A075050
P 000001109FFD0150
C 300
R
P 000001109A075050
C 392
R
P 000001109A075050
P 000001109FFD0150
C 299
R
P 000001109A075050
C 392
R
P 000001109A075050
P 000001109FFD0150
C 9
R
P 000001109A075050
C 392
R
P 000001109A075050
P 000001109FFD0120
C 377
R
P 000001109A075050
C 392
R
P 000001109A075050
P 000001109FFD0150
C 377
R
P 000001109A075050
C 392
M "UnsatCoreAndProofExample2"
R
P 000001109A075050
C 473
= 00000110A3722E40
R
P 000001109A075050
C 392
R
P 000001109A075050
P 00000110A3722E40
C 482
R
P 000001109A075050
C 392
R
P 000001109A075050
S "PredA"
C 32
R
P 000001109A075050
C 392
R
P 000001109A075050
$ |PredA|
C 242
R
P 000001109A075050
C 392
R
P 000001109A075050
$ |PredA|
P 000001109BCE07A0
C 54
= 000001109BCE19E0
R
P 000001109A075050
C 392
R
P 000001109A075050
P 000001109BCE19E0
C 298
R
P 000001109A075050
C 392
R
P 000001109A075050
P 000001109BCE19E0
C 295
= 000001109BCE07A0
R
P 000001109A075050
C 392
R
P 000001109A075050
P 000001109BCE07A0
C 249
R
P 000001109A075050
C 392
R
P 000001109A075050
P 000001109BCE19E0
C 301
R
P 000001109A075050
C 392
R
P 000001109A075050
P 000001109BCE19E0
C 300
R
P 000001109A075050
C 392
R
P 000001109A075050
P 000001109BCE19E0
C 299
R
P 000001109A075050
C 392
R
P 000001109A075050
P 000001109BCE19E0
C 9
R
P 000001109A075050
C 392
R
P 000001109A075050
S "PredB"
C 32
R
P 000001109A075050
C 392
R
P 000001109A075050
$ |PredB|
C 242
R
P 000001109A075050
C 392
R
P 000001109A075050
$ |PredB|
P 000001109BCE07A0
C 54
= 000001109BCE1A00
R
P 000001109A075050
C 392
R
P 000001109A075050
P 000001109BCE1A00
C 298
R
P 000001109A075050
C 392
R
P 000001109A075050
P 000001109BCE1A00
C 295
= 000001109BCE07A0
R
P 000001109A075050
C 392
R
P 000001109A075050
P 000001109BCE07A0
C 249
R
P 000001109A075050
C 392
R
P 000001109A075050
P 000001109BCE1A00
C 301
R
P 000001109A075050
C 392
R
P 000001109A075050
P 000001109BCE1A00
C 300
R
P 000001109A075050
C 392
R
P 000001109A075050
P 000001109BCE1A00
C 299
R
P 000001109A075050
C 392
R
P 000001109A075050
P 000001109BCE1A00
C 9
R
P 000001109A075050
C 392
R
P 000001109A075050
S "PredC"
C 32
R
P 000001109A075050
C 392
R
P 000001109A075050
$ |PredC|
C 242
R
P 000001109A075050
C 392
R
P 000001109A075050
$ |PredC|
P 000001109BCE07A0
C 54
= 000001109BCE1A20
R
P 000001109A075050
C 392
R
P 000001109A075050
P 000001109BCE1A20
C 298
R
P 000001109A075050
C 392
R
P 000001109A075050
P 000001109BCE1A20
C 295
= 000001109BCE07A0
R
P 000001109A075050
C 392
R
P 000001109A075050
P 000001109BCE07A0
C 249
R
P 000001109A075050
C 392
R
P 000001109A075050
P 000001109BCE1A20
C 301
R
P 000001109A075050
C 392
R
P 000001109A075050
P 000001109BCE1A20
C 300
R
P 000001109A075050
C 392
R
P 000001109A075050
P 000001109BCE1A20
C 299
R
P 000001109A075050
C 392
R
P 000001109A075050
P 000001109BCE1A20
C 9
R
P 000001109A075050
C 392
R
P 000001109A075050
S "PredD"
C 32
R
P 000001109A075050
C 392
R
P 000001109A075050
$ |PredD|
C 242
R
P 000001109A075050
C 392
R
P 000001109A075050
$ |PredD|
P 000001109BCE07A0
C 54
= 000001109BCE1A40
R
P 000001109A075050
C 392
R
P 000001109A075050
P 000001109BCE1A40
C 298
R
P 000001109A075050
C 392
R
P 000001109A075050
P 000001109BCE1A40
C 295
= 000001109BCE07A0
R
P 000001109A075050
C 392
R
P 000001109A075050
P 000001109BCE07A0
C 249
R
P 000001109A075050
C 392
R
P 000001109A075050
P 000001109BCE1A40
C 301
R
P 000001109A075050
C 392
R
P 000001109A075050
P 000001109BCE1A40
C 300
R
P 000001109A075050
C 392
R
P 000001109A075050
P 000001109BCE1A40
C 299
R
P 000001109A075050
C 392
R
P 000001109A075050
P 000001109BCE1A40
C 9
R
P 000001109A075050
C 392
R
P 000001109A075050
U 3
P 000001109BCE19E0
P 000001109BCE1A00
P 000001109BCE1A20
p 3
C 68
= 00000110A1ACB340
R
P 000001109A075050
C 392
R
P 000001109A075050
P 00000110A1ACB340
C 299
R
P 000001109A075050
C 392
R
P 000001109A075050
P 00000110A1ACB340
C 9
R
P 000001109A075050
C 392
R
P 000001109A075050
P 000001109BCE1A00
C 63
= 00000110A6412230
R
P 000001109A075050
C 392
R
P 000001109A075050
P 00000110A6412230
C 299
R
P 000001109A075050
C 392
R
P 000001109A075050
P 00000110A6412230
C 9
R
P 000001109A075050
C 392
R
P 000001109A075050
U 3
P 000001109BCE19E0
P 00000110A6412230
P 000001109BCE1A20
p 3
C 68
= 00000110A1ACB380
R
P 000001109A075050
C 392
R
P 000001109A075050
P 00000110A1ACB380
C 299
R
P 000001109A075050
C 392
R
P 000001109A075050
P 00000110A1ACB380
C 9
R
P 000001109A075050
C 392
R
P 000001109A075050
P 000001109BCE19E0
C 63
= 00000110A6412260
R
P 000001109A075050
C 392
R
P 000001109A075050
P 00000110A6412260
C 299
R
P 000001109A075050
C 392
R
P 000001109A075050
P 00000110A6412260
C 9
R
P 000001109A075050
C 392
R
P 000001109A075050
P 000001109BCE1A20
C 63
= 00000110A6412290
R
P 000001109A075050
C 392
R
P 000001109A075050
P 00000110A6412290
C 299
R
P 000001109A075050
C 392
R
P 000001109A075050
P 00000110A6412290
C 9
R
P 000001109A075050
C 392
R
P 000001109A075050
U 2
P 00000110A6412260
P 00000110A6412290
p 2
C 69
= 00000110A56A2708
R
P 000001109A075050
C 392
R
P 000001109A075050
P 00000110A56A2708
C 299
R
P 000001109A075050
C 392
R
P 000001109A075050
P 00000110A56A2708
C 9
R
P 000001109A075050
C 392
R
P 000001109A075050
S "P1"
C 32
R
P 000001109A075050
C 392
R
P 000001109A075050
$ |P1|
C 242
R
P 000001109A075050
C 392
R
P 000001109A075050
$ |P1|
P 000001109BCE07A0
C 54
= 000001109BCE1A60
R
P 000001109A075050
C 392
R
P 000001109A075050
P 000001109BCE1A60
C 298
R
P 000001109A075050
C 392
R
P 000001109A075050
P 000001109BCE1A60
C 295
= 000001109BCE07A0
R
P 000001109A075050
C 392
R
P 000001109A075050
P 000001109BCE07A0
C 249
R
P 000001109A075050
C 392
R
P 000001109A075050
P 000001109BCE1A60
C 301
R
P 000001109A075050
C 392
R
P 000001109A075050
P 000001109BCE1A60
C 300
R
P 000001109A075050
C 392
R
P 000001109A075050
P 000001109BCE1A60
C 299
R
P 000001109A075050
C 392
R
P 000001109A075050
P 000001109BCE1A60
C 9
R
P 000001109A075050
C 392
R
P 000001109A075050
S "P2"
C 32
R
P 000001109A075050
C 392
R
P 000001109A075050
$ |P2|
C 242
R
P 000001109A075050
C 392
R
P 000001109A075050
$ |P2|
P 000001109BCE07A0
C 54
= 000001109BCE1A80
R
P 000001109A075050
C 392
R
P 000001109A075050
P 000001109BCE1A80
C 298
R
P 000001109A075050
C 392
R
P 000001109A075050
P 000001109BCE1A80
C 295
= 000001109BCE07A0
R
P 000001109A075050
C 392
R
P 000001109A075050
P 000001109BCE07A0
C 249
R
P 000001109A075050
C 392
R
P 000001109A075050
P 000001109BCE1A80
C 301
R
P 000001109A075050
C 392
R
P 000001109A075050
P 000001109BCE1A80
C 300
R
P 000001109A075050
C 392
R
P 000001109A075050
P 000001109BCE1A80
C 299
R
P 000001109A075050
C 392
R
P 000001109A075050
P 000001109BCE1A80
C 9
R
P 000001109A075050
C 392
R
P 000001109A075050
S "P3"
C 32
R
P 000001109A075050
C 392
R
P 000001109A075050
$ |P3|
C 242
R
P 000001109A075050
C 392
R
P 000001109A075050
$ |P3|
P 000001109BCE07A0
C 54
= 000001109BCE1AA0
R
P 000001109A075050
C 392
R
P 000001109A075050
P 000001109BCE1AA0
C 298
R
P 000001109A075050
C 392
R
P 000001109A075050
P 000001109BCE1AA0
C 295
= 000001109BCE07A0
R
P 000001109A075050
C 392
R
P 000001109A075050
P 000001109BCE07A0
C 249
R
P 000001109A075050
C 392
R
P 000001109A075050
P 000001109BCE1AA0
C 301
R
P 000001109A075050
C 392
R
P 000001109A075050
P 000001109BCE1AA0
C 300
R
P 000001109A075050
C 392
R
P 000001109A075050
P 000001109BCE1AA0
C 299
R
P 000001109A075050
C 392
R
P 000001109A075050
P 000001109BCE1AA0
C 9
R
P 000001109A075050
C 392
R
P 000001109A075050
S "P4"
C 32
R
P 000001109A075050
C 392
R
P 000001109A075050
$ |P4|
C 242
R
P 000001109A075050
C 392
R
P 000001109A075050
$ |P4|
P 000001109BCE07A0
C 54
= 000001109BCE1AC0
R
P 000001109A075050
C 392
R
P 000001109A075050
P 000001109BCE1AC0
C 298
R
P 000001109A075050
C 392
R
P 000001109A075050
P 000001109BCE1AC0
C 295
= 000001109BCE07A0
R
P 000001109A075050
C 392
R
P 000001109A075050
P 000001109BCE07A0
C 249
R
P 000001109A075050
C 392
R
P 000001109A075050
P 000001109BCE1AC0
C 301
R
P 000001109A075050
C 392
R
P 000001109A075050
P 000001109BCE1AC0
C 300
R
P 000001109A075050
C 392
R
P 000001109A075050
P 000001109BCE1AC0
C 299
R
P 000001109A075050
C 392
R
P 000001109A075050
P 000001109BCE1AC0
C 9
R
P 000001109A075050
C 392
R
P 000001109A075050
P 00000110A3722E40
P 00000110A1ACB340
P 000001109BCE1A60
C 490
R
P 000001109A075050
C 392
R
P 000001109A075050
P 00000110A3722E40
P 00000110A1ACB380
P 000001109BCE1A80
C 490
R
P 000001109A075050
C 392
R
P 000001109A075050
P 00000110A3722E40
P 00000110A56A2708
P 000001109BCE1AA0
C 490
R
P 000001109A075050
C 392
R
P 000001109A075050
P 00000110A3722E40
P 000001109BCE1A40
P 000001109BCE1AC0
C 490
R
P 000001109A075050
C 392
R
P 000001109A075050
P 00000110A3722E40
C 513
R
P 000001109A075050
C 392
R
P 000001109A075050
P 00000110A3722E40
C 520
= 00000110A6BB08C0
R
P 000001109A075050
C 392
R
P 000001109A075050
P 00000110A6BB08C0
C 536
R
P 000001109A075050
C 392
R
P 000001109A075050
P 00000110A6BB08C0
C 538
R
P 000001109A075050
C 392
R
P 000001109A075050
P 00000110A6BB08C0
U 0
C 539
= 000001109BCE1A60
R
P 000001109A075050
C 392
R
P 000001109A075050
P 000001109BCE1A60
C 9
R
P 000001109A075050
C 392
R
P 000001109A075050
P 000001109BCE1A60
C 298
R
P 000001109A075050
C 392
R
P 000001109A075050
P 000001109BCE1A60
C 295
= 000001109BCE07A0
R
P 000001109A075050
C 392
R
P 000001109A075050
P 000001109BCE07A0
C 249
R
P 000001109A075050
C 392
R
P 000001109A075050
P 000001109BCE1A60
C 301
R
P 000001109A075050
C 392
R
P 000001109A075050
P 000001109BCE1A60
C 300
R
P 000001109A075050
C 392
R
P 000001109A075050
P 000001109BCE1A60
C 299
R
P 000001109A075050
C 392
R
P 000001109A075050
P 000001109BCE1A60
C 9
R
P 000001109A075050
C 392
R
P 000001109A075050
P 00000110A6BB08C0
U 1
C 539
= 000001109BCE1A80
R
P 000001109A075050
C 392
R
P 000001109A075050
P 000001109BCE1A80
C 9
R
P 000001109A075050
C 392
R
P 000001109A075050
P 000001109BCE1A80
C 298
R
P 000001109A075050
C 392
R
P 000001109A075050
P 000001109BCE1A80
C 295
= 000001109BCE07A0
R
P 000001109A075050
C 392
R
P 000001109A075050
P 000001109BCE07A0
C 249
R
P 000001109A075050
C 392
R
P 000001109A075050
P 000001109BCE1A80
C 301
R
P 000001109A075050
C 392
R
P 000001109A075050
P 000001109BCE1A80
C 300
R
P 000001109A075050
C 392
R
P 000001109A075050
P 000001109BCE1A80
C 299
R
P 000001109A075050
C 392
R
P 000001109A075050
P 000001109BCE1A80
C 9
R
P 000001109A075050
C 392
R
P 000001109A075050
P 000001109BCE1A60
C 377
R
P 000001109A075050
C 392
R
P 000001109A075050
P 000001109BCE1A80
C 377
R
P 000001109A075050
C 392
R
C 3
= 00000110A6E13640
R
P 00000110A6E13640
S "auto-config"
S "false"
C 5
R
P 00000110A6E13640
S "proof"
S "true"
C 5
R
P 00000110A6E13640
C 7
= 00000110A4577440
R
P 00000110A6E13640
C 4
R
P 00000110A4577440
U 2
C 376
R
P 00000110A4577440
C 392
M "QuantifierExample3"
R
P 00000110A4577440
C 35
= 00000110A6F2C6F0
R
P 00000110A4577440
C 392
R
P 00000110A4577440
P 00000110A6F2C6F0
C 298
R
P 00000110A4577440
C 392
R
P 00000110A4577440
P 00000110A6F2C6F0
C 9
R
P 00000110A4577440
C 392
R
P 00000110A4577440
S "f"
C 32
R
P 00000110A4577440
C 392
R
P 00000110A4577440
$ |f|
C 242
R
P 00000110A4577440
C 392
R
P 00000110A4577440
$ |f|
U 2
P 00000110A6F2C6F0
P 00000110A6F2C6F0
p 2
P 00000110A6F2C6F0
C 52
= 00000110A6F34CB0
R
P 00000110A4577440
C 392
R
P 00000110A4577440
P 00000110A6F34CB0
C 298
R
P 00000110A4577440
C 392
R
P 00000110A4577440
P 00000110A6F34CB0
C 9
R
P 00000110A4577440
C 392
R
P 00000110A4577440
P 00000110A6F34CB0
C 275
R
P 00000110A4577440
C 392
R
P 00000110A4577440
P 00000110A6F34CB0
U 0
C 277
= 00000110A6F2C6F0
R
P 00000110A4577440
C 392
R
P 00000110A4577440
P 00000110A6F2C6F0
C 249
R
P 00000110A4577440
C 392
R
P 00000110A4577440
P 00000110A6F2C6F0
C 298
R
P 00000110A4577440
C 392
R
P 00000110A4577440
P 00000110A6F2C6F0
C 9
R
P 00000110A4577440
C 392
R
P 00000110A4577440
P 00000110A6F34CB0
U 1
C 277
= 00000110A6F2C6F0
R
P 00000110A4577440
C 392
R
P 00000110A4577440
P 00000110A6F2C6F0
C 249
R
P 00000110A4577440
C 392
R
P 00000110A4577440
P 00000110A6F2C6F0
C 298
R
P 00000110A4577440
C 392
R
P 00000110A4577440
P 00000110A6F2C6F0
C 9
R
P 00000110A4577440
C 392
R
P 00000110A4577440
P 00000110A6F34CB0
C 275
R
P 00000110A4577440
C 392
R
P 00000110A4577440
P 00000110A6F34CB0
C 278
= 00000110A6F2C6F0
R
P 00000110A4577440
C 392
R
P 00000110A4577440
P 00000110A6F2C6F0
C 249
R
P 00000110A4577440
C 392
R
P 00000110A4577440
P 00000110A6F2C6F0
C 298
R
P 00000110A4577440
C 392
R
P 00000110A4577440
P 00000110A6F2C6F0
C 9
R
P 00000110A4577440
C 392
R
P 00000110A4577440
S "f_fresh"
C 32
R
P 00000110A4577440
C 392
R
P 00000110A4577440
$ |f_fresh|
C 242
R
P 00000110A4577440
C 392
R
P 00000110A4577440
$ |f_fresh|
U 1
P 00000110A6F2C6F0
p 1
P 00000110A6F2C6F0
C 52
= 00000110A6F36B50
R
P 00000110A4577440
C 392
R
P 00000110A4577440
P 00000110A6F36B50
C 298
R
P 00000110A4577440
C 392
R
P 00000110A4577440
P 00000110A6F36B50
C 9
R
P 00000110A4577440
C 392
R
P 00000110A4577440
S "x_0"
C 32
R
P 00000110A4577440
C 392
R
P 00000110A4577440
$ |x_0|
C 242
R
P 00000110A4577440
C 392
R
P 00000110A4577440
U 0
P 00000110A6F2C6F0
C 231
= 00000110A6F2CF90
R
P 00000110A4577440
C 392
R
P 00000110A4577440
P 00000110A6F2CF90
C 298
R
P 00000110A4577440
C 392
R
P 00000110A4577440
P 00000110A6F2CF90
C 295
= 00000110A6F2C6F0
R
P 00000110A4577440
C 392
R
P 00000110A4577440
P 00000110A6F2C6F0
C 249
R
P 00000110A4577440
C 392
R
P 00000110A4577440
P 00000110A6F2CF90
C 301
R
P 00000110A4577440
C 392
R
P 00000110A4577440
P 00000110A6F2CF90
C 300
R
P 00000110A4577440
C 392
R
P 00000110A4577440
P 00000110A6F2CF90
C 299
R
P 00000110A4577440
C 392
R
P 00000110A4577440
P 00000110A6F2CF90
C 298
R
P 00000110A4577440
C 392
R
P 00000110A4577440
P 00000110A6F2CF90
C 9
R
P 00000110A4577440
C 392
R
P 00000110A4577440
S "x_1"
C 32
R
P 00000110A4577440
C 392
R
P 00000110A4577440
$ |x_1|
C 242
R
P 00000110A4577440
C 392
R
P 00000110A4577440
U 1
P 00000110A6F2C6F0
C 231
= 00000110A6F2CFB0
R
P 00000110A4577440
C 392
R
P 00000110A4577440
P 00000110A6F2CFB0
C 298
R
P 00000110A4577440
C 392
R
P 00000110A4577440
P 00000110A6F2CFB0
C 295
= 00000110A6F2C6F0
R
P 00000110A4577440
C 392
R
P 00000110A4577440
P 00000110A6F2C6F0
C 249
R
P 00000110A4577440
C 392
R
P 00000110A4577440
P 00000110A6F2CFB0
C 301
R
P 00000110A4577440
C 392
R
P 00000110A4577440
P 00000110A6F2CFB0
C 300
R
P 00000110A4577440
C 392
R
P 00000110A4577440
P 00000110A6F2CFB0
C 299
R
P 00000110A4577440
C 392
R
P 00000110A4577440
P 00000110A6F2CFB0
C 298
R
P 00000110A4577440
C 392
R
P 00000110A4577440
P 00000110A6F2CFB0
C 9
R
P 00000110A4577440
C 392
R
P 00000110A4577440
P 00000110A6F34CB0
U 2
P 00000110A6F2CF90
P 00000110A6F2CFB0
p 2
C 53
= 00000110A6F36B88
R
P 00000110A4577440
C 392
R
P 00000110A4577440
P 00000110A6F36B88
C 298
R
P 00000110A4577440
C 392
R
P 00000110A4577440
P 00000110A6F36B88
C 295
= 00000110A6F2C6F0
R
P 00000110A4577440
C 392
R
P 00000110A4577440
P 00000110A6F2C6F0
C 249
R
P 00000110A4577440
C 392
R
P 00000110A4577440
P 00000110A6F36B88
C 301
R
P 00000110A4577440
C 392
R
P 00000110A4577440
P 00000110A6F36B88
C 300
R
P 00000110A4577440
C 392
R
P 00000110A4577440
P 00000110A6F36B88
C 299
R
P 00000110A4577440
C 392
R
P 00000110A4577440
P 00000110A6F36B88
C 9
R
P 00000110A4577440
C 392
R
P 00000110A4577440
P 00000110A6F36B50
U 1
P 00000110A6F36B88
p 1
C 53
= 00000110A6F2E790
R
P 00000110A4577440
C 392
R
P 00000110A4577440
P 00000110A6F2E790
C 298
R
P 00000110A4577440
C 392
R
P 00000110A4577440
P 00000110A6F2E790
C 295
= 00000110A6F2C6F0
R
P 00000110A4577440
C 392
R
P 00000110A4577440
P 00000110A6F2C6F0
C 249
R
P 00000110A4577440
C 392
R
P 00000110A4577440
P 00000110A6F2E790
C 301
R
P 00000110A4577440
C 392
R
P 00000110A4577440
P 00000110A6F2E790
C 300
R
P 00000110A4577440
C 392
R
P 00000110A4577440
P 00000110A6F2E790
C 299
R
P 00000110A4577440
C 392
R
P 00000110A4577440
P 00000110A6F2E790
C 9
R
P 00000110A4577440
C 392
R
P 00000110A4577440
P 00000110A6F2E790
P 00000110A6F2CFB0
C 61
= 00000110A6F36BC0
R
P 00000110A4577440
C 392
R
P 00000110A4577440
P 00000110A6F36BC0
C 299
R
P 00000110A4577440
C 392
R
P 00000110A4577440
P 00000110A6F36BC0
C 9
R
P 00000110A4577440
C 392
R
P 00000110A4577440
U 1
P 00000110A6F36B88
p 1
C 230
= 00000110A6F2E7C0
R
P 00000110A4577440
C 392
R
P 00000110A4577440
P 00000110A6F2E7C0
C 9
R
P 00000110A4577440
C 392
R
P 00000110A4577440
I 1
U 1
N
N
U 1
P 00000110A6F2E7C0
p 1
U 0
p 0
U 2
P 00000110A6F2C6F0
P 00000110A6F2C6F0
p 2
$ |x_0|
$ |x_1|
s 2
P 00000110A6F36BC0
C 235
= 00000110A6F4A720
R
P 00000110A4577440
C 392
R
P 00000110A4577440
P 00000110A6F4A720
C 298
R
P 00000110A4577440
C 392
R
P 00000110A4577440
P 00000110A6F4A720
C 299
R
P 00000110A4577440
C 392
R
P 00000110A4577440
P 00000110A6F4A720
C 298
R
P 00000110A4577440
C 392
R
P 00000110A4577440
P 00000110A6F4A720
C 298
R
P 00000110A4577440
C 392
R
P 00000110A4577440
P 00000110A6F4A720
C 9
R
P 00000110A4577440
C 392
R
P 00000110A4577440
S "x"
C 32
R
P 00000110A4577440
C 392
R
P 00000110A4577440
$ |x|
C 242
R
P 00000110A4577440
C 392
R
P 00000110A4577440
$ |x|
P 00000110A6F2C6F0
C 54
= 00000110A6F2CFD0
R
P 00000110A4577440
C 392
R
P 00000110A4577440
P 00000110A6F2CFD0
C 298
R
P 00000110A4577440
C 392
R
P 00000110A4577440
P 00000110A6F2CFD0
C 295
= 00000110A6F2C6F0
R
P 00000110A4577440
C 392
R
P 00000110A4577440
P 00000110A6F2C6F0
C 249
R
P 00000110A4577440
C 392
R
P 00000110A4577440
P 00000110A6F2CFD0
C 301
R
P 00000110A4577440
C 392
R
P 00000110A4577440
P 00000110A6F2CFD0
C 300
R
P 00000110A4577440
C 392
R
P 00000110A4577440
P 00000110A6F2CFD0
C 299
R
P 00000110A4577440
C 392
R
P 00000110A4577440
P 00000110A6F2CFD0
C 9
R
P 00000110A4577440
C 392
R
P 00000110A4577440
S "y"
C 32
R
P 00000110A4577440
C 392
R
P 00000110A4577440
$ |y|
C 242
R
P 00000110A4577440
C 392
R
P 00000110A4577440
$ |y|
P 00000110A6F2C6F0
C 54
= 00000110A6F2CFF0
R
P 00000110A4577440
C 392
R
P 00000110A4577440
P 00000110A6F2CFF0
C 298
R
P 00000110A4577440
C 392
R
P 00000110A4577440
P 00000110A6F2CFF0
C 295
= 00000110A6F2C6F0
R
P 00000110A4577440
C 392
R
P 00000110A4577440
P 00000110A6F2C6F0
C 249
R
P 00000110A4577440
C 392
R
P 00000110A4577440
P 00000110A6F2CFF0
C 301
R
P 00000110A4577440
C 392
R
P 00000110A4577440
P 00000110A6F2CFF0
C 300
R
P 00000110A4577440
C 392
R
P 00000110A4577440
P 00000110A6F2CFF0
C 299
R
P 00000110A4577440
C 392
R
P 00000110A4577440
P 00000110A6F2CFF0
C 9
R
P 00000110A4577440
C 392
R
P 00000110A4577440
S "v"
C 32
R
P 00000110A4577440
C 392
R
P 00000110A4577440
$ |v|
C 242
R
P 00000110A4577440
C 392
R
P 00000110A4577440
$ |v|
P 00000110A6F2C6F0
C 54
= 00000110A6F2D010
R
P 00000110A4577440
C 392
R
P 00000110A4577440
P 00000110A6F2D010
C 298
R
P 00000110A4577440
C 392
R
P 00000110A4577440
P 00000110A6F2D010
C 295
= 00000110A6F2C6F0
R
P 00000110A4577440
C 392
R
P 00000110A4577440
P 00000110A6F2C6F0
C 249
R
P 00000110A4577440
C 392
R
P 00000110A4577440
P 00000110A6F2D010
C 301
R
P 00000110A4577440
C 392
R
P 00000110A4577440
P 00000110A6F2D010
C 300
R
P 00000110A4577440
C 392
R
P 00000110A4577440
P 00000110A6F2D010
C 299
R
P 00000110A4577440
C 392
R
P 00000110A4577440
P 00000110A6F2D010
C 9
R
P 00000110A4577440
C 392
R
P 00000110A4577440
S "w"
C 32
R
P 00000110A4577440
C 392
R
P 00000110A4577440
$ |w|
C 242
R
P 00000110A4577440
C 392
R
P 00000110A4577440
$ |w|
P 00000110A6F2C6F0
C 54
= 00000110A6F2D030
R
P 00000110A4577440
C 392
R
P 00000110A4577440
P 00000110A6F2D030
C 298
R
P 00000110A4577440
C 392
R
P 00000110A4577440
P 00000110A6F2D030
C 295
= 00000110A6F2C6F0
R
P 00000110A4577440
C 392
R
P 00000110A4577440
P 00000110A6F2C6F0
C 249
R
P 00000110A4577440
C 392
R
P 00000110A4577440
P 00000110A6F2D030
C 301
R
P 00000110A4577440
C 392
R
P 00000110A4577440
P 00000110A6F2D030
C 300
R
P 00000110A4577440
C 392
R
P 00000110A4577440
P 00000110A6F2D030
C 299
R
P 00000110A4577440
C 392
R
P 00000110A4577440
P 00000110A6F2D030
C 9
R
P 00000110A4577440
C 392
R
P 00000110A4577440
P 00000110A6F34CB0
U 2
P 00000110A6F2CFD0
P 00000110A6F2CFF0
p 2
C 53
= 00000110A6F36C30
R
P 00000110A4577440
C 392
R
P 00000110A4577440
P 00000110A6F36C30
C 298
R
P 00000110A4577440
C 392
R
P 00000110A4577440
P 00000110A6F36C30
C 295
= 00000110A6F2C6F0
R
P 00000110A4577440
C 392
R
P 00000110A4577440
P 00000110A6F2C6F0
C 249
R
P 00000110A4577440
C 392
R
P 00000110A4577440
P 00000110A6F36C30
C 301
R
P 00000110A4577440
C 392
R
P 00000110A4577440
P 00000110A6F36C30
C 300
R
P 00000110A4577440
C 392
R
P 00000110A4577440
P 00000110A6F36C30
C 299
R
P 00000110A4577440
C 392
R
P 00000110A4577440
P 00000110A6F36C30
C 9
R
P 00000110A4577440
C 392
R
P 00000110A4577440
P 00000110A6F34CB0
U 2
P 00000110A6F2D030
P 00000110A6F2D010
p 2
C 53
= 00000110A6F36C68
R
P 00000110A4577440
C 392
R
P 00000110A4577440
P 00000110A6F36C68
C 298
R
P 00000110A4577440
C 392
R
P 00000110A4577440
P 00000110A6F36C68
C 295
= 00000110A6F2C6F0
R
P 00000110A4577440
C 392
R
P 00000110A4577440
P 00000110A6F2C6F0
C 249
R
P 00000110A4577440
C 392
R
P 00000110A4577440
P 00000110A6F36C68
C 301
R
P 00000110A4577440
C 392
R
P 00000110A4577440
P 00000110A6F36C68
C 300
R
P 00000110A4577440
C 392
R
P 00000110A4577440
P 00000110A6F36C68
C 299
R
P 00000110A4577440
C 392
R
P 00000110A4577440
P 00000110A6F36C68
C 9
R
P 00000110A4577440
C 392
R
P 00000110A4577440
P 00000110A6F36C30
P 00000110A6F36C68
C 61
= 00000110A6F36CA0
R
P 00000110A4577440
C 392
R
P 00000110A4577440
P 00000110A6F36CA0
C 299
R
P 00000110A4577440
C 392
R
P 00000110A4577440
P 00000110A6F36CA0
C 9
R
P 00000110A4577440
C 392
R
P 00000110A4577440
P 00000110A6F2CFF0
P 00000110A6F2D010
C 61
= 00000110A6F36CD8
R
P 00000110A4577440
C 392
R
P 00000110A4577440
P 00000110A6F36CD8
C 299
R
P 00000110A4577440
C 392
R
P 00000110A4577440
P 00000110A6F36CD8
C 9
R
P 00000110A4577440
C 392
R
P 00000110A4577440
P 00000110A6F36CD8
C 377
R
P 00000110A4577440
C 392
R
P 00000110A4577440
C 473
= 00000110A6515CB0
R
P 00000110A4577440
C 392
R
P 00000110A4577440
P 00000110A6515CB0
C 482
R
P 00000110A4577440
C 392
R
P 00000110A4577440
C 15
= 00000110A4944880
R
P 00000110A4577440
C 392
R
P 00000110A4577440
P 00000110A4944880
C 16
R
P 00000110A4577440
C 392
R
P 00000110A4577440
S "mbqi"
C 32
R
P 00000110A4577440
C 392
R
P 00000110A4577440
$ |mbqi|
C 242
R
P 00000110A4577440
C 392
R
P 00000110A4577440
P 00000110A4944880
$ |mbqi|
I 0
C 18
R
P 00000110A4577440
C 392
R
P 00000110A4577440
P 00000110A6515CB0
P 00000110A4944880
C 481
R
P 00000110A4577440
C 392
R
P 00000110A4577440
P 00000110A6515CB0
P 00000110A6F4A720
C 489
R
P 00000110A4577440
C 392
R
P 00000110A4577440
P 00000110A6515CB0
P 00000110A6F36CA0
C 489
R
P 00000110A4577440
C 392
R
P 00000110A4577440
P 00000110A6F36CD8
C 63
= 00000110A6F2E9A0
R
P 00000110A4577440
C 392
R
P 00000110A4577440
P 00000110A6F2E9A0
C 299
R
P 00000110A4577440
C 392
R
P 00000110A4577440
P 00000110A6F2E9A0
C 9
R
P 00000110A4577440
C 392
R
P 00000110A4577440
P 00000110A6515CB0
P 00000110A6F2E9A0
C 489
R
P 00000110A4577440
C 392
R
P 00000110A4577440
P 00000110A6515CB0
C 513
R
P 00000110A4577440
C 392
R
P 00000110A4577440
P 00000110A6515CB0
C 519
= 00000110A6F35070
R
P 00000110A4577440
C 392
R
P 00000110A4577440
P 00000110A6F35070
C 298
R
P 00000110A4577440
C 392
R
P 00000110A4577440
P 00000110A6F35070
C 295
= 00000110A6F2C650
R
P 00000110A4577440
C 392
R
P 00000110A4577440
P 00000110A6F2C650
C 249
R
P 00000110A4577440
C 392
R
P 00000110A4577440
P 00000110A6F35070
C 301
R
P 00000110A4577440
C 392
R
P 00000110A4577440
P 00000110A6F35070
C 300
R
P 00000110A4577440
C 392
R
P 00000110A4577440
P 00000110A6F35070
C 299
R
P 00000110A4577440
C 392
R
P 00000110A4577440
P 00000110A6F35070
C 9
R
P 00000110A4577440
C 392
R
P 00000110A4577440
P 00000110A6F35070
C 377
R
P 00000110A4577440
C 392
R
P 00000110A4577440
P 00000110A6F2CFD0
P 00000110A6F2D030
C 61
= 00000110A6F36FB0
R
P 00000110A4577440
C 392
R
P 00000110A4577440
P 00000110A6F36FB0
C 299
R
P 00000110A4577440
C 392
R
P 00000110A4577440
P 00000110A6F36FB0
C 9
R
P 00000110A4577440
C 392
R
P 00000110A4577440
P 00000110A6F36FB0
C 377
R
P 00000110A4577440
C 392
R
P 00000110A4577440
C 473
= 00000110A6517410
R
P 00000110A4577440
C 392
R
P 00000110A4577440
P 00000110A6517410
C 482
R
P 00000110A4577440
C 392
R
P 00000110A4577440
C 15
= 00000110A7394670
R
P 00000110A4577440
C 392
R
P 00000110A4577440
P 00000110A7394670
C 16
R
P 00000110A4577440
C 392
R
P 00000110A4577440
S "mbqi"
C 32
R
P 00000110A4577440
C 392
R
P 00000110A4577440
$ |mbqi|
C 242
R
P 00000110A4577440
C 392
R
P 00000110A4577440
P 00000110A7394670
$ |mbqi|
I 0
C 18
R
P 00000110A4577440
C 392
R
P 00000110A4577440
P 00000110A6517410
P 00000110A7394670
C 481
R
P 00000110A4577440
C 392
R
P 00000110A4577440
P 00000110A6517410
P 00000110A6F4A720
C 489
R
P 00000110A4577440
C 392
R
P 00000110A4577440
P 00000110A6517410
P 00000110A6F36CA0
C 489
R
P 00000110A4577440
C 392
R
P 00000110A4577440
P 00000110A6F36FB0
C 63
= 00000110A6F2EC70
R
P 00000110A4577440
C 392
R
P 00000110A4577440
P 00000110A6F2EC70
C 299
R
P 00000110A4577440
C 392
R
P 00000110A4577440
P 00000110A6F2EC70
C 9
R
P 00000110A4577440
C 392
R
P 00000110A4577440
P 00000110A6517410
P 00000110A6F2EC70
C 489
R
P 00000110A4577440
C 392
R
P 00000110A4577440
P 00000110A6517410
C 513
R
P 00000110A4577440
C 392
R
P 00000110A4577440
P 00000110A6517410
C 521
R
P 00000110A4577440
C 392
M "QuantifierExample4"
R
P 00000110A4577440
S "f"
C 32
R
P 00000110A4577440
C 392
R
P 00000110A4577440
$ |f|
C 242
R
P 00000110A4577440
C 392
R
P 00000110A4577440
$ |f|
U 2
P 00000110A6F2C6F0
P 00000110A6F2C6F0
p 2
P 00000110A6F2C6F0
C 52
= 00000110A6F34CB0
R
P 00000110A4577440
C 392
R
P 00000110A4577440
P 00000110A6F34CB0
C 298
R
P 00000110A4577440
C 392
R
P 00000110A4577440
P 00000110A6F34CB0
C 9
R
P 00000110A4577440
C 392
R
P 00000110A4577440
P 00000110A6F34CB0
C 275
R
P 00000110A4577440
C 392
R
P 00000110A4577440
P 00000110A6F34CB0
U 0
C 277
= 00000110A6F2C6F0
R
P 00000110A4577440
C 392
R
P 00000110A4577440
P 00000110A6F2C6F0
C 249
R
P 00000110A4577440
C 392
R
P 00000110A4577440
P 00000110A6F2C6F0
C 298
R
P 00000110A4577440
C 392
R
P 00000110A4577440
P 00000110A6F2C6F0
C 9
R
P 00000110A4577440
C 392
R
P 00000110A4577440
P 00000110A6F34CB0
U 1
C 277
= 00000110A6F2C6F0
R
P 00000110A4577440
C 392
R
P 00000110A4577440
P 00000110A6F2C6F0
C 249
R
P 00000110A4577440
C 392
R
P 00000110A4577440
P 00000110A6F2C6F0
C 298
R
P 00000110A4577440
C 392
R
P 00000110A4577440
P 00000110A6F2C6F0
C 9
R
P 00000110A4577440
C 392
R
P 00000110A4577440
P 00000110A6F34CB0
C 275
R
P 00000110A4577440
C 392
R
P 00000110A4577440
P 00000110A6F34CB0
C 278
= 00000110A6F2C6F0
R
P 00000110A4577440
C 392
R
P 00000110A4577440
P 00000110A6F2C6F0
C 249
R
P 00000110A4577440
C 392
R
P 00000110A4577440
P 00000110A6F2C6F0
C 298
R
P 00000110A4577440
C 392
R
P 00000110A4577440
P 00000110A6F2C6F0
C 9
R
P 00000110A4577440
C 392
R
P 00000110A4577440
S "f_fresh"
C 32
R
P 00000110A4577440
C 392
R
P 00000110A4577440
$ |f_fresh|
C 242
R
P 00000110A4577440
C 392
R
P 00000110A4577440
$ |f_fresh|
U 1
P 00000110A6F2C6F0
p 1
P 00000110A6F2C6F0
C 52
= 00000110A6F36B50
R
P 00000110A4577440
C 392
R
P 00000110A4577440
P 00000110A6F36B50
C 298
R
P 00000110A4577440
C 392
R
P 00000110A4577440
P 00000110A6F36B50
C 9
R
P 00000110A4577440
C 392
R
P 00000110A4577440
S "x_0"
C 32
R
P 00000110A4577440
C 392
R
P 00000110A4577440
$ |x_0|
C 242
R
P 00000110A4577440
C 392
R
P 00000110A4577440
$ |x_0|
P 00000110A6F2C6F0
C 54
= 00000110A6F2D270
R
P 00000110A4577440
C 392
R
P 00000110A4577440
P 00000110A6F2D270
C 298
R
P 00000110A4577440
C 392
R
P 00000110A4577440
P 00000110A6F2D270
C 295
= 00000110A6F2C6F0
R
P 00000110A4577440
C 392
R
P 00000110A4577440
P 00000110A6F2C6F0
C 249
R
P 00000110A4577440
C 392
R
P 00000110A4577440
P 00000110A6F2D270
C 301
R
P 00000110A4577440
C 392
R
P 00000110A4577440
P 00000110A6F2D270
C 300
R
P 00000110A4577440
C 392
R
P 00000110A4577440
P 00000110A6F2D270
C 299
R
P 00000110A4577440
C 392
R
P 00000110A4577440
P 00000110A6F2D270
C 9
R
P 00000110A4577440
C 392
R
P 00000110A4577440
S "x_1"
C 32
R
P 00000110A4577440
C 392
R
P 00000110A4577440
$ |x_1|
C 242
R
P 00000110A4577440
C 392
R
P 00000110A4577440
$ |x_1|
P 00000110A6F2C6F0
C 54
= 00000110A6F2D290
R
P 00000110A4577440
C 392
R
P 00000110A4577440
P 00000110A6F2D290
C 298
R
P 00000110A4577440
C 392
R
P 00000110A4577440
P 00000110A6F2D290
C 295
= 00000110A6F2C6F0
R
P 00000110A4577440
C 392
R
P 00000110A4577440
P 00000110A6F2C6F0
C 249
R
P 00000110A4577440
C 392
R
P 00000110A4577440
P 00000110A6F2D290
C 301
R
P 00000110A4577440
C 392
R
P 00000110A4577440
P 00000110A6F2D290
C 300
R
P 00000110A4577440
C 392
R
P 00000110A4577440
P 00000110A6F2D290
C 299
R
P 00000110A4577440
C 392
R
P 00000110A4577440
P 00000110A6F2D290
C 9
R
P 00000110A4577440
C 392
R
P 00000110A4577440
P 00000110A6F34CB0
U 2
P 00000110A6F2D270
P 00000110A6F2D290
p 2
C 53
= 00000110A6F36FE8
R
P 00000110A4577440
C 392
R
P 00000110A4577440
P 00000110A6F36FE8
C 298
R
P 00000110A4577440
C 392
R
P 00000110A4577440
P 00000110A6F36FE8
C 295
= 00000110A6F2C6F0
R
P 00000110A4577440
C 392
R
P 00000110A4577440
P 00000110A6F2C6F0
C 249
R
P 00000110A4577440
C 392
R
P 00000110A4577440
P 00000110A6F36FE8
C 301
R
P 00000110A4577440
C 392
R
P 00000110A4577440
P 00000110A6F36FE8
C 300
R
P 00000110A4577440
C 392
R
P 00000110A4577440
P 00000110A6F36FE8
C 299
R
P 00000110A4577440
C 392
R
P 00000110A4577440
P 00000110A6F36FE8
C 9
R
P 00000110A4577440
C 392
R
P 00000110A4577440
P 00000110A6F36B50
U 1
P 00000110A6F36FE8
p 1
C 53
= 00000110A6F2EE20
R
P 00000110A4577440
C 392
R
P 00000110A4577440
P 00000110A6F2EE20
C 298
R
P 00000110A4577440
C 392
R
P 00000110A4577440
P 00000110A6F2EE20
C 295
= 00000110A6F2C6F0
R
P 00000110A4577440
C 392
R
P 00000110A4577440
P 00000110A6F2C6F0
C 249
R
P 00000110A4577440
C 392
R
P 00000110A4577440
P 00000110A6F2EE20
C 301
R
P 00000110A4577440
C 392
R
P 00000110A4577440
P 00000110A6F2EE20
C 300
R
P 00000110A4577440
C 392
R
P 00000110A4577440
P 00000110A6F2EE20
C 299
R
P 00000110A4577440
C 392
R
P 00000110A4577440
P 00000110A6F2EE20
C 9
R
P 00000110A4577440
C 392
R
P 00000110A4577440
P 00000110A6F2EE20
P 00000110A6F2D290
C 61
= 00000110A6F37090
R
P 00000110A4577440
C 392
R
P 00000110A4577440
P 00000110A6F37090
C 299
R
P 00000110A4577440
C 392
R
P 00000110A4577440
P 00000110A6F37090
C 9
R
P 00000110A4577440
C 392
R
P 00000110A4577440
U 1
P 00000110A6F36FE8
p 1
C 230
= 00000110A6F2EE50
R
P 00000110A4577440
C 392
R
P 00000110A4577440
P 00000110A6F2EE50
C 9
R
P 00000110A4577440
C 392
R
P 00000110A4577440
I 1
U 1
N
N
U 2
P 00000110A6F2D270
P 00000110A6F2D290
p 2
U 1
P 00000110A6F2EE50
p 1
U 0
p 0
P 00000110A6F37090
C 239
= 00000110A6F4A798
R
P 00000110A4577440
C 392
R
P 00000110A4577440
P 00000110A6F4A798
C 298
R
P 00000110A4577440
C 392
R
P 00000110A4577440
P 00000110A6F4A798
C 299
R
P 00000110A4577440
C 392
R
P 00000110A4577440
P 00000110A6F4A798
C 298
R
P 00000110A4577440
C 392
R
P 00000110A4577440
P 00000110A6F4A798
C 298
R
P 00000110A4577440
C 392
R
P 00000110A4577440
P 00000110A6F4A798
C 9
R
P 00000110A4577440
C 392
R
P 00000110A4577440
S "x"
C 32
R
P 00000110A4577440
C 392
R
P 00000110A4577440
$ |x|
C 242
R
P 00000110A4577440
C 392
R
P 00000110A4577440
$ |x|
P 00000110A6F2C6F0
C 54
= 00000110A6F2CFD0
R
P 00000110A4577440
C 392
R
P 00000110A4577440
P 00000110A6F2CFD0
C 298
R
P 00000110A4577440
C 392
R
P 00000110A4577440
P 00000110A6F2CFD0
C 295
= 00000110A6F2C6F0
R
P 00000110A4577440
C 392
R
P 00000110A4577440
P 00000110A6F2C6F0
C 249
R
P 00000110A4577440
C 392
R
P 00000110A4577440
P 00000110A6F2CFD0
C 301
R
P 00000110A4577440
C 392
R
P 00000110A4577440
P 00000110A6F2CFD0
C 300
R
P 00000110A4577440
C 392
R
P 00000110A4577440
P 00000110A6F2CFD0
C 299
R
P 00000110A4577440
C 392
R
P 00000110A4577440
P 00000110A6F2CFD0
C 9
R
P 00000110A4577440
C 392
R
P 00000110A4577440
S "y"
C 32
R
P 00000110A4577440
C 392
R
P 00000110A4577440
$ |y|
C 242
R
P 00000110A4577440
C 392
R
P 00000110A4577440
$ |y|
P 00000110A6F2C6F0
C 54
= 00000110A6F2CFF0
R
P 00000110A4577440
C 392
R
P 00000110A4577440
P 00000110A6F2CFF0
C 298
R
P 00000110A4577440
C 392
R
P 00000110A4577440
P 00000110A6F2CFF0
C 295
= 00000110A6F2C6F0
R
P 00000110A4577440
C 392
R
P 00000110A4577440
P 00000110A6F2C6F0
C 249
R
P 00000110A4577440
C 392
R
P 00000110A4577440
P 00000110A6F2CFF0
C 301
R
P 00000110A4577440
C 392
R
P 00000110A4577440
P 00000110A6F2CFF0
C 300
R
P 00000110A4577440
C 392
R
P 00000110A4577440
P 00000110A6F2CFF0
C 299
R
P 00000110A4577440
C 392
R
P 00000110A4577440
P 00000110A6F2CFF0
C 9
R
P 00000110A4577440
C 392
R
P 00000110A4577440
S "v"
C 32
R
P 00000110A4577440
C 392
R
P 00000110A4577440
$ |v|
C 242
R
P 00000110A4577440
C 392
R
P 00000110A4577440
$ |v|
P 00000110A6F2C6F0
C 54
= 00000110A6F2D010
R
P 00000110A4577440
C 392
R
P 00000110A4577440
P 00000110A6F2D010
C 298
R
P 00000110A4577440
C 392
R
P 00000110A4577440
P 00000110A6F2D010
C 295
= 00000110A6F2C6F0
R
P 00000110A4577440
C 392
R
P 00000110A4577440
P 00000110A6F2C6F0
C 249
R
P 00000110A4577440
C 392
R
P 00000110A4577440
P 00000110A6F2D010
C 301
R
P 00000110A4577440
C 392
R
P 00000110A4577440
P 00000110A6F2D010
C 300
R
P 00000110A4577440
C 392
R
P 00000110A4577440
P 00000110A6F2D010
C 299
R
P 00000110A4577440
C 392
R
P 00000110A4577440
P 00000110A6F2D010
C 9
R
P 00000110A4577440
C 392
R
P 00000110A4577440
S "w"
C 32
R
P 00000110A4577440
C 392
R
P 00000110A4577440
$ |w|
C 242
R
P 00000110A4577440
C 392
R
P 00000110A4577440
$ |w|
P 00000110A6F2C6F0
C 54
= 00000110A6F2D030
R
P 00000110A4577440
C 392
R
P 00000110A4577440
P 00000110A6F2D030
C 298
R
P 00000110A4577440
C 392
R
P 00000110A4577440
P 00000110A6F2D030
C 295
= 00000110A6F2C6F0
R
P 00000110A4577440
C 392
R
P 00000110A4577440
P 00000110A6F2C6F0
C 249
R
P 00000110A4577440
C 392
R
P 00000110A4577440
P 00000110A6F2D030
C 301
R
P 00000110A4577440
C 392
R
P 00000110A4577440
P 00000110A6F2D030
C 300
R
P 00000110A4577440
C 392
R
P 00000110A4577440
P 00000110A6F2D030
C 299
R
P 00000110A4577440
C 392
R
P 00000110A4577440
P 00000110A6F2D030
C 9
R
P 00000110A4577440
C 392
R
P 00000110A4577440
P 00000110A6F34CB0
U 2
P 00000110A6F2CFD0
P 00000110A6F2CFF0
p 2
C 53
= 00000110A6F36C30
R
P 00000110A4577440
C 392
R
P 00000110A4577440
P 00000110A6F36C30
C 298
R
P 00000110A4577440
C 392
R
P 00000110A4577440
P 00000110A6F36C30
C 295
= 00000110A6F2C6F0
R
P 00000110A4577440
C 392
R
P 00000110A4577440
P 00000110A6F2C6F0
C 249
R
P 00000110A4577440
C 392
R
P 00000110A4577440
P 00000110A6F36C30
C 301
R
P 00000110A4577440
C 392
R
P 00000110A4577440
P 00000110A6F36C30
C 300
R
P 00000110A4577440
C 392
R
P 00000110A4577440
P 00000110A6F36C30
C 299
R
P 00000110A4577440
C 392
R
P 00000110A4577440
P 00000110A6F36C30
C 9
R
P 00000110A4577440
C 392
R
P 00000110A4577440
P 00000110A6F34CB0
U 2
P 00000110A6F2D030
P 00000110A6F2D010
p 2
C 53
= 00000110A6F36C68
R
P 00000110A4577440
C 392
R
P 00000110A4577440
P 00000110A6F36C68
C 298
R
P 00000110A4577440
C 392
R
P 00000110A4577440
P 00000110A6F36C68
C 295
= 00000110A6F2C6F0
R
P 00000110A4577440
C 392
R
P 00000110A4577440
P 00000110A6F2C6F0
C 249
R
P 00000110A4577440
C 392
R
P 00000110A4577440
P 00000110A6F36C68
C 301
R
P 00000110A4577440
C 392
R
P 00000110A4577440
P 00000110A6F36C68
C 300
R
P 00000110A4577440
C 392
R
P 00000110A4577440
P 00000110A6F36C68
C 299
R
P 00000110A4577440
C 392
R
P 00000110A4577440
P 00000110A6F36C68
C 9
R
P 00000110A4577440
C 392
R
P 00000110A4577440
P 00000110A6F36C30
P 00000110A6F36C68
C 61
= 00000110A6F36CA0
R
P 00000110A4577440
C 392
R
P 00000110A4577440
P 00000110A6F36CA0
C 299
R
P 00000110A4577440
C 392
R
P 00000110A4577440
P 00000110A6F36CA0
C 9
R
P 00000110A4577440
C 392
R
P 00000110A4577440
P 00000110A6F2CFF0
P 00000110A6F2D010
C 61
= 00000110A6F36CD8
R
P 00000110A4577440
C 392
R
P 00000110A4577440
P 00000110A6F36CD8
C 299
R
P 00000110A4577440
C 392
R
P 00000110A4577440
P 00000110A6F36CD8
C 9
R
P 00000110A4577440
C 392
R
P 00000110A4577440
P 00000110A6F36CD8
C 377
R
P 00000110A4577440
C 392
R
P 00000110A4577440
C 473
= 00000110A65159F0
R
P 00000110A4577440
C 392
R
P 00000110A4577440
P 00000110A65159F0
C 482
R
P 00000110A4577440
C 392
R
P 00000110A4577440
C 15
= 00000110A87609E0
R
P 00000110A4577440
C 392
R
P 00000110A4577440
P 00000110A87609E0
C 16
R
P 00000110A4577440
C 392
R
P 00000110A4577440
S "mbqi"
C 32
R
P 00000110A4577440
C 392
R
P 00000110A4577440
$ |mbqi|
C 242
R
P 00000110A4577440
C 392
R
P 00000110A4577440
P 00000110A87609E0
$ |mbqi|
I 0
C 18
R
P 00000110A4577440
C 392
R
P 00000110A4577440
P 00000110A65159F0
P 00000110A87609E0
C 481
R
P 00000110A4577440
C 392
R
P 00000110A4577440
P 00000110A65159F0
P 00000110A6F4A798
C 489
R
P 00000110A4577440
C 392
R
P 00000110A4577440
P 00000110A65159F0
P 00000110A6F36CA0
C 489
R
P 00000110A4577440
C 392
R
P 00000110A4577440
P 00000110A6F36CD8
C 63
= 00000110A6F2E9A0
R
P 00000110A4577440
C 392
R
P 00000110A4577440
P 00000110A6F2E9A0
C 299
R
P 00000110A4577440
C 392
R
P 00000110A4577440
P 00000110A6F2E9A0
C 9
R
P 00000110A4577440
C 392
R
P 00000110A4577440
P 00000110A65159F0
P 00000110A6F2E9A0
C 489
R
P 00000110A4577440
C 392
R
P 00000110A4577440
P 00000110A65159F0
C 513
R
P 00000110A4577440
C 392
R
P 00000110A4577440
P 00000110A65159F0
C 519
= 00000110A6F351B0
R
P 00000110A4577440
C 392
R
P 00000110A4577440
P 00000110A6F351B0
C 298
R
P 00000110A4577440
C 392
R
P 00000110A4577440
P 00000110A6F351B0
C 295
= 00000110A6F2C650
R
P 00000110A4577440
C 392
R
P 00000110A4577440
P 00000110A6F2C650
C 249
R
P 00000110A4577440
C 392
R
P 00000110A4577440
P 00000110A6F351B0
C 301
R
P 00000110A4577440
C 392
R
P 00000110A4577440
P 00000110A6F351B0
C 300
R
P 00000110A4577440
C 392
R
P 00000110A4577440
P 00000110A6F351B0
C 299
R
P 00000110A4577440
C 392
R
P 00000110A4577440
P 00000110A6F351B0
C 9
R
P 00000110A4577440
C 392
R
P 00000110A4577440
P 00000110A6F351B0
C 377
R
P 00000110A4577440
C 392
R
P 00000110A4577440
P 00000110A6F2CFD0
P 00000110A6F2D030
C 61
= 00000110A6F36FB0
R
P 00000110A4577440
C 392
R
P 00000110A4577440
P 00000110A6F36FB0
C 299
R
P 00000110A4577440
C 392
R
P 00000110A4577440
P 00000110A6F36FB0
C 9
R
P 00000110A4577440
C 392
R
P 00000110A4577440
P 00000110A6F36FB0
C 377
R
P 00000110A4577440
C 392
R
P 00000110A4577440
C 473
= 00000110A6516390
R
P 00000110A4577440
C 392
R
P 00000110A4577440
P 00000110A6516390
C 482
R
P 00000110A4577440
C 392
R
P 00000110A4577440
C 15
= 00000110A8EB28C0
R
P 00000110A4577440
C 392
R
P 00000110A4577440
P 00000110A8EB28C0
C 16
R
P 00000110A4577440
C 392
R
P 00000110A4577440
S "mbqi"
C 32
R
P 00000110A4577440
C 392
R
P 00000110A4577440
$ |mbqi|
C 242
R
P 00000110A4577440
C 392
R
P 00000110A4577440
P 00000110A8EB28C0
$ |mbqi|
I 0
C 18
R
P 00000110A4577440
C 392
R
P 00000110A4577440
P 00000110A6516390
P 00000110A8EB28C0
C 481
R
P 00000110A4577440
C 392
R
P 00000110A4577440
P 00000110A6516390
P 00000110A6F4A798
C 489
R
P 00000110A4577440
C 392
R
P 00000110A4577440
P 00000110A6516390
P 00000110A6F36CA0
C 489
R
P 00000110A4577440
C 392
R
P 00000110A4577440
P 00000110A6F36FB0
C 63
= 00000110A6F2EC70
R
P 00000110A4577440
C 392
R
P 00000110A4577440
P 00000110A6F2EC70
C 299
R
P 00000110A4577440
C 392
R
P 00000110A4577440
P 00000110A6F2EC70
C 9
R
P 00000110A4577440
C 392
R
P 00000110A4577440
P 00000110A6516390
P 00000110A6F2EC70
C 489
R
P 00000110A4577440
C 392
R
P 00000110A4577440
P 00000110A6516390
C 513
R
P 00000110A4577440
C 392
R
P 00000110A4577440
P 00000110A6516390
C 521
R
P 00000110A4577440
C 392
R
P 0000000000000000
C 7
= 00000110A457D0A0
R
P 00000110A457D0A0
U 2
C 376
R
P 00000110A457D0A0
C 392
R
P 0000000000000000
C 7
= 00000110A74DE020
R
P 00000110A74DE020
U 2
C 376
R
P 00000110A74DE020
C 392
R
P 00000110A457D0A0
C 35
= 00000110A9100180
R
P 00000110A457D0A0
C 392
R
P 00000110A457D0A0
P 00000110A9100180
C 298
R
P 00000110A457D0A0
C 392
R
P 00000110A457D0A0
P 00000110A9100180
C 9
R
P 00000110A457D0A0
C 392
R
P 00000110A74DE020
C 35
= 00000110A92F2710
R
P 00000110A74DE020
C 392
R
P 00000110A74DE020
P 00000110A92F2710
C 298
R
P 00000110A74DE020
C 392
R
P 00000110A74DE020
P 00000110A92F2710
C 9
R
P 00000110A74DE020
C 392
R
P 00000110A457D0A0
P 00000110A9100180
P 00000110A74DE020
C 342
= 00000110A92F2710
R
P 00000110A457D0A0
C 392
R
P 00000110A74DE020
P 00000110A92F2710
C 298
R
P 00000110A74DE020
C 392
R
P 00000110A74DE020
P 00000110A92F2710
C 249
R
P 00000110A74DE020
C 392
R
P 00000110A74DE020
P 00000110A92F2710
C 298
R
P 00000110A74DE020
C 392
R
P 00000110A74DE020
P 00000110A92F2710
C 9
R
P 00000110A74DE020
C 392
R
P 00000110A74DE020
C 392
R
P 00000110A457D0A0
S "e1"
C 32
R
P 00000110A457D0A0
C 392
R
P 00000110A457D0A0
$ |e1|
C 242
R
P 00000110A457D0A0
C 392
R
P 00000110A457D0A0
$ |e1|
P 00000110A9100180
C 54
= 00000110A9100A20
R
P 00000110A457D0A0
C 392
R
P 00000110A457D0A0
P 00000110A9100A20
C 298
R
P 00000110A457D0A0
C 392
R
P 00000110A457D0A0
P 00000110A9100A20
C 295
= 00000110A9100180
R
P 00000110A457D0A0
C 392
R
P 00000110A457D0A0
P 00000110A9100180
C 249
R
P 00000110A457D0A0
C 392
R
P 00000110A457D0A0
P 00000110A9100A20
C 301
R
P 00000110A457D0A0
C 392
R
P 00000110A457D0A0
P 00000110A9100A20
C 300
R
P 00000110A457D0A0
C 392
R
P 00000110A457D0A0
P 00000110A9100A20
C 299
R
P 00000110A457D0A0
C 392
R
P 00000110A457D0A0
P 00000110A9100A20
C 9
R
P 00000110A457D0A0
C 392
R
P 00000110A74DE020
S "e1"
C 32
R
P 00000110A74DE020
C 392
R
P 00000110A74DE020
$ |e1|
C 242
R
P 00000110A74DE020
C 392
R
P 00000110A74DE020
$ |e1|
P 00000110A92F2710
C 54
= 00000110A92F2FB0
R
P 00000110A74DE020
C 392
R
P 00000110A74DE020
P 00000110A92F2FB0
C 298
R
P 00000110A74DE020
C 392
R
P 00000110A74DE020
P 00000110A92F2FB0
C 295
= 00000110A92F2710
R
P 00000110A74DE020
C 392
R
P 00000110A74DE020
P 00000110A92F2710
C 249
R
P 00000110A74DE020
C 392
R
P 00000110A74DE020
P 00000110A92F2FB0
C 301
R
P 00000110A74DE020
C 392
R
P 00000110A74DE020
P 00000110A92F2FB0
C 300
R
P 00000110A74DE020
C 392
R
P 00000110A74DE020
P 00000110A92F2FB0
C 299
R
P 00000110A74DE020
C 392
R
P 00000110A74DE020
P 00000110A92F2FB0
C 9
R
P 00000110A74DE020
C 392
R
P 00000110A457D0A0
P 00000110A9100A20
P 00000110A74DE020
C 342
= 00000110A92F2FB0
R
P 00000110A457D0A0
C 392
R
P 00000110A74DE020
P 00000110A92F2FB0
C 298
R
P 00000110A74DE020
C 392
R
P 00000110A74DE020
P 00000110A92F2FB0
C 298
R
P 00000110A74DE020
C 392
R
P 00000110A74DE020
P 00000110A92F2FB0
C 295
= 00000110A92F2710
R
P 00000110A74DE020
C 392
R
P 00000110A74DE020
P 00000110A92F2710
C 249
R
P 00000110A74DE020
C 392
R
P 00000110A74DE020
P 00000110A92F2FB0
C 301
R
P 00000110A74DE020
C 392
R
P 00000110A74DE020
P 00000110A92F2FB0
C 300
R
P 00000110A74DE020
C 392
R
P 00000110A74DE020
P 00000110A92F2FB0
C 299
R
P 00000110A74DE020
C 392
R
P 00000110A74DE020
P 00000110A92F2FB0
C 9
R
P 00000110A74DE020
C 392
R
P 00000110A74DE020
C 392
